******************************************************************************
                  TI ARM Linker PC v20.2.5                     
******************************************************************************
>> Linked Fri Dec 10 18:48:46 2021

OUTPUT FILE NAME:   <ecog.out>
ENTRY POINT SYMBOL: "_c_int00_noargs"  address: 00003101


MEMORY CONFIGURATION

         name            origin    length      used     unused   attr    fill
----------------------  --------  ---------  --------  --------  ----  --------
  MAIN                  00000000   00040000  000035ce  0003ca32  R  X
  INFO                  00200000   00004000  00000000  00004000  R  X
  SRAM_CODE             01000000   00010000  00000832  0000f7ce  RW X
  SRAM_DATA             20000000   00010000  00000832  0000f7ce  RW  


SEGMENT ALLOCATION MAP

run origin  load origin   length   init length attrs members
----------  ----------- ---------- ----------- ----- -------
00000000    00000000    000035d0   000035d0    r-x
  00000000    00000000    000000e4   000000e4    r-- .intvecs
  000000e4    000000e4    00003480   00003480    r-x .text
  00003564    00003564    0000000a   0000000a    r-- .const
  00003570    00003570    00000060   00000060    r-- .cinit
20000000    20000000    00000632   00000000    rw-
  20000000    20000000    000005d0   00000000    rw- .bss
  200005d0    200005d0    00000062   00000000    rw- .data
2000fe00    2000fe00    00000200   00000000    rw-
  2000fe00    2000fe00    00000200   00000000    rw- .stack


SECTION ALLOCATION MAP

 output                                  attributes/
section   page    origin      length       input sections
--------  ----  ----------  ----------   ----------------
.intvecs   0    00000000    000000e4     
                  00000000    000000e4     startup_msp432p401r_ccs.obj (.intvecs:retain)

.text      0    000000e4    00003480     
                  000000e4    00000400     ff.obj (.text:find_volume)
                  000004e4    000002a4     ff.obj (.text:f_open)
                  00000788    0000027c     main.obj (.text:main)
                  00000a04    00000220     ff.obj (.text:f_read)
                  00000c24    000001a4     mmc_MSP432P401r.obj (.text:MMC_disk_initialize)
                  00000dc8    0000018c     ff.obj (.text:create_chain)
                  00000f54    00000188     ff.obj (.text:put_fat)
                  000010dc    0000016b     ff.obj (.text:create_name)
                  00001247    00000001     --HOLE-- [fill = 0]
                  00001248    0000015c     msp432p4xx_driverlib.lib : pcm.o (.text:__PCM_setPowerModeAdvanced)
                  000013a4    0000011c                              : uart.o (.text:UART_initModule)
                  000014c0    00000118     ff.obj (.text:get_fat)
                  000015d8    00000108     msp432p4xx_driverlib.lib : pcm.o (.text:__PCM_setCoreVoltageLevelAdvanced)
                  000016e0    00000104     ff.obj (.text:dir_next)
                  000017e4    000000e8     ff.obj (.text:dir_sdi)
                  000018cc    000000d0     TIMERA_Driver.obj (.text:TIMERA_Init)
                  0000199c    000000ce     ff.obj (.text:follow_path)
                  00001a6a    00000002     startup_msp432p401r_ccs.obj (.text:Default_Handler)
                  00001a6c    000000cc     mmc_MSP432P401r.obj (.text:MMC_disk_write)
                  00001b38    000000c0     ff.obj (.text:remove_chain)
                  00001bf8    000000ba     MSPIO.obj (.text:MSPrintf)
                  00001cb2    00000002     mmc_MSP432P401r.obj (.text:set_max_speed)
                  00001cb4    000000b8     UART_Driver.obj (.text:UART_Init)
                  00001d6c    000000b6     ff.obj (.text:get_fileinfo)
                  00001e22    000000b4     ff.obj (.text:dir_read)
                  00001ed6    000000b0     msp432p4xx_driverlib.lib : spi.o (.text:SPI_initMaster)
                  00001f86    000000a4     ff.obj (.text:f_opendir)
                  0000202a    00000002     --HOLE-- [fill = 0]
                  0000202c    000000a0     mmc_MSP432P401r.obj (.text:MMC_disk_read)
                  000020cc    0000009e     mmc_MSP432P401r.obj (.text:send_cmd)
                  0000216a    0000009c     rtsv7M4_T_le_v4SPD16_eabi.lib : memcpy_t2.asm.obj (.text)
                  00002206    00000090     ff.obj (.text:dir_find)
                  00002296    0000008c     MSPIO.obj (.text:PrintInteger)
                  00002322    00000002     --HOLE-- [fill = 0]
                  00002324    0000008a     ff.obj (.text:check_fs)
                  000023ae    0000008a     ff.obj (.text:dir_alloc)
                  00002438    00000088     UART_Driver.obj (.text:EUSCIA0_IRQHandler)
                  000024c0    00000080     ff.obj (.text:dir_clear)
                  00002540    00000080     ff.obj (.text:get_ldnumber)
                  000025c0    0000007c     ff.obj (.text:dbc_2nd)
                  0000263c    0000007a     rtsv7M4_T_le_v4SPD16_eabi.lib : memset_t2.asm.obj (.text)
                  000026b6    0000007a     mmc_MSP432P401r.obj (.text:xmit_datablock)
                  00002730    00000078     UART_Driver.obj (.text:EUSCIA2_IRQHandler)
                  000027a8    00000078     system_msp432p401r.obj (.text:SystemInit)
                  00002820    00000078     ff.obj (.text:f_readdir)
                  00002898    00000070     ff.obj (.text:f_mount)
                  00002908    0000006a     ff.obj (.text:sync_window)
                  00002972    00000068     rtsv7M4_T_le_v4SPD16_eabi.lib : copy_decompress_lzss.c.obj (.text:decompress:lzss:__TI_decompress_lzss)
                  000029da    00000064     msp432p4xx_driverlib.lib : uart.o (.text:UART_getEnabledInterruptStatus)
                  00002a3e    00000064     mmc_MSP432P401r.obj (.text:send_cmd12)
                  00002aa2    0000005e     msp432p4xx_driverlib.lib : pcm.o (.text:PCM_getCoreVoltageLevel)
                  00002b00    0000005c     mmc_MSP432P401r.obj (.text:rcvr_datablock)
                  00002b5c    0000005a     msp432p4xx_driverlib.lib : pcm.o (.text:PCM_getPowerMode)
                  00002bb6    00000002     --HOLE-- [fill = 0]
                  00002bb8    00000058     SPI_Driver.obj (.text:SPI_Init)
                  00002c10    00000058     ff.obj (.text:dbc_1st)
                  00002c68    00000058     ff.obj (.text:validate)
                  00002cc0    00000056     ff.obj (.text:dir_register)
                  00002d16    00000050     ff.obj (.text:move_window)
                  00002d66    0000004e     ff.obj (.text:st_dword)
                  00002db4    0000004c     mmc_MSP432P401r.obj (.text:disk_timerproc)
                  00002e00    00000048     msp432p4xx_driverlib.lib : flash.o (.text:FlashCtl_setWaitState)
                  00002e48    00000044     rtsv7M4_T_le_v4SPD16_eabi.lib : autoinit.c.obj (.text:__TI_auto_init_nobinit_nopinit:__TI_auto_init_nobinit_nopinit)
                  00002e8c    00000044     diskio.obj (.text:disk_read)
                  00002ed0    00000044     diskio.obj (.text:disk_write)
                  00002f14    00000044     mmc_MSP432P401r.obj (.text:send_initial_clock_train)
                  00002f58    00000040     SPI_Driver.obj (.text:SPI_Read)
                  00002f98    00000040     SPI_Driver.obj (.text:SPI_Write)
                  00002fd8    00000040     UART_Driver.obj (.text:UART_Write)
                  00003018    00000040     msp432p4xx_driverlib.lib : spi.o (.text:is_A_Module)
                  00003058    0000003e     ff.obj (.text:mem_cmp)
                  00003096    00000036     ff.obj (.text:ld_dword)
                  000030cc    00000034     msp432p4xx_driverlib.lib : cs.o (.text:CS_setDCOCenteredFrequency)
                  00003100    00000034     rtsv7M4_T_le_v4SPD16_eabi.lib : boot_cortex_m.c.obj (.text:_c_int00_noargs:_c_int00_noargs)
                  00003134    00000032     diskio.obj (.text:disk_initialize)
                  00003166    00000032     diskio.obj (.text:disk_status)
                  00003198    00000032     ff.obj (.text:mem_cpy)
                  000031ca    00000030     ff.obj (.text:clst2sect)
                  000031fa    00000030     ff.obj (.text:st_word)
                  0000322a    00000002     --HOLE-- [fill = 0]
                  0000322c    00000030     mmc_MSP432P401r.obj (.text:wait_ready)
                  0000325c    0000002c     TIMERA_Driver.obj (.text:TA1_0_IRQHandler)
                  00003288    0000002c     ff.obj (.text:ld_clust)
                  000032b4    0000002a     ff.obj (.text:st_clust)
                  000032de    00000028     ff.obj (.text:chk_chr)
                  00003306    00000002     --HOLE-- [fill = 0]
                  00003308    00000028     mmc_MSP432P401r.obj (.text:rcvr_spi)
                  00003330    00000026     ff.obj (.text:ld_word)
                  00003356    00000026     ff.obj (.text:mem_set)
                  0000337c    00000024     msp432p4xx_driverlib.lib : wdt_a.o (.text:WDT_A_holdTimer)
                  000033a0    00000024     mmc_MSP432P401r.obj (.text:xmit_spi)
                  000033c4    00000022     CS_Driver.obj (.text:CS_Init)
                  000033e6    00000022     MSPIO.obj (.text:PrintString)
                  00003408    00000020     GPIO_Driver.obj (.text:GPIO_High)
                  00003428    00000020     GPIO_Driver.obj (.text:GPIO_Init)
                  00003448    00000020     GPIO_Driver.obj (.text:GPIO_Low)
                  00003468    00000018     msp432p4xx_driverlib.lib : uart.o (.text:UART_getInterruptStatus)
                  00003480    00000014                              : pcm.o (.text:PCM_getPowerState)
                  00003494    00000014     MSPIO.obj (.text:PrintChar)
                  000034a8    00000014     TIMERA_Driver.obj (.text:TA0_0_IRQHandler)
                  000034bc    00000014     mmc_MSP432P401r.obj (.text:power_on)
                  000034d0    00000010     msp432p4xx_driverlib.lib : interrupt.o (.text:Interrupt_enableMaster)
                  000034e0    00000010                              : pcm.o (.text:PCM_setCoreVoltageLevel)
                  000034f0    00000010                              : pcm.o (.text:PCM_setPowerMode)
                  00003500    0000000e     rtsv7M4_T_le_v4SPD16_eabi.lib : copy_decompress_none.c.obj (.text:decompress:none:__TI_decompress_none)
                  0000350e    0000000e     mmc_MSP432P401r.obj (.text:rcvr_spi_m)
                  0000351c    0000000c     msp432p4xx_driverlib.lib : cpu.o (.text:CPU_cpsie)
                  00003528    0000000c     mmc_MSP432P401r.obj (.text:MMC_disk_status)
                  00003534    0000000c     startup_msp432p401r_ccs.obj (.text:Reset_Handler)
                  00003540    0000000c     rtsv7M4_T_le_v4SPD16_eabi.lib : copy_zero_init.c.obj (.text:decompress:ZI:__TI_zero_init)
                  0000354c    0000000c     mmc_MSP432P401r.obj (.text:power_off)
                  00003558    00000004     rtsv7M4_T_le_v4SPD16_eabi.lib : pre_init.c.obj (.text:_system_pre_init)
                  0000355c    00000004                                   : exit.c.obj (.text:abort:abort)
                  00003560    00000004     mmc_MSP432P401r.obj (.text:get_fattime)

.const     0    00003564    0000000a     
                  00003564    0000000a     ff.obj (.const:.string:DbcTbl)

.cinit     0    00003570    00000060     
                  00003570    00000037     (.cinit..data.load) [load image, compression = lzss]
                  000035a7    00000001     --HOLE-- [fill = 0]
                  000035a8    0000000c     (__TI_handler_table)
                  000035b4    00000004     --HOLE-- [fill = 0]
                  000035b8    00000008     (.cinit..bss.load) [load image, compression = zero_init]
                  000035c0    00000010     (__TI_cinit_table)

.init_array 
*          0    00000000    00000000     UNINITIALIZED

.binit     0    00000000    00000000     

.bss       0    20000000    000005d0     UNINITIALIZED
                  20000000    00000230     (.common:FS)
                  20000230    00000228     (.common:File)
                  20000458    00000080     (.common:UARTA0Data)
                  200004d8    00000080     (.common:UARTA2Data)
                  20000558    0000002c     (.common:DI)
                  20000584    0000002c     (.common:FI)
                  200005b0    00000009     mmc_MSP432P401r.obj (.bss)
                  200005b9    00000001     --HOLE--
                  200005ba    00000002     ff.obj (.bss)
                  200005bc    00000004     ff.obj (.bss:FatFs)
                  200005c0    00000004     (.common:UARTA0ReadIndex)
                  200005c4    00000004     (.common:UARTA0WriteIndex)
                  200005c8    00000004     (.common:UARTA2ReadIndex)
                  200005cc    00000004     (.common:UARTA2WriteIndex)

.data      0    200005d0    00000062     UNINITIALIZED
                  200005d0    00000024     main.obj (.data:UART0Config)
                  200005f4    0000001c     main.obj (.data:SPI0MasterConfig)
                  20000610    00000018     main.obj (.data:upConfig)
                  20000628    00000008     TIMERA_Driver.obj (.data)
                  20000630    00000002     mmc_MSP432P401r.obj (.data)

.stack     0    2000fe00    00000200     UNINITIALIZED
                  2000fe00    00000004     rtsv7M4_T_le_v4SPD16_eabi.lib : boot_cortex_m.c.obj (.stack)
                  2000fe04    000001fc     --HOLE--

__llvm_prf_cnts 
*          0    20000000    00000000     UNINITIALIZED

MODULE SUMMARY

       Module                        code    ro data   rw data
       ------                        ----    -------   -------
    .\
       main.obj                      636     0         2576   
       system_msp432p401r.obj        120     0         0      
    +--+-----------------------------+-------+---------+---------+
       Total:                        756     0         2576   
                                                              
    .\Devices\
       MSPIO.obj                     380     0         0      
    +--+-----------------------------+-------+---------+---------+
       Total:                        380     0         0      
                                                              
    .\Hardware\
       UART_Driver.obj               504     0         544    
       TIMERA_Driver.obj             272     0         16     
       SPI_Driver.obj                216     0         0      
       GPIO_Driver.obj               96      0         0      
       CS_Driver.obj                 34      0         0      
    +--+-----------------------------+-------+---------+---------+
       Total:                        1122    0         560    
                                                              
    .\ccs\
       startup_msp432p401r_ccs.obj   14      228       0      
    +--+-----------------------------+-------+---------+---------+
       Total:                        14      228       0      
                                                              
    .\fatfs\
       ff.obj                        7113    10        12     
       mmc_MSP432P401r.obj           1588    0         22     
       diskio.obj                    236     0         0      
    +--+-----------------------------+-------+---------+---------+
       Total:                        8937    10        34     
                                                              
    C:/ti/simplelink_msp432p4_sdk_3_40_01_02/source/ti/devices/msp432p4xx/driverlib/ccs/msp432p4xx_driverlib.lib
       pcm.o                         848     0         0      
       uart.o                        408     0         0      
       spi.o                         240     0         0      
       flash.o                       72      0         0      
       cs.o                          52      0         0      
       wdt_a.o                       36      0         0      
       interrupt.o                   16      0         0      
       cpu.o                         12      0         0      
    +--+-----------------------------+-------+---------+---------+
       Total:                        1684    0         0      
                                                              
    C:\ti\ccs1040\ccs\tools\compiler\ti-cgt-arm_20.2.5.LTS\lib\rtsv7M4_T_le_v4SPD16_eabi.lib
       memcpy_t2.asm.obj             156     0         0      
       memset_t2.asm.obj             122     0         0      
       copy_decompress_lzss.c.obj    104     0         0      
       autoinit.c.obj                68      0         0      
       boot_cortex_m.c.obj           52      0         0      
       copy_decompress_none.c.obj    14      0         0      
       copy_zero_init.c.obj          12      0         0      
       exit.c.obj                    4       0         0      
       pre_init.c.obj                4       0         0      
    +--+-----------------------------+-------+---------+---------+
       Total:                        536     0         0      
                                                              
       Stack:                        0       0         1024   
       Linker Generated:             0       91        0      
    +--+-----------------------------+-------+---------+---------+
       Grand Total:                  13429   329       4194   


LINKER GENERATED COPY TABLES

__TI_cinit_table @ 000035c0 records: 2, size/record: 8, table size: 16
	.data: load addr=00003570, load size=00000037 bytes, run addr=200005d0, run size=00000062 bytes, compression=lzss
	.bss: load addr=000035b8, load size=00000008 bytes, run addr=20000000, run size=000005d0 bytes, compression=zero_init


LINKER GENERATED HANDLER TABLE

__TI_handler_table @ 000035a8 records: 3, size/record: 4, table size: 12
	index: 0, handler: __TI_decompress_lzss
	index: 1, handler: __TI_decompress_none
	index: 2, handler: __TI_zero_init


GLOBAL SYMBOLS: SORTED ALPHABETICALLY BY Name 

address   name                          
-------   ----                          
00001a6b  ADC14_IRQHandler              
00001a6b  AES256_IRQHandler             
00001a6b  BusFault_Handler              
0000355d  C$$EXIT                       
00001a6b  COMP_E0_IRQHandler            
00001a6b  COMP_E1_IRQHandler            
0000351d  CPU_cpsie                     
00001a6b  CS_IRQHandler                 
000033c5  CS_Init                       
000030cd  CS_setDCOCenteredFrequency    
20000558  DI                            
00001a6b  DMA_ERR_IRQHandler            
00001a6b  DMA_INT0_IRQHandler           
00001a6b  DMA_INT1_IRQHandler           
00001a6b  DMA_INT2_IRQHandler           
00001a6b  DMA_INT3_IRQHandler           
00001a6b  DebugMon_Handler              
00001a6b  Default_Handler               
00002439  EUSCIA0_IRQHandler            
00002439  EUSCIA0_IRQHandler            
00001a6b  EUSCIA1_IRQHandler            
00002731  EUSCIA2_IRQHandler            
00002731  EUSCIA2_IRQHandler            
00001a6b  EUSCIA3_IRQHandler            
00001a6b  EUSCIB0_IRQHandler            
00001a6b  EUSCIB1_IRQHandler            
00001a6b  EUSCIB2_IRQHandler            
00001a6b  EUSCIB3_IRQHandler            
20000584  FI                            
00001a6b  FLCTL_IRQHandler              
00001a6b  FPU_IRQHandler                
20000000  FS                            
20000230  File                          
00002e01  FlashCtl_setWaitState         
00003409  GPIO_High                     
00003429  GPIO_Init                     
00003449  GPIO_Low                      
00001a6b  HardFault_Handler             
000034d1  Interrupt_enableMaster        
00000c25  MMC_disk_initialize           
0000202d  MMC_disk_read                 
00003529  MMC_disk_status               
00001a6d  MMC_disk_write                
00001bf9  MSPrintf                      
00001a6b  MemManage_Handler             
00001a6b  NMI_Handler                   
00001a6b  PCM_IRQHandler                
00002aa3  PCM_getCoreVoltageLevel       
00002b5d  PCM_getPowerMode              
00003481  PCM_getPowerState             
000034e1  PCM_setCoreVoltageLevel       
000034f1  PCM_setPowerMode              
00001a6b  PORT1_IRQHandler              
00001a6b  PORT2_IRQHandler              
00001a6b  PORT3_IRQHandler              
00001a6b  PORT4_IRQHandler              
00001a6b  PORT5_IRQHandler              
00001a6b  PORT6_IRQHandler              
00001a6b  PSS_IRQHandler                
00001a6b  PendSV_Handler                
00003495  PrintChar                     
00002297  PrintInteger                  
000033e7  PrintString                   
00001a6b  RTC_C_IRQHandler              
00003535  Reset_Handler                 
200005f4  SPI0MasterConfig              
00002bb9  SPI_Init                      
00002f59  SPI_Read                      
00002f99  SPI_Write                     
00001ed7  SPI_initMaster                
00001a6b  SVC_Handler                   
00001a6b  SysTick_Handler               
000027a9  SystemInit                    
00001a6b  T32_INT1_IRQHandler           
00001a6b  T32_INT2_IRQHandler           
00001a6b  T32_INTC_IRQHandler           
000034a9  TA0_0_IRQHandler              
000034a9  TA0_0_IRQHandler              
00001a6b  TA0_N_IRQHandler              
0000325d  TA1_0_IRQHandler              
0000325d  TA1_0_IRQHandler              
00001a6b  TA1_N_IRQHandler              
00001a6b  TA2_0_IRQHandler              
00001a6b  TA2_N_IRQHandler              
00001a6b  TA3_0_IRQHandler              
00001a6b  TA3_N_IRQHandler              
000018cd  TIMERA_Init                   
20000628  TIMER_A0_CB                   
2000062c  TIMER_A1_CB                   
200005d0  UART0Config                   
20000458  UARTA0Data                    
200005c0  UARTA0ReadIndex               
200005c4  UARTA0WriteIndex              
200004d8  UARTA2Data                    
200005c8  UARTA2ReadIndex               
200005cc  UARTA2WriteIndex              
00001cb5  UART_Init                     
00002fd9  UART_Write                    
000029db  UART_getEnabledInterruptStatus
00003469  UART_getInterruptStatus       
000013a5  UART_initModule               
00001a6b  UsageFault_Handler            
4000480c  WDTCTL_SYM                    
00001a6b  WDT_A_IRQHandler              
0000337d  WDT_A_holdTimer               
20010000  __STACK_END                   
00000200  __STACK_SIZE                  
000035c0  __TI_CINIT_Base               
000035d0  __TI_CINIT_Limit              
000035a8  __TI_Handler_Table_Base       
000035b4  __TI_Handler_Table_Limit      
00002e49  __TI_auto_init_nobinit_nopinit
00002973  __TI_decompress_lzss          
00003501  __TI_decompress_none          
ffffffff  __TI_pprof_out_hndl           
ffffffff  __TI_prof_data_size           
ffffffff  __TI_prof_data_start          
00000000  __TI_static_base__            
00003541  __TI_zero_init                
0000263d  __aeabi_memclr                
0000263d  __aeabi_memclr4               
0000263d  __aeabi_memclr8               
0000216b  __aeabi_memcpy                
0000216b  __aeabi_memcpy4               
0000216b  __aeabi_memcpy8               
0000263f  __aeabi_memset                
0000263f  __aeabi_memset4               
0000263f  __aeabi_memset8               
ffffffff  __binit__                     
ffffffff  __c_args__                    
UNDEFED   __mpu_init                    
2000fe00  __stack                       
20000000  __start___llvm_prf_cnts       
20000000  __stop___llvm_prf_cnts        
00003101  _c_int00_noargs               
UNDEFED   _system_post_cinit            
00003559  _system_pre_init              
0000355d  abort                         
ffffffff  binit                         
00003135  disk_initialize               
00002e8d  disk_read                     
00003167  disk_status                   
00002db5  disk_timerproc                
00002ed1  disk_write                    
00002899  f_mount                       
000004e5  f_open                        
00001f87  f_opendir                     
00000a05  f_read                        
00002821  f_readdir                     
00003561  get_fattime                   
00000000  interruptVectors              
00000789  main                          
0000216b  memcpy                        
00002645  memset                        
20000610  upConfig                      


GLOBAL SYMBOLS: SORTED BY Symbol Address 

address   name                          
-------   ----                          
00000000  __TI_static_base__            
00000000  interruptVectors              
00000200  __STACK_SIZE                  
000004e5  f_open                        
00000789  main                          
00000a05  f_read                        
00000c25  MMC_disk_initialize           
000013a5  UART_initModule               
000018cd  TIMERA_Init                   
00001a6b  ADC14_IRQHandler              
00001a6b  AES256_IRQHandler             
00001a6b  BusFault_Handler              
00001a6b  COMP_E0_IRQHandler            
00001a6b  COMP_E1_IRQHandler            
00001a6b  CS_IRQHandler                 
00001a6b  DMA_ERR_IRQHandler            
00001a6b  DMA_INT0_IRQHandler           
00001a6b  DMA_INT1_IRQHandler           
00001a6b  DMA_INT2_IRQHandler           
00001a6b  DMA_INT3_IRQHandler           
00001a6b  DebugMon_Handler              
00001a6b  Default_Handler               
00001a6b  EUSCIA1_IRQHandler            
00001a6b  EUSCIA3_IRQHandler            
00001a6b  EUSCIB0_IRQHandler            
00001a6b  EUSCIB1_IRQHandler            
00001a6b  EUSCIB2_IRQHandler            
00001a6b  EUSCIB3_IRQHandler            
00001a6b  FLCTL_IRQHandler              
00001a6b  FPU_IRQHandler                
00001a6b  HardFault_Handler             
00001a6b  MemManage_Handler             
00001a6b  NMI_Handler                   
00001a6b  PCM_IRQHandler                
00001a6b  PORT1_IRQHandler              
00001a6b  PORT2_IRQHandler              
00001a6b  PORT3_IRQHandler              
00001a6b  PORT4_IRQHandler              
00001a6b  PORT5_IRQHandler              
00001a6b  PORT6_IRQHandler              
00001a6b  PSS_IRQHandler                
00001a6b  PendSV_Handler                
00001a6b  RTC_C_IRQHandler              
00001a6b  SVC_Handler                   
00001a6b  SysTick_Handler               
00001a6b  T32_INT1_IRQHandler           
00001a6b  T32_INT2_IRQHandler           
00001a6b  T32_INTC_IRQHandler           
00001a6b  TA0_N_IRQHandler              
00001a6b  TA1_N_IRQHandler              
00001a6b  TA2_0_IRQHandler              
00001a6b  TA2_N_IRQHandler              
00001a6b  TA3_0_IRQHandler              
00001a6b  TA3_N_IRQHandler              
00001a6b  UsageFault_Handler            
00001a6b  WDT_A_IRQHandler              
00001a6d  MMC_disk_write                
00001bf9  MSPrintf                      
00001cb5  UART_Init                     
00001ed7  SPI_initMaster                
00001f87  f_opendir                     
0000202d  MMC_disk_read                 
0000216b  __aeabi_memcpy                
0000216b  __aeabi_memcpy4               
0000216b  __aeabi_memcpy8               
0000216b  memcpy                        
00002297  PrintInteger                  
00002439  EUSCIA0_IRQHandler            
00002439  EUSCIA0_IRQHandler            
0000263d  __aeabi_memclr                
0000263d  __aeabi_memclr4               
0000263d  __aeabi_memclr8               
0000263f  __aeabi_memset                
0000263f  __aeabi_memset4               
0000263f  __aeabi_memset8               
00002645  memset                        
00002731  EUSCIA2_IRQHandler            
00002731  EUSCIA2_IRQHandler            
000027a9  SystemInit                    
00002821  f_readdir                     
00002899  f_mount                       
00002973  __TI_decompress_lzss          
000029db  UART_getEnabledInterruptStatus
00002aa3  PCM_getCoreVoltageLevel       
00002b5d  PCM_getPowerMode              
00002bb9  SPI_Init                      
00002db5  disk_timerproc                
00002e01  FlashCtl_setWaitState         
00002e49  __TI_auto_init_nobinit_nopinit
00002e8d  disk_read                     
00002ed1  disk_write                    
00002f59  SPI_Read                      
00002f99  SPI_Write                     
00002fd9  UART_Write                    
000030cd  CS_setDCOCenteredFrequency    
00003101  _c_int00_noargs               
00003135  disk_initialize               
00003167  disk_status                   
0000325d  TA1_0_IRQHandler              
0000325d  TA1_0_IRQHandler              
0000337d  WDT_A_holdTimer               
000033c5  CS_Init                       
000033e7  PrintString                   
00003409  GPIO_High                     
00003429  GPIO_Init                     
00003449  GPIO_Low                      
00003469  UART_getInterruptStatus       
00003481  PCM_getPowerState             
00003495  PrintChar                     
000034a9  TA0_0_IRQHandler              
000034a9  TA0_0_IRQHandler              
000034d1  Interrupt_enableMaster        
000034e1  PCM_setCoreVoltageLevel       
000034f1  PCM_setPowerMode              
00003501  __TI_decompress_none          
0000351d  CPU_cpsie                     
00003529  MMC_disk_status               
00003535  Reset_Handler                 
00003541  __TI_zero_init                
00003559  _system_pre_init              
0000355d  C$$EXIT                       
0000355d  abort                         
00003561  get_fattime                   
000035a8  __TI_Handler_Table_Base       
000035b4  __TI_Handler_Table_Limit      
000035c0  __TI_CINIT_Base               
000035d0  __TI_CINIT_Limit              
20000000  FS                            
20000000  __start___llvm_prf_cnts       
20000000  __stop___llvm_prf_cnts        
20000230  File                          
20000458  UARTA0Data                    
200004d8  UARTA2Data                    
20000558  DI                            
20000584  FI                            
200005c0  UARTA0ReadIndex               
200005c4  UARTA0WriteIndex              
200005c8  UARTA2ReadIndex               
200005cc  UARTA2WriteIndex              
200005d0  UART0Config                   
200005f4  SPI0MasterConfig              
20000610  upConfig                      
20000628  TIMER_A0_CB                   
2000062c  TIMER_A1_CB                   
2000fe00  __stack                       
20010000  __STACK_END                   
4000480c  WDTCTL_SYM                    
ffffffff  __TI_pprof_out_hndl           
ffffffff  __TI_prof_data_size           
ffffffff  __TI_prof_data_start          
ffffffff  __binit__                     
ffffffff  __c_args__                    
ffffffff  binit                         
UNDEFED   __mpu_init                    
UNDEFED   _system_post_cinit            

[155 symbols]
