******************************************************************************
                  TI ARM Linker PC v20.2.5                     
******************************************************************************
>> Linked Tue Dec 14 15:30:11 2021

OUTPUT FILE NAME:   <MSP2IEC.out>
ENTRY POINT SYMBOL: "_c_int00_noargs"  address: 00005b19


MEMORY CONFIGURATION

         name            origin    length      used     unused   attr    fill
----------------------  --------  ---------  --------  --------  ----  --------
  MAIN                  00000000   00040000  0000679e  00039862  R  X
  INFO                  00200000   00004000  00000000  00004000  R  X
  SRAM_CODE             01000000   00010000  0000096b  0000f695  RW X
  SRAM_DATA             20000000   00010000  0000096b  0000f695  RW  


SEGMENT ALLOCATION MAP

run origin  load origin   length   init length attrs members
----------  ----------- ---------- ----------- ----- -------
00000000    00000000    000067a0   000067a0    r-x
  00000000    00000000    000000e4   000000e4    r-- .intvecs
  000000e4    000000e4    00006110   00006110    r-x .text
  000061f4    000061f4    00000542   00000542    r-- .const
  00006738    00006738    00000068   00000068    r-- .cinit
20000000    20000000    0000076e   00000000    rw-
  20000000    20000000    000006f5   00000000    rw- .bss
  200006f8    200006f8    00000076   00000000    rw- .data
2000fe00    2000fe00    00000200   00000000    rw-
  2000fe00    2000fe00    00000200   00000000    rw- .stack


SECTION ALLOCATION MAP

 output                                  attributes/
section   page    origin      length       input sections
--------  ----  ----------  ----------   ----------------
.intvecs   0    00000000    000000e4     
                  00000000    000000e4     startup_msp432p401r_ccs.obj (.intvecs:retain)

.text      0    000000e4    00006110     
                  000000e4    00000a4e     rtsv7M4_T_le_v4SPD16_eabi.lib : _printfi.c.obj (.text:__TI_printfi)
                  00000b32    0000047e     grlib.a : string.obj (.text:Graphics_drawString)
                  00000fb0    00000400     ff.obj (.text:find_volume)
                  000013b0    00000358     main.obj (.text:main)
                  00001708    000002a4     ff.obj (.text:f_open)
                  000019ac    00000270     rtsv7M4_T_le_v4SPD16_eabi.lib : _printfi.c.obj (.text:_pconv_a)
                  00001c1c    00000220     ff.obj (.text:f_read)
                  00001e3c    000001d8     Crystalfontz128x128_ST7735.obj (.text:Crystalfontz128x128_PixelDrawMultiple)
                  00002014    000001d0     rtsv7M4_T_le_v4SPD16_eabi.lib : _printfi.c.obj (.text:_pconv_g)
                  000021e4    000001b6                                   : fd_add_t2.asm.obj (.text)
                  0000239a    00000002     startup_msp432p401r_ccs.obj (.text:Default_Handler)
                  0000239c    00000194     mmc_MSP432P401r.obj (.text:MMC_disk_initialize)
                  00002530    0000018c     ff.obj (.text:create_chain)
                  000026bc    00000188     ff.obj (.text:put_fat)
                  00002844    0000016b     ff.obj (.text:create_name)
                  000029af    00000001     --HOLE-- [fill = 0]
                  000029b0    0000015c     msp432p4xx_driverlib.lib : pcm.o (.text:__PCM_setPowerModeAdvanced)
                  00002b0c    0000013c     rtsv7M4_T_le_v4SPD16_eabi.lib : _printfi.c.obj (.text:_pconv_e)
                  00002c48    00000136                                   : fd_div_t2.asm.obj (.text)
                  00002d7e    00000002                                   : div0.asm.obj (.text)
                  00002d80    00000134     Crystalfontz128x128_ST7735.obj (.text:Crystalfontz128x128_SetDrawFrame)
                  00002eb4    0000012c     Crystalfontz128x128_ST7735.obj (.text:Crystalfontz128x128_Init)
                  00002fe0    00000124     rtsv7M4_T_le_v4SPD16_eabi.lib : _printfi.c.obj (.text:fcvt)
                  00003104    0000011c     msp432p4xx_driverlib.lib : uart.o (.text:UART_initModule)
                  00003220    00000118     ff.obj (.text:get_fat)
                  00003338    00000110     rtsv7M4_T_le_v4SPD16_eabi.lib : s_scalbn.c.obj (.text:scalbn)
                  00003448    00000108     msp432p4xx_driverlib.lib : pcm.o (.text:__PCM_setCoreVoltageLevelAdvanced)
                  00003550    00000104     ff.obj (.text:dir_next)
                  00003654    000000fc     rtsv7M4_T_le_v4SPD16_eabi.lib : fd_mul_t2.asm.obj (.text)
                  00003750    000000e8     ff.obj (.text:dir_sdi)
                  00003838    000000d0     TIMERA_Driver.obj (.text:TIMERA_Init)
                  00003908    000000ce     ff.obj (.text:follow_path)
                  000039d6    000000c0     ff.obj (.text:remove_chain)
                  00003a96    00000002     mmc_MSP432P401r.obj (.text:set_max_speed)
                  00003a98    000000bc     mmc_MSP432P401r.obj (.text:MMC_disk_write)
                  00003b54    000000ba     MSPIO.obj (.text:MSPrintf)
                  00003c0e    00000002     --HOLE-- [fill = 0]
                  00003c10    000000b8     UART_Driver.obj (.text:UART_Init)
                  00003cc8    000000b6     ff.obj (.text:get_fileinfo)
                  00003d7e    00000002     --HOLE-- [fill = 0]
                  00003d80    000000b4     main.obj (.text:HW_init)
                  00003e34    000000b4     ff.obj (.text:dir_read)
                  00003ee8    000000b1     rtsv7M4_T_le_v4SPD16_eabi.lib : _printfi.c.obj (.text:_ltostr)
                  00003f99    00000001     --HOLE-- [fill = 0]
                  00003f9a    000000b0     msp432p4xx_driverlib.lib : spi.o (.text:SPI_initMaster)
                  0000404a    000000a4     ff.obj (.text:f_opendir)
                  000040ee    0000009e     mmc_MSP432P401r.obj (.text:send_cmd)
                  0000418c    0000009c     Crystalfontz128x128_ST7735.obj (.text:Crystalfontz128x128_RectFill)
                  00004228    0000009c     grlib.a : line.obj (.text:Graphics_drawLineH)
                  000042c4    0000009c     rtsv7M4_T_le_v4SPD16_eabi.lib : memcpy_t2.asm.obj (.text)
                  00004360    00000096                                   : ull_div_t2.asm.obj (.text)
                  000043f6    00000002     --HOLE-- [fill = 0]
                  000043f8    00000090     mmc_MSP432P401r.obj (.text:MMC_disk_read)
                  00004488    00000090     ff.obj (.text:dir_find)
                  00004518    0000008c     MSPIO.obj (.text:PrintInteger)
                  000045a4    0000008a     ff.obj (.text:check_fs)
                  0000462e    0000008a     ff.obj (.text:dir_alloc)
                  000046b8    00000088     UART_Driver.obj (.text:EUSCIA0_IRQHandler)
                  00004740    00000088     msp432p4xx_driverlib.lib : gpio.o (.text:GPIO_setAsPeripheralModuleFunctionOutputPin)
                  000047c8    00000086     rtsv7M4_T_le_v4SPD16_eabi.lib : fd_cmp_t2.asm.obj (.text:__aeabi_cdcmple)
                  0000484e    00000086                                   : fd_cmp_t2.asm.obj (.text:__aeabi_cdrcmple)
                  000048d4    00000080     ff.obj (.text:dir_clear)
                  00004954    00000080     ff.obj (.text:get_ldnumber)
                  000049d4    0000007c     ff.obj (.text:dbc_2nd)
                  00004a50    0000007a     rtsv7M4_T_le_v4SPD16_eabi.lib : memset_t2.asm.obj (.text)
                  00004aca    0000007a     mmc_MSP432P401r.obj (.text:xmit_datablock)
                  00004b44    00000078     UART_Driver.obj (.text:EUSCIA2_IRQHandler)
                  00004bbc    00000078     system_msp432p401r.obj (.text:SystemInit)
                  00004c34    00000078     ff.obj (.text:f_readdir)
                  00004cac    00000070     ff.obj (.text:f_mount)
                  00004d1c    0000006e     rtsv7M4_T_le_v4SPD16_eabi.lib : _printfi.c.obj (.text:_mcpy)
                  00004d8a    0000006a     ff.obj (.text:sync_window)
                  00004df4    00000068     rtsv7M4_T_le_v4SPD16_eabi.lib : copy_decompress_lzss.c.obj (.text:decompress:lzss:__TI_decompress_lzss)
                  00004e5c    00000064     msp432p4xx_driverlib.lib : uart.o (.text:UART_getEnabledInterruptStatus)
                  00004ec0    00000064     rtsv7M4_T_le_v4SPD16_eabi.lib : s_frexp.c.obj (.text:frexp)
                  00004f24    00000064     mmc_MSP432P401r.obj (.text:send_cmd12)
                  00004f88    00000060     Crystalfontz128x128_ST7735.obj (.text:Crystalfontz128x128_LineDrawH)
                  00004fe8    00000060     Crystalfontz128x128_ST7735.obj (.text:Crystalfontz128x128_LineDrawV)
                  00005048    0000005e     msp432p4xx_driverlib.lib : pcm.o (.text:PCM_getCoreVoltageLevel)
                  000050a6    00000002     --HOLE-- [fill = 0]
                  000050a8    0000005c     mmc_MSP432P401r.obj (.text:rcvr_datablock)
                  00005104    0000005a     msp432p4xx_driverlib.lib : pcm.o (.text:PCM_getPowerMode)
                  0000515e    00000002     --HOLE-- [fill = 0]
                  00005160    00000058     SPI_Driver.obj (.text:SPI_Init)
                  000051b8    00000058     ff.obj (.text:dbc_1st)
                  00005210    00000058     ff.obj (.text:validate)
                  00005268    00000056     rtsv7M4_T_le_v4SPD16_eabi.lib : _printfi.c.obj (.text:_pconv_f)
                  000052be    00000056     ff.obj (.text:dir_register)
                  00005314    00000054     Crystalfontz128x128_ST7735.obj (.text:Crystalfontz128x128_SetOrientation)
                  00005368    00000054     main.obj (.text:GRAPHICS_Init)
                  000053bc    00000054     rtsv7M4_T_le_v4SPD16_eabi.lib : _ltoa.c.obj (.text:__TI_ltoa)
                  00005410    00000052     grlib.a : context.obj (.text:Graphics_initContext)
                  00005462    00000052     rtsv7M4_T_le_v4SPD16_eabi.lib : _printfi.c.obj (.text:_ecpy)
                  000054b4    00000050     ff.obj (.text:move_window)
                  00005504    0000004e     ff.obj (.text:st_dword)
                  00005552    00000002     --HOLE-- [fill = 0]
                  00005554    0000004c     rtsv7M4_T_le_v4SPD16_eabi.lib : atoi.c.obj (.text:atoi)
                  000055a0    0000004c     mmc_MSP432P401r.obj (.text:disk_timerproc)
                  000055ec    00000048     msp432p4xx_driverlib.lib : flash.o (.text:FlashCtl_setWaitState)
                  00005634    00000048     rtsv7M4_T_le_v4SPD16_eabi.lib : fd_toi_t2.asm.obj (.text)
                  0000567c    00000044                                   : autoinit.c.obj (.text:__TI_auto_init_nobinit_nopinit:__TI_auto_init_nobinit_nopinit)
                  000056c0    00000044     diskio.obj (.text:disk_read)
                  00005704    00000044     diskio.obj (.text:disk_write)
                  00005748    00000040     Crystalfontz128x128_ST7735.obj (.text:Crystalfontz128x128_PixelDraw)
                  00005788    00000040     msp432p4xx_driverlib.lib : gpio.o (.text:GPIO_setAsOutputPin)
                  000057c8    00000040     grlib.a : string.obj (.text:Graphics_getNumberOfLeadingZeros)
                  00005808    00000040     HAL_MSP_EXP432P401R_Crystalfontz128x128_ST7735.obj (.text:HAL_LCD_SpiInit)
                  00005848    00000040     SPI_Driver.obj (.text:SPI_Read)
                  00005888    00000040     SPI_Driver.obj (.text:SPI_Write)
                  000058c8    00000040     UART_Driver.obj (.text:UART_Write)
                  00005908    00000040     msp432p4xx_driverlib.lib : spi.o (.text:is_A_Module)
                  00005948    00000040     rtsv7M4_T_le_v4SPD16_eabi.lib : sprintf.c.obj (.text:sprintf)
                  00005988    0000003e                                   : _printfi.c.obj (.text:_fcpy)
                  000059c6    0000003e     ff.obj (.text:mem_cmp)
                  00005a04    0000003c     mmc_MSP432P401r.obj (.text:send_initial_clock_train)
                  00005a40    00000038     HAL_MSP_EXP432P401R_Crystalfontz128x128_ST7735.obj (.text:HAL_LCD_writeCommand)
                  00005a78    00000036     grlib.a : display.obj (.text:Graphics_drawHorizontalLineOnDisplay)
                  00005aae    00000036     ff.obj (.text:ld_dword)
                  00005ae4    00000034     msp432p4xx_driverlib.lib : cs.o (.text:CS_setDCOCenteredFrequency)
                  00005b18    00000034     rtsv7M4_T_le_v4SPD16_eabi.lib : boot_cortex_m.c.obj (.text:_c_int00_noargs:_c_int00_noargs)
                  00005b4c    00000032     diskio.obj (.text:disk_initialize)
                  00005b7e    00000032     diskio.obj (.text:disk_status)
                  00005bb0    00000032     ff.obj (.text:mem_cpy)
                  00005be2    00000030     HAL_MSP_EXP432P401R_Crystalfontz128x128_ST7735.obj (.text:HAL_LCD_PortInit)
                  00005c12    00000030     ff.obj (.text:clst2sect)
                  00005c42    00000030     ff.obj (.text:st_word)
                  00005c72    00000002     --HOLE-- [fill = 0]
                  00005c74    00000030     mmc_MSP432P401r.obj (.text:wait_ready)
                  00005ca4    0000002e     rtsv7M4_T_le_v4SPD16_eabi.lib : i_tofd_t2.asm.obj (.text)
                  00005cd2    00000002     --HOLE-- [fill = 0]
                  00005cd4    0000002c     Crystalfontz128x128_ST7735.obj (.text:Crystalfontz128x128_ClearScreen)
                  00005d00    0000002c     grlib.a : display.obj (.text:Graphics_drawPixelOnDisplay)
                  00005d2c    0000002c     HAL_MSP_EXP432P401R_Crystalfontz128x128_ST7735.obj (.text:HAL_LCD_writeData)
                  00005d58    0000002c     TIMERA_Driver.obj (.text:TA1_0_IRQHandler)
                  00005d84    0000002c     ff.obj (.text:ld_clust)
                  00005db0    0000002a     ff.obj (.text:st_clust)
                  00005dda    00000028     Crystalfontz128x128_ST7735.obj (.text:Crystalfontz128x128_ColorTranslate)
                  00005e02    00000002     --HOLE-- [fill = 0]
                  00005e04    00000028     msp432p4xx_driverlib.lib : gpio.o (.text:GPIO_setOutputHighOnPin)
                  00005e2c    00000028                              : gpio.o (.text:GPIO_setOutputLowOnPin)
                  00005e54    00000028     ff.obj (.text:chk_chr)
                  00005e7c    00000028     mmc_MSP432P401r.obj (.text:rcvr_spi)
                  00005ea4    00000026     ff.obj (.text:ld_word)
                  00005eca    00000026     ff.obj (.text:mem_set)
                  00005ef0    00000024     msp432p4xx_driverlib.lib : wdt_a.o (.text:WDT_A_holdTimer)
                  00005f14    00000024     mmc_MSP432P401r.obj (.text:xmit_spi)
                  00005f38    00000022     MSPIO.obj (.text:PrintString)
                  00005f5a    00000002     --HOLE-- [fill = 0]
                  00005f5c    00000020     GPIO_Driver.obj (.text:GPIO_Init)
                  00005f7c    0000001c     msp432p4xx_driverlib.lib : spi.o (.text:SPI_enableModule)
                  00005f98    0000001c     rtsv7M4_T_le_v4SPD16_eabi.lib : memccpy.c.obj (.text:memccpy)
                  00005fb4    0000001a     grlib.a : display.obj (.text:Graphics_clearDisplayOnDisplay)
                  00005fce    0000001a             : context.obj (.text:Graphics_setBackgroundColor)
                  00005fe8    0000001a             : context.obj (.text:Graphics_setFont)
                  00006002    0000001a     rtsv7M4_T_le_v4SPD16_eabi.lib : s_copysign.c.obj (.text:copysign)
                  0000601c    00000018     msp432p4xx_driverlib.lib : uart.o (.text:UART_getInterruptStatus)
                  00006034    00000018     rtsv7M4_T_le_v4SPD16_eabi.lib : sprintf.c.obj (.text:_outs)
                  0000604c    00000016     msp432p4xx_driverlib.lib : spi.o (.text:EUSCI_A_SPI_enable)
                  00006062    00000016                              : spi.o (.text:EUSCI_B_SPI_enable)
                  00006078    00000016     grlib.a : context.obj (.text:Graphics_setForegroundColor)
                  0000608e    00000016             : display.obj (.text:Graphics_translateColorOnDisplay)
                  000060a4    00000016     rtsv7M4_T_le_v4SPD16_eabi.lib : strchr.c.obj (.text:strchr)
                  000060ba    00000002     --HOLE-- [fill = 0]
                  000060bc    00000014     msp432p4xx_driverlib.lib : pcm.o (.text:PCM_getPowerState)
                  000060d0    00000014     MSPIO.obj (.text:PrintChar)
                  000060e4    00000014     TIMERA_Driver.obj (.text:TA0_0_IRQHandler)
                  000060f8    00000014     mmc_MSP432P401r.obj (.text:power_on)
                  0000610c    00000014     rtsv7M4_T_le_v4SPD16_eabi.lib : strlen.c.obj (.text:strlen)
                  00006120    00000012     grlib.a : context.obj (.text:Graphics_clearDisplay)
                  00006132    00000012     rtsv7M4_T_le_v4SPD16_eabi.lib : wcslen.c.obj (.text:wcslen)
                  00006144    00000010     msp432p4xx_driverlib.lib : interrupt.o (.text:Interrupt_enableMaster)
                  00006154    00000010                              : pcm.o (.text:PCM_setCoreVoltageLevel)
                  00006164    00000010                              : pcm.o (.text:PCM_setPowerMode)
                  00006174    0000000e     rtsv7M4_T_le_v4SPD16_eabi.lib : copy_decompress_none.c.obj (.text:decompress:none:__TI_decompress_none)
                  00006182    0000000e     mmc_MSP432P401r.obj (.text:rcvr_spi_m)
                  00006190    0000000c     msp432p4xx_driverlib.lib : cpu.o (.text:CPU_cpsie)
                  0000619c    0000000c     mmc_MSP432P401r.obj (.text:MMC_disk_status)
                  000061a8    0000000c     startup_msp432p401r_ccs.obj (.text:Reset_Handler)
                  000061b4    0000000c     rtsv7M4_T_le_v4SPD16_eabi.lib : copy_zero_init.c.obj (.text:decompress:ZI:__TI_zero_init)
                  000061c0    0000000c     mmc_MSP432P401r.obj (.text:power_off)
                  000061cc    0000000a     Crystalfontz128x128_ST7735.obj (.text:Crystalfontz128x128_Flush)
                  000061d6    0000000a     rtsv7M4_T_le_v4SPD16_eabi.lib : sprintf.c.obj (.text:_outc)
                  000061e0    00000008                                   : errno.c.obj (.text:__aeabi_errno_addr)
                  000061e8    00000004                                   : pre_init.c.obj (.text:_system_pre_init)
                  000061ec    00000004                                   : exit.c.obj (.text:abort:abort)
                  000061f0    00000004     mmc_MSP432P401r.obj (.text:get_fattime)

.const     0    000061f4    00000542     
                  000061f4    000002f8     grlib.a : fontfixed6x8.obj (.const:.string:g_pucFontFixed6x8Data)
                  000064ec    00000101     rtsv7M4_T_le_v4SPD16_eabi.lib : ctype.c.obj (.const:.string:_ctypes_)
                  000065ed    00000003     --HOLE-- [fill = 0]
                  000065f0    000000c8     grlib.a : fontfixed6x8.obj (.const:g_sFontFixed6x8)
                  000066b8    00000030     msp432p4xx_driverlib.lib : gpio.o (.const:GPIO_PORT_TO_BASE)
                  000066e8    00000020     Crystalfontz128x128_ST7735.obj (.const:g_sCrystalfontz128x128_funcs)
                  00006708    0000001c     HAL_MSP_EXP432P401R_Crystalfontz128x128_ST7735.obj (.const:$P$T0$1)
                  00006724    0000000a     ff.obj (.const:.string:DbcTbl)
                  0000672e    00000008     Crystalfontz128x128_ST7735.obj (.const:$P$T0$1)

.cinit     0    00006738    00000068     
                  00006738    0000003e     (.cinit..data.load) [load image, compression = lzss]
                  00006776    00000002     --HOLE-- [fill = 0]
                  00006778    0000000c     (__TI_handler_table)
                  00006784    00000004     --HOLE-- [fill = 0]
                  00006788    00000008     (.cinit..bss.load) [load image, compression = zero_init]
                  00006790    00000010     (__TI_cinit_table)

.init_array 
*          0    00000000    00000000     UNINITIALIZED

.binit     0    00000000    00000000     

.bss       0    20000000    000006f5     UNINITIALIZED
                  20000000    00000230     (.common:FS)
                  20000230    00000228     (.common:File)
                  20000458    00000100     (.common:buff)
                  20000558    00000080     (.common:UARTA0Data)
                  200005d8    00000080     (.common:UARTA2Data)
                  20000658    0000002c     (.common:DI)
                  20000684    0000002c     (.common:FI)
                  200006b0    0000001c     (.common:g_sContext)
                  200006cc    00000009     mmc_MSP432P401r.obj (.bss)
                  200006d5    00000001     (.common:Lcd_FlagRead)
                  200006d6    00000002     ff.obj (.bss)
                  200006d8    00000004     ff.obj (.bss:FatFs)
                  200006dc    00000004     (.common:UARTA0ReadIndex)
                  200006e0    00000004     (.common:UARTA0WriteIndex)
                  200006e4    00000004     (.common:UARTA2ReadIndex)
                  200006e8    00000004     (.common:UARTA2WriteIndex)
                  200006ec    00000002     (.common:Lcd_ScreenHeigth)
                  200006ee    00000002     (.common:Lcd_ScreenWidth)
                  200006f0    00000002     (.common:Lcd_TouchTrim)
                  200006f2    00000001     (.common:Lcd_FontSolid)
                  200006f3    00000001     (.common:Lcd_Orientation)
                  200006f4    00000001     (.common:Lcd_PenSolid)

.data      0    200006f8    00000076     UNINITIALIZED
                  200006f8    00000024     main.obj (.data:UART0Config)
                  2000071c    0000001c     main.obj (.data:SPI0MasterConfig)
                  20000738    00000018     main.obj (.data:upConfig)
                  20000750    00000010     Crystalfontz128x128_ST7735.obj (.data:g_sCrystalfontz128x128)
                  20000760    00000008     TIMERA_Driver.obj (.data)
                  20000768    00000004     rtsv7M4_T_le_v4SPD16_eabi.lib : errno.c.obj (.data)
                  2000076c    00000002     mmc_MSP432P401r.obj (.data)

.stack     0    2000fe00    00000200     UNINITIALIZED
                  2000fe00    00000004     rtsv7M4_T_le_v4SPD16_eabi.lib : boot_cortex_m.c.obj (.stack)
                  2000fe04    000001fc     --HOLE--

__llvm_prf_cnts 
*          0    20000000    00000000     UNINITIALIZED

MODULE SUMMARY

       Module                                               code    ro data   rw data
       ------                                               ----    -------   -------
    .\
       main.obj                                             1120    0         3144   
       system_msp432p401r.obj                               120     0         0      
    +--+----------------------------------------------------+-------+---------+---------+
       Total:                                               1240    0         3144   
                                                                                     
    .\Devices\
       MSPIO.obj                                            380     0         0      
    +--+----------------------------------------------------+-------+---------+---------+
       Total:                                               380     0         0      
                                                                                     
    .\Hardware\
       UART_Driver.obj                                      504     0         544    
       TIMERA_Driver.obj                                    272     0         16     
       SPI_Driver.obj                                       216     0         0      
       GPIO_Driver.obj                                      32      0         0      
    +--+----------------------------------------------------+-------+---------+---------+
       Total:                                               1024    0         560    
                                                                                     
    .\Hardware\LcdDriver\
       Crystalfontz128x128_ST7735.obj                       1670    40        52     
       HAL_MSP_EXP432P401R_Crystalfontz128x128_ST7735.obj   212     28        0      
    +--+----------------------------------------------------+-------+---------+---------+
       Total:                                               1882    68        52     
                                                                                     
    .\ccs\
       startup_msp432p401r_ccs.obj                          14      228       0      
    +--+----------------------------------------------------+-------+---------+---------+
       Total:                                               14      228       0      
                                                                                     
    .\fatfs\
       ff.obj                                               7113    10        12     
       mmc_MSP432P401r.obj                                  1532    0         22     
       diskio.obj                                           236     0         0      
    +--+----------------------------------------------------+-------+---------+---------+
       Total:                                               8881    10        34     
                                                                                     
    C:/ti/simplelink_msp432p4_sdk_3_40_01_02/source/ti/devices/msp432p4xx/driverlib/ccs/msp432p4xx_driverlib.lib
       pcm.o                                                848     0         0      
       uart.o                                               408     0         0      
       gpio.o                                               280     48        0      
       spi.o                                                312     0         0      
       flash.o                                              72      0         0      
       cs.o                                                 52      0         0      
       wdt_a.o                                              36      0         0      
       interrupt.o                                          16      0         0      
       cpu.o                                                12      0         0      
    +--+----------------------------------------------------+-------+---------+---------+
       Total:                                               2036    48        0      
                                                                                     
    C:/ti/simplelink_msp432p4_sdk_3_40_01_02/source/ti/grlib/lib/ccs/m4f/grlib.a
       string.obj                                           1214    0         0      
       fontfixed6x8.obj                                     0       960       0      
       context.obj                                          174     0         0      
       line.obj                                             156     0         0      
       display.obj                                          146     0         0      
    +--+----------------------------------------------------+-------+---------+---------+
       Total:                                               1690    960       0      
                                                                                     
    C:\ti\ccs1040\ccs\tools\compiler\ti-cgt-arm_20.2.5.LTS\lib\rtsv7M4_T_le_v4SPD16_eabi.lib
       _printfi.c.obj                                       4851    0         0      
       fd_add_t2.asm.obj                                    438     0         0      
       fd_div_t2.asm.obj                                    310     0         0      
       s_scalbn.c.obj                                       272     0         0      
       fd_cmp_t2.asm.obj                                    268     0         0      
       ctype.c.obj                                          0       257       0      
       fd_mul_t2.asm.obj                                    252     0         0      
       memcpy_t2.asm.obj                                    156     0         0      
       ull_div_t2.asm.obj                                   150     0         0      
       memset_t2.asm.obj                                    122     0         0      
       copy_decompress_lzss.c.obj                           104     0         0      
       s_frexp.c.obj                                        100     0         0      
       sprintf.c.obj                                        98      0         0      
       _ltoa.c.obj                                          84      0         0      
       atoi.c.obj                                           76      0         0      
       fd_toi_t2.asm.obj                                    72      0         0      
       autoinit.c.obj                                       68      0         0      
       boot_cortex_m.c.obj                                  52      0         0      
       i_tofd_t2.asm.obj                                    46      0         0      
       memccpy.c.obj                                        28      0         0      
       s_copysign.c.obj                                     26      0         0      
       strchr.c.obj                                         22      0         0      
       strlen.c.obj                                         20      0         0      
       wcslen.c.obj                                         18      0         0      
       errno.c.obj                                          8       0         8      
       copy_decompress_none.c.obj                           14      0         0      
       copy_zero_init.c.obj                                 12      0         0      
       exit.c.obj                                           4       0         0      
       pre_init.c.obj                                       4       0         0      
       div0.asm.obj                                         2       0         0      
    +--+----------------------------------------------------+-------+---------+---------+
       Total:                                               7677    257       8      
                                                                                     
       Stack:                                               0       0         1024   
       Linker Generated:                                    0       98        0      
    +--+----------------------------------------------------+-------+---------+---------+
       Grand Total:                                         24824   1669      4822   


LINKER GENERATED COPY TABLES

__TI_cinit_table @ 00006790 records: 2, size/record: 8, table size: 16
	.data: load addr=00006738, load size=0000003e bytes, run addr=200006f8, run size=00000076 bytes, compression=lzss
	.bss: load addr=00006788, load size=00000008 bytes, run addr=20000000, run size=000006f5 bytes, compression=zero_init


LINKER GENERATED HANDLER TABLE

__TI_handler_table @ 00006778 records: 3, size/record: 4, table size: 12
	index: 0, handler: __TI_decompress_lzss
	index: 1, handler: __TI_decompress_none
	index: 2, handler: __TI_zero_init


GLOBAL SYMBOLS: SORTED ALPHABETICALLY BY Name 

address   name                                       
-------   ----                                       
0000239b  ADC14_IRQHandler                           
0000239b  AES256_IRQHandler                          
0000239b  BusFault_Handler                           
000061ed  C$$EXIT                                    
0000239b  COMP_E0_IRQHandler                         
0000239b  COMP_E1_IRQHandler                         
00006191  CPU_cpsie                                  
0000239b  CS_IRQHandler                              
00005ae5  CS_setDCOCenteredFrequency                 
00002eb5  Crystalfontz128x128_Init                   
00002d81  Crystalfontz128x128_SetDrawFrame           
00005315  Crystalfontz128x128_SetOrientation         
20000658  DI                                         
0000239b  DMA_ERR_IRQHandler                         
0000239b  DMA_INT0_IRQHandler                        
0000239b  DMA_INT1_IRQHandler                        
0000239b  DMA_INT2_IRQHandler                        
0000239b  DMA_INT3_IRQHandler                        
0000239b  DebugMon_Handler                           
0000239b  Default_Handler                            
000046b9  EUSCIA0_IRQHandler                         
000046b9  EUSCIA0_IRQHandler                         
0000239b  EUSCIA1_IRQHandler                         
00004b45  EUSCIA2_IRQHandler                         
00004b45  EUSCIA2_IRQHandler                         
0000239b  EUSCIA3_IRQHandler                         
0000239b  EUSCIB0_IRQHandler                         
0000239b  EUSCIB1_IRQHandler                         
0000239b  EUSCIB2_IRQHandler                         
0000239b  EUSCIB3_IRQHandler                         
0000604d  EUSCI_A_SPI_enable                         
00006063  EUSCI_B_SPI_enable                         
20000684  FI                                         
0000239b  FLCTL_IRQHandler                           
0000239b  FPU_IRQHandler                             
20000000  FS                                         
20000230  File                                       
000055ed  FlashCtl_setWaitState                      
00005f5d  GPIO_Init                                  
00005789  GPIO_setAsOutputPin                        
00004741  GPIO_setAsPeripheralModuleFunctionOutputPin
00005e05  GPIO_setOutputHighOnPin                    
00005e2d  GPIO_setOutputLowOnPin                     
00005369  GRAPHICS_Init                              
00006121  Graphics_clearDisplay                      
00005fb5  Graphics_clearDisplayOnDisplay             
00005a79  Graphics_drawHorizontalLineOnDisplay       
00004229  Graphics_drawLineH                         
00005d01  Graphics_drawPixelOnDisplay                
00000b33  Graphics_drawString                        
00005411  Graphics_initContext                       
00005fcf  Graphics_setBackgroundColor                
00005fe9  Graphics_setFont                           
00006079  Graphics_setForegroundColor                
0000608f  Graphics_translateColorOnDisplay           
00005be3  HAL_LCD_PortInit                           
00005809  HAL_LCD_SpiInit                            
00005a41  HAL_LCD_writeCommand                       
00005d2d  HAL_LCD_writeData                          
00003d81  HW_init                                    
0000239b  HardFault_Handler                          
00006145  Interrupt_enableMaster                     
200006d5  Lcd_FlagRead                               
200006f2  Lcd_FontSolid                              
200006f3  Lcd_Orientation                            
200006f4  Lcd_PenSolid                               
200006ec  Lcd_ScreenHeigth                           
200006ee  Lcd_ScreenWidth                            
200006f0  Lcd_TouchTrim                              
0000239d  MMC_disk_initialize                        
000043f9  MMC_disk_read                              
0000619d  MMC_disk_status                            
00003a99  MMC_disk_write                             
00003b55  MSPrintf                                   
0000239b  MemManage_Handler                          
0000239b  NMI_Handler                                
0000239b  PCM_IRQHandler                             
00005049  PCM_getCoreVoltageLevel                    
00005105  PCM_getPowerMode                           
000060bd  PCM_getPowerState                          
00006155  PCM_setCoreVoltageLevel                    
00006165  PCM_setPowerMode                           
0000239b  PORT1_IRQHandler                           
0000239b  PORT2_IRQHandler                           
0000239b  PORT3_IRQHandler                           
0000239b  PORT4_IRQHandler                           
0000239b  PORT5_IRQHandler                           
0000239b  PORT6_IRQHandler                           
0000239b  PSS_IRQHandler                             
0000239b  PendSV_Handler                             
000060d1  PrintChar                                  
00004519  PrintInteger                               
00005f39  PrintString                                
0000239b  RTC_C_IRQHandler                           
000061a9  Reset_Handler                              
2000071c  SPI0MasterConfig                           
00005161  SPI_Init                                   
00005849  SPI_Read                                   
00005889  SPI_Write                                  
00005f7d  SPI_enableModule                           
00003f9b  SPI_initMaster                             
0000239b  SVC_Handler                                
0000239b  SysTick_Handler                            
00004bbd  SystemInit                                 
0000239b  T32_INT1_IRQHandler                        
0000239b  T32_INT2_IRQHandler                        
0000239b  T32_INTC_IRQHandler                        
000060e5  TA0_0_IRQHandler                           
000060e5  TA0_0_IRQHandler                           
0000239b  TA0_N_IRQHandler                           
00005d59  TA1_0_IRQHandler                           
00005d59  TA1_0_IRQHandler                           
0000239b  TA1_N_IRQHandler                           
0000239b  TA2_0_IRQHandler                           
0000239b  TA2_N_IRQHandler                           
0000239b  TA3_0_IRQHandler                           
0000239b  TA3_N_IRQHandler                           
00003839  TIMERA_Init                                
20000760  TIMER_A0_CB                                
20000764  TIMER_A1_CB                                
200006f8  UART0Config                                
20000558  UARTA0Data                                 
200006dc  UARTA0ReadIndex                            
200006e0  UARTA0WriteIndex                           
200005d8  UARTA2Data                                 
200006e4  UARTA2ReadIndex                            
200006e8  UARTA2WriteIndex                           
00003c11  UART_Init                                  
000058c9  UART_Write                                 
00004e5d  UART_getEnabledInterruptStatus             
0000601d  UART_getInterruptStatus                    
00003105  UART_initModule                            
0000239b  UsageFault_Handler                         
4000480c  WDTCTL_SYM                                 
0000239b  WDT_A_IRQHandler                           
00005ef1  WDT_A_holdTimer                            
20010000  __STACK_END                                
00000200  __STACK_SIZE                               
00006790  __TI_CINIT_Base                            
000067a0  __TI_CINIT_Limit                           
00006778  __TI_Handler_Table_Base                    
00006784  __TI_Handler_Table_Limit                   
0000567d  __TI_auto_init_nobinit_nopinit             
00004df5  __TI_decompress_lzss                       
00006175  __TI_decompress_none                       
000053bd  __TI_ltoa                                  
ffffffff  __TI_pprof_out_hndl                        
000000e5  __TI_printfi                               
ffffffff  __TI_prof_data_size                        
ffffffff  __TI_prof_data_start                       
00000000  __TI_static_base__                         
000061b5  __TI_zero_init                             
000047c9  __aeabi_cdcmpeq                            
000047c9  __aeabi_cdcmple                            
0000484f  __aeabi_cdrcmple                           
00005635  __aeabi_d2iz                               
000021ef  __aeabi_dadd                               
00002c49  __aeabi_ddiv                               
00003655  __aeabi_dmul                               
000021e5  __aeabi_dsub                               
000061e1  __aeabi_errno_addr                         
00005ca5  __aeabi_i2d                                
00002d7f  __aeabi_idiv0                              
00002d7f  __aeabi_ldiv0                              
00004a51  __aeabi_memclr                             
00004a51  __aeabi_memclr4                            
00004a51  __aeabi_memclr8                            
000042c5  __aeabi_memcpy                             
000042c5  __aeabi_memcpy4                            
000042c5  __aeabi_memcpy8                            
00004a53  __aeabi_memset                             
00004a53  __aeabi_memset4                            
00004a53  __aeabi_memset8                            
00004361  __aeabi_uldivmod                           
ffffffff  __binit__                                  
ffffffff  __c_args__                                 
UNDEFED   __mpu_init                                 
2000fe00  __stack                                    
20000000  __start___llvm_prf_cnts                    
20000000  __stop___llvm_prf_cnts                     
00005b19  _c_int00_noargs                            
000064ec  _ctypes_                                   
UNDEFED   _system_post_cinit                         
000061e9  _system_pre_init                           
000061ed  abort                                      
00005555  atoi                                       
ffffffff  binit                                      
20000458  buff                                       
00006003  copysign                                   
00006003  copysignl                                  
00005b4d  disk_initialize                            
000056c1  disk_read                                  
00005b7f  disk_status                                
000055a1  disk_timerproc                             
00005705  disk_write                                 
20000768  errno                                      
00004cad  f_mount                                    
00001709  f_open                                     
0000404b  f_opendir                                  
00001c1d  f_read                                     
00004c35  f_readdir                                  
00004ec1  frexp                                      
00004ec1  frexpl                                     
200006b0  g_sContext                                 
20000750  g_sCrystalfontz128x128                     
000066e8  g_sCrystalfontz128x128_funcs               
000065f0  g_sFontFixed6x8                            
000061f1  get_fattime                                
00000000  interruptVectors                           
00003339  ldexp                                      
00003339  ldexpl                                     
000013b1  main                                       
00005f99  memccpy                                    
000042c5  memcpy                                     
00004a59  memset                                     
00003339  scalbn                                     
00003339  scalbnl                                    
00005949  sprintf                                    
000060a5  strchr                                     
0000610d  strlen                                     
20000738  upConfig                                   
00006133  wcslen                                     


GLOBAL SYMBOLS: SORTED BY Symbol Address 

address   name                                       
-------   ----                                       
00000000  __TI_static_base__                         
00000000  interruptVectors                           
000000e5  __TI_printfi                               
00000200  __STACK_SIZE                               
00000b33  Graphics_drawString                        
000013b1  main                                       
00001709  f_open                                     
00001c1d  f_read                                     
000021e5  __aeabi_dsub                               
000021ef  __aeabi_dadd                               
0000239b  ADC14_IRQHandler                           
0000239b  AES256_IRQHandler                          
0000239b  BusFault_Handler                           
0000239b  COMP_E0_IRQHandler                         
0000239b  COMP_E1_IRQHandler                         
0000239b  CS_IRQHandler                              
0000239b  DMA_ERR_IRQHandler                         
0000239b  DMA_INT0_IRQHandler                        
0000239b  DMA_INT1_IRQHandler                        
0000239b  DMA_INT2_IRQHandler                        
0000239b  DMA_INT3_IRQHandler                        
0000239b  DebugMon_Handler                           
0000239b  Default_Handler                            
0000239b  EUSCIA1_IRQHandler                         
0000239b  EUSCIA3_IRQHandler                         
0000239b  EUSCIB0_IRQHandler                         
0000239b  EUSCIB1_IRQHandler                         
0000239b  EUSCIB2_IRQHandler                         
0000239b  EUSCIB3_IRQHandler                         
0000239b  FLCTL_IRQHandler                           
0000239b  FPU_IRQHandler                             
0000239b  HardFault_Handler                          
0000239b  MemManage_Handler                          
0000239b  NMI_Handler                                
0000239b  PCM_IRQHandler                             
0000239b  PORT1_IRQHandler                           
0000239b  PORT2_IRQHandler                           
0000239b  PORT3_IRQHandler                           
0000239b  PORT4_IRQHandler                           
0000239b  PORT5_IRQHandler                           
0000239b  PORT6_IRQHandler                           
0000239b  PSS_IRQHandler                             
0000239b  PendSV_Handler                             
0000239b  RTC_C_IRQHandler                           
0000239b  SVC_Handler                                
0000239b  SysTick_Handler                            
0000239b  T32_INT1_IRQHandler                        
0000239b  T32_INT2_IRQHandler                        
0000239b  T32_INTC_IRQHandler                        
0000239b  TA0_N_IRQHandler                           
0000239b  TA1_N_IRQHandler                           
0000239b  TA2_0_IRQHandler                           
0000239b  TA2_N_IRQHandler                           
0000239b  TA3_0_IRQHandler                           
0000239b  TA3_N_IRQHandler                           
0000239b  UsageFault_Handler                         
0000239b  WDT_A_IRQHandler                           
0000239d  MMC_disk_initialize                        
00002c49  __aeabi_ddiv                               
00002d7f  __aeabi_idiv0                              
00002d7f  __aeabi_ldiv0                              
00002d81  Crystalfontz128x128_SetDrawFrame           
00002eb5  Crystalfontz128x128_Init                   
00003105  UART_initModule                            
00003339  ldexp                                      
00003339  ldexpl                                     
00003339  scalbn                                     
00003339  scalbnl                                    
00003655  __aeabi_dmul                               
00003839  TIMERA_Init                                
00003a99  MMC_disk_write                             
00003b55  MSPrintf                                   
00003c11  UART_Init                                  
00003d81  HW_init                                    
00003f9b  SPI_initMaster                             
0000404b  f_opendir                                  
00004229  Graphics_drawLineH                         
000042c5  __aeabi_memcpy                             
000042c5  __aeabi_memcpy4                            
000042c5  __aeabi_memcpy8                            
000042c5  memcpy                                     
00004361  __aeabi_uldivmod                           
000043f9  MMC_disk_read                              
00004519  PrintInteger                               
000046b9  EUSCIA0_IRQHandler                         
000046b9  EUSCIA0_IRQHandler                         
00004741  GPIO_setAsPeripheralModuleFunctionOutputPin
000047c9  __aeabi_cdcmpeq                            
000047c9  __aeabi_cdcmple                            
0000484f  __aeabi_cdrcmple                           
00004a51  __aeabi_memclr                             
00004a51  __aeabi_memclr4                            
00004a51  __aeabi_memclr8                            
00004a53  __aeabi_memset                             
00004a53  __aeabi_memset4                            
00004a53  __aeabi_memset8                            
00004a59  memset                                     
00004b45  EUSCIA2_IRQHandler                         
00004b45  EUSCIA2_IRQHandler                         
00004bbd  SystemInit                                 
00004c35  f_readdir                                  
00004cad  f_mount                                    
00004df5  __TI_decompress_lzss                       
00004e5d  UART_getEnabledInterruptStatus             
00004ec1  frexp                                      
00004ec1  frexpl                                     
00005049  PCM_getCoreVoltageLevel                    
00005105  PCM_getPowerMode                           
00005161  SPI_Init                                   
00005315  Crystalfontz128x128_SetOrientation         
00005369  GRAPHICS_Init                              
000053bd  __TI_ltoa                                  
00005411  Graphics_initContext                       
00005555  atoi                                       
000055a1  disk_timerproc                             
000055ed  FlashCtl_setWaitState                      
00005635  __aeabi_d2iz                               
0000567d  __TI_auto_init_nobinit_nopinit             
000056c1  disk_read                                  
00005705  disk_write                                 
00005789  GPIO_setAsOutputPin                        
00005809  HAL_LCD_SpiInit                            
00005849  SPI_Read                                   
00005889  SPI_Write                                  
000058c9  UART_Write                                 
00005949  sprintf                                    
00005a41  HAL_LCD_writeCommand                       
00005a79  Graphics_drawHorizontalLineOnDisplay       
00005ae5  CS_setDCOCenteredFrequency                 
00005b19  _c_int00_noargs                            
00005b4d  disk_initialize                            
00005b7f  disk_status                                
00005be3  HAL_LCD_PortInit                           
00005ca5  __aeabi_i2d                                
00005d01  Graphics_drawPixelOnDisplay                
00005d2d  HAL_LCD_writeData                          
00005d59  TA1_0_IRQHandler                           
00005d59  TA1_0_IRQHandler                           
00005e05  GPIO_setOutputHighOnPin                    
00005e2d  GPIO_setOutputLowOnPin                     
00005ef1  WDT_A_holdTimer                            
00005f39  PrintString                                
00005f5d  GPIO_Init                                  
00005f7d  SPI_enableModule                           
00005f99  memccpy                                    
00005fb5  Graphics_clearDisplayOnDisplay             
00005fcf  Graphics_setBackgroundColor                
00005fe9  Graphics_setFont                           
00006003  copysign                                   
00006003  copysignl                                  
0000601d  UART_getInterruptStatus                    
0000604d  EUSCI_A_SPI_enable                         
00006063  EUSCI_B_SPI_enable                         
00006079  Graphics_setForegroundColor                
0000608f  Graphics_translateColorOnDisplay           
000060a5  strchr                                     
000060bd  PCM_getPowerState                          
000060d1  PrintChar                                  
000060e5  TA0_0_IRQHandler                           
000060e5  TA0_0_IRQHandler                           
0000610d  strlen                                     
00006121  Graphics_clearDisplay                      
00006133  wcslen                                     
00006145  Interrupt_enableMaster                     
00006155  PCM_setCoreVoltageLevel                    
00006165  PCM_setPowerMode                           
00006175  __TI_decompress_none                       
00006191  CPU_cpsie                                  
0000619d  MMC_disk_status                            
000061a9  Reset_Handler                              
000061b5  __TI_zero_init                             
000061e1  __aeabi_errno_addr                         
000061e9  _system_pre_init                           
000061ed  C$$EXIT                                    
000061ed  abort                                      
000061f1  get_fattime                                
000064ec  _ctypes_                                   
000065f0  g_sFontFixed6x8                            
000066e8  g_sCrystalfontz128x128_funcs               
00006778  __TI_Handler_Table_Base                    
00006784  __TI_Handler_Table_Limit                   
00006790  __TI_CINIT_Base                            
000067a0  __TI_CINIT_Limit                           
20000000  FS                                         
20000000  __start___llvm_prf_cnts                    
20000000  __stop___llvm_prf_cnts                     
20000230  File                                       
20000458  buff                                       
20000558  UARTA0Data                                 
200005d8  UARTA2Data                                 
20000658  DI                                         
20000684  FI                                         
200006b0  g_sContext                                 
200006d5  Lcd_FlagRead                               
200006dc  UARTA0ReadIndex                            
200006e0  UARTA0WriteIndex                           
200006e4  UARTA2ReadIndex                            
200006e8  UARTA2WriteIndex                           
200006ec  Lcd_ScreenHeigth                           
200006ee  Lcd_ScreenWidth                            
200006f0  Lcd_TouchTrim                              
200006f2  Lcd_FontSolid                              
200006f3  Lcd_Orientation                            
200006f4  Lcd_PenSolid                               
200006f8  UART0Config                                
2000071c  SPI0MasterConfig                           
20000738  upConfig                                   
20000750  g_sCrystalfontz128x128                     
20000760  TIMER_A0_CB                                
20000764  TIMER_A1_CB                                
20000768  errno                                      
2000fe00  __stack                                    
20010000  __STACK_END                                
4000480c  WDTCTL_SYM                                 
ffffffff  __TI_pprof_out_hndl                        
ffffffff  __TI_prof_data_size                        
ffffffff  __TI_prof_data_start                       
ffffffff  __binit__                                  
ffffffff  __c_args__                                 
ffffffff  binit                                      
UNDEFED   __mpu_init                                 
UNDEFED   _system_post_cinit                         

[222 symbols]
