<?xml version="1.0" encoding="ISO-8859-1" ?>
<link_info>
   <banner>TI ARM Linker PC v20.2.5.LTS</banner>
   <copyright>Copyright (c) 1996-2018 Texas Instruments Incorporated</copyright>
   <link_time>0x61b8aa73</link_time>
   <link_errors>0x0</link_errors>
   <output_file>MSP2IEC.out</output_file>
   <entry_point>
      <name>_c_int00_noargs</name>
      <address>0x5b19</address>
   </entry_point>
   <input_file_list>
      <input_file id="fl-2">
         <path>.\</path>
         <kind>object</kind>
         <file>main.obj</file>
         <name>main.obj</name>
      </input_file>
      <input_file id="fl-3">
         <path>.\</path>
         <kind>object</kind>
         <file>system_msp432p401r.obj</file>
         <name>system_msp432p401r.obj</name>
      </input_file>
      <input_file id="fl-4">
         <path>.\Devices\</path>
         <kind>object</kind>
         <file>MSPIO.obj</file>
         <name>MSPIO.obj</name>
      </input_file>
      <input_file id="fl-5">
         <path>.\Hardware\</path>
         <kind>object</kind>
         <file>GPIO_Driver.obj</file>
         <name>GPIO_Driver.obj</name>
      </input_file>
      <input_file id="fl-6">
         <path>.\Hardware\</path>
         <kind>object</kind>
         <file>SPI_Driver.obj</file>
         <name>SPI_Driver.obj</name>
      </input_file>
      <input_file id="fl-7">
         <path>.\Hardware\</path>
         <kind>object</kind>
         <file>TIMERA_Driver.obj</file>
         <name>TIMERA_Driver.obj</name>
      </input_file>
      <input_file id="fl-8">
         <path>.\Hardware\</path>
         <kind>object</kind>
         <file>UART_Driver.obj</file>
         <name>UART_Driver.obj</name>
      </input_file>
      <input_file id="fl-9">
         <path>.\Hardware\LcdDriver\</path>
         <kind>object</kind>
         <file>Crystalfontz128x128_ST7735.obj</file>
         <name>Crystalfontz128x128_ST7735.obj</name>
      </input_file>
      <input_file id="fl-a">
         <path>.\Hardware\LcdDriver\</path>
         <kind>object</kind>
         <file>HAL_MSP_EXP432P401R_Crystalfontz128x128_ST7735.obj</file>
         <name>HAL_MSP_EXP432P401R_Crystalfontz128x128_ST7735.obj</name>
      </input_file>
      <input_file id="fl-b">
         <path>.\ccs\</path>
         <kind>object</kind>
         <file>startup_msp432p401r_ccs.obj</file>
         <name>startup_msp432p401r_ccs.obj</name>
      </input_file>
      <input_file id="fl-c">
         <path>.\fatfs\</path>
         <kind>object</kind>
         <file>diskio.obj</file>
         <name>diskio.obj</name>
      </input_file>
      <input_file id="fl-d">
         <path>.\fatfs\</path>
         <kind>object</kind>
         <file>ff.obj</file>
         <name>ff.obj</name>
      </input_file>
      <input_file id="fl-e">
         <path>.\fatfs\</path>
         <kind>object</kind>
         <file>ffsystem.obj</file>
         <name>ffsystem.obj</name>
      </input_file>
      <input_file id="fl-f">
         <path>.\fatfs\</path>
         <kind>object</kind>
         <file>ffunicode.obj</file>
         <name>ffunicode.obj</name>
      </input_file>
      <input_file id="fl-10">
         <path>.\fatfs\</path>
         <kind>object</kind>
         <file>mmc_MSP432P401r.obj</file>
         <name>mmc_MSP432P401r.obj</name>
      </input_file>
      <input_file id="fl-1b">
         <kind>object</kind>
         <file>&lt;internal&gt;</file>
         <name>&lt;internal&gt;</name>
      </input_file>
      <input_file id="fl-1c">
         <path>C:\ti\simplelink_msp432p4_sdk_3_40_01_02\source\ti\grlib\lib\ccs\m4f\</path>
         <kind>archive</kind>
         <file>grlib.a</file>
         <name>context.obj</name>
      </input_file>
      <input_file id="fl-1d">
         <path>C:\ti\simplelink_msp432p4_sdk_3_40_01_02\source\ti\grlib\lib\ccs\m4f\</path>
         <kind>archive</kind>
         <file>grlib.a</file>
         <name>display.obj</name>
      </input_file>
      <input_file id="fl-1e">
         <path>C:\ti\simplelink_msp432p4_sdk_3_40_01_02\source\ti\grlib\lib\ccs\m4f\</path>
         <kind>archive</kind>
         <file>grlib.a</file>
         <name>fontfixed6x8.obj</name>
      </input_file>
      <input_file id="fl-1f">
         <path>C:\ti\simplelink_msp432p4_sdk_3_40_01_02\source\ti\grlib\lib\ccs\m4f\</path>
         <kind>archive</kind>
         <file>grlib.a</file>
         <name>string.obj</name>
      </input_file>
      <input_file id="fl-20">
         <path>C:\ti\simplelink_msp432p4_sdk_3_40_01_02\source\ti\grlib\lib\ccs\m4f\</path>
         <kind>archive</kind>
         <file>grlib.a</file>
         <name>line.obj</name>
      </input_file>
      <input_file id="fl-21">
         <path>C:\ti\simplelink_msp432p4_sdk_3_40_01_02\source\ti\devices\msp432p4xx\driverlib\ccs\</path>
         <kind>archive</kind>
         <file>msp432p4xx_driverlib.lib</file>
         <name>cs.o</name>
      </input_file>
      <input_file id="fl-22">
         <path>C:\ti\simplelink_msp432p4_sdk_3_40_01_02\source\ti\devices\msp432p4xx\driverlib\ccs\</path>
         <kind>archive</kind>
         <file>msp432p4xx_driverlib.lib</file>
         <name>flash.o</name>
      </input_file>
      <input_file id="fl-23">
         <path>C:\ti\simplelink_msp432p4_sdk_3_40_01_02\source\ti\devices\msp432p4xx\driverlib\ccs\</path>
         <kind>archive</kind>
         <file>msp432p4xx_driverlib.lib</file>
         <name>gpio.o</name>
      </input_file>
      <input_file id="fl-24">
         <path>C:\ti\simplelink_msp432p4_sdk_3_40_01_02\source\ti\devices\msp432p4xx\driverlib\ccs\</path>
         <kind>archive</kind>
         <file>msp432p4xx_driverlib.lib</file>
         <name>interrupt.o</name>
      </input_file>
      <input_file id="fl-25">
         <path>C:\ti\simplelink_msp432p4_sdk_3_40_01_02\source\ti\devices\msp432p4xx\driverlib\ccs\</path>
         <kind>archive</kind>
         <file>msp432p4xx_driverlib.lib</file>
         <name>pcm.o</name>
      </input_file>
      <input_file id="fl-26">
         <path>C:\ti\simplelink_msp432p4_sdk_3_40_01_02\source\ti\devices\msp432p4xx\driverlib\ccs\</path>
         <kind>archive</kind>
         <file>msp432p4xx_driverlib.lib</file>
         <name>rtc_c.o</name>
      </input_file>
      <input_file id="fl-27">
         <path>C:\ti\simplelink_msp432p4_sdk_3_40_01_02\source\ti\devices\msp432p4xx\driverlib\ccs\</path>
         <kind>archive</kind>
         <file>msp432p4xx_driverlib.lib</file>
         <name>spi.o</name>
      </input_file>
      <input_file id="fl-28">
         <path>C:\ti\simplelink_msp432p4_sdk_3_40_01_02\source\ti\devices\msp432p4xx\driverlib\ccs\</path>
         <kind>archive</kind>
         <file>msp432p4xx_driverlib.lib</file>
         <name>sysctl.o</name>
      </input_file>
      <input_file id="fl-29">
         <path>C:\ti\simplelink_msp432p4_sdk_3_40_01_02\source\ti\devices\msp432p4xx\driverlib\ccs\</path>
         <kind>archive</kind>
         <file>msp432p4xx_driverlib.lib</file>
         <name>sysctl_a.o</name>
      </input_file>
      <input_file id="fl-2a">
         <path>C:\ti\simplelink_msp432p4_sdk_3_40_01_02\source\ti\devices\msp432p4xx\driverlib\ccs\</path>
         <kind>archive</kind>
         <file>msp432p4xx_driverlib.lib</file>
         <name>uart.o</name>
      </input_file>
      <input_file id="fl-2b">
         <path>C:\ti\simplelink_msp432p4_sdk_3_40_01_02\source\ti\devices\msp432p4xx\driverlib\ccs\</path>
         <kind>archive</kind>
         <file>msp432p4xx_driverlib.lib</file>
         <name>wdt_a.o</name>
      </input_file>
      <input_file id="fl-2c">
         <path>C:\ti\simplelink_msp432p4_sdk_3_40_01_02\source\ti\devices\msp432p4xx\driverlib\ccs\</path>
         <kind>archive</kind>
         <file>msp432p4xx_driverlib.lib</file>
         <name>cpu.o</name>
      </input_file>
      <input_file id="fl-e2">
         <path>C:\ti\ccs1040\ccs\tools\compiler\ti-cgt-arm_20.2.5.LTS\lib\</path>
         <kind>archive</kind>
         <file>rtsv7M4_T_le_v4SPD16_eabi.lib</file>
         <name>sprintf.c.obj</name>
      </input_file>
      <input_file id="fl-e3">
         <path>C:\ti\ccs1040\ccs\tools\compiler\ti-cgt-arm_20.2.5.LTS\lib\</path>
         <kind>archive</kind>
         <file>rtsv7M4_T_le_v4SPD16_eabi.lib</file>
         <name>memcpy_t2.asm.obj</name>
      </input_file>
      <input_file id="fl-e4">
         <path>C:\ti\ccs1040\ccs\tools\compiler\ti-cgt-arm_20.2.5.LTS\lib\</path>
         <kind>archive</kind>
         <file>rtsv7M4_T_le_v4SPD16_eabi.lib</file>
         <name>copy_zero_init.c.obj</name>
      </input_file>
      <input_file id="fl-e5">
         <path>C:\ti\ccs1040\ccs\tools\compiler\ti-cgt-arm_20.2.5.LTS\lib\</path>
         <kind>archive</kind>
         <file>rtsv7M4_T_le_v4SPD16_eabi.lib</file>
         <name>copy_decompress_none.c.obj</name>
      </input_file>
      <input_file id="fl-e6">
         <path>C:\ti\ccs1040\ccs\tools\compiler\ti-cgt-arm_20.2.5.LTS\lib\</path>
         <kind>archive</kind>
         <file>rtsv7M4_T_le_v4SPD16_eabi.lib</file>
         <name>copy_decompress_lzss.c.obj</name>
      </input_file>
      <input_file id="fl-e7">
         <path>C:\ti\ccs1040\ccs\tools\compiler\ti-cgt-arm_20.2.5.LTS\lib\</path>
         <kind>archive</kind>
         <file>rtsv7M4_T_le_v4SPD16_eabi.lib</file>
         <name>boot_cortex_m.c.obj</name>
      </input_file>
      <input_file id="fl-e8">
         <path>C:\ti\ccs1040\ccs\tools\compiler\ti-cgt-arm_20.2.5.LTS\lib\</path>
         <kind>archive</kind>
         <file>rtsv7M4_T_le_v4SPD16_eabi.lib</file>
         <name>_printfi.c.obj</name>
      </input_file>
      <input_file id="fl-e9">
         <path>C:\ti\ccs1040\ccs\tools\compiler\ti-cgt-arm_20.2.5.LTS\lib\</path>
         <kind>archive</kind>
         <file>rtsv7M4_T_le_v4SPD16_eabi.lib</file>
         <name>s_frexp.c.obj</name>
      </input_file>
      <input_file id="fl-ea">
         <path>C:\ti\ccs1040\ccs\tools\compiler\ti-cgt-arm_20.2.5.LTS\lib\</path>
         <kind>archive</kind>
         <file>rtsv7M4_T_le_v4SPD16_eabi.lib</file>
         <name>s_scalbn.c.obj</name>
      </input_file>
      <input_file id="fl-eb">
         <path>C:\ti\ccs1040\ccs\tools\compiler\ti-cgt-arm_20.2.5.LTS\lib\</path>
         <kind>archive</kind>
         <file>rtsv7M4_T_le_v4SPD16_eabi.lib</file>
         <name>wcslen.c.obj</name>
      </input_file>
      <input_file id="fl-ec">
         <path>C:\ti\ccs1040\ccs\tools\compiler\ti-cgt-arm_20.2.5.LTS\lib\</path>
         <kind>archive</kind>
         <file>rtsv7M4_T_le_v4SPD16_eabi.lib</file>
         <name>fd_add_t2.asm.obj</name>
      </input_file>
      <input_file id="fl-ed">
         <path>C:\ti\ccs1040\ccs\tools\compiler\ti-cgt-arm_20.2.5.LTS\lib\</path>
         <kind>archive</kind>
         <file>rtsv7M4_T_le_v4SPD16_eabi.lib</file>
         <name>fd_cmp_t2.asm.obj</name>
      </input_file>
      <input_file id="fl-ee">
         <path>C:\ti\ccs1040\ccs\tools\compiler\ti-cgt-arm_20.2.5.LTS\lib\</path>
         <kind>archive</kind>
         <file>rtsv7M4_T_le_v4SPD16_eabi.lib</file>
         <name>fd_div_t2.asm.obj</name>
      </input_file>
      <input_file id="fl-ef">
         <path>C:\ti\ccs1040\ccs\tools\compiler\ti-cgt-arm_20.2.5.LTS\lib\</path>
         <kind>archive</kind>
         <file>rtsv7M4_T_le_v4SPD16_eabi.lib</file>
         <name>fd_mul_t2.asm.obj</name>
      </input_file>
      <input_file id="fl-f0">
         <path>C:\ti\ccs1040\ccs\tools\compiler\ti-cgt-arm_20.2.5.LTS\lib\</path>
         <kind>archive</kind>
         <file>rtsv7M4_T_le_v4SPD16_eabi.lib</file>
         <name>fd_toi_t2.asm.obj</name>
      </input_file>
      <input_file id="fl-f1">
         <path>C:\ti\ccs1040\ccs\tools\compiler\ti-cgt-arm_20.2.5.LTS\lib\</path>
         <kind>archive</kind>
         <file>rtsv7M4_T_le_v4SPD16_eabi.lib</file>
         <name>i_tofd_t2.asm.obj</name>
      </input_file>
      <input_file id="fl-f2">
         <path>C:\ti\ccs1040\ccs\tools\compiler\ti-cgt-arm_20.2.5.LTS\lib\</path>
         <kind>archive</kind>
         <file>rtsv7M4_T_le_v4SPD16_eabi.lib</file>
         <name>ull_div_t2.asm.obj</name>
      </input_file>
      <input_file id="fl-f3">
         <path>C:\ti\ccs1040\ccs\tools\compiler\ti-cgt-arm_20.2.5.LTS\lib\</path>
         <kind>archive</kind>
         <file>rtsv7M4_T_le_v4SPD16_eabi.lib</file>
         <name>memset_t2.asm.obj</name>
      </input_file>
      <input_file id="fl-f4">
         <path>C:\ti\ccs1040\ccs\tools\compiler\ti-cgt-arm_20.2.5.LTS\lib\</path>
         <kind>archive</kind>
         <file>rtsv7M4_T_le_v4SPD16_eabi.lib</file>
         <name>autoinit.c.obj</name>
      </input_file>
      <input_file id="fl-f5">
         <path>C:\ti\ccs1040\ccs\tools\compiler\ti-cgt-arm_20.2.5.LTS\lib\</path>
         <kind>archive</kind>
         <file>rtsv7M4_T_le_v4SPD16_eabi.lib</file>
         <name>pre_init.c.obj</name>
      </input_file>
      <input_file id="fl-f6">
         <path>C:\ti\ccs1040\ccs\tools\compiler\ti-cgt-arm_20.2.5.LTS\lib\</path>
         <kind>archive</kind>
         <file>rtsv7M4_T_le_v4SPD16_eabi.lib</file>
         <name>cpy_tbl.c.obj</name>
      </input_file>
      <input_file id="fl-f7">
         <path>C:\ti\ccs1040\ccs\tools\compiler\ti-cgt-arm_20.2.5.LTS\lib\</path>
         <kind>archive</kind>
         <file>rtsv7M4_T_le_v4SPD16_eabi.lib</file>
         <name>exit.c.obj</name>
      </input_file>
      <input_file id="fl-f8">
         <path>C:\ti\ccs1040\ccs\tools\compiler\ti-cgt-arm_20.2.5.LTS\lib\</path>
         <kind>archive</kind>
         <file>rtsv7M4_T_le_v4SPD16_eabi.lib</file>
         <name>_lock.c.obj</name>
      </input_file>
      <input_file id="fl-f9">
         <path>C:\ti\ccs1040\ccs\tools\compiler\ti-cgt-arm_20.2.5.LTS\lib\</path>
         <kind>archive</kind>
         <file>rtsv7M4_T_le_v4SPD16_eabi.lib</file>
         <name>_ltoa.c.obj</name>
      </input_file>
      <input_file id="fl-fa">
         <path>C:\ti\ccs1040\ccs\tools\compiler\ti-cgt-arm_20.2.5.LTS\lib\</path>
         <kind>archive</kind>
         <file>rtsv7M4_T_le_v4SPD16_eabi.lib</file>
         <name>args_main.c.obj</name>
      </input_file>
      <input_file id="fl-fb">
         <path>C:\ti\ccs1040\ccs\tools\compiler\ti-cgt-arm_20.2.5.LTS\lib\</path>
         <kind>archive</kind>
         <file>rtsv7M4_T_le_v4SPD16_eabi.lib</file>
         <name>atoi.c.obj</name>
      </input_file>
      <input_file id="fl-fc">
         <path>C:\ti\ccs1040\ccs\tools\compiler\ti-cgt-arm_20.2.5.LTS\lib\</path>
         <kind>archive</kind>
         <file>rtsv7M4_T_le_v4SPD16_eabi.lib</file>
         <name>ctype.c.obj</name>
      </input_file>
      <input_file id="fl-fd">
         <path>C:\ti\ccs1040\ccs\tools\compiler\ti-cgt-arm_20.2.5.LTS\lib\</path>
         <kind>archive</kind>
         <file>rtsv7M4_T_le_v4SPD16_eabi.lib</file>
         <name>memccpy.c.obj</name>
      </input_file>
      <input_file id="fl-fe">
         <path>C:\ti\ccs1040\ccs\tools\compiler\ti-cgt-arm_20.2.5.LTS\lib\</path>
         <kind>archive</kind>
         <file>rtsv7M4_T_le_v4SPD16_eabi.lib</file>
         <name>strchr.c.obj</name>
      </input_file>
      <input_file id="fl-ff">
         <path>C:\ti\ccs1040\ccs\tools\compiler\ti-cgt-arm_20.2.5.LTS\lib\</path>
         <kind>archive</kind>
         <file>rtsv7M4_T_le_v4SPD16_eabi.lib</file>
         <name>strlen.c.obj</name>
      </input_file>
      <input_file id="fl-100">
         <path>C:\ti\ccs1040\ccs\tools\compiler\ti-cgt-arm_20.2.5.LTS\lib\</path>
         <kind>archive</kind>
         <file>rtsv7M4_T_le_v4SPD16_eabi.lib</file>
         <name>errno.c.obj</name>
      </input_file>
      <input_file id="fl-101">
         <path>C:\ti\ccs1040\ccs\tools\compiler\ti-cgt-arm_20.2.5.LTS\lib\</path>
         <kind>archive</kind>
         <file>rtsv7M4_T_le_v4SPD16_eabi.lib</file>
         <name>s_copysign.c.obj</name>
      </input_file>
      <input_file id="fl-102">
         <path>C:\ti\ccs1040\ccs\tools\compiler\ti-cgt-arm_20.2.5.LTS\lib\</path>
         <kind>archive</kind>
         <file>rtsv7M4_T_le_v4SPD16_eabi.lib</file>
         <name>div0.asm.obj</name>
      </input_file>
   </input_file_list>
   <object_component_list>
      <object_component id="oc-26">
         <name>.intvecs:retain</name>
         <load_address>0x0</load_address>
         <run_address>0x0</run_address>
         <size>0xe4</size>
         <input_file_ref idref="fl-b"/>
      </object_component>
      <object_component id="oc-280">
         <name>.text:__TI_printfi</name>
         <load_address>0xe4</load_address>
         <run_address>0xe4</run_address>
         <size>0xa4e</size>
         <input_file_ref idref="fl-e8"/>
      </object_component>
      <object_component id="oc-10e">
         <name>.text:Graphics_drawString</name>
         <load_address>0xb32</load_address>
         <run_address>0xb32</run_address>
         <size>0x47e</size>
         <input_file_ref idref="fl-1f"/>
      </object_component>
      <object_component id="oc-20c">
         <name>.text:find_volume</name>
         <load_address>0xfb0</load_address>
         <run_address>0xfb0</run_address>
         <size>0x400</size>
         <input_file_ref idref="fl-d"/>
      </object_component>
      <object_component id="oc-b1">
         <name>.text:main</name>
         <load_address>0x13b0</load_address>
         <run_address>0x13b0</run_address>
         <size>0x358</size>
         <input_file_ref idref="fl-2"/>
      </object_component>
      <object_component id="oc-12c">
         <name>.text:f_open</name>
         <load_address>0x1708</load_address>
         <run_address>0x1708</run_address>
         <size>0x2a4</size>
         <input_file_ref idref="fl-d"/>
      </object_component>
      <object_component id="oc-3fd">
         <name>.text:_pconv_a</name>
         <load_address>0x19ac</load_address>
         <run_address>0x19ac</run_address>
         <size>0x270</size>
         <input_file_ref idref="fl-e8"/>
      </object_component>
      <object_component id="oc-132">
         <name>.text:f_read</name>
         <load_address>0x1c1c</load_address>
         <run_address>0x1c1c</run_address>
         <size>0x220</size>
         <input_file_ref idref="fl-d"/>
      </object_component>
      <object_component id="oc-4e9">
         <name>.text:Crystalfontz128x128_PixelDrawMultiple</name>
         <load_address>0x1e3c</load_address>
         <run_address>0x1e3c</run_address>
         <size>0x1d8</size>
         <input_file_ref idref="fl-9"/>
      </object_component>
      <object_component id="oc-3eb">
         <name>.text:_pconv_g</name>
         <load_address>0x2014</load_address>
         <run_address>0x2014</run_address>
         <size>0x1d0</size>
         <input_file_ref idref="fl-e8"/>
      </object_component>
      <object_component id="oc-580">
         <name>.text</name>
         <load_address>0x21e4</load_address>
         <run_address>0x21e4</run_address>
         <size>0x1b6</size>
         <input_file_ref idref="fl-ec"/>
      </object_component>
      <object_component id="oc-6d">
         <name>.text:Default_Handler</name>
         <load_address>0x239a</load_address>
         <run_address>0x239a</run_address>
         <size>0x2</size>
         <input_file_ref idref="fl-b"/>
      </object_component>
      <object_component id="oc-525">
         <name>.text:MMC_disk_initialize</name>
         <load_address>0x239c</load_address>
         <run_address>0x239c</run_address>
         <size>0x194</size>
         <input_file_ref idref="fl-10"/>
      </object_component>
      <object_component id="oc-3c7">
         <name>.text:create_chain</name>
         <load_address>0x2530</load_address>
         <run_address>0x2530</run_address>
         <size>0x18c</size>
         <input_file_ref idref="fl-d"/>
      </object_component>
      <object_component id="oc-435">
         <name>.text:put_fat</name>
         <load_address>0x26bc</load_address>
         <run_address>0x26bc</run_address>
         <size>0x188</size>
         <input_file_ref idref="fl-d"/>
      </object_component>
      <object_component id="oc-3b5">
         <name>.text:create_name</name>
         <load_address>0x2844</load_address>
         <run_address>0x2844</run_address>
         <size>0x16b</size>
         <input_file_ref idref="fl-d"/>
      </object_component>
      <object_component id="oc-60d">
         <name>.text:__PCM_setPowerModeAdvanced</name>
         <load_address>0x29b0</load_address>
         <run_address>0x29b0</run_address>
         <size>0x15c</size>
         <input_file_ref idref="fl-25"/>
      </object_component>
      <object_component id="oc-3f7">
         <name>.text:_pconv_e</name>
         <load_address>0x2b0c</load_address>
         <run_address>0x2b0c</run_address>
         <size>0x13c</size>
         <input_file_ref idref="fl-e8"/>
      </object_component>
      <object_component id="oc-566">
         <name>.text</name>
         <load_address>0x2c48</load_address>
         <run_address>0x2c48</run_address>
         <size>0x136</size>
         <input_file_ref idref="fl-ee"/>
      </object_component>
      <object_component id="oc-68e">
         <name>.text</name>
         <load_address>0x2d7e</load_address>
         <run_address>0x2d7e</run_address>
         <size>0x2</size>
         <input_file_ref idref="fl-102"/>
      </object_component>
      <object_component id="oc-4bf">
         <name>.text:Crystalfontz128x128_SetDrawFrame</name>
         <load_address>0x2d80</load_address>
         <run_address>0x2d80</run_address>
         <size>0x134</size>
         <input_file_ref idref="fl-9"/>
      </object_component>
      <object_component id="oc-337">
         <name>.text:Crystalfontz128x128_Init</name>
         <load_address>0x2eb4</load_address>
         <run_address>0x2eb4</run_address>
         <size>0x12c</size>
         <input_file_ref idref="fl-9"/>
      </object_component>
      <object_component id="oc-592">
         <name>.text:fcvt</name>
         <load_address>0x2fe0</load_address>
         <run_address>0x2fe0</run_address>
         <size>0x124</size>
         <input_file_ref idref="fl-e8"/>
      </object_component>
      <object_component id="oc-32e">
         <name>.text:UART_initModule</name>
         <load_address>0x3104</load_address>
         <run_address>0x3104</run_address>
         <size>0x11c</size>
         <input_file_ref idref="fl-2a"/>
      </object_component>
      <object_component id="oc-2c4">
         <name>.text:get_fat</name>
         <load_address>0x3220</load_address>
         <run_address>0x3220</run_address>
         <size>0x118</size>
         <input_file_ref idref="fl-d"/>
      </object_component>
      <object_component id="oc-5a6">
         <name>.text:scalbn</name>
         <load_address>0x3338</load_address>
         <run_address>0x3338</run_address>
         <size>0x110</size>
         <input_file_ref idref="fl-ea"/>
      </object_component>
      <object_component id="oc-31f">
         <name>.text:__PCM_setCoreVoltageLevelAdvanced</name>
         <load_address>0x3448</load_address>
         <run_address>0x3448</run_address>
         <size>0x108</size>
         <input_file_ref idref="fl-25"/>
      </object_component>
      <object_component id="oc-279">
         <name>.text:dir_next</name>
         <load_address>0x3550</load_address>
         <run_address>0x3550</run_address>
         <size>0x104</size>
         <input_file_ref idref="fl-d"/>
      </object_component>
      <object_component id="oc-561">
         <name>.text</name>
         <load_address>0x3654</load_address>
         <run_address>0x3654</run_address>
         <size>0xfc</size>
         <input_file_ref idref="fl-ef"/>
      </object_component>
      <object_component id="oc-260">
         <name>.text:dir_sdi</name>
         <load_address>0x3750</load_address>
         <run_address>0x3750</run_address>
         <size>0xe8</size>
         <input_file_ref idref="fl-d"/>
      </object_component>
      <object_component id="oc-1e3">
         <name>.text:TIMERA_Init</name>
         <load_address>0x3838</load_address>
         <run_address>0x3838</run_address>
         <size>0xd0</size>
         <input_file_ref idref="fl-7"/>
      </object_component>
      <object_component id="oc-254">
         <name>.text:follow_path</name>
         <load_address>0x3908</load_address>
         <run_address>0x3908</run_address>
         <size>0xce</size>
         <input_file_ref idref="fl-d"/>
      </object_component>
      <object_component id="oc-2ac">
         <name>.text:remove_chain</name>
         <load_address>0x39d6</load_address>
         <run_address>0x39d6</run_address>
         <size>0xc0</size>
         <input_file_ref idref="fl-d"/>
      </object_component>
      <object_component id="oc-673">
         <name>.text:set_max_speed</name>
         <load_address>0x3a96</load_address>
         <run_address>0x3a96</run_address>
         <size>0x2</size>
         <input_file_ref idref="fl-10"/>
      </object_component>
      <object_component id="oc-450">
         <name>.text:MMC_disk_write</name>
         <load_address>0x3a98</load_address>
         <run_address>0x3a98</run_address>
         <size>0xbc</size>
         <input_file_ref idref="fl-10"/>
      </object_component>
      <object_component id="oc-114">
         <name>.text:MSPrintf</name>
         <load_address>0x3b54</load_address>
         <run_address>0x3b54</run_address>
         <size>0xba</size>
         <input_file_ref idref="fl-4"/>
      </object_component>
      <object_component id="oc-1d7">
         <name>.text:UART_Init</name>
         <load_address>0x3c10</load_address>
         <run_address>0x3c10</run_address>
         <size>0xb8</size>
         <input_file_ref idref="fl-8"/>
      </object_component>
      <object_component id="oc-273">
         <name>.text:get_fileinfo</name>
         <load_address>0x3cc8</load_address>
         <run_address>0x3cc8</run_address>
         <size>0xb6</size>
         <input_file_ref idref="fl-d"/>
      </object_component>
      <object_component id="oc-fc">
         <name>.text:HW_init</name>
         <load_address>0x3d80</load_address>
         <run_address>0x3d80</run_address>
         <size>0xb4</size>
         <input_file_ref idref="fl-2"/>
      </object_component>
      <object_component id="oc-26d">
         <name>.text:dir_read</name>
         <load_address>0x3e34</load_address>
         <run_address>0x3e34</run_address>
         <size>0xb4</size>
         <input_file_ref idref="fl-d"/>
      </object_component>
      <object_component id="oc-3e0">
         <name>.text:_ltostr</name>
         <load_address>0x3ee8</load_address>
         <run_address>0x3ee8</run_address>
         <size>0xb1</size>
         <input_file_ref idref="fl-e8"/>
      </object_component>
      <object_component id="oc-327">
         <name>.text:SPI_initMaster</name>
         <load_address>0x3f9a</load_address>
         <run_address>0x3f9a</run_address>
         <size>0xb0</size>
         <input_file_ref idref="fl-27"/>
      </object_component>
      <object_component id="oc-11a">
         <name>.text:f_opendir</name>
         <load_address>0x404a</load_address>
         <run_address>0x404a</run_address>
         <size>0xa4</size>
         <input_file_ref idref="fl-d"/>
      </object_component>
      <object_component id="oc-5d6">
         <name>.text:send_cmd</name>
         <load_address>0x40ee</load_address>
         <run_address>0x40ee</run_address>
         <size>0x9e</size>
         <input_file_ref idref="fl-10"/>
      </object_component>
      <object_component id="oc-4fb">
         <name>.text:Crystalfontz128x128_RectFill</name>
         <load_address>0x418c</load_address>
         <run_address>0x418c</run_address>
         <size>0x9c</size>
         <input_file_ref idref="fl-9"/>
      </object_component>
      <object_component id="oc-222">
         <name>.text:Graphics_drawLineH</name>
         <load_address>0x4228</load_address>
         <run_address>0x4228</run_address>
         <size>0x9c</size>
         <input_file_ref idref="fl-20"/>
      </object_component>
      <object_component id="oc-37">
         <name>.text</name>
         <load_address>0x42c4</load_address>
         <run_address>0x42c4</run_address>
         <size>0x9c</size>
         <input_file_ref idref="fl-e3"/>
      </object_component>
      <object_component id="oc-55a">
         <name>.text</name>
         <load_address>0x4360</load_address>
         <run_address>0x4360</run_address>
         <size>0x96</size>
         <input_file_ref idref="fl-f2"/>
      </object_component>
      <object_component id="oc-447">
         <name>.text:MMC_disk_read</name>
         <load_address>0x43f8</load_address>
         <run_address>0x43f8</run_address>
         <size>0x90</size>
         <input_file_ref idref="fl-10"/>
      </object_component>
      <object_component id="oc-3bb">
         <name>.text:dir_find</name>
         <load_address>0x4488</load_address>
         <run_address>0x4488</run_address>
         <size>0x90</size>
         <input_file_ref idref="fl-d"/>
      </object_component>
      <object_component id="oc-247">
         <name>.text:PrintInteger</name>
         <load_address>0x4518</load_address>
         <run_address>0x4518</run_address>
         <size>0x8c</size>
         <input_file_ref idref="fl-4"/>
      </object_component>
      <object_component id="oc-383">
         <name>.text:check_fs</name>
         <load_address>0x45a4</load_address>
         <run_address>0x45a4</run_address>
         <size>0x8a</size>
         <input_file_ref idref="fl-d"/>
      </object_component>
      <object_component id="oc-425">
         <name>.text:dir_alloc</name>
         <load_address>0x462e</load_address>
         <run_address>0x462e</run_address>
         <size>0x8a</size>
         <input_file_ref idref="fl-d"/>
      </object_component>
      <object_component id="oc-7f">
         <name>.text:EUSCIA0_IRQHandler</name>
         <load_address>0x46b8</load_address>
         <run_address>0x46b8</run_address>
         <size>0x88</size>
         <input_file_ref idref="fl-8"/>
      </object_component>
      <object_component id="oc-62d">
         <name>.text:GPIO_setAsPeripheralModuleFunctionOutputPin</name>
         <load_address>0x4740</load_address>
         <run_address>0x4740</run_address>
         <size>0x88</size>
         <input_file_ref idref="fl-23"/>
      </object_component>
      <object_component id="oc-3e6">
         <name>.text:__aeabi_cdcmple</name>
         <load_address>0x47c8</load_address>
         <run_address>0x47c8</run_address>
         <size>0x86</size>
         <input_file_ref idref="fl-ed"/>
      </object_component>
      <object_component id="oc-56b">
         <name>.text:__aeabi_cdrcmple</name>
         <load_address>0x484e</load_address>
         <run_address>0x484e</run_address>
         <size>0x86</size>
         <input_file_ref idref="fl-ed"/>
      </object_component>
      <object_component id="oc-3cd">
         <name>.text:dir_clear</name>
         <load_address>0x48d4</load_address>
         <run_address>0x48d4</run_address>
         <size>0x80</size>
         <input_file_ref idref="fl-d"/>
      </object_component>
      <object_component id="oc-206">
         <name>.text:get_ldnumber</name>
         <load_address>0x4954</load_address>
         <run_address>0x4954</run_address>
         <size>0x80</size>
         <input_file_ref idref="fl-d"/>
      </object_component>
      <object_component id="oc-543">
         <name>.text:dbc_2nd</name>
         <load_address>0x49d4</load_address>
         <run_address>0x49d4</run_address>
         <size>0x7c</size>
         <input_file_ref idref="fl-d"/>
      </object_component>
      <object_component id="oc-a5">
         <name>.text</name>
         <load_address>0x4a50</load_address>
         <run_address>0x4a50</run_address>
         <size>0x7a</size>
         <input_file_ref idref="fl-f3"/>
      </object_component>
      <object_component id="oc-5f4">
         <name>.text:xmit_datablock</name>
         <load_address>0x4aca</load_address>
         <run_address>0x4aca</run_address>
         <size>0x7a</size>
         <input_file_ref idref="fl-10"/>
      </object_component>
      <object_component id="oc-85">
         <name>.text:EUSCIA2_IRQHandler</name>
         <load_address>0x4b44</load_address>
         <run_address>0x4b44</run_address>
         <size>0x78</size>
         <input_file_ref idref="fl-8"/>
      </object_component>
      <object_component id="oc-c3">
         <name>.text:SystemInit</name>
         <load_address>0x4bbc</load_address>
         <run_address>0x4bbc</run_address>
         <size>0x78</size>
         <input_file_ref idref="fl-3"/>
      </object_component>
      <object_component id="oc-120">
         <name>.text:f_readdir</name>
         <load_address>0x4c34</load_address>
         <run_address>0x4c34</run_address>
         <size>0x78</size>
         <input_file_ref idref="fl-d"/>
      </object_component>
      <object_component id="oc-108">
         <name>.text:f_mount</name>
         <load_address>0x4cac</load_address>
         <run_address>0x4cac</run_address>
         <size>0x70</size>
         <input_file_ref idref="fl-d"/>
      </object_component>
      <object_component id="oc-58b">
         <name>.text:_mcpy</name>
         <load_address>0x4d1c</load_address>
         <run_address>0x4d1c</run_address>
         <size>0x6e</size>
         <input_file_ref idref="fl-e8"/>
      </object_component>
      <object_component id="oc-43c">
         <name>.text:sync_window</name>
         <load_address>0x4d8a</load_address>
         <run_address>0x4d8a</run_address>
         <size>0x6a</size>
         <input_file_ref idref="fl-d"/>
      </object_component>
      <object_component id="oc-17">
         <name>.text:decompress:lzss:__TI_decompress_lzss</name>
         <load_address>0x4df4</load_address>
         <run_address>0x4df4</run_address>
         <size>0x68</size>
         <input_file_ref idref="fl-e6"/>
      </object_component>
      <object_component id="oc-d0">
         <name>.text:UART_getEnabledInterruptStatus</name>
         <load_address>0x4e5c</load_address>
         <run_address>0x4e5c</run_address>
         <size>0x64</size>
         <input_file_ref idref="fl-2a"/>
      </object_component>
      <object_component id="oc-5a0">
         <name>.text:frexp</name>
         <load_address>0x4ec0</load_address>
         <run_address>0x4ec0</run_address>
         <size>0x64</size>
         <input_file_ref idref="fl-e9"/>
      </object_component>
      <object_component id="oc-5e2">
         <name>.text:send_cmd12</name>
         <load_address>0x4f24</load_address>
         <run_address>0x4f24</run_address>
         <size>0x64</size>
         <input_file_ref idref="fl-10"/>
      </object_component>
      <object_component id="oc-4ef">
         <name>.text:Crystalfontz128x128_LineDrawH</name>
         <load_address>0x4f88</load_address>
         <run_address>0x4f88</run_address>
         <size>0x60</size>
         <input_file_ref idref="fl-9"/>
      </object_component>
      <object_component id="oc-4f5">
         <name>.text:Crystalfontz128x128_LineDrawV</name>
         <load_address>0x4fe8</load_address>
         <run_address>0x4fe8</run_address>
         <size>0x60</size>
         <input_file_ref idref="fl-9"/>
      </object_component>
      <object_component id="oc-47e">
         <name>.text:PCM_getCoreVoltageLevel</name>
         <load_address>0x5048</load_address>
         <run_address>0x5048</run_address>
         <size>0x5e</size>
         <input_file_ref idref="fl-25"/>
      </object_component>
      <object_component id="oc-5dc">
         <name>.text:rcvr_datablock</name>
         <load_address>0x50a8</load_address>
         <run_address>0x50a8</run_address>
         <size>0x5c</size>
         <input_file_ref idref="fl-10"/>
      </object_component>
      <object_component id="oc-478">
         <name>.text:PCM_getPowerMode</name>
         <load_address>0x5104</load_address>
         <run_address>0x5104</run_address>
         <size>0x5a</size>
         <input_file_ref idref="fl-25"/>
      </object_component>
      <object_component id="oc-1d1">
         <name>.text:SPI_Init</name>
         <load_address>0x5160</load_address>
         <run_address>0x5160</run_address>
         <size>0x58</size>
         <input_file_ref idref="fl-6"/>
      </object_component>
      <object_component id="oc-53d">
         <name>.text:dbc_1st</name>
         <load_address>0x51b8</load_address>
         <run_address>0x51b8</run_address>
         <size>0x58</size>
         <input_file_ref idref="fl-d"/>
      </object_component>
      <object_component id="oc-267">
         <name>.text:validate</name>
         <load_address>0x5210</load_address>
         <run_address>0x5210</run_address>
         <size>0x58</size>
         <input_file_ref idref="fl-d"/>
      </object_component>
      <object_component id="oc-3f1">
         <name>.text:_pconv_f</name>
         <load_address>0x5268</load_address>
         <run_address>0x5268</run_address>
         <size>0x56</size>
         <input_file_ref idref="fl-e8"/>
      </object_component>
      <object_component id="oc-294">
         <name>.text:dir_register</name>
         <load_address>0x52be</load_address>
         <run_address>0x52be</run_address>
         <size>0x56</size>
         <input_file_ref idref="fl-d"/>
      </object_component>
      <object_component id="oc-33d">
         <name>.text:Crystalfontz128x128_SetOrientation</name>
         <load_address>0x5314</load_address>
         <run_address>0x5314</run_address>
         <size>0x54</size>
         <input_file_ref idref="fl-9"/>
      </object_component>
      <object_component id="oc-1e9">
         <name>.text:GRAPHICS_Init</name>
         <load_address>0x5368</load_address>
         <run_address>0x5368</run_address>
         <size>0x54</size>
         <input_file_ref idref="fl-2"/>
      </object_component>
      <object_component id="oc-575">
         <name>.text:__TI_ltoa</name>
         <load_address>0x53bc</load_address>
         <run_address>0x53bc</run_address>
         <size>0x54</size>
         <input_file_ref idref="fl-f9"/>
      </object_component>
      <object_component id="oc-343">
         <name>.text:Graphics_initContext</name>
         <load_address>0x5410</load_address>
         <run_address>0x5410</run_address>
         <size>0x52</size>
         <input_file_ref idref="fl-1c"/>
      </object_component>
      <object_component id="oc-585">
         <name>.text:_ecpy</name>
         <load_address>0x5462</load_address>
         <run_address>0x5462</run_address>
         <size>0x52</size>
         <input_file_ref idref="fl-e8"/>
      </object_component>
      <object_component id="oc-2b2">
         <name>.text:move_window</name>
         <load_address>0x54b4</load_address>
         <run_address>0x54b4</run_address>
         <size>0x50</size>
         <input_file_ref idref="fl-d"/>
      </object_component>
      <object_component id="oc-2a0">
         <name>.text:st_dword</name>
         <load_address>0x5504</load_address>
         <run_address>0x5504</run_address>
         <size>0x4e</size>
         <input_file_ref idref="fl-d"/>
      </object_component>
      <object_component id="oc-3da">
         <name>.text:atoi</name>
         <load_address>0x5554</load_address>
         <run_address>0x5554</run_address>
         <size>0x4c</size>
         <input_file_ref idref="fl-fb"/>
      </object_component>
      <object_component id="oc-1f8">
         <name>.text:disk_timerproc</name>
         <load_address>0x55a0</load_address>
         <run_address>0x55a0</run_address>
         <size>0x4c</size>
         <input_file_ref idref="fl-10"/>
      </object_component>
      <object_component id="oc-1bf">
         <name>.text:FlashCtl_setWaitState</name>
         <load_address>0x55ec</load_address>
         <run_address>0x55ec</run_address>
         <size>0x48</size>
         <input_file_ref idref="fl-22"/>
      </object_component>
      <object_component id="oc-570">
         <name>.text</name>
         <load_address>0x5634</load_address>
         <run_address>0x5634</run_address>
         <size>0x48</size>
         <input_file_ref idref="fl-f0"/>
      </object_component>
      <object_component id="oc-152">
         <name>.text:__TI_auto_init_nobinit_nopinit:__TI_auto_init_nobinit_nopinit</name>
         <load_address>0x567c</load_address>
         <run_address>0x567c</run_address>
         <size>0x44</size>
         <input_file_ref idref="fl-f4"/>
      </object_component>
      <object_component id="oc-2d0">
         <name>.text:disk_read</name>
         <load_address>0x56c0</load_address>
         <run_address>0x56c0</run_address>
         <size>0x44</size>
         <input_file_ref idref="fl-c"/>
      </object_component>
      <object_component id="oc-2dd">
         <name>.text:disk_write</name>
         <load_address>0x5704</load_address>
         <run_address>0x5704</run_address>
         <size>0x44</size>
         <input_file_ref idref="fl-c"/>
      </object_component>
      <object_component id="oc-4e3">
         <name>.text:Crystalfontz128x128_PixelDraw</name>
         <load_address>0x5748</load_address>
         <run_address>0x5748</run_address>
         <size>0x40</size>
         <input_file_ref idref="fl-9"/>
      </object_component>
      <object_component id="oc-633">
         <name>.text:GPIO_setAsOutputPin</name>
         <load_address>0x5788</load_address>
         <run_address>0x5788</run_address>
         <size>0x40</size>
         <input_file_ref idref="fl-23"/>
      </object_component>
      <object_component id="oc-21c">
         <name>.text:Graphics_getNumberOfLeadingZeros</name>
         <load_address>0x57c8</load_address>
         <run_address>0x57c8</run_address>
         <size>0x40</size>
         <input_file_ref idref="fl-1f"/>
      </object_component>
      <object_component id="oc-4a1">
         <name>.text:HAL_LCD_SpiInit</name>
         <load_address>0x5808</load_address>
         <run_address>0x5808</run_address>
         <size>0x40</size>
         <input_file_ref idref="fl-a"/>
      </object_component>
      <object_component id="oc-6de">
         <name>.text:SPI_Read</name>
         <load_address>0x5848</load_address>
         <run_address>0x5848</run_address>
         <size>0x40</size>
         <input_file_ref idref="fl-6"/>
      </object_component>
      <object_component id="oc-6d8">
         <name>.text:SPI_Write</name>
         <load_address>0x5888</load_address>
         <run_address>0x5888</run_address>
         <size>0x40</size>
         <input_file_ref idref="fl-6"/>
      </object_component>
      <object_component id="oc-235">
         <name>.text:UART_Write</name>
         <load_address>0x58c8</load_address>
         <run_address>0x58c8</run_address>
         <size>0x40</size>
         <input_file_ref idref="fl-8"/>
      </object_component>
      <object_component id="oc-491">
         <name>.text:is_A_Module</name>
         <load_address>0x5908</load_address>
         <run_address>0x5908</run_address>
         <size>0x40</size>
         <input_file_ref idref="fl-27"/>
      </object_component>
      <object_component id="oc-126">
         <name>.text:sprintf</name>
         <load_address>0x5948</load_address>
         <run_address>0x5948</run_address>
         <size>0x40</size>
         <input_file_ref idref="fl-e2"/>
      </object_component>
      <object_component id="oc-598">
         <name>.text:_fcpy</name>
         <load_address>0x5988</load_address>
         <run_address>0x5988</run_address>
         <size>0x3e</size>
         <input_file_ref idref="fl-e8"/>
      </object_component>
      <object_component id="oc-52c">
         <name>.text:mem_cmp</name>
         <load_address>0x59c6</load_address>
         <run_address>0x59c6</run_address>
         <size>0x3e</size>
         <input_file_ref idref="fl-d"/>
      </object_component>
      <object_component id="oc-66d">
         <name>.text:send_initial_clock_train</name>
         <load_address>0x5a04</load_address>
         <run_address>0x5a04</run_address>
         <size>0x3c</size>
         <input_file_ref idref="fl-10"/>
      </object_component>
      <object_component id="oc-4b3">
         <name>.text:HAL_LCD_writeCommand</name>
         <load_address>0x5a40</load_address>
         <run_address>0x5a40</run_address>
         <size>0x38</size>
         <input_file_ref idref="fl-a"/>
      </object_component>
      <object_component id="oc-39d">
         <name>.text:Graphics_drawHorizontalLineOnDisplay</name>
         <load_address>0x5a78</load_address>
         <run_address>0x5a78</run_address>
         <size>0x36</size>
         <input_file_ref idref="fl-1d"/>
      </object_component>
      <object_component id="oc-2b8">
         <name>.text:ld_dword</name>
         <load_address>0x5aae</load_address>
         <run_address>0x5aae</run_address>
         <size>0x36</size>
         <input_file_ref idref="fl-d"/>
      </object_component>
      <object_component id="oc-1cb">
         <name>.text:CS_setDCOCenteredFrequency</name>
         <load_address>0x5ae4</load_address>
         <run_address>0x5ae4</run_address>
         <size>0x34</size>
         <input_file_ref idref="fl-21"/>
      </object_component>
      <object_component id="oc-55">
         <name>.text:_c_int00_noargs:_c_int00_noargs</name>
         <load_address>0x5b18</load_address>
         <run_address>0x5b18</run_address>
         <size>0x34</size>
         <input_file_ref idref="fl-e7"/>
      </object_component>
      <object_component id="oc-37d">
         <name>.text:disk_initialize</name>
         <load_address>0x5b4c</load_address>
         <run_address>0x5b4c</run_address>
         <size>0x32</size>
         <input_file_ref idref="fl-c"/>
      </object_component>
      <object_component id="oc-377">
         <name>.text:disk_status</name>
         <load_address>0x5b7e</load_address>
         <run_address>0x5b7e</run_address>
         <size>0x32</size>
         <input_file_ref idref="fl-c"/>
      </object_component>
      <object_component id="oc-2d7">
         <name>.text:mem_cpy</name>
         <load_address>0x5bb0</load_address>
         <run_address>0x5bb0</run_address>
         <size>0x32</size>
         <input_file_ref idref="fl-d"/>
      </object_component>
      <object_component id="oc-49b">
         <name>.text:HAL_LCD_PortInit</name>
         <load_address>0x5be2</load_address>
         <run_address>0x5be2</run_address>
         <size>0x30</size>
         <input_file_ref idref="fl-a"/>
      </object_component>
      <object_component id="oc-2ca">
         <name>.text:clst2sect</name>
         <load_address>0x5c12</load_address>
         <run_address>0x5c12</run_address>
         <size>0x30</size>
         <input_file_ref idref="fl-d"/>
      </object_component>
      <object_component id="oc-42e">
         <name>.text:st_word</name>
         <load_address>0x5c42</load_address>
         <run_address>0x5c42</run_address>
         <size>0x30</size>
         <input_file_ref idref="fl-d"/>
      </object_component>
      <object_component id="oc-6c3">
         <name>.text:wait_ready</name>
         <load_address>0x5c74</load_address>
         <run_address>0x5c74</run_address>
         <size>0x30</size>
         <input_file_ref idref="fl-10"/>
      </object_component>
      <object_component id="oc-57b">
         <name>.text</name>
         <load_address>0x5ca4</load_address>
         <run_address>0x5ca4</run_address>
         <size>0x2e</size>
         <input_file_ref idref="fl-f1"/>
      </object_component>
      <object_component id="oc-50d">
         <name>.text:Crystalfontz128x128_ClearScreen</name>
         <load_address>0x5cd4</load_address>
         <run_address>0x5cd4</run_address>
         <size>0x2c</size>
         <input_file_ref idref="fl-9"/>
      </object_component>
      <object_component id="oc-228">
         <name>.text:Graphics_drawPixelOnDisplay</name>
         <load_address>0x5d00</load_address>
         <run_address>0x5d00</run_address>
         <size>0x2c</size>
         <input_file_ref idref="fl-1d"/>
      </object_component>
      <object_component id="oc-4b9">
         <name>.text:HAL_LCD_writeData</name>
         <load_address>0x5d2c</load_address>
         <run_address>0x5d2c</run_address>
         <size>0x2c</size>
         <input_file_ref idref="fl-a"/>
      </object_component>
      <object_component id="oc-79">
         <name>.text:TA1_0_IRQHandler</name>
         <load_address>0x5d58</load_address>
         <run_address>0x5d58</run_address>
         <size>0x2c</size>
         <input_file_ref idref="fl-7"/>
      </object_component>
      <object_component id="oc-25a">
         <name>.text:ld_clust</name>
         <load_address>0x5d84</load_address>
         <run_address>0x5d84</run_address>
         <size>0x2c</size>
         <input_file_ref idref="fl-d"/>
      </object_component>
      <object_component id="oc-2a6">
         <name>.text:st_clust</name>
         <load_address>0x5db0</load_address>
         <run_address>0x5db0</run_address>
         <size>0x2a</size>
         <input_file_ref idref="fl-d"/>
      </object_component>
      <object_component id="oc-501">
         <name>.text:Crystalfontz128x128_ColorTranslate</name>
         <load_address>0x5dda</load_address>
         <run_address>0x5dda</run_address>
         <size>0x28</size>
         <input_file_ref idref="fl-9"/>
      </object_component>
      <object_component id="oc-4ad">
         <name>.text:GPIO_setOutputHighOnPin</name>
         <load_address>0x5e04</load_address>
         <run_address>0x5e04</run_address>
         <size>0x28</size>
         <input_file_ref idref="fl-23"/>
      </object_component>
      <object_component id="oc-4a7">
         <name>.text:GPIO_setOutputLowOnPin</name>
         <load_address>0x5e2c</load_address>
         <run_address>0x5e2c</run_address>
         <size>0x28</size>
         <input_file_ref idref="fl-23"/>
      </object_component>
      <object_component id="oc-549">
         <name>.text:chk_chr</name>
         <load_address>0x5e54</load_address>
         <run_address>0x5e54</run_address>
         <size>0x28</size>
         <input_file_ref idref="fl-d"/>
      </object_component>
      <object_component id="oc-5e8">
         <name>.text:rcvr_spi</name>
         <load_address>0x5e7c</load_address>
         <run_address>0x5e7c</run_address>
         <size>0x28</size>
         <input_file_ref idref="fl-10"/>
      </object_component>
      <object_component id="oc-389">
         <name>.text:ld_word</name>
         <load_address>0x5ea4</load_address>
         <run_address>0x5ea4</run_address>
         <size>0x26</size>
         <input_file_ref idref="fl-d"/>
      </object_component>
      <object_component id="oc-2be">
         <name>.text:mem_set</name>
         <load_address>0x5eca</load_address>
         <run_address>0x5eca</run_address>
         <size>0x26</size>
         <input_file_ref idref="fl-d"/>
      </object_component>
      <object_component id="oc-1b9">
         <name>.text:WDT_A_holdTimer</name>
         <load_address>0x5ef0</load_address>
         <run_address>0x5ef0</run_address>
         <size>0x24</size>
         <input_file_ref idref="fl-2b"/>
      </object_component>
      <object_component id="oc-6c9">
         <name>.text:xmit_spi</name>
         <load_address>0x5f14</load_address>
         <run_address>0x5f14</run_address>
         <size>0x24</size>
         <input_file_ref idref="fl-10"/>
      </object_component>
      <object_component id="oc-241">
         <name>.text:PrintString</name>
         <load_address>0x5f38</load_address>
         <run_address>0x5f38</run_address>
         <size>0x22</size>
         <input_file_ref idref="fl-4"/>
      </object_component>
      <object_component id="oc-1dd">
         <name>.text:GPIO_Init</name>
         <load_address>0x5f5c</load_address>
         <run_address>0x5f5c</run_address>
         <size>0x20</size>
         <input_file_ref idref="fl-5"/>
      </object_component>
      <object_component id="oc-63a">
         <name>.text:SPI_enableModule</name>
         <load_address>0x5f7c</load_address>
         <run_address>0x5f7c</run_address>
         <size>0x1c</size>
         <input_file_ref idref="fl-27"/>
      </object_component>
      <object_component id="oc-403">
         <name>.text:memccpy</name>
         <load_address>0x5f98</load_address>
         <run_address>0x5f98</run_address>
         <size>0x1c</size>
         <input_file_ref idref="fl-fd"/>
      </object_component>
      <object_component id="oc-4da">
         <name>.text:Graphics_clearDisplayOnDisplay</name>
         <load_address>0x5fb4</load_address>
         <run_address>0x5fb4</run_address>
         <size>0x1a</size>
         <input_file_ref idref="fl-1d"/>
      </object_component>
      <object_component id="oc-34f">
         <name>.text:Graphics_setBackgroundColor</name>
         <load_address>0x5fce</load_address>
         <run_address>0x5fce</run_address>
         <size>0x1a</size>
         <input_file_ref idref="fl-1c"/>
      </object_component>
      <object_component id="oc-355">
         <name>.text:Graphics_setFont</name>
         <load_address>0x5fe8</load_address>
         <run_address>0x5fe8</run_address>
         <size>0x1a</size>
         <input_file_ref idref="fl-1c"/>
      </object_component>
      <object_component id="oc-6a7">
         <name>.text:copysign</name>
         <load_address>0x6002</load_address>
         <run_address>0x6002</run_address>
         <size>0x1a</size>
         <input_file_ref idref="fl-101"/>
      </object_component>
      <object_component id="oc-188">
         <name>.text:UART_getInterruptStatus</name>
         <load_address>0x601c</load_address>
         <run_address>0x601c</run_address>
         <size>0x18</size>
         <input_file_ref idref="fl-2a"/>
      </object_component>
      <object_component id="oc-286">
         <name>.text:_outs</name>
         <load_address>0x6034</load_address>
         <run_address>0x6034</run_address>
         <size>0x18</size>
         <input_file_ref idref="fl-e2"/>
      </object_component>
      <object_component id="oc-6ec">
         <name>.text:EUSCI_A_SPI_enable</name>
         <load_address>0x604c</load_address>
         <run_address>0x604c</run_address>
         <size>0x16</size>
         <input_file_ref idref="fl-27"/>
      </object_component>
      <object_component id="oc-6f2">
         <name>.text:EUSCI_B_SPI_enable</name>
         <load_address>0x6062</load_address>
         <run_address>0x6062</run_address>
         <size>0x16</size>
         <input_file_ref idref="fl-27"/>
      </object_component>
      <object_component id="oc-349">
         <name>.text:Graphics_setForegroundColor</name>
         <load_address>0x6078</load_address>
         <run_address>0x6078</run_address>
         <size>0x16</size>
         <input_file_ref idref="fl-1c"/>
      </object_component>
      <object_component id="oc-4d1">
         <name>.text:Graphics_translateColorOnDisplay</name>
         <load_address>0x608e</load_address>
         <run_address>0x608e</run_address>
         <size>0x16</size>
         <input_file_ref idref="fl-1d"/>
      </object_component>
      <object_component id="oc-5ac">
         <name>.text:strchr</name>
         <load_address>0x60a4</load_address>
         <run_address>0x60a4</run_address>
         <size>0x16</size>
         <input_file_ref idref="fl-fe"/>
      </object_component>
      <object_component id="oc-484">
         <name>.text:PCM_getPowerState</name>
         <load_address>0x60bc</load_address>
         <run_address>0x60bc</run_address>
         <size>0x14</size>
         <input_file_ref idref="fl-25"/>
      </object_component>
      <object_component id="oc-23b">
         <name>.text:PrintChar</name>
         <load_address>0x60d0</load_address>
         <run_address>0x60d0</run_address>
         <size>0x14</size>
         <input_file_ref idref="fl-4"/>
      </object_component>
      <object_component id="oc-73">
         <name>.text:TA0_0_IRQHandler</name>
         <load_address>0x60e4</load_address>
         <run_address>0x60e4</run_address>
         <size>0x14</size>
         <input_file_ref idref="fl-7"/>
      </object_component>
      <object_component id="oc-667">
         <name>.text:power_on</name>
         <load_address>0x60f8</load_address>
         <run_address>0x60f8</run_address>
         <size>0x14</size>
         <input_file_ref idref="fl-10"/>
      </object_component>
      <object_component id="oc-3d4">
         <name>.text:strlen</name>
         <load_address>0x610c</load_address>
         <run_address>0x610c</run_address>
         <size>0x14</size>
         <input_file_ref idref="fl-ff"/>
      </object_component>
      <object_component id="oc-35b">
         <name>.text:Graphics_clearDisplay</name>
         <load_address>0x6120</load_address>
         <run_address>0x6120</run_address>
         <size>0x12</size>
         <input_file_ref idref="fl-1c"/>
      </object_component>
      <object_component id="oc-409">
         <name>.text:wcslen</name>
         <load_address>0x6132</load_address>
         <run_address>0x6132</run_address>
         <size>0x12</size>
         <input_file_ref idref="fl-eb"/>
      </object_component>
      <object_component id="oc-102">
         <name>.text:Interrupt_enableMaster</name>
         <load_address>0x6144</load_address>
         <run_address>0x6144</run_address>
         <size>0x10</size>
         <input_file_ref idref="fl-24"/>
      </object_component>
      <object_component id="oc-1c5">
         <name>.text:PCM_setCoreVoltageLevel</name>
         <load_address>0x6154</load_address>
         <run_address>0x6154</run_address>
         <size>0x10</size>
         <input_file_ref idref="fl-25"/>
      </object_component>
      <object_component id="oc-48a">
         <name>.text:PCM_setPowerMode</name>
         <load_address>0x6164</load_address>
         <run_address>0x6164</run_address>
         <size>0x10</size>
         <input_file_ref idref="fl-25"/>
      </object_component>
      <object_component id="oc-1d">
         <name>.text:decompress:none:__TI_decompress_none</name>
         <load_address>0x6174</load_address>
         <run_address>0x6174</run_address>
         <size>0xe</size>
         <input_file_ref idref="fl-e5"/>
      </object_component>
      <object_component id="oc-6d0">
         <name>.text:rcvr_spi_m</name>
         <load_address>0x6182</load_address>
         <run_address>0x6182</run_address>
         <size>0xe</size>
         <input_file_ref idref="fl-10"/>
      </object_component>
      <object_component id="oc-1ff">
         <name>.text:CPU_cpsie</name>
         <load_address>0x6190</load_address>
         <run_address>0x6190</run_address>
         <size>0xc</size>
         <input_file_ref idref="fl-2c"/>
      </object_component>
      <object_component id="oc-51e">
         <name>.text:MMC_disk_status</name>
         <load_address>0x619c</load_address>
         <run_address>0x619c</run_address>
         <size>0xc</size>
         <input_file_ref idref="fl-10"/>
      </object_component>
      <object_component id="oc-67">
         <name>.text:Reset_Handler</name>
         <load_address>0x61a8</load_address>
         <run_address>0x61a8</run_address>
         <size>0xc</size>
         <input_file_ref idref="fl-b"/>
      </object_component>
      <object_component id="oc-49">
         <name>.text:decompress:ZI:__TI_zero_init</name>
         <load_address>0x61b4</load_address>
         <run_address>0x61b4</run_address>
         <size>0xc</size>
         <input_file_ref idref="fl-e4"/>
      </object_component>
      <object_component id="oc-679">
         <name>.text:power_off</name>
         <load_address>0x61c0</load_address>
         <run_address>0x61c0</run_address>
         <size>0xc</size>
         <input_file_ref idref="fl-10"/>
      </object_component>
      <object_component id="oc-507">
         <name>.text:Crystalfontz128x128_Flush</name>
         <load_address>0x61cc</load_address>
         <run_address>0x61cc</run_address>
         <size>0xa</size>
         <input_file_ref idref="fl-9"/>
      </object_component>
      <object_component id="oc-28c">
         <name>.text:_outc</name>
         <load_address>0x61d6</load_address>
         <run_address>0x61d6</run_address>
         <size>0xa</size>
         <input_file_ref idref="fl-e2"/>
      </object_component>
      <object_component id="oc-40f">
         <name>.text:__aeabi_errno_addr</name>
         <load_address>0x61e0</load_address>
         <run_address>0x61e0</run_address>
         <size>0x8</size>
         <input_file_ref idref="fl-100"/>
      </object_component>
      <object_component id="oc-ab">
         <name>.text:_system_pre_init</name>
         <load_address>0x61e8</load_address>
         <run_address>0x61e8</run_address>
         <size>0x4</size>
         <input_file_ref idref="fl-f5"/>
      </object_component>
      <object_component id="oc-146">
         <name>.text:abort:abort</name>
         <load_address>0x61ec</load_address>
         <run_address>0x61ec</run_address>
         <size>0x4</size>
         <input_file_ref idref="fl-f7"/>
      </object_component>
      <object_component id="oc-29a">
         <name>.text:get_fattime</name>
         <load_address>0x61f0</load_address>
         <run_address>0x61f0</run_address>
         <size>0x4</size>
         <input_file_ref idref="fl-10"/>
      </object_component>
      <object_component id="oc-515">
         <name>.const:.string:g_pucFontFixed6x8Data</name>
         <load_address>0x61f4</load_address>
         <run_address>0x61f4</run_address>
         <size>0x2f8</size>
         <input_file_ref idref="fl-1e"/>
      </object_component>
      <object_component id="oc-555">
         <name>.const:.string:_ctypes_</name>
         <load_address>0x64ec</load_address>
         <run_address>0x64ec</run_address>
         <size>0x101</size>
         <input_file_ref idref="fl-fc"/>
      </object_component>
      <object_component id="oc-367">
         <name>.const:g_sFontFixed6x8</name>
         <load_address>0x65f0</load_address>
         <run_address>0x65f0</run_address>
         <size>0xc8</size>
         <input_file_ref idref="fl-1e"/>
      </object_component>
      <object_component id="oc-644">
         <name>.const:GPIO_PORT_TO_BASE</name>
         <load_address>0x66b8</load_address>
         <run_address>0x66b8</run_address>
         <size>0x30</size>
         <input_file_ref idref="fl-23"/>
      </object_component>
      <object_component id="oc-364">
         <name>.const:g_sCrystalfontz128x128_funcs</name>
         <load_address>0x66e8</load_address>
         <run_address>0x66e8</run_address>
         <size>0x20</size>
         <input_file_ref idref="fl-9"/>
      </object_component>
      <object_component id="oc-640">
         <name>.const:$P$T0$1</name>
         <load_address>0x6708</load_address>
         <run_address>0x6708</run_address>
         <size>0x1c</size>
         <input_file_ref idref="fl-a"/>
      </object_component>
      <object_component id="oc-681">
         <name>.const:.string:DbcTbl</name>
         <load_address>0x6724</load_address>
         <run_address>0x6724</run_address>
         <size>0xa</size>
         <input_file_ref idref="fl-d"/>
      </object_component>
      <object_component id="oc-65c">
         <name>.const:$P$T0$1</name>
         <load_address>0x672e</load_address>
         <run_address>0x672e</run_address>
         <size>0x8</size>
         <input_file_ref idref="fl-9"/>
      </object_component>
      <object_component id="oc-75e">
         <name>.cinit..data.load</name>
         <load_address>0x6738</load_address>
         <run_address>0x6738</run_address>
         <size>0x3e</size>
      </object_component>
      <object_component id="oc-75c">
         <name>__TI_handler_table</name>
         <load_address>0x6778</load_address>
         <run_address>0x6778</run_address>
         <size>0xc</size>
      </object_component>
      <object_component id="oc-75f">
         <name>.cinit..bss.load</name>
         <load_address>0x6788</load_address>
         <run_address>0x6788</run_address>
         <size>0x8</size>
      </object_component>
      <object_component id="oc-75d">
         <name>__TI_cinit_table</name>
         <load_address>0x6790</load_address>
         <run_address>0x6790</run_address>
         <size>0x10</size>
      </object_component>
      <object_component id="oc-730">
         <name>.binit</name>
         <load_address>0x0</load_address>
         <run_address>0x0</run_address>
         <size>0x0</size>
      </object_component>
      <object_component id="oc-1f2">
         <name>.data:UART0Config</name>
         <load_address>0x200006f8</load_address>
         <run_address>0x200006f8</run_address>
         <size>0x24</size>
         <input_file_ref idref="fl-2"/>
      </object_component>
      <object_component id="oc-1ef">
         <name>.data:SPI0MasterConfig</name>
         <load_address>0x2000071c</load_address>
         <run_address>0x2000071c</run_address>
         <size>0x1c</size>
         <input_file_ref idref="fl-2"/>
      </object_component>
      <object_component id="oc-1f5">
         <name>.data:upConfig</name>
         <load_address>0x20000738</load_address>
         <run_address>0x20000738</run_address>
         <size>0x18</size>
         <input_file_ref idref="fl-2"/>
      </object_component>
      <object_component id="oc-cb">
         <name>.data</name>
         <load_address>0x20000760</load_address>
         <run_address>0x20000760</run_address>
         <size>0x8</size>
         <input_file_ref idref="fl-7"/>
      </object_component>
      <object_component id="oc-361">
         <name>.data:g_sCrystalfontz128x128</name>
         <load_address>0x20000750</load_address>
         <run_address>0x20000750</run_address>
         <size>0x10</size>
         <input_file_ref idref="fl-9"/>
      </object_component>
      <object_component id="oc-5ee">
         <name>.data</name>
         <load_address>0x2000076c</load_address>
         <run_address>0x2000076c</run_address>
         <size>0x2</size>
         <input_file_ref idref="fl-10"/>
      </object_component>
      <object_component id="oc-5bc">
         <name>.data</name>
         <load_address>0x20000768</load_address>
         <run_address>0x20000768</run_address>
         <size>0x4</size>
         <input_file_ref idref="fl-100"/>
      </object_component>
      <object_component id="oc-212">
         <name>.bss:FatFs</name>
         <uninitialized>true</uninitialized>
         <run_address>0x200006d8</run_address>
         <size>0x4</size>
         <input_file_ref idref="fl-d"/>
      </object_component>
      <object_component id="oc-38f">
         <name>.bss</name>
         <uninitialized>true</uninitialized>
         <run_address>0x200006d6</run_address>
         <size>0x2</size>
         <input_file_ref idref="fl-d"/>
      </object_component>
      <object_component id="oc-371">
         <name>.bss</name>
         <uninitialized>true</uninitialized>
         <run_address>0x200006cc</run_address>
         <size>0x9</size>
         <input_file_ref idref="fl-10"/>
      </object_component>
      <object_component id="oc-13b">
         <name>.common:g_sContext</name>
         <uninitialized>true</uninitialized>
         <run_address>0x200006b0</run_address>
         <size>0x1c</size>
      </object_component>
      <object_component id="oc-13e">
         <name>.common:buff</name>
         <uninitialized>true</uninitialized>
         <run_address>0x20000458</run_address>
         <size>0x100</size>
      </object_component>
      <object_component id="oc-138">
         <name>.common:FS</name>
         <uninitialized>true</uninitialized>
         <run_address>0x20000000</run_address>
         <size>0x230</size>
      </object_component>
      <object_component id="oc-13c">
         <name>.common:DI</name>
         <uninitialized>true</uninitialized>
         <run_address>0x20000658</run_address>
         <size>0x2c</size>
      </object_component>
      <object_component id="oc-13d">
         <name>.common:FI</name>
         <uninitialized>true</uninitialized>
         <run_address>0x20000684</run_address>
         <size>0x2c</size>
      </object_component>
      <object_component id="oc-13f">
         <name>.common:File</name>
         <uninitialized>true</uninitialized>
         <run_address>0x20000230</run_address>
         <size>0x228</size>
      </object_component>
      <object_component id="oc-da">
         <name>.common:UARTA0Data</name>
         <uninitialized>true</uninitialized>
         <run_address>0x20000558</run_address>
         <size>0x80</size>
      </object_component>
      <object_component id="oc-d9">
         <name>.common:UARTA0ReadIndex</name>
         <uninitialized>true</uninitialized>
         <run_address>0x200006dc</run_address>
         <size>0x4</size>
      </object_component>
      <object_component id="oc-d6">
         <name>.common:UARTA0WriteIndex</name>
         <uninitialized>true</uninitialized>
         <run_address>0x200006e0</run_address>
         <size>0x4</size>
      </object_component>
      <object_component id="oc-e3">
         <name>.common:UARTA2Data</name>
         <uninitialized>true</uninitialized>
         <run_address>0x200005d8</run_address>
         <size>0x80</size>
      </object_component>
      <object_component id="oc-e2">
         <name>.common:UARTA2ReadIndex</name>
         <uninitialized>true</uninitialized>
         <run_address>0x200006e4</run_address>
         <size>0x4</size>
      </object_component>
      <object_component id="oc-e1">
         <name>.common:UARTA2WriteIndex</name>
         <uninitialized>true</uninitialized>
         <run_address>0x200006e8</run_address>
         <size>0x4</size>
      </object_component>
      <object_component id="oc-4ce">
         <name>.common:Lcd_Orientation</name>
         <uninitialized>true</uninitialized>
         <run_address>0x200006f3</run_address>
         <size>0x1</size>
      </object_component>
      <object_component id="oc-4c5">
         <name>.common:Lcd_ScreenWidth</name>
         <uninitialized>true</uninitialized>
         <run_address>0x200006ee</run_address>
         <size>0x2</size>
      </object_component>
      <object_component id="oc-4c8">
         <name>.common:Lcd_ScreenHeigth</name>
         <uninitialized>true</uninitialized>
         <run_address>0x200006ec</run_address>
         <size>0x2</size>
      </object_component>
      <object_component id="oc-4c9">
         <name>.common:Lcd_PenSolid</name>
         <uninitialized>true</uninitialized>
         <run_address>0x200006f4</run_address>
         <size>0x1</size>
      </object_component>
      <object_component id="oc-4ca">
         <name>.common:Lcd_FontSolid</name>
         <uninitialized>true</uninitialized>
         <run_address>0x200006f2</run_address>
         <size>0x1</size>
      </object_component>
      <object_component id="oc-4cb">
         <name>.common:Lcd_FlagRead</name>
         <uninitialized>true</uninitialized>
         <run_address>0x200006d5</run_address>
         <size>0x1</size>
      </object_component>
      <object_component id="oc-4cc">
         <name>.common:Lcd_TouchTrim</name>
         <uninitialized>true</uninitialized>
         <run_address>0x200006f0</run_address>
         <size>0x2</size>
      </object_component>
      <object_component id="oc-29">
         <name>.stack</name>
         <uninitialized>true</uninitialized>
         <run_address>0x2000fe00</run_address>
         <size>0x4</size>
         <input_file_ref idref="fl-e7"/>
      </object_component>
      <object_component id="oc-761">
         <name>.stack</name>
         <uninitialized>true</uninitialized>
         <run_address>0x2000fe00</run_address>
         <size>0x0</size>
      </object_component>
      <object_component id="oc-139">
         <name>.debug_info</name>
         <load_address>0x0</load_address>
         <run_address>0x0</run_address>
         <size>0xdd8</size>
         <input_file_ref idref="fl-2"/>
      </object_component>
      <object_component id="oc-1f3">
         <name>.debug_info</name>
         <load_address>0xdd8</load_address>
         <run_address>0xdd8</run_address>
         <size>0xc9</size>
         <input_file_ref idref="fl-2"/>
      </object_component>
      <object_component id="oc-1f0">
         <name>.debug_info</name>
         <load_address>0xea1</load_address>
         <run_address>0xea1</run_address>
         <size>0xd3</size>
         <input_file_ref idref="fl-2"/>
      </object_component>
      <object_component id="oc-1f6">
         <name>.debug_info</name>
         <load_address>0xf74</load_address>
         <run_address>0xf74</run_address>
         <size>0xc3</size>
         <input_file_ref idref="fl-2"/>
      </object_component>
      <object_component id="oc-1ea">
         <name>.debug_info</name>
         <load_address>0x1037</load_address>
         <run_address>0x1037</run_address>
         <size>0x21b</size>
         <input_file_ref idref="fl-2"/>
      </object_component>
      <object_component id="oc-fd">
         <name>.debug_info</name>
         <load_address>0x1252</load_address>
         <run_address>0x1252</run_address>
         <size>0x217</size>
         <input_file_ref idref="fl-2"/>
      </object_component>
      <object_component id="oc-b2">
         <name>.debug_info</name>
         <load_address>0x1469</load_address>
         <run_address>0x1469</run_address>
         <size>0x281</size>
         <input_file_ref idref="fl-2"/>
      </object_component>
      <object_component id="oc-141">
         <name>.debug_info</name>
         <load_address>0x16ea</load_address>
         <run_address>0x16ea</run_address>
         <size>0x4e9</size>
         <input_file_ref idref="fl-2"/>
      </object_component>
      <object_component id="oc-393">
         <name>.debug_info</name>
         <load_address>0x1bd3</load_address>
         <run_address>0x1bd3</run_address>
         <size>0x70</size>
         <input_file_ref idref="fl-2"/>
      </object_component>
      <object_component id="oc-19b">
         <name>.debug_info</name>
         <load_address>0x1c43</load_address>
         <run_address>0x1c43</run_address>
         <size>0x37e2</size>
         <input_file_ref idref="fl-2"/>
      </object_component>
      <object_component id="oc-e7">
         <name>.debug_info</name>
         <load_address>0x5425</load_address>
         <run_address>0x5425</run_address>
         <size>0x26b</size>
         <input_file_ref idref="fl-2"/>
      </object_component>
      <object_component id="oc-1a0">
         <name>.debug_info</name>
         <load_address>0x5690</load_address>
         <run_address>0x5690</run_address>
         <size>0x1028</size>
         <input_file_ref idref="fl-2"/>
      </object_component>
      <object_component id="oc-2e6">
         <name>.debug_info</name>
         <load_address>0x66b8</load_address>
         <run_address>0x66b8</run_address>
         <size>0x439</size>
         <input_file_ref idref="fl-2"/>
      </object_component>
      <object_component id="oc-312">
         <name>.debug_info</name>
         <load_address>0x6af1</load_address>
         <run_address>0x6af1</run_address>
         <size>0x341</size>
         <input_file_ref idref="fl-2"/>
      </object_component>
      <object_component id="oc-1a5">
         <name>.debug_info</name>
         <load_address>0x6e32</load_address>
         <run_address>0x6e32</run_address>
         <size>0x8b</size>
         <input_file_ref idref="fl-2"/>
      </object_component>
      <object_component id="oc-1b4">
         <name>.debug_info</name>
         <load_address>0x6ebd</load_address>
         <run_address>0x6ebd</run_address>
         <size>0x2a4</size>
         <input_file_ref idref="fl-2"/>
      </object_component>
      <object_component id="oc-1af">
         <name>.debug_info</name>
         <load_address>0x7161</load_address>
         <run_address>0x7161</run_address>
         <size>0xef</size>
         <input_file_ref idref="fl-2"/>
      </object_component>
      <object_component id="oc-dc">
         <name>.debug_info</name>
         <load_address>0x7250</load_address>
         <run_address>0x7250</run_address>
         <size>0xbb</size>
         <input_file_ref idref="fl-2"/>
      </object_component>
      <object_component id="oc-217">
         <name>.debug_info</name>
         <load_address>0x730b</load_address>
         <run_address>0x730b</run_address>
         <size>0x94</size>
         <input_file_ref idref="fl-2"/>
      </object_component>
      <object_component id="oc-24f">
         <name>.debug_info</name>
         <load_address>0x739f</load_address>
         <run_address>0x739f</run_address>
         <size>0x2c</size>
         <input_file_ref idref="fl-2"/>
      </object_component>
      <object_component id="oc-2eb">
         <name>.debug_info</name>
         <load_address>0x73cb</load_address>
         <run_address>0x73cb</run_address>
         <size>0x131</size>
         <input_file_ref idref="fl-2"/>
      </object_component>
      <object_component id="oc-1aa">
         <name>.debug_info</name>
         <load_address>0x74fc</load_address>
         <run_address>0x74fc</run_address>
         <size>0xee</size>
         <input_file_ref idref="fl-2"/>
      </object_component>
      <object_component id="oc-c4">
         <name>.debug_info</name>
         <load_address>0x75ea</load_address>
         <run_address>0x75ea</run_address>
         <size>0x11e</size>
         <input_file_ref idref="fl-3"/>
      </object_component>
      <object_component id="oc-32">
         <name>.debug_info</name>
         <load_address>0x7708</load_address>
         <run_address>0x7708</run_address>
         <size>0x84</size>
         <input_file_ref idref="fl-3"/>
      </object_component>
      <object_component id="oc-24e">
         <name>.debug_info</name>
         <load_address>0x778c</load_address>
         <run_address>0x778c</run_address>
         <size>0x5b0</size>
         <input_file_ref idref="fl-4"/>
      </object_component>
      <object_component id="oc-23c">
         <name>.debug_info</name>
         <load_address>0x7d3c</load_address>
         <run_address>0x7d3c</run_address>
         <size>0x155</size>
         <input_file_ref idref="fl-4"/>
      </object_component>
      <object_component id="oc-243">
         <name>.debug_info</name>
         <load_address>0x7e91</load_address>
         <run_address>0x7e91</run_address>
         <size>0x16c</size>
         <input_file_ref idref="fl-4"/>
      </object_component>
      <object_component id="oc-248">
         <name>.debug_info</name>
         <load_address>0x7ffd</load_address>
         <run_address>0x7ffd</run_address>
         <size>0x1be</size>
         <input_file_ref idref="fl-4"/>
      </object_component>
      <object_component id="oc-115">
         <name>.debug_info</name>
         <load_address>0x81bb</load_address>
         <run_address>0x81bb</run_address>
         <size>0x1ae</size>
         <input_file_ref idref="fl-4"/>
      </object_component>
      <object_component id="oc-1e0">
         <name>.debug_info</name>
         <load_address>0x8369</load_address>
         <run_address>0x8369</run_address>
         <size>0x16c</size>
         <input_file_ref idref="fl-5"/>
      </object_component>
      <object_component id="oc-71c">
         <name>.debug_info</name>
         <load_address>0x84d5</load_address>
         <run_address>0x84d5</run_address>
         <size>0x57c</size>
         <input_file_ref idref="fl-6"/>
      </object_component>
[...]
         <name>MMC_disk_status</name>
         <value>0x619d</value>
         <object_component_ref idref="oc-51e"/>
      </symbol>
      <symbol id="sm-710">
         <name>MMC_disk_write</name>
         <value>0x3a99</value>
         <object_component_ref idref="oc-450"/>
      </symbol>
      <symbol id="sm-711">
         <name>MMC_disk_initialize</name>
         <value>0x239d</value>
         <object_component_ref idref="oc-525"/>
      </symbol>
      <symbol id="sm-757">
         <name>Graphics_setBackgroundColor</name>
         <value>0x5fcf</value>
         <object_component_ref idref="oc-34f"/>
      </symbol>
      <symbol id="sm-758">
         <name>Graphics_setFont</name>
         <value>0x5fe9</value>
         <object_component_ref idref="oc-355"/>
      </symbol>
      <symbol id="sm-759">
         <name>Graphics_initContext</name>
         <value>0x5411</value>
         <object_component_ref idref="oc-343"/>
      </symbol>
      <symbol id="sm-75a">
         <name>Graphics_setForegroundColor</name>
         <value>0x6079</value>
         <object_component_ref idref="oc-349"/>
      </symbol>
      <symbol id="sm-75b">
         <name>Graphics_clearDisplay</name>
         <value>0x6121</value>
         <object_component_ref idref="oc-35b"/>
      </symbol>
      <symbol id="sm-780">
         <name>Graphics_clearDisplayOnDisplay</name>
         <value>0x5fb5</value>
         <object_component_ref idref="oc-4da"/>
      </symbol>
      <symbol id="sm-781">
         <name>Graphics_drawPixelOnDisplay</name>
         <value>0x5d01</value>
         <object_component_ref idref="oc-228"/>
      </symbol>
      <symbol id="sm-782">
         <name>Graphics_translateColorOnDisplay</name>
         <value>0x608f</value>
         <object_component_ref idref="oc-4d1"/>
      </symbol>
      <symbol id="sm-783">
         <name>Graphics_drawHorizontalLineOnDisplay</name>
         <value>0x5a79</value>
         <object_component_ref idref="oc-39d"/>
      </symbol>
      <symbol id="sm-795">
         <name>g_sFontFixed6x8</name>
         <value>0x65f0</value>
         <object_component_ref idref="oc-367"/>
      </symbol>
      <symbol id="sm-7d5">
         <name>Graphics_drawString</name>
         <value>0xb33</value>
         <object_component_ref idref="oc-10e"/>
      </symbol>
      <symbol id="sm-7e8">
         <name>Graphics_drawLineH</name>
         <value>0x4229</value>
         <object_component_ref idref="oc-222"/>
      </symbol>
      <symbol id="sm-808">
         <name>CS_setDCOCenteredFrequency</name>
         <value>0x5ae5</value>
         <object_component_ref idref="oc-1cb"/>
      </symbol>
      <symbol id="sm-817">
         <name>FlashCtl_setWaitState</name>
         <value>0x55ed</value>
         <object_component_ref idref="oc-1bf"/>
      </symbol>
      <symbol id="sm-850">
         <name>GPIO_setOutputHighOnPin</name>
         <value>0x5e05</value>
         <object_component_ref idref="oc-4ad"/>
      </symbol>
      <symbol id="sm-851">
         <name>GPIO_setAsOutputPin</name>
         <value>0x5789</value>
         <object_component_ref idref="oc-633"/>
      </symbol>
      <symbol id="sm-852">
         <name>GPIO_setOutputLowOnPin</name>
         <value>0x5e2d</value>
         <object_component_ref idref="oc-4a7"/>
      </symbol>
      <symbol id="sm-853">
         <name>GPIO_setAsPeripheralModuleFunctionOutputPin</name>
         <value>0x4741</value>
         <object_component_ref idref="oc-62d"/>
      </symbol>
      <symbol id="sm-85e">
         <name>Interrupt_enableMaster</name>
         <value>0x6145</value>
         <object_component_ref idref="oc-102"/>
      </symbol>
      <symbol id="sm-8dc">
         <name>PCM_setCoreVoltageLevel</name>
         <value>0x6155</value>
         <object_component_ref idref="oc-1c5"/>
      </symbol>
      <symbol id="sm-8dd">
         <name>PCM_getCoreVoltageLevel</name>
         <value>0x5049</value>
         <object_component_ref idref="oc-47e"/>
      </symbol>
      <symbol id="sm-8de">
         <name>PCM_getPowerMode</name>
         <value>0x5105</value>
         <object_component_ref idref="oc-478"/>
      </symbol>
      <symbol id="sm-8df">
         <name>PCM_getPowerState</name>
         <value>0x60bd</value>
         <object_component_ref idref="oc-484"/>
      </symbol>
      <symbol id="sm-8e0">
         <name>PCM_setPowerMode</name>
         <value>0x6165</value>
         <object_component_ref idref="oc-48a"/>
      </symbol>
      <symbol id="sm-920">
         <name>EUSCI_B_SPI_enable</name>
         <value>0x6063</value>
         <object_component_ref idref="oc-6f2"/>
      </symbol>
      <symbol id="sm-921">
         <name>SPI_enableModule</name>
         <value>0x5f7d</value>
         <object_component_ref idref="oc-63a"/>
      </symbol>
      <symbol id="sm-922">
         <name>EUSCI_A_SPI_enable</name>
         <value>0x604d</value>
         <object_component_ref idref="oc-6ec"/>
      </symbol>
      <symbol id="sm-923">
         <name>SPI_initMaster</name>
         <value>0x3f9b</value>
         <object_component_ref idref="oc-327"/>
      </symbol>
      <symbol id="sm-95d">
         <name>UART_getEnabledInterruptStatus</name>
         <value>0x4e5d</value>
         <object_component_ref idref="oc-d0"/>
      </symbol>
      <symbol id="sm-95e">
         <name>UART_getInterruptStatus</name>
         <value>0x601d</value>
         <object_component_ref idref="oc-188"/>
      </symbol>
      <symbol id="sm-95f">
         <name>UART_initModule</name>
         <value>0x3105</value>
         <object_component_ref idref="oc-32e"/>
      </symbol>
      <symbol id="sm-96b">
         <name>WDT_A_holdTimer</name>
         <value>0x5ef1</value>
         <object_component_ref idref="oc-1b9"/>
      </symbol>
      <symbol id="sm-975">
         <name>CPU_cpsie</name>
         <value>0x6191</value>
         <object_component_ref idref="oc-1ff"/>
      </symbol>
      <symbol id="sm-99c">
         <name>sprintf</name>
         <value>0x5949</value>
         <object_component_ref idref="oc-126"/>
      </symbol>
      <symbol id="sm-9b7">
         <name>memcpy</name>
         <value>0x42c5</value>
         <object_component_ref idref="oc-37"/>
      </symbol>
      <symbol id="sm-9b8">
         <name>__aeabi_memcpy</name>
         <value>0x42c5</value>
         <object_component_ref idref="oc-37"/>
      </symbol>
      <symbol id="sm-9b9">
         <name>__aeabi_memcpy8</name>
         <value>0x42c5</value>
         <object_component_ref idref="oc-37"/>
      </symbol>
      <symbol id="sm-9ba">
         <name>__aeabi_memcpy4</name>
         <value>0x42c5</value>
         <object_component_ref idref="oc-37"/>
      </symbol>
      <symbol id="sm-9d1">
         <name>__TI_zero_init</name>
         <value>0x61b5</value>
         <object_component_ref idref="oc-49"/>
      </symbol>
      <symbol id="sm-9e8">
         <name>__TI_decompress_none</name>
         <value>0x6175</value>
         <object_component_ref idref="oc-1d"/>
      </symbol>
      <symbol id="sm-a0b">
         <name>__TI_decompress_lzss</name>
         <value>0x4df5</value>
         <object_component_ref idref="oc-17"/>
      </symbol>
      <symbol id="sm-a1e">
         <name>__stack</name>
         <value>0x2000fe00</value>
         <object_component_ref idref="oc-29"/>
      </symbol>
      <symbol id="sm-a1f">
         <name>_c_int00_noargs</name>
         <value>0x5b19</value>
         <object_component_ref idref="oc-55"/>
      </symbol>
      <symbol id="sm-b84">
         <name>__TI_printfi</name>
         <value>0xe5</value>
         <object_component_ref idref="oc-280"/>
      </symbol>
      <symbol id="sm-ba4">
         <name>frexpl</name>
         <value>0x4ec1</value>
         <object_component_ref idref="oc-5a0"/>
      </symbol>
      <symbol id="sm-ba5">
         <name>frexp</name>
         <value>0x4ec1</value>
         <object_component_ref idref="oc-5a0"/>
      </symbol>
      <symbol id="sm-bc2">
         <name>scalbn</name>
         <value>0x3339</value>
         <object_component_ref idref="oc-5a6"/>
      </symbol>
      <symbol id="sm-bc3">
         <name>scalbnl</name>
         <value>0x3339</value>
         <object_component_ref idref="oc-5a6"/>
      </symbol>
      <symbol id="sm-bc4">
         <name>ldexpl</name>
         <value>0x3339</value>
         <object_component_ref idref="oc-5a6"/>
      </symbol>
      <symbol id="sm-bc5">
         <name>ldexp</name>
         <value>0x3339</value>
         <object_component_ref idref="oc-5a6"/>
      </symbol>
      <symbol id="sm-bde">
         <name>wcslen</name>
         <value>0x6133</value>
         <object_component_ref idref="oc-409"/>
      </symbol>
      <symbol id="sm-bf5">
         <name>__aeabi_dsub</name>
         <value>0x21e5</value>
         <object_component_ref idref="oc-580"/>
      </symbol>
      <symbol id="sm-bf6">
         <name>__aeabi_dadd</name>
         <value>0x21ef</value>
         <object_component_ref idref="oc-580"/>
      </symbol>
      <symbol id="sm-c18">
         <name>__aeabi_cdcmpeq</name>
         <value>0x47c9</value>
         <object_component_ref idref="oc-3e6"/>
      </symbol>
      <symbol id="sm-c19">
         <name>__aeabi_cdcmple</name>
         <value>0x47c9</value>
         <object_component_ref idref="oc-3e6"/>
      </symbol>
      <symbol id="sm-c1a">
         <name>__aeabi_cdrcmple</name>
         <value>0x484f</value>
         <object_component_ref idref="oc-56b"/>
      </symbol>
      <symbol id="sm-c2e">
         <name>__aeabi_ddiv</name>
         <value>0x2c49</value>
         <object_component_ref idref="oc-566"/>
      </symbol>
      <symbol id="sm-c39">
         <name>__aeabi_dmul</name>
         <value>0x3655</value>
         <object_component_ref idref="oc-561"/>
      </symbol>
      <symbol id="sm-c43">
         <name>__aeabi_d2iz</name>
         <value>0x5635</value>
         <object_component_ref idref="oc-570"/>
      </symbol>
      <symbol id="sm-c4d">
         <name>__aeabi_i2d</name>
         <value>0x5ca5</value>
         <object_component_ref idref="oc-57b"/>
      </symbol>
      <symbol id="sm-c5a">
         <name>__aeabi_uldivmod</name>
         <value>0x4361</value>
         <object_component_ref idref="oc-55a"/>
      </symbol>
      <symbol id="sm-c69">
         <name>__aeabi_memset</name>
         <value>0x4a53</value>
         <object_component_ref idref="oc-a5"/>
      </symbol>
      <symbol id="sm-c6a">
         <name>memset</name>
         <value>0x4a59</value>
         <object_component_ref idref="oc-a5"/>
      </symbol>
      <symbol id="sm-c6b">
         <name>__aeabi_memset8</name>
         <value>0x4a53</value>
         <object_component_ref idref="oc-a5"/>
      </symbol>
      <symbol id="sm-c6c">
         <name>__aeabi_memset4</name>
         <value>0x4a53</value>
         <object_component_ref idref="oc-a5"/>
      </symbol>
      <symbol id="sm-c6d">
         <name>__aeabi_memclr8</name>
         <value>0x4a51</value>
         <object_component_ref idref="oc-a5"/>
      </symbol>
      <symbol id="sm-c6e">
         <name>__aeabi_memclr4</name>
         <value>0x4a51</value>
         <object_component_ref idref="oc-a5"/>
      </symbol>
      <symbol id="sm-c6f">
         <name>__aeabi_memclr</name>
         <value>0x4a51</value>
         <object_component_ref idref="oc-a5"/>
      </symbol>
      <symbol id="sm-c97">
         <name>__TI_auto_init_nobinit_nopinit</name>
         <value>0x567d</value>
         <object_component_ref idref="oc-152"/>
      </symbol>
      <symbol id="sm-ca1">
         <name>_system_pre_init</name>
         <value>0x61e9</value>
         <object_component_ref idref="oc-ab"/>
      </symbol>
      <symbol id="sm-cad">
         <name>C$$EXIT</name>
         <value>0x61ed</value>
         <object_component_ref idref="oc-146"/>
      </symbol>
      <symbol id="sm-cae">
         <name>abort</name>
         <value>0x61ed</value>
         <object_component_ref idref="oc-146"/>
      </symbol>
      <symbol id="sm-cbe">
         <name>__TI_ltoa</name>
         <value>0x53bd</value>
         <object_component_ref idref="oc-575"/>
      </symbol>
      <symbol id="sm-cd5">
         <name>atoi</name>
         <value>0x5555</value>
         <object_component_ref idref="oc-3da"/>
      </symbol>
      <symbol id="sm-ce0">
         <name>_ctypes_</name>
         <value>0x64ec</value>
         <object_component_ref idref="oc-555"/>
      </symbol>
      <symbol id="sm-cf0">
         <name>memccpy</name>
         <value>0x5f99</value>
         <object_component_ref idref="oc-403"/>
      </symbol>
      <symbol id="sm-d00">
         <name>strchr</name>
         <value>0x60a5</value>
         <object_component_ref idref="oc-5ac"/>
      </symbol>
      <symbol id="sm-d0e">
         <name>strlen</name>
         <value>0x610d</value>
         <object_component_ref idref="oc-3d4"/>
      </symbol>
      <symbol id="sm-d24">
         <name>__aeabi_errno_addr</name>
         <value>0x61e1</value>
         <object_component_ref idref="oc-40f"/>
      </symbol>
      <symbol id="sm-d25">
         <name>errno</name>
         <value>0x20000768</value>
         <object_component_ref idref="oc-5bc"/>
      </symbol>
      <symbol id="sm-d2f">
         <name>copysign</name>
         <value>0x6003</value>
         <object_component_ref idref="oc-6a7"/>
      </symbol>
      <symbol id="sm-d30">
         <name>copysignl</name>
         <value>0x6003</value>
         <object_component_ref idref="oc-6a7"/>
      </symbol>
      <symbol id="sm-d3a">
         <name>__aeabi_idiv0</name>
         <value>0x2d7f</value>
         <object_component_ref idref="oc-68e"/>
      </symbol>
      <symbol id="sm-d3b">
         <name>__aeabi_ldiv0</name>
         <value>0x2d7f</value>
         <object_component_ref idref="oc-68e"/>
      </symbol>
      <symbol id="sm-d3c">
         <name>__TI_static_base__</name>
         <value>0x0</value>
      </symbol>
      <symbol id="sm-d3f">
         <name>__mpu_init</name>
         <value>0x0</value>
      </symbol>
      <symbol id="sm-d40">
         <name>_system_post_cinit</name>
         <value>0x0</value>
      </symbol>
      <symbol id="sm-d41">
         <name>NMI_Handler</name>
         <value>0x239b</value>
      </symbol>
      <symbol id="sm-d42">
         <name>HardFault_Handler</name>
         <value>0x239b</value>
      </symbol>
      <symbol id="sm-d43">
         <name>MemManage_Handler</name>
         <value>0x239b</value>
      </symbol>
      <symbol id="sm-d44">
         <name>BusFault_Handler</name>
         <value>0x239b</value>
      </symbol>
      <symbol id="sm-d45">
         <name>UsageFault_Handler</name>
         <value>0x239b</value>
      </symbol>
      <symbol id="sm-d46">
         <name>SVC_Handler</name>
         <value>0x239b</value>
      </symbol>
      <symbol id="sm-d47">
         <name>DebugMon_Handler</name>
         <value>0x239b</value>
      </symbol>
      <symbol id="sm-d48">
         <name>PendSV_Handler</name>
         <value>0x239b</value>
      </symbol>
      <symbol id="sm-d49">
         <name>SysTick_Handler</name>
         <value>0x239b</value>
      </symbol>
      <symbol id="sm-d4a">
         <name>PSS_IRQHandler</name>
         <value>0x239b</value>
      </symbol>
      <symbol id="sm-d4b">
         <name>CS_IRQHandler</name>
         <value>0x239b</value>
      </symbol>
      <symbol id="sm-d4c">
         <name>PCM_IRQHandler</name>
         <value>0x239b</value>
      </symbol>
      <symbol id="sm-d4d">
         <name>WDT_A_IRQHandler</name>
         <value>0x239b</value>
      </symbol>
      <symbol id="sm-d4e">
         <name>FPU_IRQHandler</name>
         <value>0x239b</value>
      </symbol>
      <symbol id="sm-d4f">
         <name>FLCTL_IRQHandler</name>
         <value>0x239b</value>
      </symbol>
      <symbol id="sm-d50">
         <name>COMP_E0_IRQHandler</name>
         <value>0x239b</value>
      </symbol>
      <symbol id="sm-d51">
         <name>COMP_E1_IRQHandler</name>
         <value>0x239b</value>
      </symbol>
      <symbol id="sm-d52">
         <name>TA0_0_IRQHandler</name>
         <value>0x60e5</value>
      </symbol>
      <symbol id="sm-d53">
         <name>TA0_N_IRQHandler</name>
         <value>0x239b</value>
      </symbol>
      <symbol id="sm-d54">
         <name>TA1_0_IRQHandler</name>
         <value>0x5d59</value>
      </symbol>
      <symbol id="sm-d55">
         <name>TA1_N_IRQHandler</name>
         <value>0x239b</value>
      </symbol>
      <symbol id="sm-d56">
         <name>TA2_0_IRQHandler</name>
         <value>0x239b</value>
      </symbol>
      <symbol id="sm-d57">
         <name>TA2_N_IRQHandler</name>
         <value>0x239b</value>
      </symbol>
      <symbol id="sm-d58">
         <name>TA3_0_IRQHandler</name>
         <value>0x239b</value>
      </symbol>
      <symbol id="sm-d59">
         <name>TA3_N_IRQHandler</name>
         <value>0x239b</value>
      </symbol>
      <symbol id="sm-d5a">
         <name>EUSCIA0_IRQHandler</name>
         <value>0x46b9</value>
      </symbol>
      <symbol id="sm-d5b">
         <name>EUSCIA1_IRQHandler</name>
         <value>0x239b</value>
      </symbol>
      <symbol id="sm-d5c">
         <name>EUSCIA2_IRQHandler</name>
         <value>0x4b45</value>
      </symbol>
      <symbol id="sm-d5d">
         <name>EUSCIA3_IRQHandler</name>
         <value>0x239b</value>
      </symbol>
      <symbol id="sm-d5e">
         <name>EUSCIB0_IRQHandler</name>
         <value>0x239b</value>
      </symbol>
      <symbol id="sm-d5f">
         <name>EUSCIB1_IRQHandler</name>
         <value>0x239b</value>
      </symbol>
      <symbol id="sm-d60">
         <name>EUSCIB2_IRQHandler</name>
         <value>0x239b</value>
      </symbol>
      <symbol id="sm-d61">
         <name>EUSCIB3_IRQHandler</name>
         <value>0x239b</value>
      </symbol>
      <symbol id="sm-d62">
         <name>ADC14_IRQHandler</name>
         <value>0x239b</value>
      </symbol>
      <symbol id="sm-d63">
         <name>T32_INT1_IRQHandler</name>
         <value>0x239b</value>
      </symbol>
      <symbol id="sm-d64">
         <name>T32_INT2_IRQHandler</name>
         <value>0x239b</value>
      </symbol>
      <symbol id="sm-d65">
         <name>T32_INTC_IRQHandler</name>
         <value>0x239b</value>
      </symbol>
      <symbol id="sm-d66">
         <name>AES256_IRQHandler</name>
         <value>0x239b</value>
      </symbol>
      <symbol id="sm-d67">
         <name>RTC_C_IRQHandler</name>
         <value>0x239b</value>
      </symbol>
      <symbol id="sm-d68">
         <name>DMA_ERR_IRQHandler</name>
         <value>0x239b</value>
      </symbol>
      <symbol id="sm-d69">
         <name>DMA_INT3_IRQHandler</name>
         <value>0x239b</value>
      </symbol>
      <symbol id="sm-d6a">
         <name>DMA_INT2_IRQHandler</name>
         <value>0x239b</value>
      </symbol>
      <symbol id="sm-d6b">
         <name>DMA_INT1_IRQHandler</name>
         <value>0x239b</value>
      </symbol>
      <symbol id="sm-d6c">
         <name>DMA_INT0_IRQHandler</name>
         <value>0x239b</value>
      </symbol>
      <symbol id="sm-d6d">
         <name>PORT1_IRQHandler</name>
         <value>0x239b</value>
      </symbol>
      <symbol id="sm-d6e">
         <name>PORT2_IRQHandler</name>
         <value>0x239b</value>
      </symbol>
      <symbol id="sm-d6f">
         <name>PORT3_IRQHandler</name>
         <value>0x239b</value>
      </symbol>
      <symbol id="sm-d70">
         <name>PORT4_IRQHandler</name>
         <value>0x239b</value>
      </symbol>
      <symbol id="sm-d71">
         <name>PORT5_IRQHandler</name>
         <value>0x239b</value>
      </symbol>
      <symbol id="sm-d72">
         <name>PORT6_IRQHandler</name>
         <value>0x239b</value>
      </symbol>
   </symbol_table>
   <title>Link successful</title>
</link_info>
