******************************************************************************
                  TI ARM Linker PC v20.2.5                     
******************************************************************************
>> Linked Sun Dec 19 17:23:38 2021

OUTPUT FILE NAME:   <MSP432GAMES.out>
ENTRY POINT SYMBOL: "_c_int00_noargs"  address: 00002175


MEMORY CONFIGURATION

         name            origin    length      used     unused   attr    fill
----------------------  --------  ---------  --------  --------  ----  --------
  MAIN                  00000000   00040000  00002bc6  0003d43a  R  X
  INFO                  00200000   00004000  00000000  00004000  R  X
  SRAM_CODE             01000000   00010000  00000287  0000fd79  RW X
  SRAM_DATA             20000000   00010000  00000287  0000fd79  RW  


SEGMENT ALLOCATION MAP

run origin  load origin   length   init length attrs members
----------  ----------- ---------- ----------- ----- -------
00000000    00000000    00002bc8   00002bc8    r-x
  00000000    00000000    000000e4   000000e4    r-- .intvecs
  000000e4    000000e4    000025be   000025be    r-x .text
  000026a4    000026a4    000004bc   000004bc    r-- .const
  00002b60    00002b60    00000068   00000068    r-- .cinit
20000000    20000000    0000008a   00000000    rw-
  20000000    20000000    00000051   00000000    rw- .data
  20000054    20000054    00000036   00000000    rw- .bss
2000fe00    2000fe00    00000200   00000000    rw-
  2000fe00    2000fe00    00000200   00000000    rw- .stack


SECTION ALLOCATION MAP

 output                                  attributes/
section   page    origin      length       input sections
--------  ----  ----------  ----------   ----------------
.intvecs   0    00000000    000000e4     
                  00000000    000000e4     startup_msp432p401r_ccs.obj (.intvecs:retain)

.text      0    000000e4    000025be     
                  000000e4    000001f0     graphic.obj (.text:Graphics_fillTriangle)
                  000002d4    000001d8     Crystalfontz128x128_ST7735.obj (.text:Crystalfontz128x128_PixelDrawMultiple)
                  000004ac    00000180     grlib.a : line.obj (.text:Graphics_clipLine)
                  0000062c    00000174             : line.obj (.text:Graphics_drawLine)
                  000007a0    00000160     msp432p4xx_driverlib.lib : adc14.o (.text:_getIndexForMemRegister)
                  00000900    0000015c                              : pcm.o (.text:__PCM_setPowerModeAdvanced)
                  00000a5c    00000144                              : timer_a.o (.text:privateTimer_AProcessClockSourceDivider)
                  00000ba0    00000134     Crystalfontz128x128_ST7735.obj (.text:Crystalfontz128x128_SetDrawFrame)
                  00000cd4    00000130     msp432p4xx_driverlib.lib : cs.o (.text:CS_initClockSignal)
                  00000e04    0000012c     Crystalfontz128x128_ST7735.obj (.text:Crystalfontz128x128_Init)
                  00000f30    00000108     msp432p4xx_driverlib.lib : pcm.o (.text:__PCM_setCoreVoltageLevelAdvanced)
                  00001038    000000fc     input.obj (.text:_inputInit)
                  00001134    000000b4     msp432p4xx_driverlib.lib : adc14.o (.text:ADC14_configureConversionMemory)
                  000011e8    000000b4                              : adc14.o (.text:ADC14_configureMultiSequenceMode)
                  0000129c    000000b0                              : spi.o (.text:SPI_initMaster)
                  0000134c    0000009c     Crystalfontz128x128_ST7735.obj (.text:Crystalfontz128x128_RectFill)
                  000013e8    0000009c     grlib.a : line.obj (.text:Graphics_drawLineH)
                  00001484    0000009c             : line.obj (.text:Graphics_drawLineV)
                  00001520    0000009c     rtsv7M4_T_le_v4SPD16_eabi.lib : memcpy_t2.asm.obj (.text)
                  000015bc    0000008c     sound.obj (.text:TA1_0_IRQHandler)
                  00001648    00000088     msp432p4xx_driverlib.lib : gpio.o (.text:GPIO_setAsPeripheralModuleFunctionInputPin)
                  000016d0    00000088                              : gpio.o (.text:GPIO_setAsPeripheralModuleFunctionOutputPin)
                  00001758    00000080                              : interrupt.o (.text:Interrupt_enableInterrupt)
                  000017d8    00000080     sound.obj (.text:playNote)
                  00001858    00000078     system_msp432p401r.obj (.text:SystemInit)
                  000018d0    00000068     msp432p4xx_driverlib.lib : timer_a.o (.text:Timer_A_configureUpMode)
                  00001938    00000068     rtsv7M4_T_le_v4SPD16_eabi.lib : copy_decompress_lzss.c.obj (.text:decompress:lzss:__TI_decompress_lzss)
                  000019a0    00000064     grlib.a : line.obj (.text:Graphics_getClipCode)
                  00001a04    00000060     Crystalfontz128x128_ST7735.obj (.text:Crystalfontz128x128_LineDrawH)
                  00001a64    00000060     Crystalfontz128x128_ST7735.obj (.text:Crystalfontz128x128_LineDrawV)
                  00001ac4    0000005e     msp432p4xx_driverlib.lib : pcm.o (.text:PCM_getCoreVoltageLevel)
                  00001b22    0000005e     util.obj (.text:_hwInit)
                  00001b80    0000005a     msp432p4xx_driverlib.lib : pcm.o (.text:PCM_getPowerMode)
                  00001bda    00000002     startup_msp432p401r_ccs.obj (.text:Default_Handler)
                  00001bdc    00000054     msp432p4xx_driverlib.lib : adc14.o (.text:ADC14_initModule)
                  00001c30    00000054     Crystalfontz128x128_ST7735.obj (.text:Crystalfontz128x128_SetOrientation)
                  00001c84    00000052     graphic.obj (.text:Graphics_drawTriangle)
                  00001cd6    00000052     grlib.a : context.obj (.text:Graphics_initContext)
                  00001d28    00000050     main.obj (.text:main)
                  00001d78    0000004e     msp432p4xx_driverlib.lib : timer_a.o (.text:Timer_A_initCompare)
                  00001dc6    0000004c                              : timer_a.o (.text:Timer_A_getCounterValue)
                  00001e12    00000002     --HOLE-- [fill = 0]
                  00001e14    0000004c     graphic.obj (.text:_graphicsInit)
                  00001e60    00000048     msp432p4xx_driverlib.lib : flash.o (.text:FlashCtl_setWaitState)
                  00001ea8    00000044     input.obj (.text:ADC14_IRQHandler)
                  00001eec    00000044     rtsv7M4_T_le_v4SPD16_eabi.lib : autoinit.c.obj (.text:__TI_auto_init_nobinit_nopinit:__TI_auto_init_nobinit_nopinit)
                  00001f30    00000040     Crystalfontz128x128_ST7735.obj (.text:Crystalfontz128x128_PixelDraw)
                  00001f70    00000040     msp432p4xx_driverlib.lib : gpio.o (.text:GPIO_setAsOutputPin)
                  00001fb0    00000040     HAL_MSP_EXP432P401R_Crystalfontz128x128_ST7735.obj (.text:HAL_LCD_SpiInit)
                  00001ff0    00000040     msp432p4xx_driverlib.lib : spi.o (.text:is_A_Module)
                  00002030    00000038                              : adc14.o (.text:ADC14_getEnabledInterruptStatus)
                  00002068    00000038     HAL_MSP_EXP432P401R_Crystalfontz128x128_ST7735.obj (.text:HAL_LCD_writeCommand)
                  000020a0    00000036     grlib.a : display.obj (.text:Graphics_drawHorizontalLineOnDisplay)
                  000020d6    00000036             : display.obj (.text:Graphics_drawVerticalLineOnDisplay)
                  0000210c    00000034     msp432p4xx_driverlib.lib : adc14.o (.text:ADC14_enableSampleTimer)
                  00002140    00000034                              : cs.o (.text:CS_setDCOCenteredFrequency)
                  00002174    00000034     rtsv7M4_T_le_v4SPD16_eabi.lib : boot_cortex_m.c.obj (.text:_c_int00_noargs:_c_int00_noargs)
                  000021a8    00000030     msp432p4xx_driverlib.lib : adc14.o (.text:ADC14_clearInterruptFlag)
                  000021d8    00000030                              : adc14.o (.text:ADC14_enableInterrupt)
                  00002208    00000030                              : cs.o (.text:CS_setReferenceOscillatorFrequency)
                  00002238    00000030     HAL_MSP_EXP432P401R_Crystalfontz128x128_ST7735.obj (.text:HAL_LCD_PortInit)
                  00002268    0000002c     msp432p4xx_driverlib.lib : adc14.o (.text:ADC14_getInterruptStatus)
                  00002294    0000002c                              : adc14.o (.text:ADC14_toggleConversionTrigger)
                  000022c0    0000002c     Crystalfontz128x128_ST7735.obj (.text:Crystalfontz128x128_ClearScreen)
                  000022ec    0000002c     grlib.a : display.obj (.text:Graphics_drawPixelOnDisplay)
                  00002318    0000002c     HAL_MSP_EXP432P401R_Crystalfontz128x128_ST7735.obj (.text:HAL_LCD_writeData)
                  00002344    0000002c     msp432p4xx_driverlib.lib : timer_a.o (.text:Timer_A_clearCaptureCompareInterrupt)
                  00002370    0000002c                              : timer_a.o (.text:Timer_A_enableCaptureCompareInterrupt)
                  0000239c    00000028                              : adc14.o (.text:ADC14_enableConversion)
                  000023c4    00000028                              : adc14.o (.text:ADC14_getResult)
                  000023ec    00000028     Crystalfontz128x128_ST7735.obj (.text:Crystalfontz128x128_ColorTranslate)
                  00002414    00000028     msp432p4xx_driverlib.lib : gpio.o (.text:GPIO_setOutputHighOnPin)
                  0000243c    00000028                              : gpio.o (.text:GPIO_setOutputLowOnPin)
                  00002464    00000028                              : timer_a.o (.text:Timer_A_setCompareValue)
                  0000248c    00000024                              : wdt_a.o (.text:WDT_A_holdTimer)
                  000024b0    00000020     sound.obj (.text:_soundInit)
                  000024d0    0000001c     msp432p4xx_driverlib.lib : spi.o (.text:SPI_enableModule)
                  000024ec    0000001c     rtsv7M4_T_le_v4SPD16_eabi.lib : copy_zero_init.c.obj (.text:decompress:ZI:__TI_zero_init_nomemset:__TI_zero_init_nomemset)
                  00002508    0000001a     grlib.a : display.obj (.text:Graphics_clearDisplayOnDisplay)
                  00002522    0000001a             : context.obj (.text:Graphics_setBackgroundColor)
                  0000253c    0000001a             : context.obj (.text:Graphics_setFont)
                  00002556    00000016     msp432p4xx_driverlib.lib : spi.o (.text:EUSCI_A_SPI_enable)
                  0000256c    00000016                              : spi.o (.text:EUSCI_B_SPI_enable)
                  00002582    00000016     grlib.a : context.obj (.text:Graphics_setForegroundColor)
                  00002598    00000016             : display.obj (.text:Graphics_translateColorOnDisplay)
                  000025ae    00000016     msp432p4xx_driverlib.lib : timer_a.o (.text:Timer_A_startCounter)
                  000025c4    00000014                              : pcm.o (.text:PCM_getPowerState)
                  000025d8    00000014     sound.obj (.text:stopSound)
                  000025ec    00000012     grlib.a : context.obj (.text:Graphics_clearDisplay)
                  000025fe    00000002     --HOLE-- [fill = 0]
                  00002600    00000010     msp432p4xx_driverlib.lib : adc14.o (.text:ADCIsConversionRunning)
                  00002610    00000010                              : interrupt.o (.text:Interrupt_disableMaster)
                  00002620    00000010                              : interrupt.o (.text:Interrupt_enableMaster)
                  00002630    00000010                              : pcm.o (.text:PCM_setCoreVoltageLevel)
                  00002640    00000010                              : pcm.o (.text:PCM_setPowerMode)
                  00002650    0000000e     rtsv7M4_T_le_v4SPD16_eabi.lib : copy_decompress_none.c.obj (.text:decompress:none:__TI_decompress_none)
                  0000265e    00000002     --HOLE-- [fill = 0]
                  00002660    0000000c     msp432p4xx_driverlib.lib : adc14.o (.text:ADC14_enableModule)
                  0000266c    0000000c                              : cpu.o (.text:CPU_cpsid)
                  00002678    0000000c                              : cpu.o (.text:CPU_cpsie)
                  00002684    0000000c     startup_msp432p401r_ccs.obj (.text:Reset_Handler)
                  00002690    0000000a     Crystalfontz128x128_ST7735.obj (.text:Crystalfontz128x128_Flush)
                  0000269a    00000004     rtsv7M4_T_le_v4SPD16_eabi.lib : pre_init.c.obj (.text:_system_pre_init)
                  0000269e    00000004                                   : exit.c.obj (.text:abort:abort)

.const     0    000026a4    000004bc     
                  000026a4    000002f8     grlib.a : fontfixed6x8.obj (.const:.string:g_pucFontFixed6x8Data)
                  0000299c    000000c8             : fontfixed6x8.obj (.const:g_sFontFixed6x8)
                  00002a64    00000080     msp432p4xx_driverlib.lib : adc14.o (.const:_ctlRegs)
                  00002ae4    00000030                              : gpio.o (.const:GPIO_PORT_TO_BASE)
                  00002b14    00000020     Crystalfontz128x128_ST7735.obj (.const:g_sCrystalfontz128x128_funcs)
                  00002b34    0000001c     HAL_MSP_EXP432P401R_Crystalfontz128x128_ST7735.obj (.const:$P$T0$1)
                  00002b50    00000008     Crystalfontz128x128_ST7735.obj (.const:$P$T0$1)
                  00002b58    00000008     msp432p4xx_driverlib.lib : interrupt.o (.const:g_pulEnRegs)

.cinit     0    00002b60    00000068     
                  00002b60    00000041     (.cinit..data.load) [load image, compression = lzss]
                  00002ba1    00000003     --HOLE-- [fill = 0]
                  00002ba4    0000000c     (__TI_handler_table)
                  00002bb0    00000008     (.cinit..bss.load) [load image, compression = zero_init]
                  00002bb8    00000010     (__TI_cinit_table)

.init_array 
*          0    00000000    00000000     UNINITIALIZED

.binit     0    00000000    00000000     

.data      0    20000000    00000051     UNINITIALIZED
                  20000000    00000018     sound.obj (.data:noteClock)
                  20000018    00000018     sound.obj (.data:notePeriods)
                  20000030    00000010     sound.obj (.data:compareConfig_PWM)
                  20000040    00000010     Crystalfontz128x128_ST7735.obj (.data:g_sCrystalfontz128x128)
                  20000050    00000001     sound.obj (.data)

.bss       0    20000054    00000036     UNINITIALIZED
                  20000054    0000001c     (.common:ctx)
                  20000070    00000004     (.common:_notes)
                  20000074    00000004     (.common:_notesPlayed)
                  20000078    00000004     (.common:_numNotes)
                  2000007c    00000002     (.common:Lcd_ScreenHeigth)
                  2000007e    00000002     (.common:Lcd_ScreenWidth)
                  20000080    00000002     (.common:Lcd_TouchTrim)
                  20000082    00000002     (.common:joystick_x)
                  20000084    00000002     (.common:joystick_y)
                  20000086    00000001     (.common:Lcd_FlagRead)
                  20000087    00000001     (.common:Lcd_FontSolid)
                  20000088    00000001     (.common:Lcd_Orientation)
                  20000089    00000001     (.common:Lcd_PenSolid)

.stack     0    2000fe00    00000200     UNINITIALIZED
                  2000fe00    00000004     rtsv7M4_T_le_v4SPD16_eabi.lib : boot_cortex_m.c.obj (.stack)
                  2000fe04    000001fc     --HOLE--

__llvm_prf_cnts 
*          0    20000000    00000000     UNINITIALIZED

MODULE SUMMARY

       Module                                               code   ro data   rw data
       ------                                               ----   -------   -------
    .\
       main.obj                                             80     0         64     
       system_msp432p401r.obj                               120    0         0      
    +--+----------------------------------------------------+------+---------+---------+
       Total:                                               200    0         64     
                                                                                    
    .\ccs\
       startup_msp432p401r_ccs.obj                          14     228       0      
    +--+----------------------------------------------------+------+---------+---------+
       Total:                                               14     228       0      
                                                                                    
    .\libraries\
       graphic.obj                                          654    0         0      
       sound.obj                                            320    0         154    
       input.obj                                            320    0         0      
       util.obj                                             94     0         0      
    +--+----------------------------------------------------+------+---------+---------+
       Total:                                               1388   0         154    
                                                                                    
    .\libraries\LcdDriver\
       Crystalfontz128x128_ST7735.obj                       1670   40        52     
       HAL_MSP_EXP432P401R_Crystalfontz128x128_ST7735.obj   212    28        0      
    +--+----------------------------------------------------+------+---------+---------+
       Total:                                               1882   68        52     
                                                                                    
    C:/ti/simplelink_msp432p4_sdk_3_40_01_02/source/ti/devices/msp432p4xx/driverlib/ccs/msp432p4xx_driverlib.lib
       adc14.o                                              1196   128       0      
       pcm.o                                                848    0         0      
       timer_a.o                                            732    0         0      
       gpio.o                                               416    48        0      
       cs.o                                                 404    0         0      
       spi.o                                                312    0         0      
       interrupt.o                                          160    8         0      
       flash.o                                              72     0         0      
       wdt_a.o                                              36     0         0      
       cpu.o                                                24     0         0      
    +--+----------------------------------------------------+------+---------+---------+
       Total:                                               4200   184       0      
                                                                                    
    C:/ti/simplelink_msp432p4_sdk_3_40_01_02/source/ti/grlib/lib/ccs/m4f/grlib.a
       line.obj                                             1168   0         0      
       fontfixed6x8.obj                                     0      960       0      
       display.obj                                          200    0         0      
       context.obj                                          174    0         0      
    +--+----------------------------------------------------+------+---------+---------+
       Total:                                               1542   960       0      
                                                                                    
    C:\ti\ccs1040\ccs\tools\compiler\ti-cgt-arm_20.2.5.LTS\lib\rtsv7M4_T_le_v4SPD16_eabi.lib
       memcpy_t2.asm.obj                                    156    0         0      
       copy_decompress_lzss.c.obj                           104    0         0      
       autoinit.c.obj                                       68     0         0      
       boot_cortex_m.c.obj                                  52     0         0      
       copy_zero_init.c.obj                                 28     0         0      
       copy_decompress_none.c.obj                           14     0         0      
       exit.c.obj                                           4      0         0      
       pre_init.c.obj                                       4      0         0      
    +--+----------------------------------------------------+------+---------+---------+
       Total:                                               430    0         0      
                                                                                    
       Stack:                                               0      0         1024   
       Linker Generated:                                    0      101       0      
    +--+----------------------------------------------------+------+---------+---------+
       Grand Total:                                         9656   1541      1294   


LINKER GENERATED COPY TABLES

__TI_cinit_table @ 00002bb8 records: 2, size/record: 8, table size: 16
	.data: load addr=00002b60, load size=00000041 bytes, run addr=20000000, run size=00000051 bytes, compression=lzss
	.bss: load addr=00002bb0, load size=00000008 bytes, run addr=20000054, run size=00000036 bytes, compression=zero_init


LINKER GENERATED HANDLER TABLE

__TI_handler_table @ 00002ba4 records: 3, size/record: 4, table size: 12
	index: 0, handler: __TI_decompress_lzss
	index: 1, handler: __TI_decompress_none
	index: 2, handler: __TI_zero_init


GLOBAL SYMBOLS: SORTED ALPHABETICALLY BY Name 

address   name                                       
-------   ----                                       
00001ea9  ADC14_IRQHandler                           
00001ea9  ADC14_IRQHandler                           
000021a9  ADC14_clearInterruptFlag                   
00001135  ADC14_configureConversionMemory            
000011e9  ADC14_configureMultiSequenceMode           
0000239d  ADC14_enableConversion                     
000021d9  ADC14_enableInterrupt                      
00002661  ADC14_enableModule                         
0000210d  ADC14_enableSampleTimer                    
00002031  ADC14_getEnabledInterruptStatus            
00002269  ADC14_getInterruptStatus                   
000023c5  ADC14_getResult                            
00001bdd  ADC14_initModule                           
00002295  ADC14_toggleConversionTrigger              
00001bdb  AES256_IRQHandler                          
00001bdb  BusFault_Handler                           
0000269f  C$$EXIT                                    
00001bdb  COMP_E0_IRQHandler                         
00001bdb  COMP_E1_IRQHandler                         
0000266d  CPU_cpsid                                  
00002679  CPU_cpsie                                  
00001bdb  CS_IRQHandler                              
00000cd5  CS_initClockSignal                         
00002141  CS_setDCOCenteredFrequency                 
00002209  CS_setReferenceOscillatorFrequency         
00000e05  Crystalfontz128x128_Init                   
00000ba1  Crystalfontz128x128_SetDrawFrame           
00001c31  Crystalfontz128x128_SetOrientation         
00001bdb  DMA_ERR_IRQHandler                         
00001bdb  DMA_INT0_IRQHandler                        
00001bdb  DMA_INT1_IRQHandler                        
00001bdb  DMA_INT2_IRQHandler                        
00001bdb  DMA_INT3_IRQHandler                        
00001bdb  DebugMon_Handler                           
00001bdb  Default_Handler                            
00001bdb  EUSCIA0_IRQHandler                         
00001bdb  EUSCIA1_IRQHandler                         
00001bdb  EUSCIA2_IRQHandler                         
00001bdb  EUSCIA3_IRQHandler                         
00001bdb  EUSCIB0_IRQHandler                         
00001bdb  EUSCIB1_IRQHandler                         
00001bdb  EUSCIB2_IRQHandler                         
00001bdb  EUSCIB3_IRQHandler                         
00002557  EUSCI_A_SPI_enable                         
0000256d  EUSCI_B_SPI_enable                         
00001bdb  FLCTL_IRQHandler                           
00001bdb  FPU_IRQHandler                             
00001e61  FlashCtl_setWaitState                      
00001f71  GPIO_setAsOutputPin                        
00001649  GPIO_setAsPeripheralModuleFunctionInputPin 
000016d1  GPIO_setAsPeripheralModuleFunctionOutputPin
00002415  GPIO_setOutputHighOnPin                    
0000243d  GPIO_setOutputLowOnPin                     
000025ed  Graphics_clearDisplay                      
00002509  Graphics_clearDisplayOnDisplay             
000020a1  Graphics_drawHorizontalLineOnDisplay       
0000062d  Graphics_drawLine                          
000013e9  Graphics_drawLineH                         
00001485  Graphics_drawLineV                         
000022ed  Graphics_drawPixelOnDisplay                
00001c85  Graphics_drawTriangle                      
000020d7  Graphics_drawVerticalLineOnDisplay         
000000e5  Graphics_fillTriangle                      
00001cd7  Graphics_initContext                       
00002523  Graphics_setBackgroundColor                
0000253d  Graphics_setFont                           
00002583  Graphics_setForegroundColor                
00002599  Graphics_translateColorOnDisplay           
00002239  HAL_LCD_PortInit                           
00001fb1  HAL_LCD_SpiInit                            
00002069  HAL_LCD_writeCommand                       
00002319  HAL_LCD_writeData                          
00001bdb  HardFault_Handler                          
00002611  Interrupt_disableMaster                    
00001759  Interrupt_enableInterrupt                  
00002621  Interrupt_enableMaster                     
20000086  Lcd_FlagRead                               
20000087  Lcd_FontSolid                              
20000088  Lcd_Orientation                            
20000089  Lcd_PenSolid                               
2000007c  Lcd_ScreenHeigth                           
2000007e  Lcd_ScreenWidth                            
20000080  Lcd_TouchTrim                              
00001bdb  MemManage_Handler                          
00001bdb  NMI_Handler                                
00001bdb  PCM_IRQHandler                             
00001ac5  PCM_getCoreVoltageLevel                    
00001b81  PCM_getPowerMode                           
000025c5  PCM_getPowerState                          
00002631  PCM_setCoreVoltageLevel                    
00002641  PCM_setPowerMode                           
00001bdb  PORT1_IRQHandler                           
00001bdb  PORT2_IRQHandler                           
00001bdb  PORT3_IRQHandler                           
00001bdb  PORT4_IRQHandler                           
00001bdb  PORT5_IRQHandler                           
00001bdb  PORT6_IRQHandler                           
00001bdb  PSS_IRQHandler                             
00001bdb  PendSV_Handler                             
00001bdb  RTC_C_IRQHandler                           
00002685  Reset_Handler                              
000024d1  SPI_enableModule                           
0000129d  SPI_initMaster                             
00001bdb  SVC_Handler                                
00001bdb  SysTick_Handler                            
00001859  SystemInit                                 
00001bdb  T32_INT1_IRQHandler                        
00001bdb  T32_INT2_IRQHandler                        
00001bdb  T32_INTC_IRQHandler                        
00001bdb  TA0_0_IRQHandler                           
00001bdb  TA0_N_IRQHandler                           
000015bd  TA1_0_IRQHandler                           
000015bd  TA1_0_IRQHandler                           
00001bdb  TA1_N_IRQHandler                           
00001bdb  TA2_0_IRQHandler                           
00001bdb  TA2_N_IRQHandler                           
00001bdb  TA3_0_IRQHandler                           
00001bdb  TA3_N_IRQHandler                           
00002345  Timer_A_clearCaptureCompareInterrupt       
000018d1  Timer_A_configureUpMode                    
00002371  Timer_A_enableCaptureCompareInterrupt      
00001dc7  Timer_A_getCounterValue                    
00001d79  Timer_A_initCompare                        
00002465  Timer_A_setCompareValue                    
000025af  Timer_A_startCounter                       
00001bdb  UsageFault_Handler                         
4000480c  WDTCTL_SYM                                 
00001bdb  WDT_A_IRQHandler                           
0000248d  WDT_A_holdTimer                            
20010000  __STACK_END                                
00000200  __STACK_SIZE                               
00002bb8  __TI_CINIT_Base                            
00002bc8  __TI_CINIT_Limit                           
00002ba4  __TI_Handler_Table_Base                    
00002bb0  __TI_Handler_Table_Limit                   
00001eed  __TI_auto_init_nobinit_nopinit             
00001939  __TI_decompress_lzss                       
00002651  __TI_decompress_none                       
ffffffff  __TI_pprof_out_hndl                        
ffffffff  __TI_prof_data_size                        
ffffffff  __TI_prof_data_start                       
00000000  __TI_static_base__                         
000024ed  __TI_zero_init_nomemset                    
00001521  __aeabi_memcpy                             
00001521  __aeabi_memcpy4                            
00001521  __aeabi_memcpy8                            
ffffffff  __binit__                                  
ffffffff  __c_args__                                 
UNDEFED   __mpu_init                                 
2000fe00  __stack                                    
20000000  __start___llvm_prf_cnts                    
20000000  __stop___llvm_prf_cnts                     
00002175  _c_int00_noargs                            
00001e15  _graphicsInit                              
00001b23  _hwInit                                    
00001039  _inputInit                                 
20000070  _notes                                     
20000074  _notesPlayed                               
20000078  _numNotes                                  
000024b1  _soundInit                                 
UNDEFED   _system_post_cinit                         
0000269b  _system_pre_init                           
0000269f  abort                                      
ffffffff  binit                                      
20000054  ctx                                        
20000040  g_sCrystalfontz128x128                     
00002b14  g_sCrystalfontz128x128_funcs               
0000299c  g_sFontFixed6x8                            
00000000  interruptVectors                           
20000082  joystick_x                                 
20000084  joystick_y                                 
00001d29  main                                       
00001521  memcpy                                     
20000018  notePeriods                                
000017d9  playNote                                   
000025d9  stopSound                                  


GLOBAL SYMBOLS: SORTED BY Symbol Address 

address   name                                       
-------   ----                                       
00000000  __TI_static_base__                         
00000000  interruptVectors                           
000000e5  Graphics_fillTriangle                      
00000200  __STACK_SIZE                               
0000062d  Graphics_drawLine                          
00000ba1  Crystalfontz128x128_SetDrawFrame           
00000cd5  CS_initClockSignal                         
00000e05  Crystalfontz128x128_Init                   
00001039  _inputInit                                 
00001135  ADC14_configureConversionMemory            
000011e9  ADC14_configureMultiSequenceMode           
0000129d  SPI_initMaster                             
000013e9  Graphics_drawLineH                         
00001485  Graphics_drawLineV                         
00001521  __aeabi_memcpy                             
00001521  __aeabi_memcpy4                            
00001521  __aeabi_memcpy8                            
00001521  memcpy                                     
000015bd  TA1_0_IRQHandler                           
000015bd  TA1_0_IRQHandler                           
00001649  GPIO_setAsPeripheralModuleFunctionInputPin 
000016d1  GPIO_setAsPeripheralModuleFunctionOutputPin
00001759  Interrupt_enableInterrupt                  
000017d9  playNote                                   
00001859  SystemInit                                 
000018d1  Timer_A_configureUpMode                    
00001939  __TI_decompress_lzss                       
00001ac5  PCM_getCoreVoltageLevel                    
00001b23  _hwInit                                    
00001b81  PCM_getPowerMode                           
00001bdb  AES256_IRQHandler                          
00001bdb  BusFault_Handler                           
00001bdb  COMP_E0_IRQHandler                         
00001bdb  COMP_E1_IRQHandler                         
00001bdb  CS_IRQHandler                              
00001bdb  DMA_ERR_IRQHandler                         
00001bdb  DMA_INT0_IRQHandler                        
00001bdb  DMA_INT1_IRQHandler                        
00001bdb  DMA_INT2_IRQHandler                        
00001bdb  DMA_INT3_IRQHandler                        
00001bdb  DebugMon_Handler                           
00001bdb  Default_Handler                            
00001bdb  EUSCIA0_IRQHandler                         
00001bdb  EUSCIA1_IRQHandler                         
00001bdb  EUSCIA2_IRQHandler                         
00001bdb  EUSCIA3_IRQHandler                         
00001bdb  EUSCIB0_IRQHandler                         
00001bdb  EUSCIB1_IRQHandler                         
00001bdb  EUSCIB2_IRQHandler                         
00001bdb  EUSCIB3_IRQHandler                         
00001bdb  FLCTL_IRQHandler                           
00001bdb  FPU_IRQHandler                             
00001bdb  HardFault_Handler                          
00001bdb  MemManage_Handler                          
00001bdb  NMI_Handler                                
00001bdb  PCM_IRQHandler                             
00001bdb  PORT1_IRQHandler                           
00001bdb  PORT2_IRQHandler                           
00001bdb  PORT3_IRQHandler                           
00001bdb  PORT4_IRQHandler                           
00001bdb  PORT5_IRQHandler                           
00001bdb  PORT6_IRQHandler                           
00001bdb  PSS_IRQHandler                             
00001bdb  PendSV_Handler                             
00001bdb  RTC_C_IRQHandler                           
00001bdb  SVC_Handler                                
00001bdb  SysTick_Handler                            
00001bdb  T32_INT1_IRQHandler                        
00001bdb  T32_INT2_IRQHandler                        
00001bdb  T32_INTC_IRQHandler                        
00001bdb  TA0_0_IRQHandler                           
00001bdb  TA0_N_IRQHandler                           
00001bdb  TA1_N_IRQHandler                           
00001bdb  TA2_0_IRQHandler                           
00001bdb  TA2_N_IRQHandler                           
00001bdb  TA3_0_IRQHandler                           
00001bdb  TA3_N_IRQHandler                           
00001bdb  UsageFault_Handler                         
00001bdb  WDT_A_IRQHandler                           
00001bdd  ADC14_initModule                           
00001c31  Crystalfontz128x128_SetOrientation         
00001c85  Graphics_drawTriangle                      
00001cd7  Graphics_initContext                       
00001d29  main                                       
00001d79  Timer_A_initCompare                        
00001dc7  Timer_A_getCounterValue                    
00001e15  _graphicsInit                              
00001e61  FlashCtl_setWaitState                      
00001ea9  ADC14_IRQHandler                           
00001ea9  ADC14_IRQHandler                           
00001eed  __TI_auto_init_nobinit_nopinit             
00001f71  GPIO_setAsOutputPin                        
00001fb1  HAL_LCD_SpiInit                            
00002031  ADC14_getEnabledInterruptStatus            
00002069  HAL_LCD_writeCommand                       
000020a1  Graphics_drawHorizontalLineOnDisplay       
000020d7  Graphics_drawVerticalLineOnDisplay         
0000210d  ADC14_enableSampleTimer                    
00002141  CS_setDCOCenteredFrequency                 
00002175  _c_int00_noargs                            
000021a9  ADC14_clearInterruptFlag                   
000021d9  ADC14_enableInterrupt                      
00002209  CS_setReferenceOscillatorFrequency         
00002239  HAL_LCD_PortInit                           
00002269  ADC14_getInterruptStatus                   
00002295  ADC14_toggleConversionTrigger              
000022ed  Graphics_drawPixelOnDisplay                
00002319  HAL_LCD_writeData                          
00002345  Timer_A_clearCaptureCompareInterrupt       
00002371  Timer_A_enableCaptureCompareInterrupt      
0000239d  ADC14_enableConversion                     
000023c5  ADC14_getResult                            
00002415  GPIO_setOutputHighOnPin                    
0000243d  GPIO_setOutputLowOnPin                     
00002465  Timer_A_setCompareValue                    
0000248d  WDT_A_holdTimer                            
000024b1  _soundInit                                 
000024d1  SPI_enableModule                           
000024ed  __TI_zero_init_nomemset                    
00002509  Graphics_clearDisplayOnDisplay             
00002523  Graphics_setBackgroundColor                
0000253d  Graphics_setFont                           
00002557  EUSCI_A_SPI_enable                         
0000256d  EUSCI_B_SPI_enable                         
00002583  Graphics_setForegroundColor                
00002599  Graphics_translateColorOnDisplay           
000025af  Timer_A_startCounter                       
000025c5  PCM_getPowerState                          
000025d9  stopSound                                  
000025ed  Graphics_clearDisplay                      
00002611  Interrupt_disableMaster                    
00002621  Interrupt_enableMaster                     
00002631  PCM_setCoreVoltageLevel                    
00002641  PCM_setPowerMode                           
00002651  __TI_decompress_none                       
00002661  ADC14_enableModule                         
0000266d  CPU_cpsid                                  
00002679  CPU_cpsie                                  
00002685  Reset_Handler                              
0000269b  _system_pre_init                           
0000269f  C$$EXIT                                    
0000269f  abort                                      
0000299c  g_sFontFixed6x8                            
00002b14  g_sCrystalfontz128x128_funcs               
00002ba4  __TI_Handler_Table_Base                    
00002bb0  __TI_Handler_Table_Limit                   
00002bb8  __TI_CINIT_Base                            
00002bc8  __TI_CINIT_Limit                           
20000000  __start___llvm_prf_cnts                    
20000000  __stop___llvm_prf_cnts                     
20000018  notePeriods                                
20000040  g_sCrystalfontz128x128                     
20000054  ctx                                        
20000070  _notes                                     
20000074  _notesPlayed                               
20000078  _numNotes                                  
2000007c  Lcd_ScreenHeigth                           
2000007e  Lcd_ScreenWidth                            
20000080  Lcd_TouchTrim                              
20000082  joystick_x                                 
20000084  joystick_y                                 
20000086  Lcd_FlagRead                               
20000087  Lcd_FontSolid                              
20000088  Lcd_Orientation                            
20000089  Lcd_PenSolid                               
2000fe00  __stack                                    
20010000  __STACK_END                                
4000480c  WDTCTL_SYM                                 
ffffffff  __TI_pprof_out_hndl                        
ffffffff  __TI_prof_data_size                        
ffffffff  __TI_prof_data_start                       
ffffffff  __binit__                                  
ffffffff  __c_args__                                 
ffffffff  binit                                      
UNDEFED   __mpu_init                                 
UNDEFED   _system_post_cinit                         

[176 symbols]
