******************************************************************************
                  TI ARM Linker PC v20.2.5                     
******************************************************************************
>> Linked Sat Dec 18 14:36:09 2021

OUTPUT FILE NAME:   <MSP432GAMES.out>
ENTRY POINT SYMBOL: "_c_int00_noargs"  address: 00001d7d


MEMORY CONFIGURATION

         name            origin    length      used     unused   attr    fill
----------------------  --------  ---------  --------  --------  ----  --------
  MAIN                  00000000   00040000  00002632  0003d9ce  R  X
  INFO                  00200000   00004000  00000000  00004000  R  X
  SRAM_CODE             01000000   00010000  00000283  0000fd7d  RW X
  SRAM_DATA             20000000   00010000  00000283  0000fd7d  RW  


SEGMENT ALLOCATION MAP

run origin  load origin   length   init length attrs members
----------  ----------- ---------- ----------- ----- -------
00000000    00000000    00002638   00002638    r-x
  00000000    00000000    000000e4   000000e4    r-- .intvecs
  000000e4    000000e4    0000209e   0000209e    r-x .text
  00002184    00002184    00000448   00000448    r-- .const
  000025d0    000025d0    00000068   00000068    r-- .cinit
20000000    20000000    00000086   00000000    rw-
  20000000    20000000    00000051   00000000    rw- .data
  20000054    20000054    00000032   00000000    rw- .bss
2000fe00    2000fe00    00000200   00000000    rw-
  2000fe00    2000fe00    00000200   00000000    rw- .stack


SECTION ALLOCATION MAP

 output                                  attributes/
section   page    origin      length       input sections
--------  ----  ----------  ----------   ----------------
.intvecs   0    00000000    000000e4     
                  00000000    000000e4     startup_msp432p401r_ccs.obj (.intvecs:retain)

.text      0    000000e4    0000209e     
                  000000e4    000001d8     Crystalfontz128x128_ST7735.obj (.text:Crystalfontz128x128_PixelDrawMultiple)
                  000002bc    0000018c     graphic.obj (.text:Graphics_fillTriangle)
                  00000448    00000180     grlib.a : line.obj (.text:Graphics_clipLine)
                  000005c8    00000174             : line.obj (.text:Graphics_drawLine)
                  0000073c    0000015c     msp432p4xx_driverlib.lib : pcm.o (.text:__PCM_setPowerModeAdvanced)
                  00000898    00000144                              : timer_a.o (.text:privateTimer_AProcessClockSourceDivider)
                  000009dc    00000134     Crystalfontz128x128_ST7735.obj (.text:Crystalfontz128x128_SetDrawFrame)
                  00000b10    00000130     msp432p4xx_driverlib.lib : cs.o (.text:CS_initClockSignal)
                  00000c40    0000012c     Crystalfontz128x128_ST7735.obj (.text:Crystalfontz128x128_Init)
                  00000d6c    00000108     msp432p4xx_driverlib.lib : pcm.o (.text:__PCM_setCoreVoltageLevelAdvanced)
                  00000e74    000000d8     graphic.obj (.text:fillBottomFlatTriangle)
                  00000f4c    000000d2     graphic.obj (.text:fillTopFlatTriangle)
                  0000101e    000000b0     msp432p4xx_driverlib.lib : spi.o (.text:SPI_initMaster)
                  000010ce    0000009c     Crystalfontz128x128_ST7735.obj (.text:Crystalfontz128x128_RectFill)
                  0000116a    0000009c     grlib.a : line.obj (.text:Graphics_drawLineH)
                  00001206    0000009c             : line.obj (.text:Graphics_drawLineV)
                  000012a2    0000009c     rtsv7M4_T_le_v4SPD16_eabi.lib : memcpy_t2.asm.obj (.text)
                  0000133e    00000002     startup_msp432p401r_ccs.obj (.text:Default_Handler)
                  00001340    0000008c     sound.obj (.text:TA1_0_IRQHandler)
                  000013cc    00000088     msp432p4xx_driverlib.lib : gpio.o (.text:GPIO_setAsPeripheralModuleFunctionOutputPin)
                  00001454    00000080                              : interrupt.o (.text:Interrupt_enableInterrupt)
                  000014d4    00000080     sound.obj (.text:playNote)
                  00001554    00000078     system_msp432p401r.obj (.text:SystemInit)
                  000015cc    00000068     msp432p4xx_driverlib.lib : timer_a.o (.text:Timer_A_configureUpMode)
                  00001634    00000068     rtsv7M4_T_le_v4SPD16_eabi.lib : copy_decompress_lzss.c.obj (.text:decompress:lzss:__TI_decompress_lzss)
                  0000169c    00000064     grlib.a : line.obj (.text:Graphics_getClipCode)
                  00001700    00000060     Crystalfontz128x128_ST7735.obj (.text:Crystalfontz128x128_LineDrawH)
                  00001760    00000060     Crystalfontz128x128_ST7735.obj (.text:Crystalfontz128x128_LineDrawV)
                  000017c0    00000060     main.obj (.text:main)
                  00001820    0000005e     msp432p4xx_driverlib.lib : pcm.o (.text:PCM_getCoreVoltageLevel)
                  0000187e    0000005e     util.obj (.text:_hwInit)
                  000018dc    0000005a     msp432p4xx_driverlib.lib : pcm.o (.text:PCM_getPowerMode)
                  00001936    00000002     --HOLE-- [fill = 0]
                  00001938    00000054     Crystalfontz128x128_ST7735.obj (.text:Crystalfontz128x128_SetOrientation)
                  0000198c    00000052     graphic.obj (.text:Graphics_drawTriangle)
                  000019de    00000052     grlib.a : context.obj (.text:Graphics_initContext)
                  00001a30    0000004e     msp432p4xx_driverlib.lib : timer_a.o (.text:Timer_A_initCompare)
                  00001a7e    0000004c                              : timer_a.o (.text:Timer_A_getCounterValue)
                  00001aca    00000002     --HOLE-- [fill = 0]
                  00001acc    0000004c     graphic.obj (.text:_graphicsInit)
                  00001b18    00000048     msp432p4xx_driverlib.lib : flash.o (.text:FlashCtl_setWaitState)
                  00001b60    00000044     rtsv7M4_T_le_v4SPD16_eabi.lib : autoinit.c.obj (.text:__TI_auto_init_nobinit_nopinit:__TI_auto_init_nobinit_nopinit)
                  00001ba4    00000040     Crystalfontz128x128_ST7735.obj (.text:Crystalfontz128x128_PixelDraw)
                  00001be4    00000040     msp432p4xx_driverlib.lib : gpio.o (.text:GPIO_setAsOutputPin)
                  00001c24    00000040     HAL_MSP_EXP432P401R_Crystalfontz128x128_ST7735.obj (.text:HAL_LCD_SpiInit)
                  00001c64    00000040     msp432p4xx_driverlib.lib : spi.o (.text:is_A_Module)
                  00001ca4    00000038     HAL_MSP_EXP432P401R_Crystalfontz128x128_ST7735.obj (.text:HAL_LCD_writeCommand)
                  00001cdc    00000036     grlib.a : display.obj (.text:Graphics_drawHorizontalLineOnDisplay)
                  00001d12    00000036             : display.obj (.text:Graphics_drawVerticalLineOnDisplay)
                  00001d48    00000034     msp432p4xx_driverlib.lib : cs.o (.text:CS_setDCOCenteredFrequency)
                  00001d7c    00000034     rtsv7M4_T_le_v4SPD16_eabi.lib : boot_cortex_m.c.obj (.text:_c_int00_noargs:_c_int00_noargs)
                  00001db0    00000030     msp432p4xx_driverlib.lib : cs.o (.text:CS_setReferenceOscillatorFrequency)
                  00001de0    00000030     HAL_MSP_EXP432P401R_Crystalfontz128x128_ST7735.obj (.text:HAL_LCD_PortInit)
                  00001e10    0000002c     Crystalfontz128x128_ST7735.obj (.text:Crystalfontz128x128_ClearScreen)
                  00001e3c    0000002c     grlib.a : display.obj (.text:Graphics_drawPixelOnDisplay)
                  00001e68    0000002c     HAL_MSP_EXP432P401R_Crystalfontz128x128_ST7735.obj (.text:HAL_LCD_writeData)
                  00001e94    0000002c     msp432p4xx_driverlib.lib : timer_a.o (.text:Timer_A_clearCaptureCompareInterrupt)
                  00001ec0    0000002c                              : timer_a.o (.text:Timer_A_enableCaptureCompareInterrupt)
                  00001eec    00000028     Crystalfontz128x128_ST7735.obj (.text:Crystalfontz128x128_ColorTranslate)
                  00001f14    00000028     msp432p4xx_driverlib.lib : gpio.o (.text:GPIO_setOutputHighOnPin)
                  00001f3c    00000028                              : gpio.o (.text:GPIO_setOutputLowOnPin)
                  00001f64    00000028                              : timer_a.o (.text:Timer_A_setCompareValue)
                  00001f8c    00000024                              : wdt_a.o (.text:WDT_A_holdTimer)
                  00001fb0    00000020     sound.obj (.text:_soundInit)
                  00001fd0    0000001c     msp432p4xx_driverlib.lib : spi.o (.text:SPI_enableModule)
                  00001fec    0000001c     rtsv7M4_T_le_v4SPD16_eabi.lib : copy_zero_init.c.obj (.text:decompress:ZI:__TI_zero_init_nomemset:__TI_zero_init_nomemset)
                  00002008    0000001a     grlib.a : display.obj (.text:Graphics_clearDisplayOnDisplay)
                  00002022    0000001a             : context.obj (.text:Graphics_setBackgroundColor)
                  0000203c    0000001a             : context.obj (.text:Graphics_setFont)
                  00002056    00000016     msp432p4xx_driverlib.lib : spi.o (.text:EUSCI_A_SPI_enable)
                  0000206c    00000016                              : spi.o (.text:EUSCI_B_SPI_enable)
                  00002082    00000016     grlib.a : context.obj (.text:Graphics_setForegroundColor)
                  00002098    00000016             : display.obj (.text:Graphics_translateColorOnDisplay)
                  000020ae    00000016     msp432p4xx_driverlib.lib : timer_a.o (.text:Timer_A_startCounter)
                  000020c4    00000014                              : pcm.o (.text:PCM_getPowerState)
                  000020d8    00000014     sound.obj (.text:stopSound)
                  000020ec    00000012     grlib.a : context.obj (.text:Graphics_clearDisplay)
                  000020fe    00000010     msp432p4xx_driverlib.lib : interrupt.o (.text:Interrupt_disableMaster)
                  0000210e    00000010                              : interrupt.o (.text:Interrupt_enableMaster)
                  0000211e    00000010                              : pcm.o (.text:PCM_setCoreVoltageLevel)
                  0000212e    00000010                              : pcm.o (.text:PCM_setPowerMode)
                  0000213e    0000000e     rtsv7M4_T_le_v4SPD16_eabi.lib : copy_decompress_none.c.obj (.text:decompress:none:__TI_decompress_none)
                  0000214c    0000000c     msp432p4xx_driverlib.lib : cpu.o (.text:CPU_cpsid)
                  00002158    0000000c                              : cpu.o (.text:CPU_cpsie)
                  00002164    0000000c     startup_msp432p401r_ccs.obj (.text:Reset_Handler)
                  00002170    0000000a     Crystalfontz128x128_ST7735.obj (.text:Crystalfontz128x128_Flush)
                  0000217a    00000004     rtsv7M4_T_le_v4SPD16_eabi.lib : pre_init.c.obj (.text:_system_pre_init)
                  0000217e    00000004                                   : exit.c.obj (.text:abort:abort)

.const     0    00002184    00000448     
                  00002184    000002f8     grlib.a : fontfixed6x8.obj (.const:.string:g_pucFontFixed6x8Data)
                  0000247c    000000c8             : fontfixed6x8.obj (.const:g_sFontFixed6x8)
                  00002544    00000030     msp432p4xx_driverlib.lib : gpio.o (.const:GPIO_PORT_TO_BASE)
                  00002574    00000020     Crystalfontz128x128_ST7735.obj (.const:g_sCrystalfontz128x128_funcs)
                  00002594    0000001c     HAL_MSP_EXP432P401R_Crystalfontz128x128_ST7735.obj (.const:$P$T0$1)
                  000025b0    0000000c     main.obj (.const:$P$T0$1)
                  000025bc    00000008     Crystalfontz128x128_ST7735.obj (.const:$P$T0$1)
                  000025c4    00000008     msp432p4xx_driverlib.lib : interrupt.o (.const:g_pulEnRegs)

.cinit     0    000025d0    00000068     
                  000025d0    00000041     (.cinit..data.load) [load image, compression = lzss]
                  00002611    00000003     --HOLE-- [fill = 0]
                  00002614    0000000c     (__TI_handler_table)
                  00002620    00000008     (.cinit..bss.load) [load image, compression = zero_init]
                  00002628    00000010     (__TI_cinit_table)

.init_array 
*          0    00000000    00000000     UNINITIALIZED

.binit     0    00000000    00000000     

.data      0    20000000    00000051     UNINITIALIZED
                  20000000    00000018     sound.obj (.data:noteClock)
                  20000018    00000018     sound.obj (.data:notePeriods)
                  20000030    00000010     sound.obj (.data:compareConfig_PWM)
                  20000040    00000010     Crystalfontz128x128_ST7735.obj (.data:g_sCrystalfontz128x128)
                  20000050    00000001     sound.obj (.data)

.bss       0    20000054    00000032     UNINITIALIZED
                  20000054    0000001c     (.common:ctx)
                  20000070    00000004     (.common:_notes)
                  20000074    00000004     (.common:_notesPlayed)
                  20000078    00000004     (.common:_numNotes)
                  2000007c    00000002     (.common:Lcd_ScreenHeigth)
                  2000007e    00000002     (.common:Lcd_ScreenWidth)
                  20000080    00000002     (.common:Lcd_TouchTrim)
                  20000082    00000001     (.common:Lcd_FlagRead)
                  20000083    00000001     (.common:Lcd_FontSolid)
                  20000084    00000001     (.common:Lcd_Orientation)
                  20000085    00000001     (.common:Lcd_PenSolid)

.stack     0    2000fe00    00000200     UNINITIALIZED
                  2000fe00    00000004     rtsv7M4_T_le_v4SPD16_eabi.lib : boot_cortex_m.c.obj (.stack)
                  2000fe04    000001fc     --HOLE--

__llvm_prf_cnts 
*          0    20000000    00000000     UNINITIALIZED

MODULE SUMMARY

       Module                                               code   ro data   rw data
       ------                                               ----   -------   -------
    .\
       main.obj                                             96     12        56     
       system_msp432p401r.obj                               120    0         0      
    +--+----------------------------------------------------+------+---------+---------+
       Total:                                               216    12        56     
                                                                                    
    .\ccs\
       startup_msp432p401r_ccs.obj                          14     228       0      
    +--+----------------------------------------------------+------+---------+---------+
       Total:                                               14     228       0      
                                                                                    
    .\libraries\
       graphic.obj                                          980    0         0      
       sound.obj                                            320    0         154    
       util.obj                                             94     0         0      
    +--+----------------------------------------------------+------+---------+---------+
       Total:                                               1394   0         154    
                                                                                    
    .\libraries\LcdDriver\
       Crystalfontz128x128_ST7735.obj                       1670   40        52     
       HAL_MSP_EXP432P401R_Crystalfontz128x128_ST7735.obj   212    28        0      
    +--+----------------------------------------------------+------+---------+---------+
       Total:                                               1882   68        52     
                                                                                    
    C:/ti/simplelink_msp432p4_sdk_3_40_01_02/source/ti/devices/msp432p4xx/driverlib/ccs/msp432p4xx_driverlib.lib
       pcm.o                                                848    0         0      
       timer_a.o                                            732    0         0      
       cs.o                                                 404    0         0      
       gpio.o                                               280    48        0      
       spi.o                                                312    0         0      
       interrupt.o                                          160    8         0      
       flash.o                                              72     0         0      
       wdt_a.o                                              36     0         0      
       cpu.o                                                24     0         0      
    +--+----------------------------------------------------+------+---------+---------+
       Total:                                               2868   56        0      
                                                                                    
    C:/ti/simplelink_msp432p4_sdk_3_40_01_02/source/ti/grlib/lib/ccs/m4f/grlib.a
       line.obj                                             1168   0         0      
       fontfixed6x8.obj                                     0      960       0      
       display.obj                                          200    0         0      
       context.obj                                          174    0         0      
    +--+----------------------------------------------------+------+---------+---------+
       Total:                                               1542   960       0      
                                                                                    
    C:\ti\ccs1040\ccs\tools\compiler\ti-cgt-arm_20.2.5.LTS\lib\rtsv7M4_T_le_v4SPD16_eabi.lib
       memcpy_t2.asm.obj                                    156    0         0      
       copy_decompress_lzss.c.obj                           104    0         0      
       autoinit.c.obj                                       68     0         0      
       boot_cortex_m.c.obj                                  52     0         0      
       copy_zero_init.c.obj                                 28     0         0      
       copy_decompress_none.c.obj                           14     0         0      
       exit.c.obj                                           4      0         0      
       pre_init.c.obj                                       4      0         0      
    +--+----------------------------------------------------+------+---------+---------+
       Total:                                               430    0         0      
                                                                                    
       Stack:                                               0      0         1024   
       Linker Generated:                                    0      101       0      
    +--+----------------------------------------------------+------+---------+---------+
       Grand Total:                                         8346   1425      1286   


LINKER GENERATED COPY TABLES

__TI_cinit_table @ 00002628 records: 2, size/record: 8, table size: 16
	.data: load addr=000025d0, load size=00000041 bytes, run addr=20000000, run size=00000051 bytes, compression=lzss
	.bss: load addr=00002620, load size=00000008 bytes, run addr=20000054, run size=00000032 bytes, compression=zero_init


LINKER GENERATED HANDLER TABLE

__TI_handler_table @ 00002614 records: 3, size/record: 4, table size: 12
	index: 0, handler: __TI_decompress_lzss
	index: 1, handler: __TI_decompress_none
	index: 2, handler: __TI_zero_init


GLOBAL SYMBOLS: SORTED ALPHABETICALLY BY Name 

address   name                                       
-------   ----                                       
0000133f  ADC14_IRQHandler                           
0000133f  AES256_IRQHandler                          
0000133f  BusFault_Handler                           
0000217f  C$$EXIT                                    
0000133f  COMP_E0_IRQHandler                         
0000133f  COMP_E1_IRQHandler                         
0000214d  CPU_cpsid                                  
00002159  CPU_cpsie                                  
0000133f  CS_IRQHandler                              
00000b11  CS_initClockSignal                         
00001d49  CS_setDCOCenteredFrequency                 
00001db1  CS_setReferenceOscillatorFrequency         
00000c41  Crystalfontz128x128_Init                   
000009dd  Crystalfontz128x128_SetDrawFrame           
00001939  Crystalfontz128x128_SetOrientation         
0000133f  DMA_ERR_IRQHandler                         
0000133f  DMA_INT0_IRQHandler                        
0000133f  DMA_INT1_IRQHandler                        
0000133f  DMA_INT2_IRQHandler                        
0000133f  DMA_INT3_IRQHandler                        
0000133f  DebugMon_Handler                           
0000133f  Default_Handler                            
0000133f  EUSCIA0_IRQHandler                         
0000133f  EUSCIA1_IRQHandler                         
0000133f  EUSCIA2_IRQHandler                         
0000133f  EUSCIA3_IRQHandler                         
0000133f  EUSCIB0_IRQHandler                         
0000133f  EUSCIB1_IRQHandler                         
0000133f  EUSCIB2_IRQHandler                         
0000133f  EUSCIB3_IRQHandler                         
00002057  EUSCI_A_SPI_enable                         
0000206d  EUSCI_B_SPI_enable                         
0000133f  FLCTL_IRQHandler                           
0000133f  FPU_IRQHandler                             
00001b19  FlashCtl_setWaitState                      
00001be5  GPIO_setAsOutputPin                        
000013cd  GPIO_setAsPeripheralModuleFunctionOutputPin
00001f15  GPIO_setOutputHighOnPin                    
00001f3d  GPIO_setOutputLowOnPin                     
000020ed  Graphics_clearDisplay                      
00002009  Graphics_clearDisplayOnDisplay             
00001cdd  Graphics_drawHorizontalLineOnDisplay       
000005c9  Graphics_drawLine                          
0000116b  Graphics_drawLineH                         
00001207  Graphics_drawLineV                         
00001e3d  Graphics_drawPixelOnDisplay                
0000198d  Graphics_drawTriangle                      
00001d13  Graphics_drawVerticalLineOnDisplay         
000002bd  Graphics_fillTriangle                      
000019df  Graphics_initContext                       
00002023  Graphics_setBackgroundColor                
0000203d  Graphics_setFont                           
00002083  Graphics_setForegroundColor                
00002099  Graphics_translateColorOnDisplay           
00001de1  HAL_LCD_PortInit                           
00001c25  HAL_LCD_SpiInit                            
00001ca5  HAL_LCD_writeCommand                       
00001e69  HAL_LCD_writeData                          
0000133f  HardFault_Handler                          
000020ff  Interrupt_disableMaster                    
00001455  Interrupt_enableInterrupt                  
0000210f  Interrupt_enableMaster                     
20000082  Lcd_FlagRead                               
20000083  Lcd_FontSolid                              
20000084  Lcd_Orientation                            
20000085  Lcd_PenSolid                               
2000007c  Lcd_ScreenHeigth                           
2000007e  Lcd_ScreenWidth                            
20000080  Lcd_TouchTrim                              
0000133f  MemManage_Handler                          
0000133f  NMI_Handler                                
0000133f  PCM_IRQHandler                             
00001821  PCM_getCoreVoltageLevel                    
000018dd  PCM_getPowerMode                           
000020c5  PCM_getPowerState                          
0000211f  PCM_setCoreVoltageLevel                    
0000212f  PCM_setPowerMode                           
0000133f  PORT1_IRQHandler                           
0000133f  PORT2_IRQHandler                           
0000133f  PORT3_IRQHandler                           
0000133f  PORT4_IRQHandler                           
0000133f  PORT5_IRQHandler                           
0000133f  PORT6_IRQHandler                           
0000133f  PSS_IRQHandler                             
0000133f  PendSV_Handler                             
0000133f  RTC_C_IRQHandler                           
00002165  Reset_Handler                              
00001fd1  SPI_enableModule                           
0000101f  SPI_initMaster                             
0000133f  SVC_Handler                                
0000133f  SysTick_Handler                            
00001555  SystemInit                                 
0000133f  T32_INT1_IRQHandler                        
0000133f  T32_INT2_IRQHandler                        
0000133f  T32_INTC_IRQHandler                        
0000133f  TA0_0_IRQHandler                           
0000133f  TA0_N_IRQHandler                           
00001341  TA1_0_IRQHandler                           
00001341  TA1_0_IRQHandler                           
0000133f  TA1_N_IRQHandler                           
0000133f  TA2_0_IRQHandler                           
0000133f  TA2_N_IRQHandler                           
0000133f  TA3_0_IRQHandler                           
0000133f  TA3_N_IRQHandler                           
00001e95  Timer_A_clearCaptureCompareInterrupt       
000015cd  Timer_A_configureUpMode                    
00001ec1  Timer_A_enableCaptureCompareInterrupt      
00001a7f  Timer_A_getCounterValue                    
00001a31  Timer_A_initCompare                        
00001f65  Timer_A_setCompareValue                    
000020af  Timer_A_startCounter                       
0000133f  UsageFault_Handler                         
4000480c  WDTCTL_SYM                                 
0000133f  WDT_A_IRQHandler                           
00001f8d  WDT_A_holdTimer                            
20010000  __STACK_END                                
00000200  __STACK_SIZE                               
00002628  __TI_CINIT_Base                            
00002638  __TI_CINIT_Limit                           
00002614  __TI_Handler_Table_Base                    
00002620  __TI_Handler_Table_Limit                   
00001b61  __TI_auto_init_nobinit_nopinit             
00001635  __TI_decompress_lzss                       
0000213f  __TI_decompress_none                       
ffffffff  __TI_pprof_out_hndl                        
ffffffff  __TI_prof_data_size                        
ffffffff  __TI_prof_data_start                       
00000000  __TI_static_base__                         
00001fed  __TI_zero_init_nomemset                    
000012a3  __aeabi_memcpy                             
000012a3  __aeabi_memcpy4                            
000012a3  __aeabi_memcpy8                            
ffffffff  __binit__                                  
ffffffff  __c_args__                                 
UNDEFED   __mpu_init                                 
2000fe00  __stack                                    
20000000  __start___llvm_prf_cnts                    
20000000  __stop___llvm_prf_cnts                     
00001d7d  _c_int00_noargs                            
00001acd  _graphicsInit                              
0000187f  _hwInit                                    
20000070  _notes                                     
20000074  _notesPlayed                               
20000078  _numNotes                                  
00001fb1  _soundInit                                 
UNDEFED   _system_post_cinit                         
0000217b  _system_pre_init                           
0000217f  abort                                      
ffffffff  binit                                      
20000054  ctx                                        
00000e75  fillBottomFlatTriangle                     
00000f4d  fillTopFlatTriangle                        
20000040  g_sCrystalfontz128x128                     
00002574  g_sCrystalfontz128x128_funcs               
0000247c  g_sFontFixed6x8                            
00000000  interruptVectors                           
000017c1  main                                       
000012a3  memcpy                                     
20000018  notePeriods                                
000014d5  playNote                                   
000020d9  stopSound                                  


GLOBAL SYMBOLS: SORTED BY Symbol Address 

address   name                                       
-------   ----                                       
00000000  __TI_static_base__                         
00000000  interruptVectors                           
00000200  __STACK_SIZE                               
000002bd  Graphics_fillTriangle                      
000005c9  Graphics_drawLine                          
000009dd  Crystalfontz128x128_SetDrawFrame           
00000b11  CS_initClockSignal                         
00000c41  Crystalfontz128x128_Init                   
00000e75  fillBottomFlatTriangle                     
00000f4d  fillTopFlatTriangle                        
0000101f  SPI_initMaster                             
0000116b  Graphics_drawLineH                         
00001207  Graphics_drawLineV                         
000012a3  __aeabi_memcpy                             
000012a3  __aeabi_memcpy4                            
000012a3  __aeabi_memcpy8                            
000012a3  memcpy                                     
0000133f  ADC14_IRQHandler                           
0000133f  AES256_IRQHandler                          
0000133f  BusFault_Handler                           
0000133f  COMP_E0_IRQHandler                         
0000133f  COMP_E1_IRQHandler                         
0000133f  CS_IRQHandler                              
0000133f  DMA_ERR_IRQHandler                         
0000133f  DMA_INT0_IRQHandler                        
0000133f  DMA_INT1_IRQHandler                        
0000133f  DMA_INT2_IRQHandler                        
0000133f  DMA_INT3_IRQHandler                        
0000133f  DebugMon_Handler                           
0000133f  Default_Handler                            
0000133f  EUSCIA0_IRQHandler                         
0000133f  EUSCIA1_IRQHandler                         
0000133f  EUSCIA2_IRQHandler                         
0000133f  EUSCIA3_IRQHandler                         
0000133f  EUSCIB0_IRQHandler                         
0000133f  EUSCIB1_IRQHandler                         
0000133f  EUSCIB2_IRQHandler                         
0000133f  EUSCIB3_IRQHandler                         
0000133f  FLCTL_IRQHandler                           
0000133f  FPU_IRQHandler                             
0000133f  HardFault_Handler                          
0000133f  MemManage_Handler                          
0000133f  NMI_Handler                                
0000133f  PCM_IRQHandler                             
0000133f  PORT1_IRQHandler                           
0000133f  PORT2_IRQHandler                           
0000133f  PORT3_IRQHandler                           
0000133f  PORT4_IRQHandler                           
0000133f  PORT5_IRQHandler                           
0000133f  PORT6_IRQHandler                           
0000133f  PSS_IRQHandler                             
0000133f  PendSV_Handler                             
0000133f  RTC_C_IRQHandler                           
0000133f  SVC_Handler                                
0000133f  SysTick_Handler                            
0000133f  T32_INT1_IRQHandler                        
0000133f  T32_INT2_IRQHandler                        
0000133f  T32_INTC_IRQHandler                        
0000133f  TA0_0_IRQHandler                           
0000133f  TA0_N_IRQHandler                           
0000133f  TA1_N_IRQHandler                           
0000133f  TA2_0_IRQHandler                           
0000133f  TA2_N_IRQHandler                           
0000133f  TA3_0_IRQHandler                           
0000133f  TA3_N_IRQHandler                           
0000133f  UsageFault_Handler                         
0000133f  WDT_A_IRQHandler                           
00001341  TA1_0_IRQHandler                           
00001341  TA1_0_IRQHandler                           
000013cd  GPIO_setAsPeripheralModuleFunctionOutputPin
00001455  Interrupt_enableInterrupt                  
000014d5  playNote                                   
00001555  SystemInit                                 
000015cd  Timer_A_configureUpMode                    
00001635  __TI_decompress_lzss                       
000017c1  main                                       
00001821  PCM_getCoreVoltageLevel                    
0000187f  _hwInit                                    
000018dd  PCM_getPowerMode                           
00001939  Crystalfontz128x128_SetOrientation         
0000198d  Graphics_drawTriangle                      
000019df  Graphics_initContext                       
00001a31  Timer_A_initCompare                        
00001a7f  Timer_A_getCounterValue                    
00001acd  _graphicsInit                              
00001b19  FlashCtl_setWaitState                      
00001b61  __TI_auto_init_nobinit_nopinit             
00001be5  GPIO_setAsOutputPin                        
00001c25  HAL_LCD_SpiInit                            
00001ca5  HAL_LCD_writeCommand                       
00001cdd  Graphics_drawHorizontalLineOnDisplay       
00001d13  Graphics_drawVerticalLineOnDisplay         
00001d49  CS_setDCOCenteredFrequency                 
00001d7d  _c_int00_noargs                            
00001db1  CS_setReferenceOscillatorFrequency         
00001de1  HAL_LCD_PortInit                           
00001e3d  Graphics_drawPixelOnDisplay                
00001e69  HAL_LCD_writeData                          
00001e95  Timer_A_clearCaptureCompareInterrupt       
00001ec1  Timer_A_enableCaptureCompareInterrupt      
00001f15  GPIO_setOutputHighOnPin                    
00001f3d  GPIO_setOutputLowOnPin                     
00001f65  Timer_A_setCompareValue                    
00001f8d  WDT_A_holdTimer                            
00001fb1  _soundInit                                 
00001fd1  SPI_enableModule                           
00001fed  __TI_zero_init_nomemset                    
00002009  Graphics_clearDisplayOnDisplay             
00002023  Graphics_setBackgroundColor                
0000203d  Graphics_setFont                           
00002057  EUSCI_A_SPI_enable                         
0000206d  EUSCI_B_SPI_enable                         
00002083  Graphics_setForegroundColor                
00002099  Graphics_translateColorOnDisplay           
000020af  Timer_A_startCounter                       
000020c5  PCM_getPowerState                          
000020d9  stopSound                                  
000020ed  Graphics_clearDisplay                      
000020ff  Interrupt_disableMaster                    
0000210f  Interrupt_enableMaster                     
0000211f  PCM_setCoreVoltageLevel                    
0000212f  PCM_setPowerMode                           
0000213f  __TI_decompress_none                       
0000214d  CPU_cpsid                                  
00002159  CPU_cpsie                                  
00002165  Reset_Handler                              
0000217b  _system_pre_init                           
0000217f  C$$EXIT                                    
0000217f  abort                                      
0000247c  g_sFontFixed6x8                            
00002574  g_sCrystalfontz128x128_funcs               
00002614  __TI_Handler_Table_Base                    
00002620  __TI_Handler_Table_Limit                   
00002628  __TI_CINIT_Base                            
00002638  __TI_CINIT_Limit                           
20000000  __start___llvm_prf_cnts                    
20000000  __stop___llvm_prf_cnts                     
20000018  notePeriods                                
20000040  g_sCrystalfontz128x128                     
20000054  ctx                                        
20000070  _notes                                     
20000074  _notesPlayed                               
20000078  _numNotes                                  
2000007c  Lcd_ScreenHeigth                           
2000007e  Lcd_ScreenWidth                            
20000080  Lcd_TouchTrim                              
20000082  Lcd_FlagRead                               
20000083  Lcd_FontSolid                              
20000084  Lcd_Orientation                            
20000085  Lcd_PenSolid                               
2000fe00  __stack                                    
20010000  __STACK_END                                
4000480c  WDTCTL_SYM                                 
ffffffff  __TI_pprof_out_hndl                        
ffffffff  __TI_prof_data_size                        
ffffffff  __TI_prof_data_start                       
ffffffff  __binit__                                  
ffffffff  __c_args__                                 
ffffffff  binit                                      
UNDEFED   __mpu_init                                 
UNDEFED   _system_post_cinit                         

[161 symbols]
