<?xml version="1.0" encoding="ISO-8859-1" ?>
<link_info>
   <banner>TI ARM Linker PC v20.2.5.LTS</banner>
   <copyright>Copyright (c) 1996-2018 Texas Instruments Incorporated</copyright>
   <link_time>0x61be3169</link_time>
   <link_errors>0x0</link_errors>
   <output_file>MSP432GAMES.out</output_file>
   <entry_point>
      <name>_c_int00_noargs</name>
      <address>0x2365</address>
   </entry_point>
   <input_file_list>
      <input_file id="fl-2">
         <path>.\</path>
         <kind>object</kind>
         <file>main.obj</file>
         <name>main.obj</name>
      </input_file>
      <input_file id="fl-3">
         <path>.\</path>
         <kind>object</kind>
         <file>system_msp432p401r.obj</file>
         <name>system_msp432p401r.obj</name>
      </input_file>
      <input_file id="fl-4">
         <path>.\ccs\</path>
         <kind>object</kind>
         <file>startup_msp432p401r_ccs.obj</file>
         <name>startup_msp432p401r_ccs.obj</name>
      </input_file>
      <input_file id="fl-5">
         <path>.\games\</path>
         <kind>object</kind>
         <file>falling-blocks.obj</file>
         <name>falling-blocks.obj</name>
      </input_file>
      <input_file id="fl-6">
         <path>.\games\</path>
         <kind>object</kind>
         <file>retroracer.obj</file>
         <name>retroracer.obj</name>
      </input_file>
      <input_file id="fl-7">
         <path>.\libraries\LcdDriver\</path>
         <kind>object</kind>
         <file>Crystalfontz128x128_ST7735.obj</file>
         <name>Crystalfontz128x128_ST7735.obj</name>
      </input_file>
      <input_file id="fl-8">
         <path>.\libraries\LcdDriver\</path>
         <kind>object</kind>
         <file>HAL_MSP_EXP432P401R_Crystalfontz128x128_ST7735.obj</file>
         <name>HAL_MSP_EXP432P401R_Crystalfontz128x128_ST7735.obj</name>
      </input_file>
      <input_file id="fl-9">
         <path>.\libraries\</path>
         <kind>object</kind>
         <file>graphic.obj</file>
         <name>graphic.obj</name>
      </input_file>
      <input_file id="fl-a">
         <path>.\libraries\</path>
         <kind>object</kind>
         <file>input.obj</file>
         <name>input.obj</name>
      </input_file>
      <input_file id="fl-b">
         <path>.\libraries\</path>
         <kind>object</kind>
         <file>sound.obj</file>
         <name>sound.obj</name>
      </input_file>
      <input_file id="fl-c">
         <path>.\libraries\</path>
         <kind>object</kind>
         <file>util.obj</file>
         <name>util.obj</name>
      </input_file>
      <input_file id="fl-17">
         <kind>object</kind>
         <file>&lt;internal&gt;</file>
         <name>&lt;internal&gt;</name>
      </input_file>
      <input_file id="fl-18">
         <path>C:\ti\simplelink_msp432p4_sdk_3_40_01_02\source\ti\grlib\lib\ccs\m4f\</path>
         <kind>archive</kind>
         <file>grlib.a</file>
         <name>context.obj</name>
      </input_file>
      <input_file id="fl-19">
         <path>C:\ti\simplelink_msp432p4_sdk_3_40_01_02\source\ti\grlib\lib\ccs\m4f\</path>
         <kind>archive</kind>
         <file>grlib.a</file>
         <name>display.obj</name>
      </input_file>
      <input_file id="fl-1a">
         <path>C:\ti\simplelink_msp432p4_sdk_3_40_01_02\source\ti\grlib\lib\ccs\m4f\</path>
         <kind>archive</kind>
         <file>grlib.a</file>
         <name>fontfixed6x8.obj</name>
      </input_file>
      <input_file id="fl-1b">
         <path>C:\ti\simplelink_msp432p4_sdk_3_40_01_02\source\ti\grlib\lib\ccs\m4f\</path>
         <kind>archive</kind>
         <file>grlib.a</file>
         <name>line.obj</name>
      </input_file>
      <input_file id="fl-1c">
         <path>C:\ti\simplelink_msp432p4_sdk_3_40_01_02\source\ti\grlib\lib\ccs\m4f\</path>
         <kind>archive</kind>
         <file>grlib.a</file>
         <name>string.obj</name>
      </input_file>
      <input_file id="fl-1d">
         <path>C:\ti\simplelink_msp432p4_sdk_3_40_01_02\source\ti\devices\msp432p4xx\driverlib\ccs\</path>
         <kind>archive</kind>
         <file>msp432p4xx_driverlib.lib</file>
         <name>adc14.o</name>
      </input_file>
      <input_file id="fl-1e">
         <path>C:\ti\simplelink_msp432p4_sdk_3_40_01_02\source\ti\devices\msp432p4xx\driverlib\ccs\</path>
         <kind>archive</kind>
         <file>msp432p4xx_driverlib.lib</file>
         <name>cs.o</name>
      </input_file>
      <input_file id="fl-1f">
         <path>C:\ti\simplelink_msp432p4_sdk_3_40_01_02\source\ti\devices\msp432p4xx\driverlib\ccs\</path>
         <kind>archive</kind>
         <file>msp432p4xx_driverlib.lib</file>
         <name>flash.o</name>
      </input_file>
      <input_file id="fl-20">
         <path>C:\ti\simplelink_msp432p4_sdk_3_40_01_02\source\ti\devices\msp432p4xx\driverlib\ccs\</path>
         <kind>archive</kind>
         <file>msp432p4xx_driverlib.lib</file>
         <name>gpio.o</name>
      </input_file>
      <input_file id="fl-21">
         <path>C:\ti\simplelink_msp432p4_sdk_3_40_01_02\source\ti\devices\msp432p4xx\driverlib\ccs\</path>
         <kind>archive</kind>
         <file>msp432p4xx_driverlib.lib</file>
         <name>interrupt.o</name>
      </input_file>
      <input_file id="fl-22">
         <path>C:\ti\simplelink_msp432p4_sdk_3_40_01_02\source\ti\devices\msp432p4xx\driverlib\ccs\</path>
         <kind>archive</kind>
         <file>msp432p4xx_driverlib.lib</file>
         <name>pcm.o</name>
      </input_file>
      <input_file id="fl-23">
         <path>C:\ti\simplelink_msp432p4_sdk_3_40_01_02\source\ti\devices\msp432p4xx\driverlib\ccs\</path>
         <kind>archive</kind>
         <file>msp432p4xx_driverlib.lib</file>
         <name>rtc_c.o</name>
      </input_file>
      <input_file id="fl-24">
         <path>C:\ti\simplelink_msp432p4_sdk_3_40_01_02\source\ti\devices\msp432p4xx\driverlib\ccs\</path>
         <kind>archive</kind>
         <file>msp432p4xx_driverlib.lib</file>
         <name>spi.o</name>
      </input_file>
      <input_file id="fl-25">
         <path>C:\ti\simplelink_msp432p4_sdk_3_40_01_02\source\ti\devices\msp432p4xx\driverlib\ccs\</path>
         <kind>archive</kind>
         <file>msp432p4xx_driverlib.lib</file>
         <name>sysctl.o</name>
      </input_file>
      <input_file id="fl-26">
         <path>C:\ti\simplelink_msp432p4_sdk_3_40_01_02\source\ti\devices\msp432p4xx\driverlib\ccs\</path>
         <kind>archive</kind>
         <file>msp432p4xx_driverlib.lib</file>
         <name>sysctl_a.o</name>
      </input_file>
      <input_file id="fl-27">
         <path>C:\ti\simplelink_msp432p4_sdk_3_40_01_02\source\ti\devices\msp432p4xx\driverlib\ccs\</path>
         <kind>archive</kind>
         <file>msp432p4xx_driverlib.lib</file>
         <name>timer_a.o</name>
      </input_file>
      <input_file id="fl-28">
         <path>C:\ti\simplelink_msp432p4_sdk_3_40_01_02\source\ti\devices\msp432p4xx\driverlib\ccs\</path>
         <kind>archive</kind>
         <file>msp432p4xx_driverlib.lib</file>
         <name>wdt_a.o</name>
      </input_file>
      <input_file id="fl-29">
         <path>C:\ti\simplelink_msp432p4_sdk_3_40_01_02\source\ti\devices\msp432p4xx\driverlib\ccs\</path>
         <kind>archive</kind>
         <file>msp432p4xx_driverlib.lib</file>
         <name>cpu.o</name>
      </input_file>
      <input_file id="fl-df">
         <path>C:\ti\ccs1040\ccs\tools\compiler\ti-cgt-arm_20.2.5.LTS\lib\</path>
         <kind>archive</kind>
         <file>rtsv7M4_T_le_v4SPD16_eabi.lib</file>
         <name>copy_zero_init.c.obj</name>
      </input_file>
      <input_file id="fl-e0">
         <path>C:\ti\ccs1040\ccs\tools\compiler\ti-cgt-arm_20.2.5.LTS\lib\</path>
         <kind>archive</kind>
         <file>rtsv7M4_T_le_v4SPD16_eabi.lib</file>
         <name>copy_decompress_none.c.obj</name>
      </input_file>
      <input_file id="fl-e1">
         <path>C:\ti\ccs1040\ccs\tools\compiler\ti-cgt-arm_20.2.5.LTS\lib\</path>
         <kind>archive</kind>
         <file>rtsv7M4_T_le_v4SPD16_eabi.lib</file>
         <name>copy_decompress_lzss.c.obj</name>
      </input_file>
      <input_file id="fl-e2">
         <path>C:\ti\ccs1040\ccs\tools\compiler\ti-cgt-arm_20.2.5.LTS\lib\</path>
         <kind>archive</kind>
         <file>rtsv7M4_T_le_v4SPD16_eabi.lib</file>
         <name>boot_cortex_m.c.obj</name>
      </input_file>
      <input_file id="fl-e3">
         <path>C:\ti\ccs1040\ccs\tools\compiler\ti-cgt-arm_20.2.5.LTS\lib\</path>
         <kind>archive</kind>
         <file>rtsv7M4_T_le_v4SPD16_eabi.lib</file>
         <name>memcpy_t2.asm.obj</name>
      </input_file>
      <input_file id="fl-e4">
         <path>C:\ti\ccs1040\ccs\tools\compiler\ti-cgt-arm_20.2.5.LTS\lib\</path>
         <kind>archive</kind>
         <file>rtsv7M4_T_le_v4SPD16_eabi.lib</file>
         <name>memset_t2.asm.obj</name>
      </input_file>
      <input_file id="fl-e5">
         <path>C:\ti\ccs1040\ccs\tools\compiler\ti-cgt-arm_20.2.5.LTS\lib\</path>
         <kind>archive</kind>
         <file>rtsv7M4_T_le_v4SPD16_eabi.lib</file>
         <name>autoinit.c.obj</name>
      </input_file>
      <input_file id="fl-e6">
         <path>C:\ti\ccs1040\ccs\tools\compiler\ti-cgt-arm_20.2.5.LTS\lib\</path>
         <kind>archive</kind>
         <file>rtsv7M4_T_le_v4SPD16_eabi.lib</file>
         <name>pre_init.c.obj</name>
      </input_file>
      <input_file id="fl-e7">
         <path>C:\ti\ccs1040\ccs\tools\compiler\ti-cgt-arm_20.2.5.LTS\lib\</path>
         <kind>archive</kind>
         <file>rtsv7M4_T_le_v4SPD16_eabi.lib</file>
         <name>cpy_tbl.c.obj</name>
      </input_file>
      <input_file id="fl-e8">
         <path>C:\ti\ccs1040\ccs\tools\compiler\ti-cgt-arm_20.2.5.LTS\lib\</path>
         <kind>archive</kind>
         <file>rtsv7M4_T_le_v4SPD16_eabi.lib</file>
         <name>exit.c.obj</name>
      </input_file>
      <input_file id="fl-e9">
         <path>C:\ti\ccs1040\ccs\tools\compiler\ti-cgt-arm_20.2.5.LTS\lib\</path>
         <kind>archive</kind>
         <file>rtsv7M4_T_le_v4SPD16_eabi.lib</file>
         <name>_lock.c.obj</name>
      </input_file>
      <input_file id="fl-ea">
         <path>C:\ti\ccs1040\ccs\tools\compiler\ti-cgt-arm_20.2.5.LTS\lib\</path>
         <kind>archive</kind>
         <file>rtsv7M4_T_le_v4SPD16_eabi.lib</file>
         <name>args_main.c.obj</name>
      </input_file>
   </input_file_list>
   <object_component_list>
      <object_component id="oc-26">
         <name>.intvecs:retain</name>
         <load_address>0x0</load_address>
         <run_address>0x0</run_address>
         <size>0xe4</size>
         <input_file_ref idref="fl-4"/>
      </object_component>
      <object_component id="oc-13c">
         <name>.text:Graphics_drawString</name>
         <load_address>0xe4</load_address>
         <run_address>0xe4</run_address>
         <size>0x47e</size>
         <input_file_ref idref="fl-1c"/>
      </object_component>
      <object_component id="oc-382">
         <name>.text:Crystalfontz128x128_PixelDrawMultiple</name>
         <load_address>0x562</load_address>
         <run_address>0x562</run_address>
         <size>0x1d8</size>
         <input_file_ref idref="fl-7"/>
      </object_component>
      <object_component id="oc-6d">
         <name>.text:Default_Handler</name>
         <load_address>0x73a</load_address>
         <run_address>0x73a</run_address>
         <size>0x2</size>
         <input_file_ref idref="fl-4"/>
      </object_component>
      <object_component id="oc-1e5">
         <name>.text:_getIndexForMemRegister</name>
         <load_address>0x73c</load_address>
         <run_address>0x73c</run_address>
         <size>0x160</size>
         <input_file_ref idref="fl-1d"/>
      </object_component>
      <object_component id="oc-48b">
         <name>.text:__PCM_setPowerModeAdvanced</name>
         <load_address>0x89c</load_address>
         <run_address>0x89c</run_address>
         <size>0x15c</size>
         <input_file_ref idref="fl-22"/>
      </object_component>
      <object_component id="oc-2fd">
         <name>.text:privateTimer_AProcessClockSourceDivider</name>
         <load_address>0x9f8</load_address>
         <run_address>0x9f8</run_address>
         <size>0x144</size>
         <input_file_ref idref="fl-27"/>
      </object_component>
      <object_component id="oc-358">
         <name>.text:Crystalfontz128x128_SetDrawFrame</name>
         <load_address>0xb3c</load_address>
         <run_address>0xb3c</run_address>
         <size>0x134</size>
         <input_file_ref idref="fl-7"/>
      </object_component>
      <object_component id="oc-21b">
         <name>.text:CS_initClockSignal</name>
         <load_address>0xc70</load_address>
         <run_address>0xc70</run_address>
         <size>0x130</size>
         <input_file_ref idref="fl-1e"/>
      </object_component>
      <object_component id="oc-22e">
         <name>.text:Crystalfontz128x128_Init</name>
         <load_address>0xda0</load_address>
         <run_address>0xda0</run_address>
         <size>0x12c</size>
         <input_file_ref idref="fl-7"/>
      </object_component>
      <object_component id="oc-136">
         <name>.text:s_sprintf</name>
         <load_address>0xecc</load_address>
         <run_address>0xecc</run_address>
         <size>0x126</size>
         <input_file_ref idref="fl-c"/>
      </object_component>
      <object_component id="oc-31c">
         <name>.text:__PCM_setCoreVoltageLevelAdvanced</name>
         <load_address>0xff4</load_address>
         <run_address>0xff4</run_address>
         <size>0x108</size>
         <input_file_ref idref="fl-22"/>
      </object_component>
      <object_component id="oc-124">
         <name>.text:_inputInit</name>
         <load_address>0x10fc</load_address>
         <run_address>0x10fc</run_address>
         <size>0xfc</size>
         <input_file_ref idref="fl-a"/>
      </object_component>
      <object_component id="oc-a5">
         <name>.text:main</name>
         <load_address>0x11f8</load_address>
         <run_address>0x11f8</run_address>
         <size>0xfc</size>
         <input_file_ref idref="fl-2"/>
      </object_component>
      <object_component id="oc-2ad">
         <name>.text:s_appendInteger</name>
         <load_address>0x12f4</load_address>
         <run_address>0x12f4</run_address>
         <size>0xfc</size>
         <input_file_ref idref="fl-c"/>
      </object_component>
      <object_component id="oc-27a">
         <name>.text:ADC14_configureConversionMemory</name>
         <load_address>0x13f0</load_address>
         <run_address>0x13f0</run_address>
         <size>0xb4</size>
         <input_file_ref idref="fl-1d"/>
      </object_component>
      <object_component id="oc-274">
         <name>.text:ADC14_configureMultiSequenceMode</name>
         <load_address>0x14a4</load_address>
         <run_address>0x14a4</run_address>
         <size>0xb4</size>
         <input_file_ref idref="fl-1d"/>
      </object_component>
      <object_component id="oc-43b">
         <name>.text:SPI_initMaster</name>
         <load_address>0x1558</load_address>
         <run_address>0x1558</run_address>
         <size>0xb0</size>
         <input_file_ref idref="fl-24"/>
      </object_component>
      <object_component id="oc-394">
         <name>.text:Crystalfontz128x128_RectFill</name>
         <load_address>0x1608</load_address>
         <run_address>0x1608</run_address>
         <size>0x9c</size>
         <input_file_ref idref="fl-7"/>
      </object_component>
      <object_component id="oc-2c1">
         <name>.text:Graphics_drawLineH</name>
         <load_address>0x16a4</load_address>
         <run_address>0x16a4</run_address>
         <size>0x9c</size>
         <input_file_ref idref="fl-1b"/>
      </object_component>
      <object_component id="oc-37">
         <name>.text</name>
         <load_address>0x1740</load_address>
         <run_address>0x1740</run_address>
         <size>0x9c</size>
         <input_file_ref idref="fl-e3"/>
      </object_component>
      <object_component id="oc-73">
         <name>.text:TA1_0_IRQHandler</name>
         <load_address>0x17dc</load_address>
         <run_address>0x17dc</run_address>
         <size>0x8c</size>
         <input_file_ref idref="fl-b"/>
      </object_component>
      <object_component id="oc-262">
         <name>.text:GPIO_setAsPeripheralModuleFunctionInputPin</name>
         <load_address>0x1868</load_address>
         <run_address>0x1868</run_address>
         <size>0x88</size>
         <input_file_ref idref="fl-20"/>
      </object_component>
      <object_component id="oc-327">
         <name>.text:GPIO_setAsPeripheralModuleFunctionOutputPin</name>
         <load_address>0x18f0</load_address>
         <run_address>0x18f0</run_address>
         <size>0x88</size>
         <input_file_ref idref="fl-20"/>
      </object_component>
      <object_component id="oc-286">
         <name>.text:Interrupt_enableInterrupt</name>
         <load_address>0x1978</load_address>
         <run_address>0x1978</run_address>
         <size>0x80</size>
         <input_file_ref idref="fl-21"/>
      </object_component>
      <object_component id="oc-cb">
         <name>.text:playNote</name>
         <load_address>0x19f8</load_address>
         <run_address>0x19f8</run_address>
         <size>0x80</size>
         <input_file_ref idref="fl-b"/>
      </object_component>
      <object_component id="oc-b7">
         <name>.text:SystemInit</name>
         <load_address>0x1a78</load_address>
         <run_address>0x1a78</run_address>
         <size>0x78</size>
         <input_file_ref idref="fl-3"/>
      </object_component>
      <object_component id="oc-130">
         <name>.text:getButtons</name>
         <load_address>0x1af0</load_address>
         <run_address>0x1af0</run_address>
         <size>0x74</size>
         <input_file_ref idref="fl-a"/>
      </object_component>
      <object_component id="oc-196">
         <name>.text:Timer_A_configureUpMode</name>
         <load_address>0x1b64</load_address>
         <run_address>0x1b64</run_address>
         <size>0x68</size>
         <input_file_ref idref="fl-27"/>
      </object_component>
      <object_component id="oc-17">
         <name>.text:decompress:lzss:__TI_decompress_lzss</name>
         <load_address>0x1bcc</load_address>
         <run_address>0x1bcc</run_address>
         <size>0x68</size>
         <input_file_ref idref="fl-e1"/>
      </object_component>
      <object_component id="oc-388">
         <name>.text:Crystalfontz128x128_LineDrawH</name>
         <load_address>0x1c34</load_address>
         <run_address>0x1c34</run_address>
         <size>0x60</size>
         <input_file_ref idref="fl-7"/>
      </object_component>
      <object_component id="oc-38e">
         <name>.text:Crystalfontz128x128_LineDrawV</name>
         <load_address>0x1c94</load_address>
         <run_address>0x1c94</run_address>
         <size>0x60</size>
         <input_file_ref idref="fl-7"/>
      </object_component>
      <object_component id="oc-41f">
         <name>.text:PCM_getCoreVoltageLevel</name>
         <load_address>0x1cf4</load_address>
         <run_address>0x1cf4</run_address>
         <size>0x5e</size>
         <input_file_ref idref="fl-22"/>
      </object_component>
      <object_component id="oc-118">
         <name>.text:_hwInit</name>
         <load_address>0x1d52</load_address>
         <run_address>0x1d52</run_address>
         <size>0x5e</size>
         <input_file_ref idref="fl-c"/>
      </object_component>
      <object_component id="oc-142">
         <name>.text:Graphics_drawPixel</name>
         <load_address>0x1db0</load_address>
         <run_address>0x1db0</run_address>
         <size>0x5a</size>
         <input_file_ref idref="fl-18"/>
      </object_component>
      <object_component id="oc-419">
         <name>.text:PCM_getPowerMode</name>
         <load_address>0x1e0a</load_address>
         <run_address>0x1e0a</run_address>
         <size>0x5a</size>
         <input_file_ref idref="fl-22"/>
      </object_component>
      <object_component id="oc-26e">
         <name>.text:ADC14_initModule</name>
         <load_address>0x1e64</load_address>
         <run_address>0x1e64</run_address>
         <size>0x54</size>
         <input_file_ref idref="fl-1d"/>
      </object_component>
      <object_component id="oc-234">
         <name>.text:Crystalfontz128x128_SetOrientation</name>
         <load_address>0x1eb8</load_address>
         <run_address>0x1eb8</run_address>
         <size>0x54</size>
         <input_file_ref idref="fl-7"/>
      </object_component>
      <object_component id="oc-23a">
         <name>.text:Graphics_initContext</name>
         <load_address>0x1f0c</load_address>
         <run_address>0x1f0c</run_address>
         <size>0x52</size>
         <input_file_ref idref="fl-18"/>
      </object_component>
      <object_component id="oc-1a6">
         <name>.text:Timer_A_initCompare</name>
         <load_address>0x1f5e</load_address>
         <run_address>0x1f5e</run_address>
         <size>0x4e</size>
         <input_file_ref idref="fl-27"/>
      </object_component>
      <object_component id="oc-d1">
         <name>.text:Timer_A_getCounterValue</name>
         <load_address>0x1fac</load_address>
         <run_address>0x1fac</run_address>
         <size>0x4c</size>
         <input_file_ref idref="fl-27"/>
      </object_component>
      <object_component id="oc-11e">
         <name>.text:_graphicsInit</name>
         <load_address>0x1ff8</load_address>
         <run_address>0x1ff8</run_address>
         <size>0x4c</size>
         <input_file_ref idref="fl-9"/>
      </object_component>
      <object_component id="oc-20f">
         <name>.text:FlashCtl_setWaitState</name>
         <load_address>0x2044</load_address>
         <run_address>0x2044</run_address>
         <size>0x48</size>
         <input_file_ref idref="fl-1f"/>
      </object_component>
      <object_component id="oc-79">
         <name>.text:ADC14_IRQHandler</name>
         <load_address>0x208c</load_address>
         <run_address>0x208c</run_address>
         <size>0x44</size>
         <input_file_ref idref="fl-a"/>
      </object_component>
      <object_component id="oc-158">
         <name>.text:__TI_auto_init_nobinit_nopinit:__TI_auto_init_nobinit_nopinit</name>
         <load_address>0x20d0</load_address>
         <run_address>0x20d0</run_address>
         <size>0x44</size>
         <input_file_ref idref="fl-e5"/>
      </object_component>
      <object_component id="oc-37c">
         <name>.text:Crystalfontz128x128_PixelDraw</name>
         <load_address>0x2114</load_address>
         <run_address>0x2114</run_address>
         <size>0x40</size>
         <input_file_ref idref="fl-7"/>
      </object_component>
      <object_component id="oc-434">
         <name>.text:GPIO_setAsOutputPin</name>
         <load_address>0x2154</load_address>
         <run_address>0x2154</run_address>
         <size>0x40</size>
         <input_file_ref idref="fl-20"/>
      </object_component>
      <object_component id="oc-2bb">
         <name>.text:Graphics_getNumberOfLeadingZeros</name>
         <load_address>0x2194</load_address>
         <run_address>0x2194</run_address>
         <size>0x40</size>
         <input_file_ref idref="fl-1c"/>
      </object_component>
      <object_component id="oc-33a">
         <name>.text:HAL_LCD_SpiInit</name>
         <load_address>0x21d4</load_address>
         <run_address>0x21d4</run_address>
         <size>0x40</size>
         <input_file_ref idref="fl-8"/>
      </object_component>
      <object_component id="oc-493">
         <name>.text:is_A_Module</name>
         <load_address>0x2214</load_address>
         <run_address>0x2214</run_address>
         <size>0x40</size>
         <input_file_ref idref="fl-24"/>
      </object_component>
      <object_component id="oc-e8">
         <name>.text:ADC14_getEnabledInterruptStatus</name>
         <load_address>0x2254</load_address>
         <run_address>0x2254</run_address>
         <size>0x38</size>
         <input_file_ref idref="fl-1d"/>
      </object_component>
      <object_component id="oc-34c">
         <name>.text:HAL_LCD_writeCommand</name>
         <load_address>0x228c</load_address>
         <run_address>0x228c</run_address>
         <size>0x38</size>
         <input_file_ref idref="fl-8"/>
      </object_component>
      <object_component id="oc-3d0">
         <name>.text:Graphics_drawHorizontalLineOnDisplay</name>
         <load_address>0x22c4</load_address>
         <run_address>0x22c4</run_address>
         <size>0x36</size>
         <input_file_ref idref="fl-19"/>
      </object_component>
      <object_component id="oc-28c">
         <name>.text:ADC14_enableSampleTimer</name>
         <load_address>0x22fc</load_address>
         <run_address>0x22fc</run_address>
         <size>0x34</size>
         <input_file_ref idref="fl-1d"/>
      </object_component>
      <object_component id="oc-215">
         <name>.text:CS_setDCOCenteredFrequency</name>
         <load_address>0x2330</load_address>
         <run_address>0x2330</run_address>
         <size>0x34</size>
         <input_file_ref idref="fl-1e"/>
      </object_component>
      <object_component id="oc-55">
         <name>.text:_c_int00_noargs:_c_int00_noargs</name>
         <load_address>0x2364</load_address>
         <run_address>0x2364</run_address>
         <size>0x34</size>
         <input_file_ref idref="fl-e2"/>
      </object_component>
      <object_component id="oc-ee">
         <name>.text:ADC14_clearInterruptFlag</name>
         <load_address>0x2398</load_address>
         <run_address>0x2398</run_address>
         <size>0x30</size>
         <input_file_ref idref="fl-1d"/>
      </object_component>
      <object_component id="oc-280">
         <name>.text:ADC14_enableInterrupt</name>
         <load_address>0x23c8</load_address>
         <run_address>0x23c8</run_address>
         <size>0x30</size>
         <input_file_ref idref="fl-1d"/>
      </object_component>
      <object_component id="oc-221">
         <name>.text:CS_setReferenceOscillatorFrequency</name>
         <load_address>0x23f8</load_address>
         <run_address>0x23f8</run_address>
         <size>0x30</size>
         <input_file_ref idref="fl-1e"/>
      </object_component>
      <object_component id="oc-2a6">
         <name>.text:GPIO_getInputPinValue</name>
         <load_address>0x2428</load_address>
         <run_address>0x2428</run_address>
         <size>0x30</size>
         <input_file_ref idref="fl-20"/>
      </object_component>
      <object_component id="oc-334">
         <name>.text:HAL_LCD_PortInit</name>
         <load_address>0x2458</load_address>
         <run_address>0x2458</run_address>
         <size>0x30</size>
         <input_file_ref idref="fl-8"/>
      </object_component>
      <object_component id="oc-1dd">
         <name>.text:ADC14_getInterruptStatus</name>
         <load_address>0x2488</load_address>
         <run_address>0x2488</run_address>
         <size>0x2c</size>
         <input_file_ref idref="fl-1d"/>
      </object_component>
      <object_component id="oc-298">
         <name>.text:ADC14_toggleConversionTrigger</name>
         <load_address>0x24b4</load_address>
         <run_address>0x24b4</run_address>
         <size>0x2c</size>
         <input_file_ref idref="fl-1d"/>
      </object_component>
      <object_component id="oc-3a6">
         <name>.text:Crystalfontz128x128_ClearScreen</name>
         <load_address>0x24e0</load_address>
         <run_address>0x24e0</run_address>
         <size>0x2c</size>
         <input_file_ref idref="fl-7"/>
      </object_component>
      <object_component id="oc-2c7">
         <name>.text:Graphics_drawPixelOnDisplay</name>
         <load_address>0x250c</load_address>
         <run_address>0x250c</run_address>
         <size>0x2c</size>
         <input_file_ref idref="fl-19"/>
      </object_component>
      <object_component id="oc-352">
         <name>.text:HAL_LCD_writeData</name>
         <load_address>0x2538</load_address>
         <run_address>0x2538</run_address>
         <size>0x2c</size>
         <input_file_ref idref="fl-8"/>
      </object_component>
      <object_component id="oc-bf">
         <name>.text:Timer_A_clearCaptureCompareInterrupt</name>
         <load_address>0x2564</load_address>
         <run_address>0x2564</run_address>
         <size>0x2c</size>
         <input_file_ref idref="fl-27"/>
      </object_component>
      <object_component id="oc-32d">
         <name>.text:Timer_A_enableCaptureCompareInterrupt</name>
         <load_address>0x2590</load_address>
         <run_address>0x2590</run_address>
         <size>0x2c</size>
         <input_file_ref idref="fl-27"/>
      </object_component>
      <object_component id="oc-292">
         <name>.text:ADC14_enableConversion</name>
         <load_address>0x25bc</load_address>
         <run_address>0x25bc</run_address>
         <size>0x28</size>
         <input_file_ref idref="fl-1d"/>
      </object_component>
      <object_component id="oc-f4">
         <name>.text:ADC14_getResult</name>
         <load_address>0x25e4</load_address>
         <run_address>0x25e4</run_address>
         <size>0x28</size>
         <input_file_ref idref="fl-1d"/>
      </object_component>
      <object_component id="oc-39a">
         <name>.text:Crystalfontz128x128_ColorTranslate</name>
         <load_address>0x260c</load_address>
         <run_address>0x260c</run_address>
         <size>0x28</size>
         <input_file_ref idref="fl-7"/>
      </object_component>
      <object_component id="oc-346">
         <name>.text:GPIO_setOutputHighOnPin</name>
         <load_address>0x2634</load_address>
         <run_address>0x2634</run_address>
         <size>0x28</size>
         <input_file_ref idref="fl-20"/>
      </object_component>
      <object_component id="oc-340">
         <name>.text:GPIO_setOutputLowOnPin</name>
         <load_address>0x265c</load_address>
         <run_address>0x265c</run_address>
         <size>0x28</size>
         <input_file_ref idref="fl-20"/>
      </object_component>
      <object_component id="oc-d7">
         <name>.text:Timer_A_setCompareValue</name>
         <load_address>0x2684</load_address>
         <run_address>0x2684</run_address>
         <size>0x28</size>
         <input_file_ref idref="fl-27"/>
      </object_component>
      <object_component id="oc-1fd">
         <name>.text:WDT_A_holdTimer</name>
         <load_address>0x26ac</load_address>
         <run_address>0x26ac</run_address>
         <size>0x24</size>
         <input_file_ref idref="fl-28"/>
      </object_component>
      <object_component id="oc-227">
         <name>.text:_soundInit</name>
         <load_address>0x26d0</load_address>
         <run_address>0x26d0</run_address>
         <size>0x20</size>
         <input_file_ref idref="fl-b"/>
      </object_component>
      <object_component id="oc-441">
         <name>.text:SPI_enableModule</name>
         <load_address>0x26f0</load_address>
         <run_address>0x26f0</run_address>
         <size>0x1c</size>
         <input_file_ref idref="fl-24"/>
      </object_component>
      <object_component id="oc-43">
         <name>.text:decompress:ZI:__TI_zero_init_nomemset:__TI_zero_init_nomemset</name>
         <load_address>0x270c</load_address>
         <run_address>0x270c</run_address>
         <size>0x1c</size>
         <input_file_ref idref="fl-df"/>
      </object_component>
      <object_component id="oc-373">
         <name>.text:Graphics_clearDisplayOnDisplay</name>
         <load_address>0x2728</load_address>
         <run_address>0x2728</run_address>
         <size>0x1a</size>
         <input_file_ref idref="fl-19"/>
      </object_component>
      <object_component id="oc-246">
         <name>.text:Graphics_setBackgroundColor</name>
         <load_address>0x2742</load_address>
         <run_address>0x2742</run_address>
         <size>0x1a</size>
         <input_file_ref idref="fl-18"/>
      </object_component>
      <object_component id="oc-24c">
         <name>.text:Graphics_setFont</name>
         <load_address>0x275c</load_address>
         <run_address>0x275c</run_address>
         <size>0x1a</size>
         <input_file_ref idref="fl-18"/>
      </object_component>
      <object_component id="oc-49b">
         <name>.text:EUSCI_A_SPI_enable</name>
         <load_address>0x2776</load_address>
         <run_address>0x2776</run_address>
         <size>0x16</size>
         <input_file_ref idref="fl-24"/>
      </object_component>
      <object_component id="oc-4a1">
         <name>.text:EUSCI_B_SPI_enable</name>
         <load_address>0x278c</load_address>
         <run_address>0x278c</run_address>
         <size>0x16</size>
         <input_file_ref idref="fl-24"/>
      </object_component>
      <object_component id="oc-240">
         <name>.text:Graphics_setForegroundColor</name>
         <load_address>0x27a2</load_address>
         <run_address>0x27a2</run_address>
         <size>0x16</size>
         <input_file_ref idref="fl-18"/>
      </object_component>
      <object_component id="oc-36a">
         <name>.text:Graphics_translateColorOnDisplay</name>
         <load_address>0x27b8</load_address>
         <run_address>0x27b8</run_address>
         <size>0x16</size>
         <input_file_ref idref="fl-19"/>
      </object_component>
      <object_component id="oc-1a0">
         <name>.text:Timer_A_startCounter</name>
         <load_address>0x27ce</load_address>
         <run_address>0x27ce</run_address>
         <size>0x16</size>
         <input_file_ref idref="fl-27"/>
      </object_component>
      <object_component id="oc-425">
         <name>.text:PCM_getPowerState</name>
         <load_address>0x27e4</load_address>
         <run_address>0x27e4</run_address>
         <size>0x14</size>
         <input_file_ref idref="fl-22"/>
      </object_component>
      <object_component id="oc-c5">
         <name>.text:stopSound</name>
         <load_address>0x27f8</load_address>
         <run_address>0x27f8</run_address>
         <size>0x14</size>
         <input_file_ref idref="fl-b"/>
      </object_component>
      <object_component id="oc-252">
         <name>.text:Graphics_clearDisplay</name>
         <load_address>0x280c</load_address>
         <run_address>0x280c</run_address>
         <size>0x12</size>
         <input_file_ref idref="fl-18"/>
      </object_component>
      <object_component id="oc-3b9">
         <name>.text:ADCIsConversionRunning</name>
         <load_address>0x2820</load_address>
         <run_address>0x2820</run_address>
         <size>0x10</size>
         <input_file_ref idref="fl-1d"/>
      </object_component>
      <object_component id="oc-203">
         <name>.text:Interrupt_disableMaster</name>
         <load_address>0x2830</load_address>
         <run_address>0x2830</run_address>
         <size>0x10</size>
         <input_file_ref idref="fl-21"/>
      </object_component>
      <object_component id="oc-12a">
         <name>.text:Interrupt_enableMaster</name>
         <load_address>0x2840</load_address>
         <run_address>0x2840</run_address>
         <size>0x10</size>
         <input_file_ref idref="fl-21"/>
      </object_component>
      <object_component id="oc-209">
         <name>.text:PCM_setCoreVoltageLevel</name>
         <load_address>0x2850</load_address>
         <run_address>0x2850</run_address>
         <size>0x10</size>
         <input_file_ref idref="fl-22"/>
      </object_component>
      <object_component id="oc-42b">
         <name>.text:PCM_setPowerMode</name>
         <load_address>0x2860</load_address>
         <run_address>0x2860</run_address>
         <size>0x10</size>
         <input_file_ref idref="fl-22"/>
      </object_component>
      <object_component id="oc-1d">
         <name>.text:decompress:none:__TI_decompress_none</name>
         <load_address>0x2870</load_address>
         <run_address>0x2870</run_address>
         <size>0xe</size>
         <input_file_ref idref="fl-e0"/>
      </object_component>
      <object_component id="oc-268">
         <name>.text:ADC14_enableModule</name>
         <load_address>0x2880</load_address>
         <run_address>0x2880</run_address>
         <size>0xc</size>
         <input_file_ref idref="fl-1d"/>
      </object_component>
      <object_component id="oc-315">
         <name>.text:CPU_cpsid</name>
         <load_address>0x288c</load_address>
         <run_address>0x288c</run_address>
         <size>0xc</size>
         <input_file_ref idref="fl-29"/>
      </object_component>
      <object_component id="oc-29f">
         <name>.text:CPU_cpsie</name>
         <load_address>0x2898</load_address>
         <run_address>0x2898</run_address>
         <size>0xc</size>
         <input_file_ref idref="fl-29"/>
      </object_component>
      <object_component id="oc-67">
         <name>.text:Reset_Handler</name>
         <load_address>0x28a4</load_address>
         <run_address>0x28a4</run_address>
         <size>0xc</size>
         <input_file_ref idref="fl-4"/>
      </object_component>
      <object_component id="oc-3a0">
         <name>.text:Crystalfontz128x128_Flush</name>
         <load_address>0x28b0</load_address>
         <run_address>0x28b0</run_address>
         <size>0xa</size>
         <input_file_ref idref="fl-7"/>
      </object_component>
      <object_component id="oc-9f">
         <name>.text:_system_pre_init</name>
         <load_address>0x28ba</load_address>
         <run_address>0x28ba</run_address>
         <size>0x4</size>
         <input_file_ref idref="fl-e6"/>
      </object_component>
      <object_component id="oc-14c">
         <name>.text:abort:abort</name>
         <load_address>0x28be</load_address>
         <run_address>0x28be</run_address>
         <size>0x4</size>
         <input_file_ref idref="fl-e8"/>
      </object_component>
      <object_component id="oc-3ae">
         <name>.const:.string:g_pucFontFixed6x8Data</name>
         <load_address>0x28c4</load_address>
         <run_address>0x28c4</run_address>
         <size>0x2f8</size>
         <input_file_ref idref="fl-1a"/>
      </object_component>
      <object_component id="oc-25e">
         <name>.const:g_sFontFixed6x8</name>
         <load_address>0x2bbc</load_address>
         <run_address>0x2bbc</run_address>
         <size>0xc8</size>
         <input_file_ref idref="fl-1a"/>
      </object_component>
      <object_component id="oc-1eb">
         <name>.const:_ctlRegs</name>
         <load_address>0x2c84</load_address>
         <run_address>0x2c84</run_address>
         <size>0x80</size>
         <input_file_ref idref="fl-1d"/>
      </object_component>
      <object_component id="oc-3b4">
         <name>.const:GPIO_PORT_TO_BASE</name>
         <load_address>0x2d04</load_address>
         <run_address>0x2d04</run_address>
         <size>0x30</size>
         <input_file_ref idref="fl-20"/>
      </object_component>
      <object_component id="oc-25b">
         <name>.const:g_sCrystalfontz128x128_funcs</name>
         <load_address>0x2d34</load_address>
         <run_address>0x2d34</run_address>
         <size>0x20</size>
         <input_file_ref idref="fl-7"/>
      </object_component>
      <object_component id="oc-447">
         <name>.const:$P$T0$1</name>
         <load_address>0x2d54</load_address>
         <run_address>0x2d54</run_address>
         <size>0x1c</size>
         <input_file_ref idref="fl-8"/>
      </object_component>
      <object_component id="oc-465">
         <name>.const:$P$T0$1</name>
         <load_address>0x2d70</load_address>
         <run_address>0x2d70</run_address>
         <size>0x8</size>
         <input_file_ref idref="fl-7"/>
      </object_component>
      <object_component id="oc-3c3">
         <name>.const:g_pulEnRegs</name>
         <load_address>0x2d78</load_address>
         <run_address>0x2d78</run_address>
         <size>0x8</size>
         <input_file_ref idref="fl-21"/>
      </object_component>
      <object_component id="oc-4ef">
         <name>.cinit..data.load</name>
         <load_address>0x2d80</load_address>
         <run_address>0x2d80</run_address>
         <size>0x41</size>
      </object_component>
      <object_component id="oc-4ed">
         <name>__TI_handler_table</name>
         <load_address>0x2dc4</load_address>
         <run_address>0x2dc4</run_address>
         <size>0xc</size>
      </object_component>
      <object_component id="oc-4f0">
         <name>.cinit..bss.load</name>
         <load_address>0x2dd0</load_address>
         <run_address>0x2dd0</run_address>
         <size>0x8</size>
      </object_component>
      <object_component id="oc-4ee">
         <name>__TI_cinit_table</name>
         <load_address>0x2dd8</load_address>
         <run_address>0x2dd8</run_address>
         <size>0x10</size>
      </object_component>
      <object_component id="oc-4c1">
         <name>.binit</name>
         <load_address>0x0</load_address>
         <run_address>0x0</run_address>
         <size>0x0</size>
      </object_component>
      <object_component id="oc-258">
         <name>.data:g_sCrystalfontz128x128</name>
         <load_address>0x20000040</load_address>
         <run_address>0x20000040</run_address>
         <size>0x10</size>
         <input_file_ref idref="fl-7"/>
      </object_component>
      <object_component id="oc-1ac">
         <name>.data:notePeriods</name>
         <load_address>0x20000018</load_address>
         <run_address>0x20000018</run_address>
         <size>0x18</size>
         <input_file_ref idref="fl-b"/>
      </object_component>
      <object_component id="oc-1af">
         <name>.data:compareConfig_PWM</name>
         <load_address>0x20000030</load_address>
         <run_address>0x20000030</run_address>
         <size>0x10</size>
         <input_file_ref idref="fl-b"/>
      </object_component>
      <object_component id="oc-19c">
         <name>.data:noteClock</name>
         <load_address>0x20000000</load_address>
         <run_address>0x20000000</run_address>
         <size>0x18</size>
         <input_file_ref idref="fl-b"/>
      </object_component>
      <object_component id="oc-1b2">
         <name>.data</name>
         <load_address>0x20000050</load_address>
         <run_address>0x20000050</run_address>
         <size>0x1</size>
         <input_file_ref idref="fl-b"/>
      </object_component>
      <object_component id="oc-148">
         <name>.common:ctx</name>
         <uninitialized>true</uninitialized>
         <run_address>0x20000054</run_address>
         <size>0x1c</size>
      </object_component>
      <object_component id="oc-fa">
         <name>.common:joystick_x</name>
         <uninitialized>true</uninitialized>
         <run_address>0x20000082</run_address>
         <size>0x2</size>
      </object_component>
      <object_component id="oc-ff">
         <name>.common:joystick_y</name>
         <uninitialized>true</uninitialized>
         <run_address>0x20000084</run_address>
         <size>0x2</size>
      </object_component>
      <object_component id="oc-367">
         <name>.common:Lcd_Orientation</name>
         <uninitialized>true</uninitialized>
         <run_address>0x20000088</run_address>
         <size>0x1</size>
      </object_component>
      <object_component id="oc-35e">
         <name>.common:Lcd_ScreenWidth</name>
         <uninitialized>true</uninitialized>
         <run_address>0x2000007e</run_address>
         <size>0x2</size>
      </object_component>
      <object_component id="oc-361">
         <name>.common:Lcd_ScreenHeigth</name>
         <uninitialized>true</uninitialized>
         <run_address>0x2000007c</run_address>
         <size>0x2</size>
      </object_component>
      <object_component id="oc-362">
         <name>.common:Lcd_PenSolid</name>
         <uninitialized>true</uninitialized>
         <run_address>0x20000089</run_address>
         <size>0x1</size>
      </object_component>
      <object_component id="oc-363">
         <name>.common:Lcd_FontSolid</name>
         <uninitialized>true</uninitialized>
         <run_address>0x20000087</run_address>
         <size>0x1</size>
      </object_component>
      <object_component id="oc-364">
         <name>.common:Lcd_FlagRead</name>
         <uninitialized>true</uninitialized>
         <run_address>0x20000086</run_address>
         <size>0x1</size>
      </object_component>
      <object_component id="oc-365">
         <name>.common:Lcd_TouchTrim</name>
         <uninitialized>true</uninitialized>
         <run_address>0x20000080</run_address>
         <size>0x2</size>
      </object_component>
      <object_component id="oc-e0">
         <name>.common:_numNotes</name>
         <uninitialized>true</uninitialized>
         <run_address>0x20000078</run_address>
         <size>0x4</size>
      </object_component>
      <object_component id="oc-dd">
         <name>.common:_notesPlayed</name>
         <uninitialized>true</uninitialized>
         <run_address>0x20000074</run_address>
         <size>0x4</size>
      </object_component>
      <object_component id="oc-e1">
         <name>.common:_notes</name>
         <uninitialized>true</uninitialized>
         <run_address>0x20000070</run_address>
         <size>0x4</size>
      </object_component>
      <object_component id="oc-29">
         <name>.stack</name>
         <uninitialized>true</uninitialized>
         <run_address>0x2000fe00</run_address>
         <size>0x4</size>
         <input_file_ref idref="fl-e2"/>
      </object_component>
      <object_component id="oc-4f2">
         <name>.stack</name>
         <uninitialized>true</uninitialized>
         <run_address>0x2000fe00</run_address>
         <size>0x0</size>
      </object_component>
      <object_component id="oc-fb">
         <name>.debug_info</name>
         <load_address>0x0</load_address>
         <run_address>0x0</run_address>
         <size>0x99d</size>
         <input_file_ref idref="fl-2"/>
      </object_component>
      <object_component id="oc-a6">
         <name>.debug_info</name>
         <load_address>0x99d</load_address>
         <run_address>0x99d</run_address>
         <size>0x1ea</size>
         <input_file_ref idref="fl-2"/>
      </object_component>
      <object_component id="oc-103">
         <name>.debug_info</name>
         <load_address>0xb87</load_address>
         <run_address>0xb87</run_address>
         <size>0x26b</size>
         <input_file_ref idref="fl-2"/>
      </object_component>
      <object_component id="oc-1bf">
         <name>.debug_info</name>
         <load_address>0xdf2</load_address>
         <run_address>0xdf2</run_address>
         <size>0x1028</size>
         <input_file_ref idref="fl-2"/>
      </object_component>
      <object_component id="oc-1ba">
         <name>.debug_info</name>
         <load_address>0x1e1a</load_address>
         <run_address>0x1e1a</run_address>
         <size>0x37e2</size>
         <input_file_ref idref="fl-2"/>
      </object_component>
      <object_component id="oc-1c4">
         <name>.debug_info</name>
         <load_address>0x55fc</load_address>
         <run_address>0x55fc</run_address>
         <size>0x439</size>
         <input_file_ref idref="fl-2"/>
      </object_component>
      <object_component id="oc-1c9">
         <name>.debug_info</name>
         <load_address>0x5a35</load_address>
         <run_address>0x5a35</run_address>
         <size>0x341</size>
         <input_file_ref idref="fl-2"/>
      </object_component>
      <object_component id="oc-1f1">
         <name>.debug_info</name>
         <load_address>0x5d76</load_address>
         <run_address>0x5d76</run_address>
         <size>0x8b</size>
         <input_file_ref idref="fl-2"/>
      </object_component>
      <object_component id="oc-1d8">
         <name>.debug_info</name>
         <load_address>0x5e01</load_address>
         <run_address>0x5e01</run_address>
         <size>0x2a4</size>
         <input_file_ref idref="fl-2"/>
      </object_component>
      <object_component id="oc-1d3">
         <name>.debug_info</name>
         <load_address>0x60a5</load_address>
         <run_address>0x60a5</run_address>
         <size>0xef</size>
         <input_file_ref idref="fl-2"/>
      </object_component>
      <object_component id="oc-e3">
         <name>.debug_info</name>
         <load_address>0x6194</load_address>
         <run_address>0x6194</run_address>
         <size>0xbb</size>
         <input_file_ref idref="fl-2"/>
      </object_component>
      <object_component id="oc-2b6">
         <name>.debug_info</name>
         <load_address>0x624f</load_address>
         <run_address>0x624f</run_address>
         <size>0x2c</size>
         <input_file_ref idref="fl-2"/>
      </object_component>
      <object_component id="oc-44b">
         <name>.debug_info</name>
         <load_address>0x627b</load_address>
         <run_address>0x627b</run_address>
         <size>0x131</size>
         <input_file_ref idref="fl-2"/>
      </object_component>
      <object_component id="oc-1f6">
         <name>.debug_info</name>
         <load_address>0x63ac</load_address>
         <run_address>0x63ac</run_address>
         <size>0x35</size>
         <input_file_ref idref="fl-2"/>
      </object_component>
      <object_component id="oc-1ce">
         <name>.debug_info</name>
         <load_address>0x63e1</load_address>
         <run_address>0x63e1</run_address>
         <size>0x62</size>
         <input_file_ref idref="fl-2"/>
      </object_component>
      <object_component id="oc-b8">
         <name>.debug_info</name>
         <load_address>0x6443</load_address>
         <run_address>0x6443</run_address>
         <size>0x11f</size>
         <input_file_ref idref="fl-3"/>
      </object_component>
      <object_component id="oc-32">
         <name>.debug_info</name>
         <load_address>0x6562</load_address>
         <run_address>0x6562</run_address>
         <size>0x84</size>
         <input_file_ref idref="fl-3"/>
      </object_component>
      <object_component id="oc-81">
         <name>.debug_info</name>
         <load_address>0x65e6</load_address>
         <run_address>0x65e6</run_address>
         <size>0x2bf</size>
         <input_file_ref idref="fl-4"/>
      </object_component>
      <object_component id="oc-27">
         <name>.debug_info</name>
         <load_address>0x68a5</load_address>
         <run_address>0x68a5</run_address>
         <size>0xeb</size>
         <input_file_ref idref="fl-4"/>
      </object_component>
      <object_component id="oc-69">
         <name>.debug_info</name>
         <load_address>0x6990</load_address>
         <run_address>0x6990</run_address>
         <size>0x14e</size>
         <input_file_ref idref="fl-4"/>
      </object_component>
      <object_component id="oc-6f">
         <name>.debug_info</name>
         <load_address>0x6ade</load_address>
         <run_address>0x6ade</run_address>
         <size>0x136</size>
         <input_file_ref idref="fl-4"/>
      </object_component>
      <object_component id="oc-35f">
         <name>.debug_info</name>
         <load_address>0x6c14</load_address>
         <run_address>0x6c14</run_address>
         <size>0x927</size>
         <input_file_ref idref="fl-7"/>
      </object_component>
      <object_component id="oc-259">
         <name>.debug_info</name>
         <load_address>0x753b</load_address>
         <run_address>0x753b</run_address>
         <size>0x10b</size>
         <input_file_ref idref="fl-7"/>
      </object_component>
      <object_component id="oc-25c">
         <name>.debug_info</name>
         <load_address>0x7646</load_address>
         <run_address>0x7646</run_address>
         <size>0x117</size>
         <input_file_ref idref="fl-7"/>
      </object_component>
      <object_component id="oc-466">
         <name>.debug_info</name>
         <load_address>0x775d</load_address>
         <run_address>0x775d</run_address>
         <size>0xec</size>
         <input_file_ref idref="fl-7"/>
      </object_component>
      <object_component id="oc-22f">
         <name>.debug_info</name>
         <load_address>0x7849</load_address>
         <run_address>0x7849</run_address>
         <size>0x3f2</size>
         <input_file_ref idref="fl-7"/>
      </object_component>
      <object_component id="oc-359">
         <name>.debug_info</name>
         <load_address>0x7c3b</load_address>
         <run_address>0x7c3b</run_address>
         <size>0x2fe</size>
         <input_file_ref idref="fl-7"/>
      </object_component>
      <object_component id="oc-235">
         <name>.debug_info</name>
         <load_address>0x7f39</load_address>
         <run_address>0x7f39</run_address>
         <size>0x25a</size>
         <input_file_ref idref="fl-7"/>
      </object_component>
      <object_component id="oc-37d">
         <name>.debug_info</name>
         <load_address>0x8193</load_address>
         <run_address>0x8193</run_address>
         <size>0x29f</size>
         <input_file_ref idref="fl-7"/>
      </object_component>
      <object_component id="oc-383">
         <name>.debug_info</name>
         <load_address>0x8432</load_address>
         <run_address>0x8432</run_address>
         <size>0x402</size>
         <input_file_ref idref="fl-7"/>
      </object_component>
      <object_component id="oc-389">
         <name>.debug_info</name>
         <load_address>0x8834</load_address>
         <run_address>0x8834</run_address>
         <size>0x2ba</size>
         <input_file_ref idref="fl-7"/>
      </object_component>
      <object_component id="oc-38f">
         <name>.debug_info</name>
         <load_address>0x8aee</load_address>
         <run_address>0x8aee</run_address>
         <size>0x2ba</size>
         <input_file_ref idref="fl-7"/>
      </object_component>
      <object_component id="oc-395">
         <name>.debug_info</name>
         <load_address>0x8da8</load_address>
         <run_address>0x8da8</run_address>
         <size>0x2eb</size>
         <input_file_ref idref="fl-7"/>
      </object_component>
      <object_component id="oc-39b">
         <name>.debug_info</name>
         <load_address>0x9093</load_address>
         <run_address>0x9093</run_address>
         <size>0x208</size>
         <input_file_ref idref="fl-7"/>
      </object_component>
      <object_component id="oc-3a1">
         <name>.debug_info</name>
         <load_address>0x929b</load_address>
         <run_address>0x929b</run_address>
         <size>0x1c3</size>
         <input_file_ref idref="fl-7"/>
      </object_component>
      <object_component id="oc-3a7">
         <name>.debug_info</name>
         <load_address>0x945e</load_address>
         <run_address>0x945e</run_address>
         <size>0x233</size>
         <input_file_ref idref="fl-7"/>
      </object_component>
      <object_component id="oc-457">
         <name>.debug_info</name>
         <load_address>0x9691</load_address>
         <run_address>0x9691</run_address>
         <size>0x37e2</size>
         <input_file_ref idref="fl-7"/>
      </object_component>
      <object_component id="oc-4aa">
         <name>.debug_info</name>
         <load_address>0xce73</load_address>
         <run_address>0xce73</run_address>
         <size>0x86d</size>
         <input_file_ref idref="fl-8"/>
      </object_component>
      <object_component id="oc-448">
         <name>.debug_info</name>
         <load_address>0xd6e0</load_address>
         <run_address>0xd6e0</run_address>
         <size>0xff</size>
         <input_file_ref idref="fl-8"/>
      </object_component>
      <object_component id="oc-335">
         <name>.debug_info</name>
         <load_address>0xd7df</load_address>
         <run_address>0xd7df</run_address>
         <size>0x26a</size>
         <input_file_ref idref="fl-8"/>
      </object_component>
      <object_component id="oc-33b">
         <name>.debug_info</name>
         <load_address>0xda49</load_address>
         <run_address>0xda49</run_address>
         <size>0x233</size>
         <input_file_ref idref="fl-8"/>
      </object_component>
      <object_component id="oc-34d">
         <name>.debug_info</name>
         <load_address>0xdc7c</load_address>
         <run_address>0xdc7c</run_address>
         <size>0x22a</size>
         <input_file_ref idref="fl-8"/>
      </object_component>
      <object_component id="oc-354">
         <name>.debug_info</name>
         <load_address>0xdea6</load_address>
         <run_address>0xdea6</run_address>
         <size>0x1dd</size>
         <input_file_ref idref="fl-8"/>
      </object_component>
      <object_component id="oc-149">
         <name>.debug_info</name>
         <load_address>0xe083</load_address>
         <run_address>0xe083</run_address>
         <size>0x9f0</size>
         <input_file_ref idref="fl-9"/>
      </object_component>
      <object_component id="oc-121">
         <name>.debug_info</name>
         <load_address>0xea73</load_address>
         <run_address>0xea73</run_address>
         <size>0x1f9</size>
         <input_file_ref idref="fl-9"/>
      </object_component>
      <object_component id="oc-fd">
         <name>.debug_info</name>
         <load_address>0xec6c</load_address>
         <run_address>0xec6c</run_address>
         <size>0x974</size>
         <input_file_ref idref="fl-a"/>
      </object_component>
      <object_component id="oc-127">
         <name>.debug_info</name>
         <load_address>0xf5e0</load_address>
         <run_address>0xf5e0</run_address>
         <size>0x2f9</size>
         <input_file_ref idref="fl-a"/>
      </object_component>
      <object_component id="oc-7c">
         <name>.debug_info</name>
         <load_address>0xf8d9</load_address>
         <run_address>0xf8d9</run_address>
         <size>0x1a6</size>
         <input_file_ref idref="fl-a"/>
      </object_component>
      <object_component id="oc-133">
         <name>.debug_info</name>
         <load_address>0xfa7f</load_address>
         <run_address>0xfa7f</run_address>
         <size>0x1bb</size>
         <input_file_ref idref="fl-a"/>
      </object_component>
      <object_component id="oc-de">
         <name>.debug_info</name>
         <load_address>0xfc3a</load_address>
         <run_address>0xfc3a</run_address>
         <size>0xa7f</size>
         <input_file_ref idref="fl-b"/>
      </object_component>
      <object_component id="oc-1ad">
         <name>.debug_info</name>
         <load_address>0x106b9</load_address>
         <run_address>0x106b9</run_address>
         <size>0xd5</size>
         <input_file_ref idref="fl-b"/>
      </object_component>
      <object_component id="oc-1b0">
         <name>.debug_info</name>
         <load_address>0x1078e</load_address>
         <run_address>0x1078e</run_address>
         <size>0xe0</size>
         <input_file_ref idref="fl-b"/>
      </object_component>
      <object_component id="oc-19d">
         <name>.debug_info</name>
         <load_address>0x1086e</load_address>
         <run_address>0x1086e</run_address>
         <size>0xd0</size>
         <input_file_ref idref="fl-b"/>
      </object_component>
      <object_component id="oc-1b3">
         <name>.debug_info</name>
         <load_address>0x1093e</load_address>
         <run_address>0x1093e</run_address>
         <size>0xd8</size>
         <input_file_ref idref="fl-b"/>
      </object_component>
      <object_component id="oc-228">
         <name>.debug_info</name>
         <load_address>0x10a16</load_address>
         <run_address>0x10a16</run_address>
         <size>0x191</size>
         <input_file_ref idref="fl-b"/>
      </object_component>
      <object_component id="oc-cc">
         <name>.debug_info</name>
         <load_address>0x10ba7</load_address>
         <run_address>0x10ba7</run_address>
         <size>0x191</size>
         <input_file_ref idref="fl-b"/>
      </object_component>
      <object_component id="oc-c6">
         <name>.debug_info</name>
         <load_address>0x10d38</load_address>
         <run_address>0x10d38</run_address>
         <size>0x12f</size>
         <input_file_ref idref="fl-b"/>
      </object_component>
      <object_component id="oc-74">
         <name>.debug_info</name>
         <load_address>0x10e67</load_address>
         <run_address>0x10e67</run_address>
         <size>0x1b7</size>
         <input_file_ref idref="fl-b"/>
      </object_component>
      <object_component id="oc-2b4">
         <name>.debug_info</name>
         <load_address>0x1101e</load_address>
         <run_address>0x1101e</run_address>
         <size>0x8dc</size>
         <input_file_ref idref="fl-c"/>
      </object_component>
      <object_component id="oc-11a">
         <name>.debug_info</name>
         <load_address>0x118fa</load_address>
         <run_address>0x118fa</run_address>
         <size>0x253</size>
         <input_file_ref idref="fl-c"/>
      </object_component>
      <object_component id="oc-2b0">
         <name>.debug_info</name>
         <load_address>0x11b4d</load_address>
         <run_address>0x11b4d</run_address>
         <size>0x1db</size>
         <input_file_ref idref="fl-c"/>
      </object_component>
      <object_component id="oc-139">
         <name>.debug_info</name>
         <load_address>0x11d28</load_address>
         <run_address>0x11d28</run_address>
         <size>0x18a</size>
         <input_file_ref idref="fl-c"/>
      </object_component>
      <object_component id="oc-2d5">
         <name>.debug_info</name>
         <load_address>0x11eb2</load_address>
         <run_address>0x11eb2</run_address>
         <size>0x561</size>
         <input_file_ref idref="fl-18"/>
      </object_component>
      <object_component id="oc-23b">
         <name>.debug_info</name>
         <load_address>0x12413</load_address>
         <run_address>0x12413</run_address>
         <size>0x1ef</size>
         <input_file_ref idref="fl-18"/>
      </object_component>
      <object_component id="oc-247">
         <name>.debug_info</name>
         <load_address>0x12602</load_address>
         <run_address>0x12602</run_address>
         <size>0x203</size>
         <input_file_ref idref="fl-18"/>
      </object_component>
      <object_component id="oc-24d">
         <name>.debug_info</name>
         <load_address>0x12805</load_address>
         <run_address>0x12805</run_address>
         <size>0x1d0</size>
         <input_file_ref idref="fl-18"/>
      </object_component>
      <object_component id="oc-241">
         <name>.debug_info</name>
         <load_address>0x129d5</load_address>
         <run_address>0x129d5</run_address>
         <size>0x1f6</size>
         <input_file_ref idref="fl-18"/>
      </object_component>
      <object_component id="oc-253">
         <name>.debug_info</name>
         <load_address>0x12bcb</load_address>
         <run_address>0x12bcb</run_address>
         <size>0x1c3</size>
         <input_file_ref idref="fl-18"/>
      </object_component>
      <object_component id="oc-143">
         <name>.debug_info</name>
         <load_address>0x12d8e</load_address>
         <run_address>0x12d8e</run_address>
         <size>0x1e8</size>
         <input_file_ref idref="fl-18"/>
      </object_component>
      <object_component id="oc-3dc">
         <name>.debug_info</name>
         <load_address>0x12f76</load_address>
         <run_address>0x12f76</run_address>
         <size>0x26b</size>
         <input_file_ref idref="fl-18"/>
      </object_component>
      <object_component id="oc-2cf">
         <name>.debug_info</name>
         <load_address>0x131e1</load_address>
         <run_address>0x131e1</run_address>
         <size>0x439</size>
         <input_file_ref idref="fl-18"/>
      </object_component>
      <object_component id="oc-2f8">
         <name>.debug_info</name>
         <load_address>0x1361a</load_address>
         <run_address>0x1361a</run_address>
         <size>0x297</size>
         <input_file_ref idref="fl-18"/>
      </object_component>
      <object_component id="oc-191">
         <name>.debug_info</name>
         <load_address>0x138b1</load_address>
         <run_address>0x138b1</run_address>
         <size>0xef</size>
         <input_file_ref idref="fl-18"/>
      </object_component>
      <object_component id="oc-18c">
         <name>.debug_info</name>
         <load_address>0x139a0</load_address>
         <run_address>0x139a0</run_address>
         <size>0xbb</size>
         <input_file_ref idref="fl-18"/>
      </object_component>
      <object_component id="oc-3d9">
         <name>.debug_info</name>
         <load_address>0x13a5b</load_address>
         <run_address>0x13a5b</run_address>
         <size>0x3fb</size>
         <input_file_ref idref="fl-19"/>
      </object_component>
      <object_component id="oc-2c9">
         <name>.debug_info</name>
         <load_address>0x13e56</load_address>
         <run_address>0x13e56</run_address>
         <size>0x203</size>
         <input_file_ref idref="fl-19"/>
      </object_component>
      <object_component id="oc-3d1">
         <name>.debug_info</name>
         <load_address>0x14059</load_address>
         <run_address>0x14059</run_address>
         <size>0x221</size>
         <input_file_ref idref="fl-19"/>
      </object_component>
      <object_component id="oc-36b">
         <name>.debug_info</name>
         <load_address>0x1427a</load_address>
         <run_address>0x1427a</run_address>
         <size>0x1e3</size>
         <input_file_ref idref="fl-19"/>
      </object_component>
      <object_component id="oc-374">
         <name>.debug_info</name>
         <load_address>0x1445d</load_address>
         <run_address>0x1445d</run_address>
         <size>0x1db</size>
         <input_file_ref idref="fl-19"/>
      </object_component>
      <object_component id="oc-3b3">
         <name>.debug_info</name>
         <load_address>0x14638</load_address>
         <run_address>0x14638</run_address>
         <size>0x27c</size>
         <input_file_ref idref="fl-1a"/>
      </object_component>
      <object_component id="oc-3af">
         <name>.debug_info</name>
         <load_address>0x148b4</load_address>
         <run_address>0x148b4</run_address>
         <size>0x13a</size>
         <input_file_ref idref="fl-1a"/>
      </object_component>
      <object_component id="oc-25f">
         <name>.debug_info</name>
         <load_address>0x149ee</load_address>
         <run_address>0x149ee</run_address>
         <size>0x12f</size>
         <input_file_ref idref="fl-1a"/>
      </object_component>
      <object_component id="oc-3d7">
         <name>.debug_info</name>
         <load_address>0x14b1d</load_address>
         <run_address>0x14b1d</run_address>
         <size>0x53b</size>
         <input_file_ref idref="fl-1b"/>
      </object_component>
      <object_component id="oc-2c2">
         <name>.debug_info</name>
         <load_address>0x15058</load_address>
         <run_address>0x15058</run_address>
         <size>0x216</size>
         <input_file_ref idref="fl-1b"/>
      </object_component>
      <object_component id="oc-2ce">
         <name>.debug_info</name>
         <load_address>0x1526e</load_address>
         <run_address>0x1526e</run_address>
         <size>0x4ba</size>
         <input_file_ref idref="fl-1c"/>
      </object_component>
      <object_component id="oc-2bc">
         <name>.debug_info</name>
         <load_address>0x15728</load_address>
         <run_address>0x15728</run_address>
         <size>0x1c5</size>
         <input_file_ref idref="fl-1c"/>
      </object_component>
      <object_component id="oc-13d">
         <name>.debug_info</name>
         <load_address>0x158ed</load_address>
         <run_address>0x158ed</run_address>
         <size>0x42a</size>
         <input_file_ref idref="fl-1c"/>
      </object_component>
      <object_component id="oc-313">
         <name>.debug_info</name>
         <load_address>0x15d17</load_address>
         <run_address>0x15d17</run_address>
         <size>0x706</size>
         <input_file_ref idref="fl-1d"/>
      </object_component>
      <object_component id="oc-1ec">
         <name>.debug_info</name>
         <load_address>0x1641d</load_address>
         <run_address>0x1641d</run_address>
         <size>0x124</size>
         <input_file_ref idref="fl-1d"/>
      </object_component>
      <object_component id="oc-1e6">
         <name>.debug_info</name>
         <load_address>0x16541</load_address>
         <run_address>0x16541</run_address>
         <size>0x1d9</size>
         <input_file_ref idref="fl-1d"/>
      </object_component>
      <object_component id="oc-3ba">
         <name>.debug_info</name>
         <load_address>0x1671a</load_address>
         <run_address>0x1671a</run_address>
         <size>0x1b8</size>
         <input_file_ref idref="fl-1d"/>
      </object_component>
      <object_component id="oc-269">
         <name>.debug_info</name>
         <load_address>0x168d2</load_address>
         <run_address>0x168d2</run_address>
         <size>0x1ad</size>
         <input_file_ref idref="fl-1d"/>
      </object_component>
      <object_component id="oc-28d">
         <name>.debug_info</name>
         <load_address>0x16a7f</load_address>
         <run_address>0x16a7f</run_address>
         <size>0x233</size>
         <input_file_ref idref="fl-1d"/>
      </object_component>
      <object_component id="oc-26f">
         <name>.debug_info</name>
         <load_address>0x16cb2</load_address>
         <run_address>0x16cb2</run_address>
         <size>0x2fa</size>
         <input_file_ref idref="fl-1d"/>
      </object_component>
      <object_component id="oc-276">
         <name>.debug_info</name>
         <load_address>0x16fac</load_address>
         <run_address>0x16fac</run_address>
         <size>0x308</size>
         <input_file_ref idref="fl-1d"/>
      </object_component>
      <object_component id="oc-294">
         <name>.debug_info</name>
         <load_address>0x172b4</load_address>
         <run_address>0x172b4</run_address>
         <size>0x1d9</size>
         <input_file_ref idref="fl-1d"/>
      </object_component>
      <object_component id="oc-29a">
         <name>.debug_info</name>
         <load_address>0x1748d</load_address>
         <run_address>0x1748d</run_address>
         <size>0x1ca</size>
         <input_file_ref idref="fl-1d"/>
      </object_component>
      <object_component id="oc-27c">
         <name>.debug_info</name>
         <load_address>0x17657</load_address>
         <run_address>0x17657</run_address>
         <size>0x38b</size>
         <input_file_ref idref="fl-1d"/>
      </object_component>
      <object_component id="oc-f6">
         <name>.debug_info</name>
         <load_address>0x179e2</load_address>
         <run_address>0x179e2</run_address>
         <size>0x22f</size>
         <input_file_ref idref="fl-1d"/>
      </object_component>
      <object_component id="oc-282">
         <name>.debug_info</name>
         <load_address>0x17c11</load_address>
         <run_address>0x17c11</run_address>
         <size>0x1eb</size>
         <input_file_ref idref="fl-1d"/>
      </object_component>
      <object_component id="oc-1df">
         <name>.debug_info</name>
         <load_address>0x17dfc</load_address>
         <run_address>0x17dfc</run_address>
         <size>0x1d6</size>
         <input_file_ref idref="fl-1d"/>
      </object_component>
      <object_component id="oc-ea">
         <name>.debug_info</name>
         <load_address>0x17fd2</load_address>
         <run_address>0x17fd2</run_address>
         <size>0x1ff</size>
         <input_file_ref idref="fl-1d"/>
      </object_component>
      <object_component id="oc-f0">
         <name>.debug_info</name>
         <load_address>0x181d1</load_address>
         <run_address>0x181d1</run_address>
         <size>0x1f1</size>
         <input_file_ref idref="fl-1d"/>
      </object_component>
      <object_component id="oc-407">
         <name>.debug_info</name>
         <load_address>0x183c2</load_address>
         <run_address>0x183c2</run_address>
         <size>0x431a</size>
         <input_file_ref idref="fl-1d"/>
      </object_component>
      <object_component id="oc-40c">
         <name>.debug_info</name>
         <load_address>0x1c6dc</load_address>
         <run_address>0x1c6dc</run_address>
         <size>0x1028</size>
         <input_file_ref idref="fl-1d"/>
      </object_component>
      <object_component id="oc-21c">
         <name>.debug_info</name>
         <load_address>0x1d704</load_address>
         <run_address>0x1d704</run_address>
         <size>0x29d</size>
         <input_file_ref idref="fl-1e"/>
      </object_component>
      <object_component id="oc-222">
         <name>.debug_info</name>
         <load_address>0x1d9a1</load_address>
         <run_address>0x1d9a1</run_address>
         <size>0x221</size>
         <input_file_ref idref="fl-1e"/>
      </object_component>
      <object_component id="oc-216">
         <name>.debug_info</name>
         <load_address>0x1dbc2</load_address>
         <run_address>0x1dbc2</run_address>
         <size>0x1e5</size>
         <input_file_ref idref="fl-1e"/>
      </object_component>
      <object_component id="oc-210">
         <name>.debug_info</name>
         <load_address>0x1dda7</load_address>
         <run_address>0x1dda7</run_address>
         <size>0x224</size>
         <input_file_ref idref="fl-1f"/>
      </object_component>
      <object_component id="oc-46f">
         <name>.debug_info</name>
         <load_address>0x1dfcb</load_address>
         <run_address>0x1dfcb</run_address>
         <size>0x701</size>
         <input_file_ref idref="fl-20"/>
      </object_component>
      <object_component id="oc-3b5">
         <name>.debug_info</name>
         <load_address>0x1e6cc</load_address>
         <run_address>0x1e6cc</run_address>
         <size>0x135</size>
         <input_file_ref idref="fl-20"/>
      </object_component>
      <object_component id="oc-436">
         <name>.debug_info</name>
         <load_address>0x1e801</load_address>
         <run_address>0x1e801</run_address>
         <size>0x252</size>
         <input_file_ref idref="fl-20"/>
      </object_component>
      <object_component id="oc-329">
         <name>.debug_info</name>
         <load_address>0x1ea53</load_address>
         <run_address>0x1ea53</run_address>
         <size>0x2a5</size>
         <input_file_ref idref="fl-20"/>
      </object_component>
      <object_component id="oc-264">
         <name>.debug_info</name>
         <load_address>0x1ecf8</load_address>
         <run_address>0x1ecf8</run_address>
         <size>0x2a3</size>
         <input_file_ref idref="fl-20"/>
      </object_component>
      <object_component id="oc-349">
         <name>.debug_info</name>
         <load_address>0x1ef9b</load_address>
         <run_address>0x1ef9b</run_address>
         <size>0x25a</size>
         <input_file_ref idref="fl-20"/>
      </object_component>
      <object_component id="oc-342">
         <name>.debug_info</name>
         <load_address>0x1f1f5</load_address>
         <run_address>0x1f1f5</run_address>
         <size>0x258</size>
         <input_file_ref idref="fl-20"/>
      </object_component>
      <object_component id="oc-2a8">
         <name>.debug_info</name>
         <load_address>0x1f44d</load_address>
         <run_address>0x1f44d</run_address>
         <size>0x27e</size>
         <input_file_ref idref="fl-20"/>
      </object_component>
      <object_component id="oc-473">
         <name>.debug_info</name>
         <load_address>0x1f6cb</load_address>
         <run_address>0x1f6cb</run_address>
         <size>0x68f</size>
         <input_file_ref idref="fl-21"/>
      </object_component>
      <object_component id="oc-3c4">
         <name>.debug_info</name>
         <load_address>0x1fd5a</load_address>
         <run_address>0x1fd5a</run_address>
         <size>0x12e</size>
         <input_file_ref idref="fl-21"/>
      </object_component>
      <object_component id="oc-12b">
         <name>.debug_info</name>
         <load_address>0x1fe88</load_address>
         <run_address>0x1fe88</run_address>
         <size>0x1d5</size>
         <input_file_ref idref="fl-21"/>
      </object_component>
      <object_component id="oc-204">
         <name>.debug_info</name>
         <load_address>0x2005d</load_address>
         <run_address>0x2005d</run_address>
         <size>0x1d7</size>
         <input_file_ref idref="fl-21"/>
      </object_component>
      <object_component id="oc-287">
         <name>.debug_info</name>
         <load_address>0x20234</load_address>
         <run_address>0x20234</run_address>
         <size>0x219</size>
         <input_file_ref idref="fl-21"/>
      </object_component>
      <object_component id="oc-31d">
         <name>.debug_info</name>
         <load_address>0x2044d</load_address>
         <run_address>0x2044d</run_address>
         <size>0x3a5</size>
         <input_file_ref idref="fl-22"/>
      </object_component>
      <object_component id="oc-20a">
         <name>.debug_info</name>
         <load_address>0x207f2</load_address>
         <run_address>0x207f2</run_address>
         <size>0x220</size>
         <input_file_ref idref="fl-22"/>
      </object_component>
      <object_component id="oc-41b">
         <name>.debug_info</name>
         <load_address>0x20a12</load_address>
         <run_address>0x20a12</run_address>
         <size>0x1eb</size>
         <input_file_ref idref="fl-22"/>
      </object_component>
      <object_component id="oc-421">
         <name>.debug_info</name>
         <load_address>0x20bfd</load_address>
         <run_address>0x20bfd</run_address>
         <size>0x1f9</size>
         <input_file_ref idref="fl-22"/>
      </object_component>
      <object_component id="oc-48d">
         <name>.debug_info</name>
         <load_address>0x20df6</load_address>
         <run_address>0x20df6</run_address>
         <size>0x346</size>
         <input_file_ref idref="fl-22"/>
      </object_component>
      <object_component id="oc-42c">
         <name>.debug_info</name>
         <load_address>0x2113c</load_address>
         <run_address>0x2113c</run_address>
         <size>0x202</size>
         <input_file_ref idref="fl-22"/>
      </object_component>
      <object_component id="oc-426">
         <name>.debug_info</name>
         <load_address>0x2133e</load_address>
         <run_address>0x2133e</run_address>
         <size>0x1ac</size>
         <input_file_ref idref="fl-22"/>
      </object_component>
      <object_component id="oc-49a">
         <name>.debug_info</name>
         <load_address>0x214ea</load_address>
         <run_address>0x214ea</run_address>
         <size>0x6f5</size>
         <input_file_ref idref="fl-24"/>
      </object_component>
      <object_component id="oc-494">
         <name>.debug_info</name>
         <load_address>0x21bdf</load_address>
         <run_address>0x21bdf</run_address>
         <size>0x1c7</size>
         <input_file_ref idref="fl-24"/>
      </object_component>
      <object_component id="oc-43c">
         <name>.debug_info</name>
         <load_address>0x21da6</load_address>
         <run_address>0x21da6</run_address>
         <size>0x22b</size>
         <input_file_ref idref="fl-24"/>
      </object_component>
      <object_component id="oc-442">
         <name>.debug_info</name>
         <load_address>0x21fd1</load_address>
         <run_address>0x21fd1</run_address>
         <size>0x235</size>
         <input_file_ref idref="fl-24"/>
      </object_component>
      <object_component id="oc-4a2">
         <name>.debug_info</name>
         <load_address>0x22206</load_address>
         <run_address>0x22206</run_address>
         <size>0x1e9</size>
         <input_file_ref idref="fl-24"/>
      </object_component>
      <object_component id="oc-49c">
         <name>.debug_info</name>
[...]
         <name>HAL_LCD_writeCommand</name>
         <value>0x228d</value>
         <object_component_ref idref="oc-34c"/>
      </symbol>
      <symbol id="sm-1d5">
         <name>_graphicsInit</name>
         <value>0x1ff9</value>
         <object_component_ref idref="oc-11e"/>
      </symbol>
      <symbol id="sm-1fa">
         <name>getButtons</name>
         <value>0x1af1</value>
         <object_component_ref idref="oc-130"/>
      </symbol>
      <symbol id="sm-1fb">
         <name>_inputInit</name>
         <value>0x10fd</value>
         <object_component_ref idref="oc-124"/>
      </symbol>
      <symbol id="sm-1fc">
         <name>ADC14_IRQHandler</name>
         <value>0x208d</value>
         <object_component_ref idref="oc-79"/>
      </symbol>
      <symbol id="sm-252">
         <name>_numNotes</name>
         <value>0x20000078</value>
      </symbol>
      <symbol id="sm-253">
         <name>_notesPlayed</name>
         <value>0x20000074</value>
      </symbol>
      <symbol id="sm-254">
         <name>_notes</name>
         <value>0x20000070</value>
      </symbol>
      <symbol id="sm-255">
         <name>notePeriods</name>
         <value>0x20000018</value>
         <object_component_ref idref="oc-1ac"/>
      </symbol>
      <symbol id="sm-256">
         <name>_soundInit</name>
         <value>0x26d1</value>
         <object_component_ref idref="oc-227"/>
      </symbol>
      <symbol id="sm-257">
         <name>stopSound</name>
         <value>0x27f9</value>
         <object_component_ref idref="oc-c5"/>
      </symbol>
      <symbol id="sm-258">
         <name>TA1_0_IRQHandler</name>
         <value>0x17dd</value>
         <object_component_ref idref="oc-73"/>
      </symbol>
      <symbol id="sm-259">
         <name>playNote</name>
         <value>0x19f9</value>
         <object_component_ref idref="oc-cb"/>
      </symbol>
      <symbol id="sm-28a">
         <name>_hwInit</name>
         <value>0x1d53</value>
         <object_component_ref idref="oc-118"/>
      </symbol>
      <symbol id="sm-28b">
         <name>s_appendInteger</name>
         <value>0x12f5</value>
         <object_component_ref idref="oc-2ad"/>
      </symbol>
      <symbol id="sm-28c">
         <name>s_sprintf</name>
         <value>0xecd</value>
         <object_component_ref idref="oc-136"/>
      </symbol>
      <symbol id="sm-2db">
         <name>Graphics_setBackgroundColor</name>
         <value>0x2743</value>
         <object_component_ref idref="oc-246"/>
      </symbol>
      <symbol id="sm-2dc">
         <name>Graphics_setFont</name>
         <value>0x275d</value>
         <object_component_ref idref="oc-24c"/>
      </symbol>
      <symbol id="sm-2dd">
         <name>Graphics_initContext</name>
         <value>0x1f0d</value>
         <object_component_ref idref="oc-23a"/>
      </symbol>
      <symbol id="sm-2de">
         <name>Graphics_drawPixel</name>
         <value>0x1db1</value>
         <object_component_ref idref="oc-142"/>
      </symbol>
      <symbol id="sm-2df">
         <name>Graphics_setForegroundColor</name>
         <value>0x27a3</value>
         <object_component_ref idref="oc-240"/>
      </symbol>
      <symbol id="sm-2e0">
         <name>Graphics_clearDisplay</name>
         <value>0x280d</value>
         <object_component_ref idref="oc-252"/>
      </symbol>
      <symbol id="sm-305">
         <name>Graphics_clearDisplayOnDisplay</name>
         <value>0x2729</value>
         <object_component_ref idref="oc-373"/>
      </symbol>
      <symbol id="sm-306">
         <name>Graphics_drawPixelOnDisplay</name>
         <value>0x250d</value>
         <object_component_ref idref="oc-2c7"/>
      </symbol>
      <symbol id="sm-307">
         <name>Graphics_translateColorOnDisplay</name>
         <value>0x27b9</value>
         <object_component_ref idref="oc-36a"/>
      </symbol>
      <symbol id="sm-308">
         <name>Graphics_drawHorizontalLineOnDisplay</name>
         <value>0x22c5</value>
         <object_component_ref idref="oc-3d0"/>
      </symbol>
      <symbol id="sm-31a">
         <name>g_sFontFixed6x8</name>
         <value>0x2bbc</value>
         <object_component_ref idref="oc-25e"/>
      </symbol>
      <symbol id="sm-32d">
         <name>Graphics_drawLineH</name>
         <value>0x16a5</value>
         <object_component_ref idref="oc-2c1"/>
      </symbol>
      <symbol id="sm-36d">
         <name>Graphics_drawString</name>
         <value>0xe5</value>
         <object_component_ref idref="oc-13c"/>
      </symbol>
      <symbol id="sm-464">
         <name>ADC14_enableInterrupt</name>
         <value>0x23c9</value>
         <object_component_ref idref="oc-280"/>
      </symbol>
      <symbol id="sm-465">
         <name>ADC14_getInterruptStatus</name>
         <value>0x2489</value>
         <object_component_ref idref="oc-1dd"/>
      </symbol>
      <symbol id="sm-466">
         <name>ADC14_enableSampleTimer</name>
         <value>0x22fd</value>
         <object_component_ref idref="oc-28c"/>
      </symbol>
      <symbol id="sm-467">
         <name>ADC14_enableConversion</name>
         <value>0x25bd</value>
         <object_component_ref idref="oc-292"/>
      </symbol>
      <symbol id="sm-468">
         <name>ADC14_toggleConversionTrigger</name>
         <value>0x24b5</value>
         <object_component_ref idref="oc-298"/>
      </symbol>
      <symbol id="sm-469">
         <name>ADC14_getEnabledInterruptStatus</name>
         <value>0x2255</value>
         <object_component_ref idref="oc-e8"/>
      </symbol>
      <symbol id="sm-46a">
         <name>ADC14_initModule</name>
         <value>0x1e65</value>
         <object_component_ref idref="oc-26e"/>
      </symbol>
      <symbol id="sm-46b">
         <name>ADC14_configureMultiSequenceMode</name>
         <value>0x14a5</value>
         <object_component_ref idref="oc-274"/>
      </symbol>
      <symbol id="sm-46c">
         <name>ADC14_clearInterruptFlag</name>
         <value>0x2399</value>
         <object_component_ref idref="oc-ee"/>
      </symbol>
      <symbol id="sm-46d">
         <name>ADC14_configureConversionMemory</name>
         <value>0x13f1</value>
         <object_component_ref idref="oc-27a"/>
      </symbol>
      <symbol id="sm-46e">
         <name>ADC14_enableModule</name>
         <value>0x2881</value>
         <object_component_ref idref="oc-268"/>
      </symbol>
      <symbol id="sm-46f">
         <name>ADC14_getResult</name>
         <value>0x25e5</value>
         <object_component_ref idref="oc-f4"/>
      </symbol>
      <symbol id="sm-4aa">
         <name>CS_setDCOCenteredFrequency</name>
         <value>0x2331</value>
         <object_component_ref idref="oc-215"/>
      </symbol>
      <symbol id="sm-4ab">
         <name>CS_setReferenceOscillatorFrequency</name>
         <value>0x23f9</value>
         <object_component_ref idref="oc-221"/>
      </symbol>
      <symbol id="sm-4ac">
         <name>CS_initClockSignal</name>
         <value>0xc71</value>
         <object_component_ref idref="oc-21b"/>
      </symbol>
      <symbol id="sm-4bb">
         <name>FlashCtl_setWaitState</name>
         <value>0x2045</value>
         <object_component_ref idref="oc-20f"/>
      </symbol>
      <symbol id="sm-50f">
         <name>GPIO_setOutputHighOnPin</name>
         <value>0x2635</value>
         <object_component_ref idref="oc-346"/>
      </symbol>
      <symbol id="sm-510">
         <name>GPIO_setAsOutputPin</name>
         <value>0x2155</value>
         <object_component_ref idref="oc-434"/>
      </symbol>
      <symbol id="sm-511">
         <name>GPIO_setOutputLowOnPin</name>
         <value>0x265d</value>
         <object_component_ref idref="oc-340"/>
      </symbol>
      <symbol id="sm-512">
         <name>GPIO_setAsPeripheralModuleFunctionOutputPin</name>
         <value>0x18f1</value>
         <object_component_ref idref="oc-327"/>
      </symbol>
      <symbol id="sm-513">
         <name>GPIO_getInputPinValue</name>
         <value>0x2429</value>
         <object_component_ref idref="oc-2a6"/>
      </symbol>
      <symbol id="sm-514">
         <name>GPIO_setAsPeripheralModuleFunctionInputPin</name>
         <value>0x1869</value>
         <object_component_ref idref="oc-262"/>
      </symbol>
      <symbol id="sm-543">
         <name>Interrupt_disableMaster</name>
         <value>0x2831</value>
         <object_component_ref idref="oc-203"/>
      </symbol>
      <symbol id="sm-544">
         <name>Interrupt_enableMaster</name>
         <value>0x2841</value>
         <object_component_ref idref="oc-12a"/>
      </symbol>
      <symbol id="sm-545">
         <name>Interrupt_enableInterrupt</name>
         <value>0x1979</value>
         <object_component_ref idref="oc-286"/>
      </symbol>
      <symbol id="sm-5c3">
         <name>PCM_setCoreVoltageLevel</name>
         <value>0x2851</value>
         <object_component_ref idref="oc-209"/>
      </symbol>
      <symbol id="sm-5c4">
         <name>PCM_getCoreVoltageLevel</name>
         <value>0x1cf5</value>
         <object_component_ref idref="oc-41f"/>
      </symbol>
      <symbol id="sm-5c5">
         <name>PCM_getPowerMode</name>
         <value>0x1e0b</value>
         <object_component_ref idref="oc-419"/>
      </symbol>
      <symbol id="sm-5c6">
         <name>PCM_getPowerState</name>
         <value>0x27e5</value>
         <object_component_ref idref="oc-425"/>
      </symbol>
      <symbol id="sm-5c7">
         <name>PCM_setPowerMode</name>
         <value>0x2861</value>
         <object_component_ref idref="oc-42b"/>
      </symbol>
      <symbol id="sm-607">
         <name>EUSCI_B_SPI_enable</name>
         <value>0x278d</value>
         <object_component_ref idref="oc-4a1"/>
      </symbol>
      <symbol id="sm-608">
         <name>SPI_enableModule</name>
         <value>0x26f1</value>
         <object_component_ref idref="oc-441"/>
      </symbol>
      <symbol id="sm-609">
         <name>EUSCI_A_SPI_enable</name>
         <value>0x2777</value>
         <object_component_ref idref="oc-49b"/>
      </symbol>
      <symbol id="sm-60a">
         <name>SPI_initMaster</name>
         <value>0x1559</value>
         <object_component_ref idref="oc-43b"/>
      </symbol>
      <symbol id="sm-672">
         <name>Timer_A_enableCaptureCompareInterrupt</name>
         <value>0x2591</value>
         <object_component_ref idref="oc-32d"/>
      </symbol>
      <symbol id="sm-673">
         <name>Timer_A_getCounterValue</name>
         <value>0x1fad</value>
         <object_component_ref idref="oc-d1"/>
      </symbol>
      <symbol id="sm-674">
         <name>Timer_A_setCompareValue</name>
         <value>0x2685</value>
         <object_component_ref idref="oc-d7"/>
      </symbol>
      <symbol id="sm-675">
         <name>Timer_A_clearCaptureCompareInterrupt</name>
         <value>0x2565</value>
         <object_component_ref idref="oc-bf"/>
      </symbol>
      <symbol id="sm-676">
         <name>Timer_A_initCompare</name>
         <value>0x1f5f</value>
         <object_component_ref idref="oc-1a6"/>
      </symbol>
      <symbol id="sm-677">
         <name>Timer_A_startCounter</name>
         <value>0x27cf</value>
         <object_component_ref idref="oc-1a0"/>
      </symbol>
      <symbol id="sm-678">
         <name>Timer_A_configureUpMode</name>
         <value>0x1b65</value>
         <object_component_ref idref="oc-196"/>
      </symbol>
      <symbol id="sm-684">
         <name>WDT_A_holdTimer</name>
         <value>0x26ad</value>
         <object_component_ref idref="oc-1fd"/>
      </symbol>
      <symbol id="sm-696">
         <name>CPU_cpsie</name>
         <value>0x2899</value>
         <object_component_ref idref="oc-29f"/>
      </symbol>
      <symbol id="sm-697">
         <name>CPU_cpsid</name>
         <value>0x288d</value>
         <object_component_ref idref="oc-315"/>
      </symbol>
      <symbol id="sm-6b0">
         <name>__TI_zero_init_nomemset</name>
         <value>0x270d</value>
         <object_component_ref idref="oc-43"/>
      </symbol>
      <symbol id="sm-6c7">
         <name>__TI_decompress_none</name>
         <value>0x2871</value>
         <object_component_ref idref="oc-1d"/>
      </symbol>
      <symbol id="sm-6ea">
         <name>__TI_decompress_lzss</name>
         <value>0x1bcd</value>
         <object_component_ref idref="oc-17"/>
      </symbol>
      <symbol id="sm-6fd">
         <name>__stack</name>
         <value>0x2000fe00</value>
         <object_component_ref idref="oc-29"/>
      </symbol>
      <symbol id="sm-6fe">
         <name>_c_int00_noargs</name>
         <value>0x2365</value>
         <object_component_ref idref="oc-55"/>
      </symbol>
      <symbol id="sm-719">
         <name>memcpy</name>
         <value>0x1741</value>
         <object_component_ref idref="oc-37"/>
      </symbol>
      <symbol id="sm-71a">
         <name>__aeabi_memcpy</name>
         <value>0x1741</value>
         <object_component_ref idref="oc-37"/>
      </symbol>
      <symbol id="sm-71b">
         <name>__aeabi_memcpy8</name>
         <value>0x1741</value>
         <object_component_ref idref="oc-37"/>
      </symbol>
      <symbol id="sm-71c">
         <name>__aeabi_memcpy4</name>
         <value>0x1741</value>
         <object_component_ref idref="oc-37"/>
      </symbol>
      <symbol id="sm-745">
         <name>__TI_auto_init_nobinit_nopinit</name>
         <value>0x20d1</value>
         <object_component_ref idref="oc-158"/>
      </symbol>
      <symbol id="sm-74f">
         <name>_system_pre_init</name>
         <value>0x28bb</value>
         <object_component_ref idref="oc-9f"/>
      </symbol>
      <symbol id="sm-75b">
         <name>C$$EXIT</name>
         <value>0x28bf</value>
         <object_component_ref idref="oc-14c"/>
      </symbol>
      <symbol id="sm-75c">
         <name>abort</name>
         <value>0x28bf</value>
         <object_component_ref idref="oc-14c"/>
      </symbol>
      <symbol id="sm-75f">
         <name>__TI_static_base__</name>
         <value>0x0</value>
      </symbol>
      <symbol id="sm-762">
         <name>__mpu_init</name>
         <value>0x0</value>
      </symbol>
      <symbol id="sm-763">
         <name>_system_post_cinit</name>
         <value>0x0</value>
      </symbol>
      <symbol id="sm-764">
         <name>NMI_Handler</name>
         <value>0x73b</value>
      </symbol>
      <symbol id="sm-765">
         <name>HardFault_Handler</name>
         <value>0x73b</value>
      </symbol>
      <symbol id="sm-766">
         <name>MemManage_Handler</name>
         <value>0x73b</value>
      </symbol>
      <symbol id="sm-767">
         <name>BusFault_Handler</name>
         <value>0x73b</value>
      </symbol>
      <symbol id="sm-768">
         <name>UsageFault_Handler</name>
         <value>0x73b</value>
      </symbol>
      <symbol id="sm-769">
         <name>SVC_Handler</name>
         <value>0x73b</value>
      </symbol>
      <symbol id="sm-76a">
         <name>DebugMon_Handler</name>
         <value>0x73b</value>
      </symbol>
      <symbol id="sm-76b">
         <name>PendSV_Handler</name>
         <value>0x73b</value>
      </symbol>
      <symbol id="sm-76c">
         <name>SysTick_Handler</name>
         <value>0x73b</value>
      </symbol>
      <symbol id="sm-76d">
         <name>PSS_IRQHandler</name>
         <value>0x73b</value>
      </symbol>
      <symbol id="sm-76e">
         <name>CS_IRQHandler</name>
         <value>0x73b</value>
      </symbol>
      <symbol id="sm-76f">
         <name>PCM_IRQHandler</name>
         <value>0x73b</value>
      </symbol>
      <symbol id="sm-770">
         <name>WDT_A_IRQHandler</name>
         <value>0x73b</value>
      </symbol>
      <symbol id="sm-771">
         <name>FPU_IRQHandler</name>
         <value>0x73b</value>
      </symbol>
      <symbol id="sm-772">
         <name>FLCTL_IRQHandler</name>
         <value>0x73b</value>
      </symbol>
      <symbol id="sm-773">
         <name>COMP_E0_IRQHandler</name>
         <value>0x73b</value>
      </symbol>
      <symbol id="sm-774">
         <name>COMP_E1_IRQHandler</name>
         <value>0x73b</value>
      </symbol>
      <symbol id="sm-775">
         <name>TA0_0_IRQHandler</name>
         <value>0x73b</value>
      </symbol>
      <symbol id="sm-776">
         <name>TA0_N_IRQHandler</name>
         <value>0x73b</value>
      </symbol>
      <symbol id="sm-777">
         <name>TA1_0_IRQHandler</name>
         <value>0x17dd</value>
      </symbol>
      <symbol id="sm-778">
         <name>TA1_N_IRQHandler</name>
         <value>0x73b</value>
      </symbol>
      <symbol id="sm-779">
         <name>TA2_0_IRQHandler</name>
         <value>0x73b</value>
      </symbol>
      <symbol id="sm-77a">
         <name>TA2_N_IRQHandler</name>
         <value>0x73b</value>
      </symbol>
      <symbol id="sm-77b">
         <name>TA3_0_IRQHandler</name>
         <value>0x73b</value>
      </symbol>
      <symbol id="sm-77c">
         <name>TA3_N_IRQHandler</name>
         <value>0x73b</value>
      </symbol>
      <symbol id="sm-77d">
         <name>EUSCIA0_IRQHandler</name>
         <value>0x73b</value>
      </symbol>
      <symbol id="sm-77e">
         <name>EUSCIA1_IRQHandler</name>
         <value>0x73b</value>
      </symbol>
      <symbol id="sm-77f">
         <name>EUSCIA2_IRQHandler</name>
         <value>0x73b</value>
      </symbol>
      <symbol id="sm-780">
         <name>EUSCIA3_IRQHandler</name>
         <value>0x73b</value>
      </symbol>
      <symbol id="sm-781">
         <name>EUSCIB0_IRQHandler</name>
         <value>0x73b</value>
      </symbol>
      <symbol id="sm-782">
         <name>EUSCIB1_IRQHandler</name>
         <value>0x73b</value>
      </symbol>
      <symbol id="sm-783">
         <name>EUSCIB2_IRQHandler</name>
         <value>0x73b</value>
      </symbol>
      <symbol id="sm-784">
         <name>EUSCIB3_IRQHandler</name>
         <value>0x73b</value>
      </symbol>
      <symbol id="sm-785">
         <name>ADC14_IRQHandler</name>
         <value>0x208d</value>
      </symbol>
      <symbol id="sm-786">
         <name>T32_INT1_IRQHandler</name>
         <value>0x73b</value>
      </symbol>
      <symbol id="sm-787">
         <name>T32_INT2_IRQHandler</name>
         <value>0x73b</value>
      </symbol>
      <symbol id="sm-788">
         <name>T32_INTC_IRQHandler</name>
         <value>0x73b</value>
      </symbol>
      <symbol id="sm-789">
         <name>AES256_IRQHandler</name>
         <value>0x73b</value>
      </symbol>
      <symbol id="sm-78a">
         <name>RTC_C_IRQHandler</name>
         <value>0x73b</value>
      </symbol>
      <symbol id="sm-78b">
         <name>DMA_ERR_IRQHandler</name>
         <value>0x73b</value>
      </symbol>
      <symbol id="sm-78c">
         <name>DMA_INT3_IRQHandler</name>
         <value>0x73b</value>
      </symbol>
      <symbol id="sm-78d">
         <name>DMA_INT2_IRQHandler</name>
         <value>0x73b</value>
      </symbol>
      <symbol id="sm-78e">
         <name>DMA_INT1_IRQHandler</name>
         <value>0x73b</value>
      </symbol>
      <symbol id="sm-78f">
         <name>DMA_INT0_IRQHandler</name>
         <value>0x73b</value>
      </symbol>
      <symbol id="sm-790">
         <name>PORT1_IRQHandler</name>
         <value>0x73b</value>
      </symbol>
      <symbol id="sm-791">
         <name>PORT2_IRQHandler</name>
         <value>0x73b</value>
      </symbol>
      <symbol id="sm-792">
         <name>PORT3_IRQHandler</name>
         <value>0x73b</value>
      </symbol>
      <symbol id="sm-793">
         <name>PORT4_IRQHandler</name>
         <value>0x73b</value>
      </symbol>
      <symbol id="sm-794">
         <name>PORT5_IRQHandler</name>
         <value>0x73b</value>
      </symbol>
      <symbol id="sm-795">
         <name>PORT6_IRQHandler</name>
         <value>0x73b</value>
      </symbol>
   </symbol_table>
   <title>Link successful</title>
</link_info>
