******************************************************************************
                  TI ARM Linker PC v20.2.5                     
******************************************************************************
>> Linked Sat Dec 18 01:06:17 2021

OUTPUT FILE NAME:   <MSP432GAMES.out>
ENTRY POINT SYMBOL: "_c_int00_noargs"  address: 00001c1d


MEMORY CONFIGURATION

         name            origin    length      used     unused   attr    fill
----------------------  --------  ---------  --------  --------  ----  --------
  MAIN                  00000000   00040000  000024d2  0003db2e  R  X
  INFO                  00200000   00004000  00000000  00004000  R  X
  SRAM_CODE             01000000   00010000  00000283  0000fd7d  RW X
  SRAM_DATA             20000000   00010000  00000283  0000fd7d  RW  


SEGMENT ALLOCATION MAP

run origin  load origin   length   init length attrs members
----------  ----------- ---------- ----------- ----- -------
00000000    00000000    000024d8   000024d8    r-x
  00000000    00000000    000000e4   000000e4    r-- .intvecs
  000000e4    000000e4    00001f3e   00001f3e    r-x .text
  00002024    00002024    00000448   00000448    r-- .const
  00002470    00002470    00000068   00000068    r-- .cinit
20000000    20000000    00000086   00000000    rw-
  20000000    20000000    00000051   00000000    rw- .data
  20000054    20000054    00000032   00000000    rw- .bss
2000fe00    2000fe00    00000200   00000000    rw-
  2000fe00    2000fe00    00000200   00000000    rw- .stack


SECTION ALLOCATION MAP

 output                                  attributes/
section   page    origin      length       input sections
--------  ----  ----------  ----------   ----------------
.intvecs   0    00000000    000000e4     
                  00000000    000000e4     startup_msp432p401r_ccs.obj (.intvecs:retain)

.text      0    000000e4    00001f3e     
                  000000e4    0000047e     grlib.a : string.obj (.text:Graphics_drawString)
                  00000562    000001d8     Crystalfontz128x128_ST7735.obj (.text:Crystalfontz128x128_PixelDrawMultiple)
                  0000073a    00000002     startup_msp432p401r_ccs.obj (.text:Default_Handler)
                  0000073c    0000015c     msp432p4xx_driverlib.lib : pcm.o (.text:__PCM_setPowerModeAdvanced)
                  00000898    00000144                              : timer_a.o (.text:privateTimer_AProcessClockSourceDivider)
                  000009dc    00000134     Crystalfontz128x128_ST7735.obj (.text:Crystalfontz128x128_SetDrawFrame)
                  00000b10    00000130     msp432p4xx_driverlib.lib : cs.o (.text:CS_initClockSignal)
                  00000c40    0000012c     Crystalfontz128x128_ST7735.obj (.text:Crystalfontz128x128_Init)
                  00000d6c    00000108     msp432p4xx_driverlib.lib : pcm.o (.text:__PCM_setCoreVoltageLevelAdvanced)
                  00000e74    000000e2     util.obj (.text:s_sprintf)
                  00000f56    000000bc     util.obj (.text:s_intos)
                  00001012    000000b0     msp432p4xx_driverlib.lib : spi.o (.text:SPI_initMaster)
                  000010c2    0000009c     Crystalfontz128x128_ST7735.obj (.text:Crystalfontz128x128_RectFill)
                  0000115e    0000009c     grlib.a : line.obj (.text:Graphics_drawLineH)
                  000011fa    0000009c     rtsv7M4_T_le_v4SPD16_eabi.lib : memcpy_t2.asm.obj (.text)
                  00001296    00000002     --HOLE-- [fill = 0]
                  00001298    0000008c     sound.obj (.text:TA1_0_IRQHandler)
                  00001324    00000088     msp432p4xx_driverlib.lib : gpio.o (.text:GPIO_setAsPeripheralModuleFunctionOutputPin)
                  000013ac    00000080                              : interrupt.o (.text:Interrupt_enableInterrupt)
                  0000142c    00000080     sound.obj (.text:playNote)
                  000014ac    00000078     system_msp432p401r.obj (.text:SystemInit)
                  00001524    00000068     msp432p4xx_driverlib.lib : timer_a.o (.text:Timer_A_configureUpMode)
                  0000158c    00000068     rtsv7M4_T_le_v4SPD16_eabi.lib : copy_decompress_lzss.c.obj (.text:decompress:lzss:__TI_decompress_lzss)
                  000015f4    00000060     Crystalfontz128x128_ST7735.obj (.text:Crystalfontz128x128_LineDrawH)
                  00001654    00000060     Crystalfontz128x128_ST7735.obj (.text:Crystalfontz128x128_LineDrawV)
                  000016b4    0000005e     msp432p4xx_driverlib.lib : pcm.o (.text:PCM_getCoreVoltageLevel)
                  00001712    0000005e     util.obj (.text:_hwInit)
                  00001770    0000005a     msp432p4xx_driverlib.lib : pcm.o (.text:PCM_getPowerMode)
                  000017ca    00000002     --HOLE-- [fill = 0]
                  000017cc    00000054     Crystalfontz128x128_ST7735.obj (.text:Crystalfontz128x128_SetOrientation)
                  00001820    00000052     grlib.a : context.obj (.text:Graphics_initContext)
                  00001872    00000002     --HOLE-- [fill = 0]
                  00001874    00000050     main.obj (.text:main)
                  000018c4    0000004e     msp432p4xx_driverlib.lib : timer_a.o (.text:Timer_A_initCompare)
                  00001912    0000004c                              : timer_a.o (.text:Timer_A_getCounterValue)
                  0000195e    00000002     --HOLE-- [fill = 0]
                  00001960    0000004c     graphic.obj (.text:_graphicsInit)
                  000019ac    00000048     msp432p4xx_driverlib.lib : flash.o (.text:FlashCtl_setWaitState)
                  000019f4    00000044     rtsv7M4_T_le_v4SPD16_eabi.lib : autoinit.c.obj (.text:__TI_auto_init_nobinit_nopinit:__TI_auto_init_nobinit_nopinit)
                  00001a38    00000040     Crystalfontz128x128_ST7735.obj (.text:Crystalfontz128x128_PixelDraw)
                  00001a78    00000040     msp432p4xx_driverlib.lib : gpio.o (.text:GPIO_setAsOutputPin)
                  00001ab8    00000040     grlib.a : string.obj (.text:Graphics_getNumberOfLeadingZeros)
                  00001af8    00000040     HAL_MSP_EXP432P401R_Crystalfontz128x128_ST7735.obj (.text:HAL_LCD_SpiInit)
                  00001b38    00000040     msp432p4xx_driverlib.lib : spi.o (.text:is_A_Module)
                  00001b78    00000038     HAL_MSP_EXP432P401R_Crystalfontz128x128_ST7735.obj (.text:HAL_LCD_writeCommand)
                  00001bb0    00000036     grlib.a : display.obj (.text:Graphics_drawHorizontalLineOnDisplay)
                  00001be6    00000002     --HOLE-- [fill = 0]
                  00001be8    00000034     msp432p4xx_driverlib.lib : cs.o (.text:CS_setDCOCenteredFrequency)
                  00001c1c    00000034     rtsv7M4_T_le_v4SPD16_eabi.lib : boot_cortex_m.c.obj (.text:_c_int00_noargs:_c_int00_noargs)
                  00001c50    00000030     msp432p4xx_driverlib.lib : cs.o (.text:CS_setReferenceOscillatorFrequency)
                  00001c80    00000030     HAL_MSP_EXP432P401R_Crystalfontz128x128_ST7735.obj (.text:HAL_LCD_PortInit)
                  00001cb0    0000002c     Crystalfontz128x128_ST7735.obj (.text:Crystalfontz128x128_ClearScreen)
                  00001cdc    0000002c     grlib.a : display.obj (.text:Graphics_drawPixelOnDisplay)
                  00001d08    0000002c     HAL_MSP_EXP432P401R_Crystalfontz128x128_ST7735.obj (.text:HAL_LCD_writeData)
                  00001d34    0000002c     msp432p4xx_driverlib.lib : timer_a.o (.text:Timer_A_clearCaptureCompareInterrupt)
                  00001d60    0000002c                              : timer_a.o (.text:Timer_A_enableCaptureCompareInterrupt)
                  00001d8c    00000028     Crystalfontz128x128_ST7735.obj (.text:Crystalfontz128x128_ColorTranslate)
                  00001db4    00000028     msp432p4xx_driverlib.lib : gpio.o (.text:GPIO_setOutputHighOnPin)
                  00001ddc    00000028                              : gpio.o (.text:GPIO_setOutputLowOnPin)
                  00001e04    00000028                              : timer_a.o (.text:Timer_A_setCompareValue)
                  00001e2c    00000024                              : wdt_a.o (.text:WDT_A_holdTimer)
                  00001e50    00000020     sound.obj (.text:_soundInit)
                  00001e70    0000001c     msp432p4xx_driverlib.lib : spi.o (.text:SPI_enableModule)
                  00001e8c    0000001c     rtsv7M4_T_le_v4SPD16_eabi.lib : copy_zero_init.c.obj (.text:decompress:ZI:__TI_zero_init_nomemset:__TI_zero_init_nomemset)
                  00001ea8    0000001a     grlib.a : display.obj (.text:Graphics_clearDisplayOnDisplay)
                  00001ec2    0000001a             : context.obj (.text:Graphics_setBackgroundColor)
                  00001edc    0000001a             : context.obj (.text:Graphics_setFont)
                  00001ef6    00000016     msp432p4xx_driverlib.lib : spi.o (.text:EUSCI_A_SPI_enable)
                  00001f0c    00000016                              : spi.o (.text:EUSCI_B_SPI_enable)
                  00001f22    00000016     grlib.a : context.obj (.text:Graphics_setForegroundColor)
                  00001f38    00000016             : display.obj (.text:Graphics_translateColorOnDisplay)
                  00001f4e    00000016     msp432p4xx_driverlib.lib : timer_a.o (.text:Timer_A_startCounter)
                  00001f64    00000014                              : pcm.o (.text:PCM_getPowerState)
                  00001f78    00000014     sound.obj (.text:stopSound)
                  00001f8c    00000012     grlib.a : context.obj (.text:Graphics_clearDisplay)
                  00001f9e    00000010     msp432p4xx_driverlib.lib : interrupt.o (.text:Interrupt_disableMaster)
                  00001fae    00000010                              : interrupt.o (.text:Interrupt_enableMaster)
                  00001fbe    00000010                              : pcm.o (.text:PCM_setCoreVoltageLevel)
                  00001fce    00000010                              : pcm.o (.text:PCM_setPowerMode)
                  00001fde    0000000e     rtsv7M4_T_le_v4SPD16_eabi.lib : copy_decompress_none.c.obj (.text:decompress:none:__TI_decompress_none)
                  00001fec    0000000c     msp432p4xx_driverlib.lib : cpu.o (.text:CPU_cpsid)
                  00001ff8    0000000c                              : cpu.o (.text:CPU_cpsie)
                  00002004    0000000c     startup_msp432p401r_ccs.obj (.text:Reset_Handler)
                  00002010    0000000a     Crystalfontz128x128_ST7735.obj (.text:Crystalfontz128x128_Flush)
                  0000201a    00000004     rtsv7M4_T_le_v4SPD16_eabi.lib : pre_init.c.obj (.text:_system_pre_init)
                  0000201e    00000004                                   : exit.c.obj (.text:abort:abort)

.const     0    00002024    00000448     
                  00002024    000002f8     grlib.a : fontfixed6x8.obj (.const:.string:g_pucFontFixed6x8Data)
                  0000231c    000000c8             : fontfixed6x8.obj (.const:g_sFontFixed6x8)
                  000023e4    00000030     msp432p4xx_driverlib.lib : gpio.o (.const:GPIO_PORT_TO_BASE)
                  00002414    00000020     Crystalfontz128x128_ST7735.obj (.const:g_sCrystalfontz128x128_funcs)
                  00002434    0000001c     HAL_MSP_EXP432P401R_Crystalfontz128x128_ST7735.obj (.const:$P$T0$1)
                  00002450    0000000c     main.obj (.const:$P$T0$1)
                  0000245c    00000008     Crystalfontz128x128_ST7735.obj (.const:$P$T0$1)
                  00002464    00000008     msp432p4xx_driverlib.lib : interrupt.o (.const:g_pulEnRegs)

.cinit     0    00002470    00000068     
                  00002470    00000041     (.cinit..data.load) [load image, compression = lzss]
                  000024b1    00000003     --HOLE-- [fill = 0]
                  000024b4    0000000c     (__TI_handler_table)
                  000024c0    00000008     (.cinit..bss.load) [load image, compression = zero_init]
                  000024c8    00000010     (__TI_cinit_table)

.init_array 
*          0    00000000    00000000     UNINITIALIZED

.binit     0    00000000    00000000     

.data      0    20000000    00000051     UNINITIALIZED
                  20000000    00000018     sound.obj (.data:noteClock)
                  20000018    00000018     sound.obj (.data:notePeriods)
                  20000030    00000010     sound.obj (.data:compareConfig_PWM)
                  20000040    00000010     Crystalfontz128x128_ST7735.obj (.data:g_sCrystalfontz128x128)
                  20000050    00000001     sound.obj (.data)

.bss       0    20000054    00000032     UNINITIALIZED
                  20000054    0000001c     (.common:ctx)
                  20000070    00000004     (.common:_notes)
                  20000074    00000004     (.common:_notesPlayed)
                  20000078    00000004     (.common:_numNotes)
                  2000007c    00000002     (.common:Lcd_ScreenHeigth)
                  2000007e    00000002     (.common:Lcd_ScreenWidth)
                  20000080    00000002     (.common:Lcd_TouchTrim)
                  20000082    00000001     (.common:Lcd_FlagRead)
                  20000083    00000001     (.common:Lcd_FontSolid)
                  20000084    00000001     (.common:Lcd_Orientation)
                  20000085    00000001     (.common:Lcd_PenSolid)

.stack     0    2000fe00    00000200     UNINITIALIZED
                  2000fe00    00000004     rtsv7M4_T_le_v4SPD16_eabi.lib : boot_cortex_m.c.obj (.stack)
                  2000fe04    000001fc     --HOLE--

__llvm_prf_cnts 
*          0    20000000    00000000     UNINITIALIZED

MODULE SUMMARY

       Module                                               code   ro data   rw data
       ------                                               ----   -------   -------
    .\
       main.obj                                             80     12        56     
       system_msp432p401r.obj                               120    0         0      
    +--+----------------------------------------------------+------+---------+---------+
       Total:                                               200    12        56     
                                                                                    
    .\ccs\
       startup_msp432p401r_ccs.obj                          14     228       0      
    +--+----------------------------------------------------+------+---------+---------+
       Total:                                               14     228       0      
                                                                                    
    .\libraries\
       util.obj                                             508    0         0      
       sound.obj                                            320    0         154    
       graphic.obj                                          76     0         0      
    +--+----------------------------------------------------+------+---------+---------+
       Total:                                               904    0         154    
                                                                                    
    .\libraries\LcdDriver\
       Crystalfontz128x128_ST7735.obj                       1670   40        52     
       HAL_MSP_EXP432P401R_Crystalfontz128x128_ST7735.obj   212    28        0      
    +--+----------------------------------------------------+------+---------+---------+
       Total:                                               1882   68        52     
                                                                                    
    C:/ti/simplelink_msp432p4_sdk_3_40_01_02/source/ti/devices/msp432p4xx/driverlib/ccs/msp432p4xx_driverlib.lib
       pcm.o                                                848    0         0      
       timer_a.o                                            732    0         0      
       cs.o                                                 404    0         0      
       gpio.o                                               280    48        0      
       spi.o                                                312    0         0      
       interrupt.o                                          160    8         0      
       flash.o                                              72     0         0      
       wdt_a.o                                              36     0         0      
       cpu.o                                                24     0         0      
    +--+----------------------------------------------------+------+---------+---------+
       Total:                                               2868   56        0      
                                                                                    
    C:/ti/simplelink_msp432p4_sdk_3_40_01_02/source/ti/grlib/lib/ccs/m4f/grlib.a
       string.obj                                           1214   0         0      
       fontfixed6x8.obj                                     0      960       0      
       context.obj                                          174    0         0      
       line.obj                                             156    0         0      
       display.obj                                          146    0         0      
    +--+----------------------------------------------------+------+---------+---------+
       Total:                                               1690   960       0      
                                                                                    
    C:\ti\ccs1040\ccs\tools\compiler\ti-cgt-arm_20.2.5.LTS\lib\rtsv7M4_T_le_v4SPD16_eabi.lib
       memcpy_t2.asm.obj                                    156    0         0      
       copy_decompress_lzss.c.obj                           104    0         0      
       autoinit.c.obj                                       68     0         0      
       boot_cortex_m.c.obj                                  52     0         0      
       copy_zero_init.c.obj                                 28     0         0      
       copy_decompress_none.c.obj                           14     0         0      
       exit.c.obj                                           4      0         0      
       pre_init.c.obj                                       4      0         0      
    +--+----------------------------------------------------+------+---------+---------+
       Total:                                               430    0         0      
                                                                                    
       Stack:                                               0      0         1024   
       Linker Generated:                                    0      101       0      
    +--+----------------------------------------------------+------+---------+---------+
       Grand Total:                                         7988   1425      1286   


LINKER GENERATED COPY TABLES

__TI_cinit_table @ 000024c8 records: 2, size/record: 8, table size: 16
	.data: load addr=00002470, load size=00000041 bytes, run addr=20000000, run size=00000051 bytes, compression=lzss
	.bss: load addr=000024c0, load size=00000008 bytes, run addr=20000054, run size=00000032 bytes, compression=zero_init


LINKER GENERATED HANDLER TABLE

__TI_handler_table @ 000024b4 records: 3, size/record: 4, table size: 12
	index: 0, handler: __TI_decompress_lzss
	index: 1, handler: __TI_decompress_none
	index: 2, handler: __TI_zero_init


GLOBAL SYMBOLS: SORTED ALPHABETICALLY BY Name 

address   name                                       
-------   ----                                       
0000073b  ADC14_IRQHandler                           
0000073b  AES256_IRQHandler                          
0000073b  BusFault_Handler                           
0000201f  C$$EXIT                                    
0000073b  COMP_E0_IRQHandler                         
0000073b  COMP_E1_IRQHandler                         
00001fed  CPU_cpsid                                  
00001ff9  CPU_cpsie                                  
0000073b  CS_IRQHandler                              
00000b11  CS_initClockSignal                         
00001be9  CS_setDCOCenteredFrequency                 
00001c51  CS_setReferenceOscillatorFrequency         
00000c41  Crystalfontz128x128_Init                   
000009dd  Crystalfontz128x128_SetDrawFrame           
000017cd  Crystalfontz128x128_SetOrientation         
0000073b  DMA_ERR_IRQHandler                         
0000073b  DMA_INT0_IRQHandler                        
0000073b  DMA_INT1_IRQHandler                        
0000073b  DMA_INT2_IRQHandler                        
0000073b  DMA_INT3_IRQHandler                        
0000073b  DebugMon_Handler                           
0000073b  Default_Handler                            
0000073b  EUSCIA0_IRQHandler                         
0000073b  EUSCIA1_IRQHandler                         
0000073b  EUSCIA2_IRQHandler                         
0000073b  EUSCIA3_IRQHandler                         
0000073b  EUSCIB0_IRQHandler                         
0000073b  EUSCIB1_IRQHandler                         
0000073b  EUSCIB2_IRQHandler                         
0000073b  EUSCIB3_IRQHandler                         
00001ef7  EUSCI_A_SPI_enable                         
00001f0d  EUSCI_B_SPI_enable                         
0000073b  FLCTL_IRQHandler                           
0000073b  FPU_IRQHandler                             
000019ad  FlashCtl_setWaitState                      
00001a79  GPIO_setAsOutputPin                        
00001325  GPIO_setAsPeripheralModuleFunctionOutputPin
00001db5  GPIO_setOutputHighOnPin                    
00001ddd  GPIO_setOutputLowOnPin                     
00001f8d  Graphics_clearDisplay                      
00001ea9  Graphics_clearDisplayOnDisplay             
00001bb1  Graphics_drawHorizontalLineOnDisplay       
0000115f  Graphics_drawLineH                         
00001cdd  Graphics_drawPixelOnDisplay                
000000e5  Graphics_drawString                        
00001821  Graphics_initContext                       
00001ec3  Graphics_setBackgroundColor                
00001edd  Graphics_setFont                           
00001f23  Graphics_setForegroundColor                
00001f39  Graphics_translateColorOnDisplay           
00001c81  HAL_LCD_PortInit                           
00001af9  HAL_LCD_SpiInit                            
00001b79  HAL_LCD_writeCommand                       
00001d09  HAL_LCD_writeData                          
0000073b  HardFault_Handler                          
00001f9f  Interrupt_disableMaster                    
000013ad  Interrupt_enableInterrupt                  
00001faf  Interrupt_enableMaster                     
20000082  Lcd_FlagRead                               
20000083  Lcd_FontSolid                              
20000084  Lcd_Orientation                            
20000085  Lcd_PenSolid                               
2000007c  Lcd_ScreenHeigth                           
2000007e  Lcd_ScreenWidth                            
20000080  Lcd_TouchTrim                              
0000073b  MemManage_Handler                          
0000073b  NMI_Handler                                
0000073b  PCM_IRQHandler                             
000016b5  PCM_getCoreVoltageLevel                    
00001771  PCM_getPowerMode                           
00001f65  PCM_getPowerState                          
00001fbf  PCM_setCoreVoltageLevel                    
00001fcf  PCM_setPowerMode                           
0000073b  PORT1_IRQHandler                           
0000073b  PORT2_IRQHandler                           
0000073b  PORT3_IRQHandler                           
0000073b  PORT4_IRQHandler                           
0000073b  PORT5_IRQHandler                           
0000073b  PORT6_IRQHandler                           
0000073b  PSS_IRQHandler                             
0000073b  PendSV_Handler                             
0000073b  RTC_C_IRQHandler                           
00002005  Reset_Handler                              
00001e71  SPI_enableModule                           
00001013  SPI_initMaster                             
0000073b  SVC_Handler                                
0000073b  SysTick_Handler                            
000014ad  SystemInit                                 
0000073b  T32_INT1_IRQHandler                        
0000073b  T32_INT2_IRQHandler                        
0000073b  T32_INTC_IRQHandler                        
0000073b  TA0_0_IRQHandler                           
0000073b  TA0_N_IRQHandler                           
00001299  TA1_0_IRQHandler                           
00001299  TA1_0_IRQHandler                           
0000073b  TA1_N_IRQHandler                           
0000073b  TA2_0_IRQHandler                           
0000073b  TA2_N_IRQHandler                           
0000073b  TA3_0_IRQHandler                           
0000073b  TA3_N_IRQHandler                           
00001d35  Timer_A_clearCaptureCompareInterrupt       
00001525  Timer_A_configureUpMode                    
00001d61  Timer_A_enableCaptureCompareInterrupt      
00001913  Timer_A_getCounterValue                    
000018c5  Timer_A_initCompare                        
00001e05  Timer_A_setCompareValue                    
00001f4f  Timer_A_startCounter                       
0000073b  UsageFault_Handler                         
4000480c  WDTCTL_SYM                                 
0000073b  WDT_A_IRQHandler                           
00001e2d  WDT_A_holdTimer                            
20010000  __STACK_END                                
00000200  __STACK_SIZE                               
000024c8  __TI_CINIT_Base                            
000024d8  __TI_CINIT_Limit                           
000024b4  __TI_Handler_Table_Base                    
000024c0  __TI_Handler_Table_Limit                   
000019f5  __TI_auto_init_nobinit_nopinit             
0000158d  __TI_decompress_lzss                       
00001fdf  __TI_decompress_none                       
ffffffff  __TI_pprof_out_hndl                        
ffffffff  __TI_prof_data_size                        
ffffffff  __TI_prof_data_start                       
00000000  __TI_static_base__                         
00001e8d  __TI_zero_init_nomemset                    
000011fb  __aeabi_memcpy                             
000011fb  __aeabi_memcpy4                            
000011fb  __aeabi_memcpy8                            
ffffffff  __binit__                                  
ffffffff  __c_args__                                 
UNDEFED   __mpu_init                                 
2000fe00  __stack                                    
20000000  __start___llvm_prf_cnts                    
20000000  __stop___llvm_prf_cnts                     
00001c1d  _c_int00_noargs                            
00001961  _graphicsInit                              
00001713  _hwInit                                    
20000070  _notes                                     
20000074  _notesPlayed                               
20000078  _numNotes                                  
00001e51  _soundInit                                 
UNDEFED   _system_post_cinit                         
0000201b  _system_pre_init                           
0000201f  abort                                      
ffffffff  binit                                      
20000054  ctx                                        
20000040  g_sCrystalfontz128x128                     
00002414  g_sCrystalfontz128x128_funcs               
0000231c  g_sFontFixed6x8                            
00000000  interruptVectors                           
00001875  main                                       
000011fb  memcpy                                     
20000018  notePeriods                                
0000142d  playNote                                   
00000f57  s_intos                                    
00000e75  s_sprintf                                  
00001f79  stopSound                                  


GLOBAL SYMBOLS: SORTED BY Symbol Address 

address   name                                       
-------   ----                                       
00000000  __TI_static_base__                         
00000000  interruptVectors                           
000000e5  Graphics_drawString                        
00000200  __STACK_SIZE                               
0000073b  ADC14_IRQHandler                           
0000073b  AES256_IRQHandler                          
0000073b  BusFault_Handler                           
0000073b  COMP_E0_IRQHandler                         
0000073b  COMP_E1_IRQHandler                         
0000073b  CS_IRQHandler                              
0000073b  DMA_ERR_IRQHandler                         
0000073b  DMA_INT0_IRQHandler                        
0000073b  DMA_INT1_IRQHandler                        
0000073b  DMA_INT2_IRQHandler                        
0000073b  DMA_INT3_IRQHandler                        
0000073b  DebugMon_Handler                           
0000073b  Default_Handler                            
0000073b  EUSCIA0_IRQHandler                         
0000073b  EUSCIA1_IRQHandler                         
0000073b  EUSCIA2_IRQHandler                         
0000073b  EUSCIA3_IRQHandler                         
0000073b  EUSCIB0_IRQHandler                         
0000073b  EUSCIB1_IRQHandler                         
0000073b  EUSCIB2_IRQHandler                         
0000073b  EUSCIB3_IRQHandler                         
0000073b  FLCTL_IRQHandler                           
0000073b  FPU_IRQHandler                             
0000073b  HardFault_Handler                          
0000073b  MemManage_Handler                          
0000073b  NMI_Handler                                
0000073b  PCM_IRQHandler                             
0000073b  PORT1_IRQHandler                           
0000073b  PORT2_IRQHandler                           
0000073b  PORT3_IRQHandler                           
0000073b  PORT4_IRQHandler                           
0000073b  PORT5_IRQHandler                           
0000073b  PORT6_IRQHandler                           
0000073b  PSS_IRQHandler                             
0000073b  PendSV_Handler                             
0000073b  RTC_C_IRQHandler                           
0000073b  SVC_Handler                                
0000073b  SysTick_Handler                            
0000073b  T32_INT1_IRQHandler                        
0000073b  T32_INT2_IRQHandler                        
0000073b  T32_INTC_IRQHandler                        
0000073b  TA0_0_IRQHandler                           
0000073b  TA0_N_IRQHandler                           
0000073b  TA1_N_IRQHandler                           
0000073b  TA2_0_IRQHandler                           
0000073b  TA2_N_IRQHandler                           
0000073b  TA3_0_IRQHandler                           
0000073b  TA3_N_IRQHandler                           
0000073b  UsageFault_Handler                         
0000073b  WDT_A_IRQHandler                           
000009dd  Crystalfontz128x128_SetDrawFrame           
00000b11  CS_initClockSignal                         
00000c41  Crystalfontz128x128_Init                   
00000e75  s_sprintf                                  
00000f57  s_intos                                    
00001013  SPI_initMaster                             
0000115f  Graphics_drawLineH                         
000011fb  __aeabi_memcpy                             
000011fb  __aeabi_memcpy4                            
000011fb  __aeabi_memcpy8                            
000011fb  memcpy                                     
00001299  TA1_0_IRQHandler                           
00001299  TA1_0_IRQHandler                           
00001325  GPIO_setAsPeripheralModuleFunctionOutputPin
000013ad  Interrupt_enableInterrupt                  
0000142d  playNote                                   
000014ad  SystemInit                                 
00001525  Timer_A_configureUpMode                    
0000158d  __TI_decompress_lzss                       
000016b5  PCM_getCoreVoltageLevel                    
00001713  _hwInit                                    
00001771  PCM_getPowerMode                           
000017cd  Crystalfontz128x128_SetOrientation         
00001821  Graphics_initContext                       
00001875  main                                       
000018c5  Timer_A_initCompare                        
00001913  Timer_A_getCounterValue                    
00001961  _graphicsInit                              
000019ad  FlashCtl_setWaitState                      
000019f5  __TI_auto_init_nobinit_nopinit             
00001a79  GPIO_setAsOutputPin                        
00001af9  HAL_LCD_SpiInit                            
00001b79  HAL_LCD_writeCommand                       
00001bb1  Graphics_drawHorizontalLineOnDisplay       
00001be9  CS_setDCOCenteredFrequency                 
00001c1d  _c_int00_noargs                            
00001c51  CS_setReferenceOscillatorFrequency         
00001c81  HAL_LCD_PortInit                           
00001cdd  Graphics_drawPixelOnDisplay                
00001d09  HAL_LCD_writeData                          
00001d35  Timer_A_clearCaptureCompareInterrupt       
00001d61  Timer_A_enableCaptureCompareInterrupt      
00001db5  GPIO_setOutputHighOnPin                    
00001ddd  GPIO_setOutputLowOnPin                     
00001e05  Timer_A_setCompareValue                    
00001e2d  WDT_A_holdTimer                            
00001e51  _soundInit                                 
00001e71  SPI_enableModule                           
00001e8d  __TI_zero_init_nomemset                    
00001ea9  Graphics_clearDisplayOnDisplay             
00001ec3  Graphics_setBackgroundColor                
00001edd  Graphics_setFont                           
00001ef7  EUSCI_A_SPI_enable                         
00001f0d  EUSCI_B_SPI_enable                         
00001f23  Graphics_setForegroundColor                
00001f39  Graphics_translateColorOnDisplay           
00001f4f  Timer_A_startCounter                       
00001f65  PCM_getPowerState                          
00001f79  stopSound                                  
00001f8d  Graphics_clearDisplay                      
00001f9f  Interrupt_disableMaster                    
00001faf  Interrupt_enableMaster                     
00001fbf  PCM_setCoreVoltageLevel                    
00001fcf  PCM_setPowerMode                           
00001fdf  __TI_decompress_none                       
00001fed  CPU_cpsid                                  
00001ff9  CPU_cpsie                                  
00002005  Reset_Handler                              
0000201b  _system_pre_init                           
0000201f  C$$EXIT                                    
0000201f  abort                                      
0000231c  g_sFontFixed6x8                            
00002414  g_sCrystalfontz128x128_funcs               
000024b4  __TI_Handler_Table_Base                    
000024c0  __TI_Handler_Table_Limit                   
000024c8  __TI_CINIT_Base                            
000024d8  __TI_CINIT_Limit                           
20000000  __start___llvm_prf_cnts                    
20000000  __stop___llvm_prf_cnts                     
20000018  notePeriods                                
20000040  g_sCrystalfontz128x128                     
20000054  ctx                                        
20000070  _notes                                     
20000074  _notesPlayed                               
20000078  _numNotes                                  
2000007c  Lcd_ScreenHeigth                           
2000007e  Lcd_ScreenWidth                            
20000080  Lcd_TouchTrim                              
20000082  Lcd_FlagRead                               
20000083  Lcd_FontSolid                              
20000084  Lcd_Orientation                            
20000085  Lcd_PenSolid                               
2000fe00  __stack                                    
20010000  __STACK_END                                
4000480c  WDTCTL_SYM                                 
ffffffff  __TI_pprof_out_hndl                        
ffffffff  __TI_prof_data_size                        
ffffffff  __TI_prof_data_start                       
ffffffff  __binit__                                  
ffffffff  __c_args__                                 
ffffffff  binit                                      
UNDEFED   __mpu_init                                 
UNDEFED   _system_post_cinit                         

[157 symbols]
