******************************************************************************
                  TI ARM Linker PC v20.2.5                     
******************************************************************************
>> Linked Fri Dec 17 15:00:26 2021

OUTPUT FILE NAME:   <MSP432GAMES.out>
ENTRY POINT SYMBOL: "_c_int00_noargs"  address: 00001b49


MEMORY CONFIGURATION

         name            origin    length      used     unused   attr    fill
----------------------  --------  ---------  --------  --------  ----  --------
  MAIN                  00000000   00040000  00002426  0003dbda  R  X
  INFO                  00200000   00004000  00000000  00004000  R  X
  SRAM_CODE             01000000   00010000  00000293  0000fd6d  RW X
  SRAM_DATA             20000000   00010000  00000293  0000fd6d  RW  


SEGMENT ALLOCATION MAP

run origin  load origin   length   init length attrs members
----------  ----------- ---------- ----------- ----- -------
00000000    00000000    00002428   00002428    r-x
  00000000    00000000    000000e4   000000e4    r-- .intvecs
  000000e4    000000e4    00001e8a   00001e8a    r-x .text
  00001f70    00001f70    00000448   00000448    r-- .const
  000023b8    000023b8    00000070   00000070    r-- .cinit
20000000    20000000    00000096   00000000    rw-
  20000000    20000000    00000061   00000000    rw- .data
  20000064    20000064    00000032   00000000    rw- .bss
2000fe00    2000fe00    00000200   00000000    rw-
  2000fe00    2000fe00    00000200   00000000    rw- .stack


SECTION ALLOCATION MAP

 output                                  attributes/
section   page    origin      length       input sections
--------  ----  ----------  ----------   ----------------
.intvecs   0    00000000    000000e4     
                  00000000    000000e4     startup_msp432p401r_ccs.obj (.intvecs:retain)

.text      0    000000e4    00001e8a     
                  000000e4    0000047e     grlib.a : string.obj (.text:Graphics_drawString)
                  00000562    000001d8     Crystalfontz128x128_ST7735.obj (.text:Crystalfontz128x128_PixelDrawMultiple)
                  0000073a    00000002     startup_msp432p401r_ccs.obj (.text:Default_Handler)
                  0000073c    0000015c     msp432p4xx_driverlib.lib : pcm.o (.text:__PCM_setPowerModeAdvanced)
                  00000898    00000144                              : timer_a.o (.text:privateTimer_AProcessClockSourceDivider)
                  000009dc    00000134     Crystalfontz128x128_ST7735.obj (.text:Crystalfontz128x128_SetDrawFrame)
                  00000b10    00000130     msp432p4xx_driverlib.lib : cs.o (.text:CS_initClockSignal)
                  00000c40    0000012c     Crystalfontz128x128_ST7735.obj (.text:Crystalfontz128x128_Init)
                  00000d6c    00000108     msp432p4xx_driverlib.lib : pcm.o (.text:__PCM_setCoreVoltageLevelAdvanced)
                  00000e74    000000b0                              : spi.o (.text:SPI_initMaster)
                  00000f24    0000009c     Crystalfontz128x128_ST7735.obj (.text:Crystalfontz128x128_RectFill)
                  00000fc0    0000009c     grlib.a : line.obj (.text:Graphics_drawLineH)
                  0000105c    0000009c     rtsv7M4_T_le_v4SPD16_eabi.lib : memcpy_t2.asm.obj (.text)
                  000010f8    0000008c     sound.obj (.text:TA1_0_IRQHandler)
                  00001184    00000088     msp432p4xx_driverlib.lib : gpio.o (.text:GPIO_setAsPeripheralModuleFunctionOutputPin)
                  0000120c    00000084     main.obj (.text:main)
                  00001290    00000080     msp432p4xx_driverlib.lib : interrupt.o (.text:Interrupt_enableInterrupt)
                  00001310    00000080     sound.obj (.text:playNote)
                  00001390    00000078     system_msp432p401r.obj (.text:SystemInit)
                  00001408    00000068     msp432p4xx_driverlib.lib : timer_a.o (.text:Timer_A_configureUpMode)
                  00001470    00000068     rtsv7M4_T_le_v4SPD16_eabi.lib : copy_decompress_lzss.c.obj (.text:decompress:lzss:__TI_decompress_lzss)
                  000014d8    00000068     sound.obj (.text:playSong)
                  00001540    00000060     Crystalfontz128x128_ST7735.obj (.text:Crystalfontz128x128_LineDrawH)
                  000015a0    00000060     Crystalfontz128x128_ST7735.obj (.text:Crystalfontz128x128_LineDrawV)
                  00001600    0000005e     msp432p4xx_driverlib.lib : pcm.o (.text:PCM_getCoreVoltageLevel)
                  0000165e    0000005e     util.obj (.text:_hwInit)
                  000016bc    0000005a     msp432p4xx_driverlib.lib : pcm.o (.text:PCM_getPowerMode)
                  00001716    00000002     --HOLE-- [fill = 0]
                  00001718    00000054     Crystalfontz128x128_ST7735.obj (.text:Crystalfontz128x128_SetOrientation)
                  0000176c    00000052     grlib.a : context.obj (.text:Graphics_initContext)
                  000017be    0000004e     msp432p4xx_driverlib.lib : timer_a.o (.text:Timer_A_initCompare)
                  0000180c    0000004c                              : timer_a.o (.text:Timer_A_getCounterValue)
                  00001858    0000004c     graphic.obj (.text:_graphicsInit)
                  000018a4    00000048     msp432p4xx_driverlib.lib : flash.o (.text:FlashCtl_setWaitState)
                  000018ec    00000044     rtsv7M4_T_le_v4SPD16_eabi.lib : autoinit.c.obj (.text:__TI_auto_init_nobinit_nopinit:__TI_auto_init_nobinit_nopinit)
                  00001930    00000040     Crystalfontz128x128_ST7735.obj (.text:Crystalfontz128x128_PixelDraw)
                  00001970    00000040     msp432p4xx_driverlib.lib : gpio.o (.text:GPIO_setAsOutputPin)
                  000019b0    00000040     grlib.a : string.obj (.text:Graphics_getNumberOfLeadingZeros)
                  000019f0    00000040     HAL_MSP_EXP432P401R_Crystalfontz128x128_ST7735.obj (.text:HAL_LCD_SpiInit)
                  00001a30    00000040     msp432p4xx_driverlib.lib : spi.o (.text:is_A_Module)
                  00001a70    00000038     HAL_MSP_EXP432P401R_Crystalfontz128x128_ST7735.obj (.text:HAL_LCD_writeCommand)
                  00001aa8    00000036     grlib.a : display.obj (.text:Graphics_drawHorizontalLineOnDisplay)
                  00001ade    00000002     --HOLE-- [fill = 0]
                  00001ae0    00000034     msp432p4xx_driverlib.lib : cs.o (.text:CS_setDCOCenteredFrequency)
                  00001b14    00000034                              : timer_a.o (.text:Timer_A_configureContinuousMode)
                  00001b48    00000034     rtsv7M4_T_le_v4SPD16_eabi.lib : boot_cortex_m.c.obj (.text:_c_int00_noargs:_c_int00_noargs)
                  00001b7c    00000030     msp432p4xx_driverlib.lib : cs.o (.text:CS_setReferenceOscillatorFrequency)
                  00001bac    00000030     HAL_MSP_EXP432P401R_Crystalfontz128x128_ST7735.obj (.text:HAL_LCD_PortInit)
                  00001bdc    0000002c     Crystalfontz128x128_ST7735.obj (.text:Crystalfontz128x128_ClearScreen)
                  00001c08    0000002c     grlib.a : display.obj (.text:Graphics_drawPixelOnDisplay)
                  00001c34    0000002c     HAL_MSP_EXP432P401R_Crystalfontz128x128_ST7735.obj (.text:HAL_LCD_writeData)
                  00001c60    0000002c     msp432p4xx_driverlib.lib : timer_a.o (.text:Timer_A_clearCaptureCompareInterrupt)
                  00001c8c    0000002c                              : timer_a.o (.text:Timer_A_enableCaptureCompareInterrupt)
                  00001cb8    00000028     Crystalfontz128x128_ST7735.obj (.text:Crystalfontz128x128_ColorTranslate)
                  00001ce0    00000028     msp432p4xx_driverlib.lib : gpio.o (.text:GPIO_setOutputHighOnPin)
                  00001d08    00000028                              : gpio.o (.text:GPIO_setOutputLowOnPin)
                  00001d30    00000028                              : timer_a.o (.text:Timer_A_setCompareValue)
                  00001d58    00000024                              : wdt_a.o (.text:WDT_A_holdTimer)
                  00001d7c    00000020     sound.obj (.text:_soundInit)
                  00001d9c    0000001e     rtsv7M4_T_le_v4SPD16_eabi.lib : strcat.c.obj (.text:strcat)
                  00001dba    0000001c     msp432p4xx_driverlib.lib : spi.o (.text:SPI_enableModule)
                  00001dd6    0000001c     rtsv7M4_T_le_v4SPD16_eabi.lib : copy_zero_init.c.obj (.text:decompress:ZI:__TI_zero_init_nomemset:__TI_zero_init_nomemset)
                  00001df2    0000001a     grlib.a : display.obj (.text:Graphics_clearDisplayOnDisplay)
                  00001e0c    0000001a             : context.obj (.text:Graphics_setBackgroundColor)
                  00001e26    0000001a             : context.obj (.text:Graphics_setFont)
                  00001e40    00000016     msp432p4xx_driverlib.lib : spi.o (.text:EUSCI_A_SPI_enable)
                  00001e56    00000016                              : spi.o (.text:EUSCI_B_SPI_enable)
                  00001e6c    00000016     grlib.a : context.obj (.text:Graphics_setForegroundColor)
                  00001e82    00000016             : display.obj (.text:Graphics_translateColorOnDisplay)
                  00001e98    00000016     msp432p4xx_driverlib.lib : timer_a.o (.text:Timer_A_startCounter)
                  00001eae    00000002     --HOLE-- [fill = 0]
                  00001eb0    00000014                              : pcm.o (.text:PCM_getPowerState)
                  00001ec4    00000014     sound.obj (.text:stopSound)
                  00001ed8    00000012     grlib.a : context.obj (.text:Graphics_clearDisplay)
                  00001eea    00000010     msp432p4xx_driverlib.lib : interrupt.o (.text:Interrupt_disableMaster)
                  00001efa    00000010                              : interrupt.o (.text:Interrupt_enableMaster)
                  00001f0a    00000010                              : pcm.o (.text:PCM_setCoreVoltageLevel)
                  00001f1a    00000010                              : pcm.o (.text:PCM_setPowerMode)
                  00001f2a    0000000e     rtsv7M4_T_le_v4SPD16_eabi.lib : copy_decompress_none.c.obj (.text:decompress:none:__TI_decompress_none)
                  00001f38    0000000c     msp432p4xx_driverlib.lib : cpu.o (.text:CPU_cpsid)
                  00001f44    0000000c                              : cpu.o (.text:CPU_cpsie)
                  00001f50    0000000c     startup_msp432p401r_ccs.obj (.text:Reset_Handler)
                  00001f5c    0000000a     Crystalfontz128x128_ST7735.obj (.text:Crystalfontz128x128_Flush)
                  00001f66    00000004     rtsv7M4_T_le_v4SPD16_eabi.lib : pre_init.c.obj (.text:_system_pre_init)
                  00001f6a    00000004                                   : exit.c.obj (.text:abort:abort)

.const     0    00001f70    00000448     
                  00001f70    000002f8     grlib.a : fontfixed6x8.obj (.const:.string:g_pucFontFixed6x8Data)
                  00002268    000000c8             : fontfixed6x8.obj (.const:g_sFontFixed6x8)
                  00002330    00000030     msp432p4xx_driverlib.lib : gpio.o (.const:GPIO_PORT_TO_BASE)
                  00002360    00000020     Crystalfontz128x128_ST7735.obj (.const:g_sCrystalfontz128x128_funcs)
                  00002380    0000001c     HAL_MSP_EXP432P401R_Crystalfontz128x128_ST7735.obj (.const:$P$T0$1)
                  0000239c    0000000c     main.obj (.const:$P$T0$1)
                  000023a8    00000008     Crystalfontz128x128_ST7735.obj (.const:$P$T0$1)
                  000023b0    00000008     msp432p4xx_driverlib.lib : interrupt.o (.const:g_pulEnRegs)

.cinit     0    000023b8    00000070     
                  000023b8    00000048     (.cinit..data.load) [load image, compression = lzss]
                  00002400    0000000c     (__TI_handler_table)
                  0000240c    00000004     --HOLE-- [fill = 0]
                  00002410    00000008     (.cinit..bss.load) [load image, compression = zero_init]
                  00002418    00000010     (__TI_cinit_table)

.init_array 
*          0    00000000    00000000     UNINITIALIZED

.binit     0    00000000    00000000     

.data      0    20000000    00000061     UNINITIALIZED
                  20000000    00000018     sound.obj (.data:noteClock)
                  20000018    00000018     sound.obj (.data:notePeriods)
                  20000030    00000010     sound.obj (.data:compareConfig_PWM)
                  20000040    00000010     sound.obj (.data:delayTimer)
                  20000050    00000010     Crystalfontz128x128_ST7735.obj (.data:g_sCrystalfontz128x128)
                  20000060    00000001     sound.obj (.data)

.bss       0    20000064    00000032     UNINITIALIZED
                  20000064    0000001c     (.common:ctx)
                  20000080    00000004     (.common:_notes)
                  20000084    00000004     (.common:_notesPlayed)
                  20000088    00000004     (.common:_numNotes)
                  2000008c    00000002     (.common:Lcd_ScreenHeigth)
                  2000008e    00000002     (.common:Lcd_ScreenWidth)
                  20000090    00000002     (.common:Lcd_TouchTrim)
                  20000092    00000001     (.common:Lcd_FlagRead)
                  20000093    00000001     (.common:Lcd_FontSolid)
                  20000094    00000001     (.common:Lcd_Orientation)
                  20000095    00000001     (.common:Lcd_PenSolid)

.stack     0    2000fe00    00000200     UNINITIALIZED
                  2000fe00    00000004     rtsv7M4_T_le_v4SPD16_eabi.lib : boot_cortex_m.c.obj (.stack)
                  2000fe04    000001fc     --HOLE--

__llvm_prf_cnts 
*          0    20000000    00000000     UNINITIALIZED

MODULE SUMMARY

       Module                                               code   ro data   rw data
       ------                                               ----   -------   -------
    .\
       main.obj                                             132    12        56     
       system_msp432p401r.obj                               120    0         0      
    +--+----------------------------------------------------+------+---------+---------+
       Total:                                               252    12        56     
                                                                                    
    .\ccs\
       startup_msp432p401r_ccs.obj                          14     228       0      
    +--+----------------------------------------------------+------+---------+---------+
       Total:                                               14     228       0      
                                                                                    
    .\libraries\
       sound.obj                                            424    0         186    
       util.obj                                             94     0         0      
       graphic.obj                                          76     0         0      
    +--+----------------------------------------------------+------+---------+---------+
       Total:                                               594    0         186    
                                                                                    
    .\libraries\LcdDriver\
       Crystalfontz128x128_ST7735.obj                       1670   40        52     
       HAL_MSP_EXP432P401R_Crystalfontz128x128_ST7735.obj   212    28        0      
    +--+----------------------------------------------------+------+---------+---------+
       Total:                                               1882   68        52     
                                                                                    
    C:/ti/simplelink_msp432p4_sdk_3_40_01_02/source/ti/devices/msp432p4xx/driverlib/ccs/msp432p4xx_driverlib.lib
       pcm.o                                                848    0         0      
       timer_a.o                                            784    0         0      
       cs.o                                                 404    0         0      
       gpio.o                                               280    48        0      
       spi.o                                                312    0         0      
       interrupt.o                                          160    8         0      
       flash.o                                              72     0         0      
       wdt_a.o                                              36     0         0      
       cpu.o                                                24     0         0      
    +--+----------------------------------------------------+------+---------+---------+
       Total:                                               2920   56        0      
                                                                                    
    C:/ti/simplelink_msp432p4_sdk_3_40_01_02/source/ti/grlib/lib/ccs/m4f/grlib.a
       string.obj                                           1214   0         0      
       fontfixed6x8.obj                                     0      960       0      
       context.obj                                          174    0         0      
       line.obj                                             156    0         0      
       display.obj                                          146    0         0      
    +--+----------------------------------------------------+------+---------+---------+
       Total:                                               1690   960       0      
                                                                                    
    C:\ti\ccs1040\ccs\tools\compiler\ti-cgt-arm_20.2.5.LTS\lib\rtsv7M4_T_le_v4SPD16_eabi.lib
       memcpy_t2.asm.obj                                    156    0         0      
       copy_decompress_lzss.c.obj                           104    0         0      
       autoinit.c.obj                                       68     0         0      
       boot_cortex_m.c.obj                                  52     0         0      
       strcat.c.obj                                         30     0         0      
       copy_zero_init.c.obj                                 28     0         0      
       copy_decompress_none.c.obj                           14     0         0      
       exit.c.obj                                           4      0         0      
       pre_init.c.obj                                       4      0         0      
    +--+----------------------------------------------------+------+---------+---------+
       Total:                                               460    0         0      
                                                                                    
       Stack:                                               0      0         1024   
       Linker Generated:                                    0      108       0      
    +--+----------------------------------------------------+------+---------+---------+
       Grand Total:                                         7812   1432      1318   


LINKER GENERATED COPY TABLES

__TI_cinit_table @ 00002418 records: 2, size/record: 8, table size: 16
	.data: load addr=000023b8, load size=00000048 bytes, run addr=20000000, run size=00000061 bytes, compression=lzss
	.bss: load addr=00002410, load size=00000008 bytes, run addr=20000064, run size=00000032 bytes, compression=zero_init


LINKER GENERATED HANDLER TABLE

__TI_handler_table @ 00002400 records: 3, size/record: 4, table size: 12
	index: 0, handler: __TI_decompress_lzss
	index: 1, handler: __TI_decompress_none
	index: 2, handler: __TI_zero_init


GLOBAL SYMBOLS: SORTED ALPHABETICALLY BY Name 

address   name                                       
-------   ----                                       
0000073b  ADC14_IRQHandler                           
0000073b  AES256_IRQHandler                          
0000073b  BusFault_Handler                           
00001f6b  C$$EXIT                                    
0000073b  COMP_E0_IRQHandler                         
0000073b  COMP_E1_IRQHandler                         
00001f39  CPU_cpsid                                  
00001f45  CPU_cpsie                                  
0000073b  CS_IRQHandler                              
00000b11  CS_initClockSignal                         
00001ae1  CS_setDCOCenteredFrequency                 
00001b7d  CS_setReferenceOscillatorFrequency         
00000c41  Crystalfontz128x128_Init                   
000009dd  Crystalfontz128x128_SetDrawFrame           
00001719  Crystalfontz128x128_SetOrientation         
0000073b  DMA_ERR_IRQHandler                         
0000073b  DMA_INT0_IRQHandler                        
0000073b  DMA_INT1_IRQHandler                        
0000073b  DMA_INT2_IRQHandler                        
0000073b  DMA_INT3_IRQHandler                        
0000073b  DebugMon_Handler                           
0000073b  Default_Handler                            
0000073b  EUSCIA0_IRQHandler                         
0000073b  EUSCIA1_IRQHandler                         
0000073b  EUSCIA2_IRQHandler                         
0000073b  EUSCIA3_IRQHandler                         
0000073b  EUSCIB0_IRQHandler                         
0000073b  EUSCIB1_IRQHandler                         
0000073b  EUSCIB2_IRQHandler                         
0000073b  EUSCIB3_IRQHandler                         
00001e41  EUSCI_A_SPI_enable                         
00001e57  EUSCI_B_SPI_enable                         
0000073b  FLCTL_IRQHandler                           
0000073b  FPU_IRQHandler                             
000018a5  FlashCtl_setWaitState                      
00001971  GPIO_setAsOutputPin                        
00001185  GPIO_setAsPeripheralModuleFunctionOutputPin
00001ce1  GPIO_setOutputHighOnPin                    
00001d09  GPIO_setOutputLowOnPin                     
00001ed9  Graphics_clearDisplay                      
00001df3  Graphics_clearDisplayOnDisplay             
00001aa9  Graphics_drawHorizontalLineOnDisplay       
00000fc1  Graphics_drawLineH                         
00001c09  Graphics_drawPixelOnDisplay                
000000e5  Graphics_drawString                        
0000176d  Graphics_initContext                       
00001e0d  Graphics_setBackgroundColor                
00001e27  Graphics_setFont                           
00001e6d  Graphics_setForegroundColor                
00001e83  Graphics_translateColorOnDisplay           
00001bad  HAL_LCD_PortInit                           
000019f1  HAL_LCD_SpiInit                            
00001a71  HAL_LCD_writeCommand                       
00001c35  HAL_LCD_writeData                          
0000073b  HardFault_Handler                          
00001eeb  Interrupt_disableMaster                    
00001291  Interrupt_enableInterrupt                  
00001efb  Interrupt_enableMaster                     
20000092  Lcd_FlagRead                               
20000093  Lcd_FontSolid                              
20000094  Lcd_Orientation                            
20000095  Lcd_PenSolid                               
2000008c  Lcd_ScreenHeigth                           
2000008e  Lcd_ScreenWidth                            
20000090  Lcd_TouchTrim                              
0000073b  MemManage_Handler                          
0000073b  NMI_Handler                                
0000073b  PCM_IRQHandler                             
00001601  PCM_getCoreVoltageLevel                    
000016bd  PCM_getPowerMode                           
00001eb1  PCM_getPowerState                          
00001f0b  PCM_setCoreVoltageLevel                    
00001f1b  PCM_setPowerMode                           
0000073b  PORT1_IRQHandler                           
0000073b  PORT2_IRQHandler                           
0000073b  PORT3_IRQHandler                           
0000073b  PORT4_IRQHandler                           
0000073b  PORT5_IRQHandler                           
0000073b  PORT6_IRQHandler                           
0000073b  PSS_IRQHandler                             
0000073b  PendSV_Handler                             
0000073b  RTC_C_IRQHandler                           
00001f51  Reset_Handler                              
00001dbb  SPI_enableModule                           
00000e75  SPI_initMaster                             
0000073b  SVC_Handler                                
0000073b  SysTick_Handler                            
00001391  SystemInit                                 
0000073b  T32_INT1_IRQHandler                        
0000073b  T32_INT2_IRQHandler                        
0000073b  T32_INTC_IRQHandler                        
0000073b  TA0_0_IRQHandler                           
0000073b  TA0_N_IRQHandler                           
000010f9  TA1_0_IRQHandler                           
000010f9  TA1_0_IRQHandler                           
0000073b  TA1_N_IRQHandler                           
0000073b  TA2_0_IRQHandler                           
0000073b  TA2_N_IRQHandler                           
0000073b  TA3_0_IRQHandler                           
0000073b  TA3_N_IRQHandler                           
00001c61  Timer_A_clearCaptureCompareInterrupt       
00001b15  Timer_A_configureContinuousMode            
00001409  Timer_A_configureUpMode                    
00001c8d  Timer_A_enableCaptureCompareInterrupt      
0000180d  Timer_A_getCounterValue                    
000017bf  Timer_A_initCompare                        
00001d31  Timer_A_setCompareValue                    
00001e99  Timer_A_startCounter                       
0000073b  UsageFault_Handler                         
4000480c  WDTCTL_SYM                                 
0000073b  WDT_A_IRQHandler                           
00001d59  WDT_A_holdTimer                            
20010000  __STACK_END                                
00000200  __STACK_SIZE                               
00002418  __TI_CINIT_Base                            
00002428  __TI_CINIT_Limit                           
00002400  __TI_Handler_Table_Base                    
0000240c  __TI_Handler_Table_Limit                   
000018ed  __TI_auto_init_nobinit_nopinit             
00001471  __TI_decompress_lzss                       
00001f2b  __TI_decompress_none                       
ffffffff  __TI_pprof_out_hndl                        
ffffffff  __TI_prof_data_size                        
ffffffff  __TI_prof_data_start                       
00000000  __TI_static_base__                         
00001dd7  __TI_zero_init_nomemset                    
0000105d  __aeabi_memcpy                             
0000105d  __aeabi_memcpy4                            
0000105d  __aeabi_memcpy8                            
ffffffff  __binit__                                  
ffffffff  __c_args__                                 
UNDEFED   __mpu_init                                 
2000fe00  __stack                                    
20000000  __start___llvm_prf_cnts                    
20000000  __stop___llvm_prf_cnts                     
00001b49  _c_int00_noargs                            
00001859  _graphicsInit                              
0000165f  _hwInit                                    
20000080  _notes                                     
20000084  _notesPlayed                               
20000088  _numNotes                                  
00001d7d  _soundInit                                 
UNDEFED   _system_post_cinit                         
00001f67  _system_pre_init                           
00001f6b  abort                                      
ffffffff  binit                                      
20000064  ctx                                        
20000050  g_sCrystalfontz128x128                     
00002360  g_sCrystalfontz128x128_funcs               
00002268  g_sFontFixed6x8                            
00000000  interruptVectors                           
0000120d  main                                       
0000105d  memcpy                                     
20000018  notePeriods                                
00001311  playNote                                   
000014d9  playSong                                   
00001ec5  stopSound                                  
00001d9d  strcat                                     


GLOBAL SYMBOLS: SORTED BY Symbol Address 

address   name                                       
-------   ----                                       
00000000  __TI_static_base__                         
00000000  interruptVectors                           
000000e5  Graphics_drawString                        
00000200  __STACK_SIZE                               
0000073b  ADC14_IRQHandler                           
0000073b  AES256_IRQHandler                          
0000073b  BusFault_Handler                           
0000073b  COMP_E0_IRQHandler                         
0000073b  COMP_E1_IRQHandler                         
0000073b  CS_IRQHandler                              
0000073b  DMA_ERR_IRQHandler                         
0000073b  DMA_INT0_IRQHandler                        
0000073b  DMA_INT1_IRQHandler                        
0000073b  DMA_INT2_IRQHandler                        
0000073b  DMA_INT3_IRQHandler                        
0000073b  DebugMon_Handler                           
0000073b  Default_Handler                            
0000073b  EUSCIA0_IRQHandler                         
0000073b  EUSCIA1_IRQHandler                         
0000073b  EUSCIA2_IRQHandler                         
0000073b  EUSCIA3_IRQHandler                         
0000073b  EUSCIB0_IRQHandler                         
0000073b  EUSCIB1_IRQHandler                         
0000073b  EUSCIB2_IRQHandler                         
0000073b  EUSCIB3_IRQHandler                         
0000073b  FLCTL_IRQHandler                           
0000073b  FPU_IRQHandler                             
0000073b  HardFault_Handler                          
0000073b  MemManage_Handler                          
0000073b  NMI_Handler                                
0000073b  PCM_IRQHandler                             
0000073b  PORT1_IRQHandler                           
0000073b  PORT2_IRQHandler                           
0000073b  PORT3_IRQHandler                           
0000073b  PORT4_IRQHandler                           
0000073b  PORT5_IRQHandler                           
0000073b  PORT6_IRQHandler                           
0000073b  PSS_IRQHandler                             
0000073b  PendSV_Handler                             
0000073b  RTC_C_IRQHandler                           
0000073b  SVC_Handler                                
0000073b  SysTick_Handler                            
0000073b  T32_INT1_IRQHandler                        
0000073b  T32_INT2_IRQHandler                        
0000073b  T32_INTC_IRQHandler                        
0000073b  TA0_0_IRQHandler                           
0000073b  TA0_N_IRQHandler                           
0000073b  TA1_N_IRQHandler                           
0000073b  TA2_0_IRQHandler                           
0000073b  TA2_N_IRQHandler                           
0000073b  TA3_0_IRQHandler                           
0000073b  TA3_N_IRQHandler                           
0000073b  UsageFault_Handler                         
0000073b  WDT_A_IRQHandler                           
000009dd  Crystalfontz128x128_SetDrawFrame           
00000b11  CS_initClockSignal                         
00000c41  Crystalfontz128x128_Init                   
00000e75  SPI_initMaster                             
00000fc1  Graphics_drawLineH                         
0000105d  __aeabi_memcpy                             
0000105d  __aeabi_memcpy4                            
0000105d  __aeabi_memcpy8                            
0000105d  memcpy                                     
000010f9  TA1_0_IRQHandler                           
000010f9  TA1_0_IRQHandler                           
00001185  GPIO_setAsPeripheralModuleFunctionOutputPin
0000120d  main                                       
00001291  Interrupt_enableInterrupt                  
00001311  playNote                                   
00001391  SystemInit                                 
00001409  Timer_A_configureUpMode                    
00001471  __TI_decompress_lzss                       
000014d9  playSong                                   
00001601  PCM_getCoreVoltageLevel                    
0000165f  _hwInit                                    
000016bd  PCM_getPowerMode                           
00001719  Crystalfontz128x128_SetOrientation         
0000176d  Graphics_initContext                       
000017bf  Timer_A_initCompare                        
0000180d  Timer_A_getCounterValue                    
00001859  _graphicsInit                              
000018a5  FlashCtl_setWaitState                      
000018ed  __TI_auto_init_nobinit_nopinit             
00001971  GPIO_setAsOutputPin                        
000019f1  HAL_LCD_SpiInit                            
00001a71  HAL_LCD_writeCommand                       
00001aa9  Graphics_drawHorizontalLineOnDisplay       
00001ae1  CS_setDCOCenteredFrequency                 
00001b15  Timer_A_configureContinuousMode            
00001b49  _c_int00_noargs                            
00001b7d  CS_setReferenceOscillatorFrequency         
00001bad  HAL_LCD_PortInit                           
00001c09  Graphics_drawPixelOnDisplay                
00001c35  HAL_LCD_writeData                          
00001c61  Timer_A_clearCaptureCompareInterrupt       
00001c8d  Timer_A_enableCaptureCompareInterrupt      
00001ce1  GPIO_setOutputHighOnPin                    
00001d09  GPIO_setOutputLowOnPin                     
00001d31  Timer_A_setCompareValue                    
00001d59  WDT_A_holdTimer                            
00001d7d  _soundInit                                 
00001d9d  strcat                                     
00001dbb  SPI_enableModule                           
00001dd7  __TI_zero_init_nomemset                    
00001df3  Graphics_clearDisplayOnDisplay             
00001e0d  Graphics_setBackgroundColor                
00001e27  Graphics_setFont                           
00001e41  EUSCI_A_SPI_enable                         
00001e57  EUSCI_B_SPI_enable                         
00001e6d  Graphics_setForegroundColor                
00001e83  Graphics_translateColorOnDisplay           
00001e99  Timer_A_startCounter                       
00001eb1  PCM_getPowerState                          
00001ec5  stopSound                                  
00001ed9  Graphics_clearDisplay                      
00001eeb  Interrupt_disableMaster                    
00001efb  Interrupt_enableMaster                     
00001f0b  PCM_setCoreVoltageLevel                    
00001f1b  PCM_setPowerMode                           
00001f2b  __TI_decompress_none                       
00001f39  CPU_cpsid                                  
00001f45  CPU_cpsie                                  
00001f51  Reset_Handler                              
00001f67  _system_pre_init                           
00001f6b  C$$EXIT                                    
00001f6b  abort                                      
00002268  g_sFontFixed6x8                            
00002360  g_sCrystalfontz128x128_funcs               
00002400  __TI_Handler_Table_Base                    
0000240c  __TI_Handler_Table_Limit                   
00002418  __TI_CINIT_Base                            
00002428  __TI_CINIT_Limit                           
20000000  __start___llvm_prf_cnts                    
20000000  __stop___llvm_prf_cnts                     
20000018  notePeriods                                
20000050  g_sCrystalfontz128x128                     
20000064  ctx                                        
20000080  _notes                                     
20000084  _notesPlayed                               
20000088  _numNotes                                  
2000008c  Lcd_ScreenHeigth                           
2000008e  Lcd_ScreenWidth                            
20000090  Lcd_TouchTrim                              
20000092  Lcd_FlagRead                               
20000093  Lcd_FontSolid                              
20000094  Lcd_Orientation                            
20000095  Lcd_PenSolid                               
2000fe00  __stack                                    
20010000  __STACK_END                                
4000480c  WDTCTL_SYM                                 
ffffffff  __TI_pprof_out_hndl                        
ffffffff  __TI_prof_data_size                        
ffffffff  __TI_prof_data_start                       
ffffffff  __binit__                                  
ffffffff  __c_args__                                 
ffffffff  binit                                      
UNDEFED   __mpu_init                                 
UNDEFED   _system_post_cinit                         

[158 symbols]
