<?xml version="1.0" encoding="ISO-8859-1" ?>
<link_info>
   <banner>TI ARM Linker PC v20.2.5.LTS</banner>
   <copyright>Copyright (c) 1996-2018 Texas Instruments Incorporated</copyright>
   <link_time>0x61bde3c9</link_time>
   <link_errors>0x0</link_errors>
   <output_file>MSP432GAMES.out</output_file>
   <entry_point>
      <name>_c_int00_noargs</name>
      <address>0x1d7d</address>
   </entry_point>
   <input_file_list>
      <input_file id="fl-2">
         <path>.\</path>
         <kind>object</kind>
         <file>main.obj</file>
         <name>main.obj</name>
      </input_file>
      <input_file id="fl-3">
         <path>.\</path>
         <kind>object</kind>
         <file>system_msp432p401r.obj</file>
         <name>system_msp432p401r.obj</name>
      </input_file>
      <input_file id="fl-4">
         <path>.\ccs\</path>
         <kind>object</kind>
         <file>startup_msp432p401r_ccs.obj</file>
         <name>startup_msp432p401r_ccs.obj</name>
      </input_file>
      <input_file id="fl-5">
         <path>.\games\</path>
         <kind>object</kind>
         <file>falling-blocks.obj</file>
         <name>falling-blocks.obj</name>
      </input_file>
      <input_file id="fl-6">
         <path>.\games\</path>
         <kind>object</kind>
         <file>retroracer.obj</file>
         <name>retroracer.obj</name>
      </input_file>
      <input_file id="fl-7">
         <path>.\libraries\LcdDriver\</path>
         <kind>object</kind>
         <file>Crystalfontz128x128_ST7735.obj</file>
         <name>Crystalfontz128x128_ST7735.obj</name>
      </input_file>
      <input_file id="fl-8">
         <path>.\libraries\LcdDriver\</path>
         <kind>object</kind>
         <file>HAL_MSP_EXP432P401R_Crystalfontz128x128_ST7735.obj</file>
         <name>HAL_MSP_EXP432P401R_Crystalfontz128x128_ST7735.obj</name>
      </input_file>
      <input_file id="fl-9">
         <path>.\libraries\</path>
         <kind>object</kind>
         <file>graphic.obj</file>
         <name>graphic.obj</name>
      </input_file>
      <input_file id="fl-a">
         <path>.\libraries\</path>
         <kind>object</kind>
         <file>sound.obj</file>
         <name>sound.obj</name>
      </input_file>
      <input_file id="fl-b">
         <path>.\libraries\</path>
         <kind>object</kind>
         <file>util.obj</file>
         <name>util.obj</name>
      </input_file>
      <input_file id="fl-16">
         <kind>object</kind>
         <file>&lt;internal&gt;</file>
         <name>&lt;internal&gt;</name>
      </input_file>
      <input_file id="fl-17">
         <path>C:\ti\simplelink_msp432p4_sdk_3_40_01_02\source\ti\grlib\lib\ccs\m4f\</path>
         <kind>archive</kind>
         <file>grlib.a</file>
         <name>context.obj</name>
      </input_file>
      <input_file id="fl-18">
         <path>C:\ti\simplelink_msp432p4_sdk_3_40_01_02\source\ti\grlib\lib\ccs\m4f\</path>
         <kind>archive</kind>
         <file>grlib.a</file>
         <name>display.obj</name>
      </input_file>
      <input_file id="fl-19">
         <path>C:\ti\simplelink_msp432p4_sdk_3_40_01_02\source\ti\grlib\lib\ccs\m4f\</path>
         <kind>archive</kind>
         <file>grlib.a</file>
         <name>fontfixed6x8.obj</name>
      </input_file>
      <input_file id="fl-1a">
         <path>C:\ti\simplelink_msp432p4_sdk_3_40_01_02\source\ti\grlib\lib\ccs\m4f\</path>
         <kind>archive</kind>
         <file>grlib.a</file>
         <name>line.obj</name>
      </input_file>
      <input_file id="fl-1b">
         <path>C:\ti\simplelink_msp432p4_sdk_3_40_01_02\source\ti\devices\msp432p4xx\driverlib\ccs\</path>
         <kind>archive</kind>
         <file>msp432p4xx_driverlib.lib</file>
         <name>cs.o</name>
      </input_file>
      <input_file id="fl-1c">
         <path>C:\ti\simplelink_msp432p4_sdk_3_40_01_02\source\ti\devices\msp432p4xx\driverlib\ccs\</path>
         <kind>archive</kind>
         <file>msp432p4xx_driverlib.lib</file>
         <name>flash.o</name>
      </input_file>
      <input_file id="fl-1d">
         <path>C:\ti\simplelink_msp432p4_sdk_3_40_01_02\source\ti\devices\msp432p4xx\driverlib\ccs\</path>
         <kind>archive</kind>
         <file>msp432p4xx_driverlib.lib</file>
         <name>gpio.o</name>
      </input_file>
      <input_file id="fl-1e">
         <path>C:\ti\simplelink_msp432p4_sdk_3_40_01_02\source\ti\devices\msp432p4xx\driverlib\ccs\</path>
         <kind>archive</kind>
         <file>msp432p4xx_driverlib.lib</file>
         <name>interrupt.o</name>
      </input_file>
      <input_file id="fl-1f">
         <path>C:\ti\simplelink_msp432p4_sdk_3_40_01_02\source\ti\devices\msp432p4xx\driverlib\ccs\</path>
         <kind>archive</kind>
         <file>msp432p4xx_driverlib.lib</file>
         <name>pcm.o</name>
      </input_file>
      <input_file id="fl-20">
         <path>C:\ti\simplelink_msp432p4_sdk_3_40_01_02\source\ti\devices\msp432p4xx\driverlib\ccs\</path>
         <kind>archive</kind>
         <file>msp432p4xx_driverlib.lib</file>
         <name>rtc_c.o</name>
      </input_file>
      <input_file id="fl-21">
         <path>C:\ti\simplelink_msp432p4_sdk_3_40_01_02\source\ti\devices\msp432p4xx\driverlib\ccs\</path>
         <kind>archive</kind>
         <file>msp432p4xx_driverlib.lib</file>
         <name>spi.o</name>
      </input_file>
      <input_file id="fl-22">
         <path>C:\ti\simplelink_msp432p4_sdk_3_40_01_02\source\ti\devices\msp432p4xx\driverlib\ccs\</path>
         <kind>archive</kind>
         <file>msp432p4xx_driverlib.lib</file>
         <name>sysctl.o</name>
      </input_file>
      <input_file id="fl-23">
         <path>C:\ti\simplelink_msp432p4_sdk_3_40_01_02\source\ti\devices\msp432p4xx\driverlib\ccs\</path>
         <kind>archive</kind>
         <file>msp432p4xx_driverlib.lib</file>
         <name>sysctl_a.o</name>
      </input_file>
      <input_file id="fl-24">
         <path>C:\ti\simplelink_msp432p4_sdk_3_40_01_02\source\ti\devices\msp432p4xx\driverlib\ccs\</path>
         <kind>archive</kind>
         <file>msp432p4xx_driverlib.lib</file>
         <name>timer_a.o</name>
      </input_file>
      <input_file id="fl-25">
         <path>C:\ti\simplelink_msp432p4_sdk_3_40_01_02\source\ti\devices\msp432p4xx\driverlib\ccs\</path>
         <kind>archive</kind>
         <file>msp432p4xx_driverlib.lib</file>
         <name>wdt_a.o</name>
      </input_file>
      <input_file id="fl-26">
         <path>C:\ti\simplelink_msp432p4_sdk_3_40_01_02\source\ti\devices\msp432p4xx\driverlib\ccs\</path>
         <kind>archive</kind>
         <file>msp432p4xx_driverlib.lib</file>
         <name>cpu.o</name>
      </input_file>
      <input_file id="fl-dc">
         <path>C:\ti\ccs1040\ccs\tools\compiler\ti-cgt-arm_20.2.5.LTS\lib\</path>
         <kind>archive</kind>
         <file>rtsv7M4_T_le_v4SPD16_eabi.lib</file>
         <name>memcpy_t2.asm.obj</name>
      </input_file>
      <input_file id="fl-dd">
         <path>C:\ti\ccs1040\ccs\tools\compiler\ti-cgt-arm_20.2.5.LTS\lib\</path>
         <kind>archive</kind>
         <file>rtsv7M4_T_le_v4SPD16_eabi.lib</file>
         <name>copy_zero_init.c.obj</name>
      </input_file>
      <input_file id="fl-de">
         <path>C:\ti\ccs1040\ccs\tools\compiler\ti-cgt-arm_20.2.5.LTS\lib\</path>
         <kind>archive</kind>
         <file>rtsv7M4_T_le_v4SPD16_eabi.lib</file>
         <name>copy_decompress_none.c.obj</name>
      </input_file>
      <input_file id="fl-df">
         <path>C:\ti\ccs1040\ccs\tools\compiler\ti-cgt-arm_20.2.5.LTS\lib\</path>
         <kind>archive</kind>
         <file>rtsv7M4_T_le_v4SPD16_eabi.lib</file>
         <name>copy_decompress_lzss.c.obj</name>
      </input_file>
      <input_file id="fl-e0">
         <path>C:\ti\ccs1040\ccs\tools\compiler\ti-cgt-arm_20.2.5.LTS\lib\</path>
         <kind>archive</kind>
         <file>rtsv7M4_T_le_v4SPD16_eabi.lib</file>
         <name>boot_cortex_m.c.obj</name>
      </input_file>
      <input_file id="fl-e1">
         <path>C:\ti\ccs1040\ccs\tools\compiler\ti-cgt-arm_20.2.5.LTS\lib\</path>
         <kind>archive</kind>
         <file>rtsv7M4_T_le_v4SPD16_eabi.lib</file>
         <name>memset_t2.asm.obj</name>
      </input_file>
      <input_file id="fl-e2">
         <path>C:\ti\ccs1040\ccs\tools\compiler\ti-cgt-arm_20.2.5.LTS\lib\</path>
         <kind>archive</kind>
         <file>rtsv7M4_T_le_v4SPD16_eabi.lib</file>
         <name>autoinit.c.obj</name>
      </input_file>
      <input_file id="fl-e3">
         <path>C:\ti\ccs1040\ccs\tools\compiler\ti-cgt-arm_20.2.5.LTS\lib\</path>
         <kind>archive</kind>
         <file>rtsv7M4_T_le_v4SPD16_eabi.lib</file>
         <name>pre_init.c.obj</name>
      </input_file>
      <input_file id="fl-e4">
         <path>C:\ti\ccs1040\ccs\tools\compiler\ti-cgt-arm_20.2.5.LTS\lib\</path>
         <kind>archive</kind>
         <file>rtsv7M4_T_le_v4SPD16_eabi.lib</file>
         <name>cpy_tbl.c.obj</name>
      </input_file>
      <input_file id="fl-e5">
         <path>C:\ti\ccs1040\ccs\tools\compiler\ti-cgt-arm_20.2.5.LTS\lib\</path>
         <kind>archive</kind>
         <file>rtsv7M4_T_le_v4SPD16_eabi.lib</file>
         <name>exit.c.obj</name>
      </input_file>
      <input_file id="fl-e6">
         <path>C:\ti\ccs1040\ccs\tools\compiler\ti-cgt-arm_20.2.5.LTS\lib\</path>
         <kind>archive</kind>
         <file>rtsv7M4_T_le_v4SPD16_eabi.lib</file>
         <name>_lock.c.obj</name>
      </input_file>
      <input_file id="fl-e7">
         <path>C:\ti\ccs1040\ccs\tools\compiler\ti-cgt-arm_20.2.5.LTS\lib\</path>
         <kind>archive</kind>
         <file>rtsv7M4_T_le_v4SPD16_eabi.lib</file>
         <name>args_main.c.obj</name>
      </input_file>
   </input_file_list>
   <object_component_list>
      <object_component id="oc-26">
         <name>.intvecs:retain</name>
         <load_address>0x0</load_address>
         <run_address>0x0</run_address>
         <size>0xe4</size>
         <input_file_ref idref="fl-4"/>
      </object_component>
      <object_component id="oc-2f3">
         <name>.text:Crystalfontz128x128_PixelDrawMultiple</name>
         <load_address>0xe4</load_address>
         <run_address>0xe4</run_address>
         <size>0x1d8</size>
         <input_file_ref idref="fl-7"/>
      </object_component>
      <object_component id="oc-10b">
         <name>.text:Graphics_fillTriangle</name>
         <load_address>0x2bc</load_address>
         <run_address>0x2bc</run_address>
         <size>0x18c</size>
         <input_file_ref idref="fl-9"/>
      </object_component>
      <object_component id="oc-342">
         <name>.text:Graphics_clipLine</name>
         <load_address>0x448</load_address>
         <run_address>0x448</run_address>
         <size>0x180</size>
         <input_file_ref idref="fl-1a"/>
      </object_component>
      <object_component id="oc-237">
         <name>.text:Graphics_drawLine</name>
         <load_address>0x5c8</load_address>
         <run_address>0x5c8</run_address>
         <size>0x174</size>
         <input_file_ref idref="fl-1a"/>
      </object_component>
      <object_component id="oc-408">
         <name>.text:__PCM_setPowerModeAdvanced</name>
         <load_address>0x73c</load_address>
         <run_address>0x73c</run_address>
         <size>0x15c</size>
         <input_file_ref idref="fl-1f"/>
      </object_component>
      <object_component id="oc-273">
         <name>.text:privateTimer_AProcessClockSourceDivider</name>
         <load_address>0x898</load_address>
         <run_address>0x898</run_address>
         <size>0x144</size>
         <input_file_ref idref="fl-24"/>
      </object_component>
      <object_component id="oc-2d0">
         <name>.text:Crystalfontz128x128_SetDrawFrame</name>
         <load_address>0x9dc</load_address>
         <run_address>0x9dc</run_address>
         <size>0x134</size>
         <input_file_ref idref="fl-7"/>
      </object_component>
      <object_component id="oc-1da">
         <name>.text:CS_initClockSignal</name>
         <load_address>0xb10</load_address>
         <run_address>0xb10</run_address>
         <size>0x130</size>
         <input_file_ref idref="fl-1b"/>
      </object_component>
      <object_component id="oc-1ed">
         <name>.text:Crystalfontz128x128_Init</name>
         <load_address>0xc40</load_address>
         <run_address>0xc40</run_address>
         <size>0x12c</size>
         <input_file_ref idref="fl-7"/>
      </object_component>
      <object_component id="oc-28e">
         <name>.text:__PCM_setCoreVoltageLevelAdvanced</name>
         <load_address>0xd6c</load_address>
         <run_address>0xd6c</run_address>
         <size>0x108</size>
         <input_file_ref idref="fl-1f"/>
      </object_component>
      <object_component id="oc-222">
         <name>.text:fillBottomFlatTriangle</name>
         <load_address>0xe74</load_address>
         <run_address>0xe74</run_address>
         <size>0xd8</size>
         <input_file_ref idref="fl-9"/>
      </object_component>
      <object_component id="oc-228">
         <name>.text:fillTopFlatTriangle</name>
         <load_address>0xf4c</load_address>
         <run_address>0xf4c</run_address>
         <size>0xd2</size>
         <input_file_ref idref="fl-9"/>
      </object_component>
      <object_component id="oc-3af">
         <name>.text:SPI_initMaster</name>
         <load_address>0x101e</load_address>
         <run_address>0x101e</run_address>
         <size>0xb0</size>
         <input_file_ref idref="fl-21"/>
      </object_component>
      <object_component id="oc-305">
         <name>.text:Crystalfontz128x128_RectFill</name>
         <load_address>0x10ce</load_address>
         <run_address>0x10ce</run_address>
         <size>0x9c</size>
         <input_file_ref idref="fl-7"/>
      </object_component>
      <object_component id="oc-326">
         <name>.text:Graphics_drawLineH</name>
         <load_address>0x116a</load_address>
         <run_address>0x116a</run_address>
         <size>0x9c</size>
         <input_file_ref idref="fl-1a"/>
      </object_component>
      <object_component id="oc-33c">
         <name>.text:Graphics_drawLineV</name>
         <load_address>0x1206</load_address>
         <run_address>0x1206</run_address>
         <size>0x9c</size>
         <input_file_ref idref="fl-1a"/>
      </object_component>
      <object_component id="oc-37">
         <name>.text</name>
         <load_address>0x12a2</load_address>
         <run_address>0x12a2</run_address>
         <size>0x9c</size>
         <input_file_ref idref="fl-dc"/>
      </object_component>
      <object_component id="oc-6d">
         <name>.text:Default_Handler</name>
         <load_address>0x133e</load_address>
         <run_address>0x133e</run_address>
         <size>0x2</size>
         <input_file_ref idref="fl-4"/>
      </object_component>
      <object_component id="oc-73">
         <name>.text:TA1_0_IRQHandler</name>
         <load_address>0x1340</load_address>
         <run_address>0x1340</run_address>
         <size>0x8c</size>
         <input_file_ref idref="fl-a"/>
      </object_component>
      <object_component id="oc-299">
         <name>.text:GPIO_setAsPeripheralModuleFunctionOutputPin</name>
         <load_address>0x13cc</load_address>
         <run_address>0x13cc</run_address>
         <size>0x88</size>
         <input_file_ref idref="fl-1d"/>
      </object_component>
      <object_component id="oc-29f">
         <name>.text:Interrupt_enableInterrupt</name>
         <load_address>0x1454</load_address>
         <run_address>0x1454</run_address>
         <size>0x80</size>
         <input_file_ref idref="fl-1e"/>
      </object_component>
      <object_component id="oc-c5">
         <name>.text:playNote</name>
         <load_address>0x14d4</load_address>
         <run_address>0x14d4</run_address>
         <size>0x80</size>
         <input_file_ref idref="fl-a"/>
      </object_component>
      <object_component id="oc-b1">
         <name>.text:SystemInit</name>
         <load_address>0x1554</load_address>
         <run_address>0x1554</run_address>
         <size>0x78</size>
         <input_file_ref idref="fl-3"/>
      </object_component>
      <object_component id="oc-170">
         <name>.text:Timer_A_configureUpMode</name>
         <load_address>0x15cc</load_address>
         <run_address>0x15cc</run_address>
         <size>0x68</size>
         <input_file_ref idref="fl-24"/>
      </object_component>
      <object_component id="oc-17">
         <name>.text:decompress:lzss:__TI_decompress_lzss</name>
         <load_address>0x1634</load_address>
         <run_address>0x1634</run_address>
         <size>0x68</size>
         <input_file_ref idref="fl-df"/>
      </object_component>
      <object_component id="oc-3eb">
         <name>.text:Graphics_getClipCode</name>
         <load_address>0x169c</load_address>
         <run_address>0x169c</run_address>
         <size>0x64</size>
         <input_file_ref idref="fl-1a"/>
      </object_component>
      <object_component id="oc-2f9">
         <name>.text:Crystalfontz128x128_LineDrawH</name>
         <load_address>0x1700</load_address>
         <run_address>0x1700</run_address>
         <size>0x60</size>
         <input_file_ref idref="fl-7"/>
      </object_component>
      <object_component id="oc-2ff">
         <name>.text:Crystalfontz128x128_LineDrawV</name>
         <load_address>0x1760</load_address>
         <run_address>0x1760</run_address>
         <size>0x60</size>
         <input_file_ref idref="fl-7"/>
      </object_component>
      <object_component id="oc-9f">
         <name>.text:main</name>
         <load_address>0x17c0</load_address>
         <run_address>0x17c0</run_address>
         <size>0x60</size>
         <input_file_ref idref="fl-2"/>
      </object_component>
      <object_component id="oc-38c">
         <name>.text:PCM_getCoreVoltageLevel</name>
         <load_address>0x1820</load_address>
         <run_address>0x1820</run_address>
         <size>0x5e</size>
         <input_file_ref idref="fl-1f"/>
      </object_component>
      <object_component id="oc-f9">
         <name>.text:_hwInit</name>
         <load_address>0x187e</load_address>
         <run_address>0x187e</run_address>
         <size>0x5e</size>
         <input_file_ref idref="fl-b"/>
      </object_component>
      <object_component id="oc-386">
         <name>.text:PCM_getPowerMode</name>
         <load_address>0x18dc</load_address>
         <run_address>0x18dc</run_address>
         <size>0x5a</size>
         <input_file_ref idref="fl-1f"/>
      </object_component>
      <object_component id="oc-1f3">
         <name>.text:Crystalfontz128x128_SetOrientation</name>
         <load_address>0x1938</load_address>
         <run_address>0x1938</run_address>
         <size>0x54</size>
         <input_file_ref idref="fl-7"/>
      </object_component>
      <object_component id="oc-117">
         <name>.text:Graphics_drawTriangle</name>
         <load_address>0x198c</load_address>
         <run_address>0x198c</run_address>
         <size>0x52</size>
         <input_file_ref idref="fl-9"/>
      </object_component>
      <object_component id="oc-1f9">
         <name>.text:Graphics_initContext</name>
         <load_address>0x19de</load_address>
         <run_address>0x19de</run_address>
         <size>0x52</size>
         <input_file_ref idref="fl-17"/>
      </object_component>
      <object_component id="oc-180">
         <name>.text:Timer_A_initCompare</name>
         <load_address>0x1a30</load_address>
         <run_address>0x1a30</run_address>
         <size>0x4e</size>
         <input_file_ref idref="fl-24"/>
      </object_component>
      <object_component id="oc-cb">
         <name>.text:Timer_A_getCounterValue</name>
         <load_address>0x1a7e</load_address>
         <run_address>0x1a7e</run_address>
         <size>0x4c</size>
         <input_file_ref idref="fl-24"/>
      </object_component>
      <object_component id="oc-ff">
         <name>.text:_graphicsInit</name>
         <load_address>0x1acc</load_address>
         <run_address>0x1acc</run_address>
         <size>0x4c</size>
         <input_file_ref idref="fl-9"/>
      </object_component>
      <object_component id="oc-1ce">
         <name>.text:FlashCtl_setWaitState</name>
         <load_address>0x1b18</load_address>
         <run_address>0x1b18</run_address>
         <size>0x48</size>
         <input_file_ref idref="fl-1c"/>
      </object_component>
      <object_component id="oc-132">
         <name>.text:__TI_auto_init_nobinit_nopinit:__TI_auto_init_nobinit_nopinit</name>
         <load_address>0x1b60</load_address>
         <run_address>0x1b60</run_address>
         <size>0x44</size>
         <input_file_ref idref="fl-e2"/>
      </object_component>
      <object_component id="oc-2ed">
         <name>.text:Crystalfontz128x128_PixelDraw</name>
         <load_address>0x1ba4</load_address>
         <run_address>0x1ba4</run_address>
         <size>0x40</size>
         <input_file_ref idref="fl-7"/>
      </object_component>
      <object_component id="oc-3a8">
         <name>.text:GPIO_setAsOutputPin</name>
         <load_address>0x1be4</load_address>
         <run_address>0x1be4</run_address>
         <size>0x40</size>
         <input_file_ref idref="fl-1d"/>
      </object_component>
      <object_component id="oc-2b2">
         <name>.text:HAL_LCD_SpiInit</name>
         <load_address>0x1c24</load_address>
         <run_address>0x1c24</run_address>
         <size>0x40</size>
         <input_file_ref idref="fl-8"/>
      </object_component>
      <object_component id="oc-416">
         <name>.text:is_A_Module</name>
         <load_address>0x1c64</load_address>
         <run_address>0x1c64</run_address>
         <size>0x40</size>
         <input_file_ref idref="fl-21"/>
      </object_component>
      <object_component id="oc-2c4">
         <name>.text:HAL_LCD_writeCommand</name>
         <load_address>0x1ca4</load_address>
         <run_address>0x1ca4</run_address>
         <size>0x38</size>
         <input_file_ref idref="fl-8"/>
      </object_component>
      <object_component id="oc-3db">
         <name>.text:Graphics_drawHorizontalLineOnDisplay</name>
         <load_address>0x1cdc</load_address>
         <run_address>0x1cdc</run_address>
         <size>0x36</size>
         <input_file_ref idref="fl-18"/>
      </object_component>
      <object_component id="oc-3e4">
         <name>.text:Graphics_drawVerticalLineOnDisplay</name>
         <load_address>0x1d12</load_address>
         <run_address>0x1d12</run_address>
         <size>0x36</size>
         <input_file_ref idref="fl-18"/>
      </object_component>
      <object_component id="oc-1d4">
         <name>.text:CS_setDCOCenteredFrequency</name>
         <load_address>0x1d48</load_address>
         <run_address>0x1d48</run_address>
         <size>0x34</size>
         <input_file_ref idref="fl-1b"/>
      </object_component>
      <object_component id="oc-55">
         <name>.text:_c_int00_noargs:_c_int00_noargs</name>
         <load_address>0x1d7c</load_address>
         <run_address>0x1d7c</run_address>
         <size>0x34</size>
         <input_file_ref idref="fl-e0"/>
      </object_component>
      <object_component id="oc-1e0">
         <name>.text:CS_setReferenceOscillatorFrequency</name>
         <load_address>0x1db0</load_address>
         <run_address>0x1db0</run_address>
         <size>0x30</size>
         <input_file_ref idref="fl-1b"/>
      </object_component>
      <object_component id="oc-2ac">
         <name>.text:HAL_LCD_PortInit</name>
         <load_address>0x1de0</load_address>
         <run_address>0x1de0</run_address>
         <size>0x30</size>
         <input_file_ref idref="fl-8"/>
      </object_component>
      <object_component id="oc-317">
         <name>.text:Crystalfontz128x128_ClearScreen</name>
         <load_address>0x1e10</load_address>
         <run_address>0x1e10</run_address>
         <size>0x2c</size>
         <input_file_ref idref="fl-7"/>
      </object_component>
      <object_component id="oc-348">
         <name>.text:Graphics_drawPixelOnDisplay</name>
         <load_address>0x1e3c</load_address>
         <run_address>0x1e3c</run_address>
         <size>0x2c</size>
         <input_file_ref idref="fl-18"/>
      </object_component>
      <object_component id="oc-2ca">
         <name>.text:HAL_LCD_writeData</name>
         <load_address>0x1e68</load_address>
         <run_address>0x1e68</run_address>
         <size>0x2c</size>
         <input_file_ref idref="fl-8"/>
      </object_component>
      <object_component id="oc-b9">
         <name>.text:Timer_A_clearCaptureCompareInterrupt</name>
         <load_address>0x1e94</load_address>
         <run_address>0x1e94</run_address>
         <size>0x2c</size>
         <input_file_ref idref="fl-24"/>
      </object_component>
      <object_component id="oc-2a5">
         <name>.text:Timer_A_enableCaptureCompareInterrupt</name>
         <load_address>0x1ec0</load_address>
         <run_address>0x1ec0</run_address>
         <size>0x2c</size>
         <input_file_ref idref="fl-24"/>
      </object_component>
      <object_component id="oc-30b">
         <name>.text:Crystalfontz128x128_ColorTranslate</name>
         <load_address>0x1eec</load_address>
         <run_address>0x1eec</run_address>
         <size>0x28</size>
         <input_file_ref idref="fl-7"/>
      </object_component>
      <object_component id="oc-2be">
         <name>.text:GPIO_setOutputHighOnPin</name>
         <load_address>0x1f14</load_address>
         <run_address>0x1f14</run_address>
         <size>0x28</size>
         <input_file_ref idref="fl-1d"/>
      </object_component>
      <object_component id="oc-2b8">
         <name>.text:GPIO_setOutputLowOnPin</name>
         <load_address>0x1f3c</load_address>
         <run_address>0x1f3c</run_address>
         <size>0x28</size>
         <input_file_ref idref="fl-1d"/>
      </object_component>
      <object_component id="oc-d1">
         <name>.text:Timer_A_setCompareValue</name>
         <load_address>0x1f64</load_address>
         <run_address>0x1f64</run_address>
         <size>0x28</size>
         <input_file_ref idref="fl-24"/>
      </object_component>
      <object_component id="oc-1bc">
         <name>.text:WDT_A_holdTimer</name>
         <load_address>0x1f8c</load_address>
         <run_address>0x1f8c</run_address>
         <size>0x24</size>
         <input_file_ref idref="fl-25"/>
      </object_component>
      <object_component id="oc-1e6">
         <name>.text:_soundInit</name>
         <load_address>0x1fb0</load_address>
         <run_address>0x1fb0</run_address>
         <size>0x20</size>
         <input_file_ref idref="fl-a"/>
      </object_component>
      <object_component id="oc-3b5">
         <name>.text:SPI_enableModule</name>
         <load_address>0x1fd0</load_address>
         <run_address>0x1fd0</run_address>
         <size>0x1c</size>
         <input_file_ref idref="fl-21"/>
      </object_component>
      <object_component id="oc-43">
         <name>.text:decompress:ZI:__TI_zero_init_nomemset:__TI_zero_init_nomemset</name>
         <load_address>0x1fec</load_address>
         <run_address>0x1fec</run_address>
         <size>0x1c</size>
         <input_file_ref idref="fl-dd"/>
      </object_component>
      <object_component id="oc-2e4">
         <name>.text:Graphics_clearDisplayOnDisplay</name>
         <load_address>0x2008</load_address>
         <run_address>0x2008</run_address>
         <size>0x1a</size>
         <input_file_ref idref="fl-18"/>
      </object_component>
      <object_component id="oc-1ff">
         <name>.text:Graphics_setBackgroundColor</name>
         <load_address>0x2022</load_address>
         <run_address>0x2022</run_address>
         <size>0x1a</size>
         <input_file_ref idref="fl-17"/>
      </object_component>
      <object_component id="oc-205">
         <name>.text:Graphics_setFont</name>
         <load_address>0x203c</load_address>
         <run_address>0x203c</run_address>
         <size>0x1a</size>
         <input_file_ref idref="fl-17"/>
      </object_component>
      <object_component id="oc-41e">
         <name>.text:EUSCI_A_SPI_enable</name>
         <load_address>0x2056</load_address>
         <run_address>0x2056</run_address>
         <size>0x16</size>
         <input_file_ref idref="fl-21"/>
      </object_component>
      <object_component id="oc-424">
         <name>.text:EUSCI_B_SPI_enable</name>
         <load_address>0x206c</load_address>
         <run_address>0x206c</run_address>
         <size>0x16</size>
         <input_file_ref idref="fl-21"/>
      </object_component>
      <object_component id="oc-111">
         <name>.text:Graphics_setForegroundColor</name>
         <load_address>0x2082</load_address>
         <run_address>0x2082</run_address>
         <size>0x16</size>
         <input_file_ref idref="fl-17"/>
      </object_component>
      <object_component id="oc-22f">
         <name>.text:Graphics_translateColorOnDisplay</name>
         <load_address>0x2098</load_address>
         <run_address>0x2098</run_address>
         <size>0x16</size>
         <input_file_ref idref="fl-18"/>
      </object_component>
      <object_component id="oc-17a">
         <name>.text:Timer_A_startCounter</name>
         <load_address>0x20ae</load_address>
         <run_address>0x20ae</run_address>
         <size>0x16</size>
         <input_file_ref idref="fl-24"/>
      </object_component>
      <object_component id="oc-392">
         <name>.text:PCM_getPowerState</name>
         <load_address>0x20c4</load_address>
         <run_address>0x20c4</run_address>
         <size>0x14</size>
         <input_file_ref idref="fl-1f"/>
      </object_component>
      <object_component id="oc-bf">
         <name>.text:stopSound</name>
         <load_address>0x20d8</load_address>
         <run_address>0x20d8</run_address>
         <size>0x14</size>
         <input_file_ref idref="fl-a"/>
      </object_component>
      <object_component id="oc-20b">
         <name>.text:Graphics_clearDisplay</name>
         <load_address>0x20ec</load_address>
         <run_address>0x20ec</run_address>
         <size>0x12</size>
         <input_file_ref idref="fl-17"/>
      </object_component>
      <object_component id="oc-1c2">
         <name>.text:Interrupt_disableMaster</name>
         <load_address>0x20fe</load_address>
         <run_address>0x20fe</run_address>
         <size>0x10</size>
         <input_file_ref idref="fl-1e"/>
      </object_component>
      <object_component id="oc-105">
         <name>.text:Interrupt_enableMaster</name>
         <load_address>0x210e</load_address>
         <run_address>0x210e</run_address>
         <size>0x10</size>
         <input_file_ref idref="fl-1e"/>
      </object_component>
      <object_component id="oc-1c8">
         <name>.text:PCM_setCoreVoltageLevel</name>
         <load_address>0x211e</load_address>
         <run_address>0x211e</run_address>
         <size>0x10</size>
         <input_file_ref idref="fl-1f"/>
      </object_component>
      <object_component id="oc-398">
         <name>.text:PCM_setPowerMode</name>
         <load_address>0x212e</load_address>
         <run_address>0x212e</run_address>
         <size>0x10</size>
         <input_file_ref idref="fl-1f"/>
      </object_component>
      <object_component id="oc-1d">
         <name>.text:decompress:none:__TI_decompress_none</name>
         <load_address>0x213e</load_address>
         <run_address>0x213e</run_address>
         <size>0xe</size>
         <input_file_ref idref="fl-de"/>
      </object_component>
      <object_component id="oc-287">
         <name>.text:CPU_cpsid</name>
         <load_address>0x214c</load_address>
         <run_address>0x214c</run_address>
         <size>0xc</size>
         <input_file_ref idref="fl-26"/>
      </object_component>
      <object_component id="oc-21b">
         <name>.text:CPU_cpsie</name>
         <load_address>0x2158</load_address>
         <run_address>0x2158</run_address>
         <size>0xc</size>
         <input_file_ref idref="fl-26"/>
      </object_component>
      <object_component id="oc-67">
         <name>.text:Reset_Handler</name>
         <load_address>0x2164</load_address>
         <run_address>0x2164</run_address>
         <size>0xc</size>
         <input_file_ref idref="fl-4"/>
      </object_component>
      <object_component id="oc-311">
         <name>.text:Crystalfontz128x128_Flush</name>
         <load_address>0x2170</load_address>
         <run_address>0x2170</run_address>
         <size>0xa</size>
         <input_file_ref idref="fl-7"/>
      </object_component>
      <object_component id="oc-99">
         <name>.text:_system_pre_init</name>
         <load_address>0x217a</load_address>
         <run_address>0x217a</run_address>
         <size>0x4</size>
         <input_file_ref idref="fl-e3"/>
      </object_component>
      <object_component id="oc-126">
         <name>.text:abort:abort</name>
         <load_address>0x217e</load_address>
         <run_address>0x217e</run_address>
         <size>0x4</size>
         <input_file_ref idref="fl-e5"/>
      </object_component>
      <object_component id="oc-31f">
         <name>.const:.string:g_pucFontFixed6x8Data</name>
         <load_address>0x2184</load_address>
         <run_address>0x2184</run_address>
         <size>0x2f8</size>
         <input_file_ref idref="fl-19"/>
      </object_component>
      <object_component id="oc-217">
         <name>.const:g_sFontFixed6x8</name>
         <load_address>0x247c</load_address>
         <run_address>0x247c</run_address>
         <size>0xc8</size>
         <input_file_ref idref="fl-19"/>
      </object_component>
      <object_component id="oc-39f">
         <name>.const:GPIO_PORT_TO_BASE</name>
         <load_address>0x2544</load_address>
         <run_address>0x2544</run_address>
         <size>0x30</size>
         <input_file_ref idref="fl-1d"/>
      </object_component>
      <object_component id="oc-214">
         <name>.const:g_sCrystalfontz128x128_funcs</name>
         <load_address>0x2574</load_address>
         <run_address>0x2574</run_address>
         <size>0x20</size>
         <input_file_ref idref="fl-7"/>
      </object_component>
      <object_component id="oc-3bb">
         <name>.const:$P$T0$1</name>
         <load_address>0x2594</load_address>
         <run_address>0x2594</run_address>
         <size>0x1c</size>
         <input_file_ref idref="fl-8"/>
      </object_component>
      <object_component id="oc-11d">
         <name>.const:$P$T0$1</name>
         <load_address>0x25b0</load_address>
         <run_address>0x25b0</run_address>
         <size>0xc</size>
         <input_file_ref idref="fl-2"/>
      </object_component>
      <object_component id="oc-3d3">
         <name>.const:$P$T0$1</name>
         <load_address>0x25bc</load_address>
         <run_address>0x25bc</run_address>
         <size>0x8</size>
         <input_file_ref idref="fl-7"/>
      </object_component>
      <object_component id="oc-3a3">
         <name>.const:g_pulEnRegs</name>
         <load_address>0x25c4</load_address>
         <run_address>0x25c4</run_address>
         <size>0x8</size>
         <input_file_ref idref="fl-1e"/>
      </object_component>
      <object_component id="oc-47c">
         <name>.cinit..data.load</name>
         <load_address>0x25d0</load_address>
         <run_address>0x25d0</run_address>
         <size>0x41</size>
      </object_component>
      <object_component id="oc-47a">
         <name>__TI_handler_table</name>
         <load_address>0x2614</load_address>
         <run_address>0x2614</run_address>
         <size>0xc</size>
      </object_component>
      <object_component id="oc-47d">
         <name>.cinit..bss.load</name>
         <load_address>0x2620</load_address>
         <run_address>0x2620</run_address>
         <size>0x8</size>
      </object_component>
      <object_component id="oc-47b">
         <name>__TI_cinit_table</name>
         <load_address>0x2628</load_address>
         <run_address>0x2628</run_address>
         <size>0x10</size>
      </object_component>
      <object_component id="oc-44e">
         <name>.binit</name>
         <load_address>0x0</load_address>
         <run_address>0x0</run_address>
         <size>0x0</size>
      </object_component>
      <object_component id="oc-211">
         <name>.data:g_sCrystalfontz128x128</name>
         <load_address>0x20000040</load_address>
         <run_address>0x20000040</run_address>
         <size>0x10</size>
         <input_file_ref idref="fl-7"/>
      </object_component>
      <object_component id="oc-186">
         <name>.data:notePeriods</name>
         <load_address>0x20000018</load_address>
         <run_address>0x20000018</run_address>
         <size>0x18</size>
         <input_file_ref idref="fl-a"/>
      </object_component>
      <object_component id="oc-189">
         <name>.data:compareConfig_PWM</name>
         <load_address>0x20000030</load_address>
         <run_address>0x20000030</run_address>
         <size>0x10</size>
         <input_file_ref idref="fl-a"/>
      </object_component>
      <object_component id="oc-176">
         <name>.data:noteClock</name>
         <load_address>0x20000000</load_address>
         <run_address>0x20000000</run_address>
         <size>0x18</size>
         <input_file_ref idref="fl-a"/>
      </object_component>
      <object_component id="oc-18c">
         <name>.data</name>
         <load_address>0x20000050</load_address>
         <run_address>0x20000050</run_address>
         <size>0x1</size>
         <input_file_ref idref="fl-a"/>
      </object_component>
      <object_component id="oc-120">
         <name>.common:ctx</name>
         <uninitialized>true</uninitialized>
         <run_address>0x20000054</run_address>
         <size>0x1c</size>
      </object_component>
      <object_component id="oc-2df">
         <name>.common:Lcd_Orientation</name>
         <uninitialized>true</uninitialized>
         <run_address>0x20000084</run_address>
         <size>0x1</size>
      </object_component>
      <object_component id="oc-2d6">
         <name>.common:Lcd_ScreenWidth</name>
         <uninitialized>true</uninitialized>
         <run_address>0x2000007e</run_address>
         <size>0x2</size>
      </object_component>
      <object_component id="oc-2d9">
         <name>.common:Lcd_ScreenHeigth</name>
         <uninitialized>true</uninitialized>
         <run_address>0x2000007c</run_address>
         <size>0x2</size>
      </object_component>
      <object_component id="oc-2da">
         <name>.common:Lcd_PenSolid</name>
         <uninitialized>true</uninitialized>
         <run_address>0x20000085</run_address>
         <size>0x1</size>
      </object_component>
      <object_component id="oc-2db">
         <name>.common:Lcd_FontSolid</name>
         <uninitialized>true</uninitialized>
         <run_address>0x20000083</run_address>
         <size>0x1</size>
      </object_component>
      <object_component id="oc-2dc">
         <name>.common:Lcd_FlagRead</name>
         <uninitialized>true</uninitialized>
         <run_address>0x20000082</run_address>
         <size>0x1</size>
      </object_component>
      <object_component id="oc-2dd">
         <name>.common:Lcd_TouchTrim</name>
         <uninitialized>true</uninitialized>
         <run_address>0x20000080</run_address>
         <size>0x2</size>
      </object_component>
      <object_component id="oc-da">
         <name>.common:_numNotes</name>
         <uninitialized>true</uninitialized>
         <run_address>0x20000078</run_address>
         <size>0x4</size>
      </object_component>
      <object_component id="oc-d7">
         <name>.common:_notesPlayed</name>
         <uninitialized>true</uninitialized>
         <run_address>0x20000074</run_address>
         <size>0x4</size>
      </object_component>
      <object_component id="oc-db">
         <name>.common:_notes</name>
         <uninitialized>true</uninitialized>
         <run_address>0x20000070</run_address>
         <size>0x4</size>
      </object_component>
      <object_component id="oc-29">
         <name>.stack</name>
         <uninitialized>true</uninitialized>
         <run_address>0x2000fe00</run_address>
         <size>0x4</size>
         <input_file_ref idref="fl-e0"/>
      </object_component>
      <object_component id="oc-47f">
         <name>.stack</name>
         <uninitialized>true</uninitialized>
         <run_address>0x2000fe00</run_address>
         <size>0x0</size>
      </object_component>
      <object_component id="oc-121">
         <name>.debug_info</name>
         <load_address>0x0</load_address>
         <run_address>0x0</run_address>
         <size>0x85c</size>
         <input_file_ref idref="fl-2"/>
      </object_component>
      <object_component id="oc-11e">
         <name>.debug_info</name>
         <load_address>0x85c</load_address>
         <run_address>0x85c</run_address>
         <size>0xc1</size>
         <input_file_ref idref="fl-2"/>
      </object_component>
      <object_component id="oc-a0">
         <name>.debug_info</name>
         <load_address>0x91d</load_address>
         <run_address>0x91d</run_address>
         <size>0x196</size>
         <input_file_ref idref="fl-2"/>
      </object_component>
      <object_component id="oc-e4">
         <name>.debug_info</name>
         <load_address>0xab3</load_address>
         <run_address>0xab3</run_address>
         <size>0x26b</size>
         <input_file_ref idref="fl-2"/>
      </object_component>
      <object_component id="oc-199">
         <name>.debug_info</name>
         <load_address>0xd1e</load_address>
         <run_address>0xd1e</run_address>
         <size>0x1028</size>
         <input_file_ref idref="fl-2"/>
      </object_component>
      <object_component id="oc-242">
         <name>.debug_info</name>
         <load_address>0x1d46</load_address>
         <run_address>0x1d46</run_address>
         <size>0x37e2</size>
         <input_file_ref idref="fl-2"/>
      </object_component>
      <object_component id="oc-19e">
         <name>.debug_info</name>
         <load_address>0x5528</load_address>
         <run_address>0x5528</run_address>
         <size>0x439</size>
         <input_file_ref idref="fl-2"/>
      </object_component>
      <object_component id="oc-1a3">
         <name>.debug_info</name>
         <load_address>0x5961</load_address>
         <run_address>0x5961</run_address>
         <size>0x341</size>
         <input_file_ref idref="fl-2"/>
      </object_component>
      <object_component id="oc-1b7">
         <name>.debug_info</name>
         <load_address>0x5ca2</load_address>
         <run_address>0x5ca2</run_address>
         <size>0x8b</size>
         <input_file_ref idref="fl-2"/>
      </object_component>
      <object_component id="oc-1b2">
         <name>.debug_info</name>
         <load_address>0x5d2d</load_address>
         <run_address>0x5d2d</run_address>
         <size>0x2a4</size>
         <input_file_ref idref="fl-2"/>
      </object_component>
      <object_component id="oc-1ad">
         <name>.debug_info</name>
         <load_address>0x5fd1</load_address>
         <run_address>0x5fd1</run_address>
         <size>0xef</size>
         <input_file_ref idref="fl-2"/>
      </object_component>
      <object_component id="oc-dd">
         <name>.debug_info</name>
         <load_address>0x60c0</load_address>
         <run_address>0x60c0</run_address>
         <size>0xbb</size>
         <input_file_ref idref="fl-2"/>
      </object_component>
      <object_component id="oc-3bf">
         <name>.debug_info</name>
         <load_address>0x617b</load_address>
         <run_address>0x617b</run_address>
         <size>0x131</size>
         <input_file_ref idref="fl-2"/>
      </object_component>
      <object_component id="oc-247">
         <name>.debug_info</name>
         <load_address>0x62ac</load_address>
         <run_address>0x62ac</run_address>
         <size>0x35</size>
         <input_file_ref idref="fl-2"/>
      </object_component>
      <object_component id="oc-1a8">
         <name>.debug_info</name>
         <load_address>0x62e1</load_address>
         <run_address>0x62e1</run_address>
         <size>0x62</size>
         <input_file_ref idref="fl-2"/>
      </object_component>
      <object_component id="oc-285">
         <name>.debug_info</name>
         <load_address>0x6343</load_address>
         <run_address>0x6343</run_address>
         <size>0x529</size>
         <input_file_ref idref="fl-3"/>
      </object_component>
      <object_component id="oc-b2">
         <name>.debug_info</name>
         <load_address>0x686c</load_address>
         <run_address>0x686c</run_address>
         <size>0x11f</size>
         <input_file_ref idref="fl-3"/>
      </object_component>
      <object_component id="oc-194">
         <name>.debug_info</name>
         <load_address>0x698b</load_address>
         <run_address>0x698b</run_address>
         <size>0x37e2</size>
         <input_file_ref idref="fl-3"/>
      </object_component>
      <object_component id="oc-32">
         <name>.debug_info</name>
         <load_address>0xa16d</load_address>
         <run_address>0xa16d</run_address>
         <size>0x84</size>
         <input_file_ref idref="fl-3"/>
      </object_component>
      <object_component id="oc-7b">
         <name>.debug_info</name>
         <load_address>0xa1f1</load_address>
         <run_address>0xa1f1</run_address>
         <size>0x2bf</size>
         <input_file_ref idref="fl-4"/>
      </object_component>
      <object_component id="oc-27">
         <name>.debug_info</name>
         <load_address>0xa4b0</load_address>
         <run_address>0xa4b0</run_address>
         <size>0xeb</size>
         <input_file_ref idref="fl-4"/>
      </object_component>
      <object_component id="oc-6a">
         <name>.debug_info</name>
         <load_address>0xa59b</load_address>
         <run_address>0xa59b</run_address>
         <size>0x14e</size>
         <input_file_ref idref="fl-4"/>
      </object_component>
      <object_component id="oc-70">
         <name>.debug_info</name>
         <load_address>0xa6e9</load_address>
         <run_address>0xa6e9</run_address>
         <size>0x136</size>
         <input_file_ref idref="fl-4"/>
      </object_component>
      <object_component id="oc-2d7">
         <name>.debug_info</name>
         <load_address>0xa81f</load_address>
         <run_address>0xa81f</run_address>
         <size>0x927</size>
         <input_file_ref idref="fl-7"/>
      </object_component>
      <object_component id="oc-212">
         <name>.debug_info</name>
         <load_address>0xb146</load_address>
         <run_address>0xb146</run_address>
         <size>0x10b</size>
         <input_file_ref idref="fl-7"/>
      </object_component>
      <object_component id="oc-215">
         <name>.debug_info</name>
         <load_address>0xb251</load_address>
         <run_address>0xb251</run_address>
         <size>0x117</size>
         <input_file_ref idref="fl-7"/>
      </object_component>
      <object_component id="oc-3d4">
         <name>.debug_info</name>
         <load_address>0xb368</load_address>
         <run_address>0xb368</run_address>
         <size>0xec</size>
         <input_file_ref idref="fl-7"/>
      </object_component>
      <object_component id="oc-1ee">
         <name>.debug_info</name>
         <load_address>0xb454</load_address>
         <run_address>0xb454</run_address>
         <size>0x3f2</size>
         <input_file_ref idref="fl-7"/>
      </object_component>
      <object_component id="oc-2d1">
         <name>.debug_info</name>
         <load_address>0xb846</load_address>
         <run_address>0xb846</run_address>
         <size>0x2fe</size>
         <input_file_ref idref="fl-7"/>
      </object_component>
      <object_component id="oc-1f4">
         <name>.debug_info</name>
         <load_address>0xbb44</load_address>
         <run_address>0xbb44</run_address>
         <size>0x25a</size>
         <input_file_ref idref="fl-7"/>
      </object_component>
      <object_component id="oc-2ee">
         <name>.debug_info</name>
         <load_address>0xbd9e</load_address>
         <run_address>0xbd9e</run_address>
         <size>0x29f</size>
         <input_file_ref idref="fl-7"/>
      </object_component>
      <object_component id="oc-2f4">
         <name>.debug_info</name>
         <load_address>0xc03d</load_address>
         <run_address>0xc03d</run_address>
         <size>0x402</size>
         <input_file_ref idref="fl-7"/>
      </object_component>
      <object_component id="oc-2fa">
         <name>.debug_info</name>
         <load_address>0xc43f</load_address>
         <run_address>0xc43f</run_address>
         <size>0x2ba</size>
         <input_file_ref idref="fl-7"/>
      </object_component>
      <object_component id="oc-300">
         <name>.debug_info</name>
         <load_address>0xc6f9</load_address>
         <run_address>0xc6f9</run_address>
         <size>0x2ba</size>
         <input_file_ref idref="fl-7"/>
      </object_component>
      <object_component id="oc-306">
         <name>.debug_info</name>
         <load_address>0xc9b3</load_address>
         <run_address>0xc9b3</run_address>
         <size>0x2eb</size>
         <input_file_ref idref="fl-7"/>
      </object_component>
      <object_component id="oc-30c">
         <name>.debug_info</name>
         <load_address>0xcc9e</load_address>
         <run_address>0xcc9e</run_address>
         <size>0x208</size>
         <input_file_ref idref="fl-7"/>
      </object_component>
      <object_component id="oc-312">
         <name>.debug_info</name>
         <load_address>0xcea6</load_address>
         <run_address>0xcea6</run_address>
         <size>0x1c3</size>
         <input_file_ref idref="fl-7"/>
      </object_component>
      <object_component id="oc-318">
         <name>.debug_info</name>
         <load_address>0xd069</load_address>
         <run_address>0xd069</run_address>
         <size>0x233</size>
         <input_file_ref idref="fl-7"/>
      </object_component>
      <object_component id="oc-42d">
         <name>.debug_info</name>
         <load_address>0xd29c</load_address>
         <run_address>0xd29c</run_address>
         <size>0x86d</size>
         <input_file_ref idref="fl-8"/>
      </object_component>
      <object_component id="oc-3bc">
         <name>.debug_info</name>
         <load_address>0xdb09</load_address>
         <run_address>0xdb09</run_address>
         <size>0xff</size>
         <input_file_ref idref="fl-8"/>
      </object_component>
      <object_component id="oc-2ad">
         <name>.debug_info</name>
         <load_address>0xdc08</load_address>
         <run_address>0xdc08</run_address>
         <size>0x26a</size>
         <input_file_ref idref="fl-8"/>
      </object_component>
      <object_component id="oc-2b3">
         <name>.debug_info</name>
         <load_address>0xde72</load_address>
         <run_address>0xde72</run_address>
         <size>0x233</size>
         <input_file_ref idref="fl-8"/>
      </object_component>
      <object_component id="oc-2c5">
         <name>.debug_info</name>
         <load_address>0xe0a5</load_address>
         <run_address>0xe0a5</run_address>
         <size>0x22a</size>
         <input_file_ref idref="fl-8"/>
      </object_component>
      <object_component id="oc-2cb">
         <name>.debug_info</name>
         <load_address>0xe2cf</load_address>
         <run_address>0xe2cf</run_address>
         <size>0x1dd</size>
         <input_file_ref idref="fl-8"/>
      </object_component>
      <object_component id="oc-123">
         <name>.debug_info</name>
         <load_address>0xe4ac</load_address>
         <run_address>0xe4ac</run_address>
         <size>0x9f0</size>
         <input_file_ref idref="fl-9"/>
      </object_component>
      <object_component id="oc-101">
         <name>.debug_info</name>
         <load_address>0xee9c</load_address>
         <run_address>0xee9c</run_address>
         <size>0x1f9</size>
         <input_file_ref idref="fl-9"/>
      </object_component>
      <object_component id="oc-223">
         <name>.debug_info</name>
         <load_address>0xf095</load_address>
         <run_address>0xf095</run_address>
         <size>0x274</size>
         <input_file_ref idref="fl-9"/>
      </object_component>
      <object_component id="oc-22b">
         <name>.debug_info</name>
         <load_address>0xf309</load_address>
         <run_address>0xf309</run_address>
         <size>0x26e</size>
         <input_file_ref idref="fl-9"/>
      </object_component>
      <object_component id="oc-118">
         <name>.debug_info</name>
         <load_address>0xf577</load_address>
         <run_address>0xf577</run_address>
         <size>0x221</size>
         <input_file_ref idref="fl-9"/>
      </object_component>
      <object_component id="oc-10e">
         <name>.debug_info</name>
         <load_address>0xf798</load_address>
         <run_address>0xf798</run_address>
         <size>0x275</size>
         <input_file_ref idref="fl-9"/>
      </object_component>
      <object_component id="oc-d8">
         <name>.debug_info</name>
         <load_address>0xfa0d</load_address>
         <run_address>0xfa0d</run_address>
         <size>0xa7f</size>
         <input_file_ref idref="fl-a"/>
      </object_component>
      <object_component id="oc-187">
         <name>.debug_info</name>
         <load_address>0x1048c</load_address>
         <run_address>0x1048c</run_address>
         <size>0xd5</size>
         <input_file_ref idref="fl-a"/>
      </object_component>
      <object_component id="oc-18a">
         <name>.debug_info</name>
         <load_address>0x10561</load_address>
         <run_address>0x10561</run_address>
         <size>0xe0</size>
         <input_file_ref idref="fl-a"/>
      </object_component>
      <object_component id="oc-177">
         <name>.debug_info</name>
         <load_address>0x10641</load_address>
         <run_address>0x10641</run_address>
         <size>0xd0</size>
         <input_file_ref idref="fl-a"/>
      </object_component>
      <object_component id="oc-18d">
         <name>.debug_info</name>
         <load_address>0x10711</load_address>
         <run_address>0x10711</run_address>
         <size>0xd8</size>
         <input_file_ref idref="fl-a"/>
      </object_component>
      <object_component id="oc-1e7">
         <name>.debug_info</name>
         <load_address>0x107e9</load_address>
         <run_address>0x107e9</run_address>
         <size>0x191</size>
         <input_file_ref idref="fl-a"/>
      </object_component>
      <object_component id="oc-c7">
         <name>.debug_info</name>
         <load_address>0x1097a</load_address>
         <run_address>0x1097a</run_address>
         <size>0x191</size>
         <input_file_ref idref="fl-a"/>
      </object_component>
      <object_component id="oc-c1">
         <name>.debug_info</name>
         <load_address>0x10b0b</load_address>
         <run_address>0x10b0b</run_address>
         <size>0x12f</size>
         <input_file_ref idref="fl-a"/>
      </object_component>
      <object_component id="oc-75">
         <name>.debug_info</name>
         <load_address>0x10c3a</load_address>
         <run_address>0x10c3a</run_address>
         <size>0x1b7</size>
         <input_file_ref idref="fl-a"/>
      </object_component>
      <object_component id="oc-fb">
         <name>.debug_info</name>
         <load_address>0x10df1</load_address>
         <run_address>0x10df1</run_address>
         <size>0x253</size>
         <input_file_ref idref="fl-b"/>
      </object_component>
      <object_component id="oc-236">
         <name>.debug_info</name>
         <load_address>0x11044</load_address>
         <run_address>0x11044</run_address>
         <size>0x561</size>
         <input_file_ref idref="fl-17"/>
      </object_component>
      <object_component id="oc-1fa">
         <name>.debug_info</name>
         <load_address>0x115a5</load_address>
         <run_address>0x115a5</run_address>
         <size>0x1ef</size>
         <input_file_ref idref="fl-17"/>
      </object_component>
      <object_component id="oc-200">
         <name>.debug_info</name>
         <load_address>0x11794</load_address>
         <run_address>0x11794</run_address>
         <size>0x203</size>
         <input_file_ref idref="fl-17"/>
      </object_component>
      <object_component id="oc-206">
         <name>.debug_info</name>
         <load_address>0x11997</load_address>
         <run_address>0x11997</run_address>
         <size>0x1d0</size>
         <input_file_ref idref="fl-17"/>
      </object_component>
      <object_component id="oc-112">
         <name>.debug_info</name>
         <load_address>0x11b67</load_address>
         <run_address>0x11b67</run_address>
         <size>0x1f6</size>
         <input_file_ref idref="fl-17"/>
      </object_component>
      <object_component id="oc-20d">
         <name>.debug_info</name>
         <load_address>0x11d5d</load_address>
         <run_address>0x11d5d</run_address>
         <size>0x1c3</size>
         <input_file_ref idref="fl-17"/>
      </object_component>
      <object_component id="oc-337">
         <name>.debug_info</name>
         <load_address>0x11f20</load_address>
         <run_address>0x11f20</run_address>
         <size>0x26b</size>
         <input_file_ref idref="fl-17"/>
      </object_component>
      <object_component id="oc-332">
         <name>.debug_info</name>
         <load_address>0x1218b</load_address>
         <run_address>0x1218b</run_address>
         <size>0x439</size>
         <input_file_ref idref="fl-17"/>
      </object_component>
      <object_component id="oc-26e">
         <name>.debug_info</name>
         <load_address>0x125c4</load_address>
         <run_address>0x125c4</run_address>
         <size>0x297</size>
         <input_file_ref idref="fl-17"/>
      </object_component>
      <object_component id="oc-16b">
         <name>.debug_info</name>
         <load_address>0x1285b</load_address>
         <run_address>0x1285b</run_address>
         <size>0xef</size>
         <input_file_ref idref="fl-17"/>
      </object_component>
      <object_component id="oc-166">
         <name>.debug_info</name>
         <load_address>0x1294a</load_address>
         <run_address>0x1294a</run_address>
         <size>0xbb</size>
         <input_file_ref idref="fl-17"/>
      </object_component>
      <object_component id="oc-32f">
         <name>.debug_info</name>
         <load_address>0x12a05</load_address>
         <run_address>0x12a05</run_address>
         <size>0x3fb</size>
         <input_file_ref idref="fl-18"/>
      </object_component>
      <object_component id="oc-34a">
         <name>.debug_info</name>
         <load_address>0x12e00</load_address>
         <run_address>0x12e00</run_address>
         <size>0x203</size>
         <input_file_ref idref="fl-18"/>
      </object_component>
      <object_component id="oc-3dc">
         <name>.debug_info</name>
         <load_address>0x13003</load_address>
         <run_address>0x13003</run_address>
         <size>0x221</size>
         <input_file_ref idref="fl-18"/>
      </object_component>
      <object_component id="oc-3e5">
         <name>.debug_info</name>
         <load_address>0x13224</load_address>
         <run_address>0x13224</run_address>
         <size>0x21d</size>
         <input_file_ref idref="fl-18"/>
      </object_component>
      <object_component id="oc-230">
         <name>.debug_info</name>
         <load_address>0x13441</load_address>
         <run_address>0x13441</run_address>
         <size>0x1e3</size>
         <input_file_ref idref="fl-18"/>
      </object_component>
      <object_component id="oc-2e6">
         <name>.debug_info</name>
         <load_address>0x13624</load_address>
         <run_address>0x13624</run_address>
         <size>0x1db</size>
         <input_file_ref idref="fl-18"/>
      </object_component>
      <object_component id="oc-324">
         <name>.debug_info</name>
         <load_address>0x137ff</load_address>
         <run_address>0x137ff</run_address>
         <size>0x27c</size>
         <input_file_ref idref="fl-19"/>
      </object_component>
      <object_component id="oc-320">
         <name>.debug_info</name>
         <load_address>0x13a7b</load_address>
         <run_address>0x13a7b</run_address>
         <size>0x13a</size>
         <input_file_ref idref="fl-19"/>
      </object_component>
      <object_component id="oc-218">
         <name>.debug_info</name>
         <load_address>0x13bb5</load_address>
         <run_address>0x13bb5</run_address>
         <size>0x12f</size>
         <input_file_ref idref="fl-19"/>
      </object_component>
      <object_component id="oc-34f">
         <name>.debug_info</name>
         <load_address>0x13ce4</load_address>
         <run_address>0x13ce4</run_address>
         <size>0x53b</size>
         <input_file_ref idref="fl-1a"/>
      </object_component>
      <object_component id="oc-327">
         <name>.debug_info</name>
         <load_address>0x1421f</load_address>
         <run_address>0x1421f</run_address>
         <size>0x216</size>
         <input_file_ref idref="fl-1a"/>
      </object_component>
      <object_component id="oc-33d">
         <name>.debug_info</name>
         <load_address>0x14435</load_address>
         <run_address>0x14435</run_address>
         <size>0x214</size>
         <input_file_ref idref="fl-1a"/>
      </object_component>
      <object_component id="oc-3ec">
         <name>.debug_info</name>
         <load_address>0x14649</load_address>
         <run_address>0x14649</run_address>
         <size>0x1d4</size>
         <input_file_ref idref="fl-1a"/>
      </object_component>
      <object_component id="oc-343">
         <name>.debug_info</name>
         <load_address>0x1481d</load_address>
         <run_address>0x1481d</run_address>
         <size>0x2ad</size>
         <input_file_ref idref="fl-1a"/>
      </object_component>
      <object_component id="oc-238">
         <name>.debug_info</name>
         <load_address>0x14aca</load_address>
         <run_address>0x14aca</run_address>
         <size>0x2e2</size>
         <input_file_ref idref="fl-1a"/>
      </object_component>
      <object_component id="oc-404">
         <name>.debug_info</name>
         <load_address>0x14dac</load_address>
         <run_address>0x14dac</run_address>
         <size>0x807</size>
         <input_file_ref idref="fl-1b"/>
      </object_component>
      <object_component id="oc-1dd">
         <name>.debug_info</name>
         <load_address>0x155b3</load_address>
         <run_address>0x155b3</run_address>
         <size>0x29d</size>
         <input_file_ref idref="fl-1b"/>
      </object_component>
      <object_component id="oc-1e3">
         <name>.debug_info</name>
         <load_address>0x15850</load_address>
         <run_address>0x15850</run_address>
         <size>0x221</size>
         <input_file_ref idref="fl-1b"/>
      </object_component>
      <object_component id="oc-1d7">
         <name>.debug_info</name>
         <load_address>0x15a71</load_address>
         <run_address>0x15a71</run_address>
         <size>0x1e5</size>
         <input_file_ref idref="fl-1b"/>
      </object_component>
      <object_component id="oc-374">
         <name>.debug_info</name>
         <load_address>0x15c56</load_address>
         <run_address>0x15c56</run_address>
         <size>0x431a</size>
         <input_file_ref idref="fl-1b"/>
      </object_component>
      <object_component id="oc-435">
         <name>.debug_info</name>
         <load_address>0x19f70</load_address>
         <run_address>0x19f70</run_address>
         <size>0x1b5</size>
         <input_file_ref idref="fl-1b"/>
      </object_component>
      <object_component id="oc-379">
         <name>.debug_info</name>
         <load_address>0x1a125</load_address>
         <run_address>0x1a125</run_address>
         <size>0x1028</size>
         <input_file_ref idref="fl-1b"/>
      </object_component>
      <object_component id="oc-1cf">
         <name>.debug_info</name>
         <load_address>0x1b14d</load_address>
         <run_address>0x1b14d</run_address>
         <size>0x224</size>
         <input_file_ref idref="fl-1c"/>
      </object_component>
      <object_component id="oc-411">
         <name>.debug_info</name>
         <load_address>0x1b371</load_address>
         <run_address>0x1b371</run_address>
         <size>0x701</size>
         <input_file_ref idref="fl-1d"/>
      </object_component>
      <object_component id="oc-3a0">
         <name>.debug_info</name>
         <load_address>0x1ba72</load_address>
         <run_address>0x1ba72</run_address>
         <size>0x135</size>
         <input_file_ref idref="fl-1d"/>
      </object_component>
      <object_component id="oc-3aa">
         <name>.debug_info</name>
         <load_address>0x1bba7</load_address>
         <run_address>0x1bba7</run_address>
         <size>0x252</size>
         <input_file_ref idref="fl-1d"/>
      </object_component>
      <object_component id="oc-29b">
         <name>.debug_info</name>
         <load_address>0x1bdf9</load_address>
         <run_address>0x1bdf9</run_address>
         <size>0x2a5</size>
         <input_file_ref idref="fl-1d"/>
      </object_component>
      <object_component id="oc-2c0">
         <name>.debug_info</name>
         <load_address>0x1c09e</load_address>
         <run_address>0x1c09e</run_address>
         <size>0x25a</size>
         <input_file_ref idref="fl-1d"/>
      </object_component>
      <object_component id="oc-2ba">
         <name>.debug_info</name>
         <load_address>0x1c2f8</load_address>
         <run_address>0x1c2f8</run_address>
         <size>0x258</size>
         <input_file_ref idref="fl-1d"/>
      </object_component>
      <object_component id="oc-414">
         <name>.debug_info</name>
         <load_address>0x1c550</load_address>
         <run_address>0x1c550</run_address>
         <size>0x68f</size>
         <input_file_ref idref="fl-1e"/>
      </object_component>
      <object_component id="oc-3a4">
         <name>.debug_info</name>
         <load_address>0x1cbdf</load_address>
         <run_address>0x1cbdf</run_address>
         <size>0x12e</size>
         <input_file_ref idref="fl-1e"/>
      </object_component>
      <object_component id="oc-106">
         <name>.debug_info</name>
         <load_address>0x1cd0d</load_address>
         <run_address>0x1cd0d</run_address>
         <size>0x1d5</size>
         <input_file_ref idref="fl-1e"/>
      </object_component>
      <object_component id="oc-1c3">
         <name>.debug_info</name>
         <load_address>0x1cee2</load_address>
         <run_address>0x1cee2</run_address>
         <size>0x1d7</size>
         <input_file_ref idref="fl-1e"/>
      </object_component>
      <object_component id="oc-2a0">
         <name>.debug_info</name>
         <load_address>0x1d0b9</load_address>
         <run_address>0x1d0b9</run_address>
         <size>0x219</size>
         <input_file_ref idref="fl-1e"/>
      </object_component>
      <object_component id="oc-291">
         <name>.debug_info</name>
         <load_address>0x1d2d2</load_address>
         <run_address>0x1d2d2</run_address>
         <size>0x3a5</size>
         <input_file_ref idref="fl-1f"/>
      </object_component>
      <object_component id="oc-1cb">
         <name>.debug_info</name>
         <load_address>0x1d677</load_address>
         <run_address>0x1d677</run_address>
         <size>0x220</size>
         <input_file_ref idref="fl-1f"/>
      </object_component>
      <object_component id="oc-389">
         <name>.debug_info</name>
         <load_address>0x1d897</load_address>
         <run_address>0x1d897</run_address>
         <size>0x1eb</size>
         <input_file_ref idref="fl-1f"/>
      </object_component>
      <object_component id="oc-38f">
         <name>.debug_info</name>
         <load_address>0x1da82</load_address>
         <run_address>0x1da82</run_address>
         <size>0x1f9</size>
         <input_file_ref idref="fl-1f"/>
      </object_component>
      <object_component id="oc-40b">
         <name>.debug_info</name>
         <load_address>0x1dc7b</load_address>
         <run_address>0x1dc7b</run_address>
         <size>0x346</size>
         <input_file_ref idref="fl-1f"/>
      </object_component>
      <object_component id="oc-39b">
         <name>.debug_info</name>
         <load_address>0x1dfc1</load_address>
         <run_address>0x1dfc1</run_address>
         <size>0x202</size>
         <input_file_ref idref="fl-1f"/>
      </object_component>
      <object_component id="oc-394">
         <name>.debug_info</name>
         <load_address>0x1e1c3</load_address>
         <run_address>0x1e1c3</run_address>
         <size>0x1ac</size>
         <input_file_ref idref="fl-1f"/>
      </object_component>
      <object_component id="oc-41d">
         <name>.debug_info</name>
         <load_address>0x1e36f</load_address>
         <run_address>0x1e36f</run_address>
         <size>0x6f5</size>
         <input_file_ref idref="fl-21"/>
      </object_component>
      <object_component id="oc-417">
         <name>.debug_info</name>
         <load_address>0x1ea64</load_address>
         <run_address>0x1ea64</run_address>
         <size>0x1c7</size>
         <input_file_ref idref="fl-21"/>
      </object_component>
      <object_component id="oc-3b0">
         <name>.debug_info</name>
         <load_address>0x1ec2b</load_address>
         <run_address>0x1ec2b</run_address>
         <size>0x22b</size>
         <input_file_ref idref="fl-21"/>
      </object_component>
      <object_component id="oc-3b6">
         <name>.debug_info</name>
         <load_address>0x1ee56</load_address>
         <run_address>0x1ee56</run_address>
         <size>0x235</size>
         <input_file_ref idref="fl-21"/>
      </object_component>
      <object_component id="oc-425">
         <name>.debug_info</name>
         <load_address>0x1f08b</load_address>
         <run_address>0x1f08b</run_address>
         <size>0x1e9</size>
         <input_file_ref idref="fl-21"/>
      </object_component>
      <object_component id="oc-420">
         <name>.debug_info</name>
         <load_address>0x1f274</load_address>
         <run_address>0x1f274</run_address>
         <size>0x1e9</size>
         <input_file_ref idref="fl-21"/>
      </object_component>
      <object_component id="oc-442">
         <name>.debug_info</name>
         <load_address>0x1f45d</load_address>
         <run_address>0x1f45d</run_address>
         <size>0x131</size>
         <input_file_ref idref="fl-21"/>
      </object_component>
      <object_component id="oc-27a">
         <name>.debug_info</name>
         <load_address>0x1f58e</load_address>
         <run_address>0x1f58e</run_address>
         <size>0x725</size>
         <input_file_ref idref="fl-24"/>
      </object_component>
      <object_component id="oc-274">
         <name>.debug_info</name>
         <load_address>0x1fcb3</load_address>
         <run_address>0x1fcb3</run_address>
         <size>0x25e</size>
         <input_file_ref idref="fl-24"/>
      </object_component>
      <object_component id="oc-17b">
         <name>.debug_info</name>
         <load_address>0x1ff11</load_address>
         <run_address>0x1ff11</run_address>
         <size>0x215</size>
         <input_file_ref idref="fl-24"/>
      </object_component>
      <object_component id="oc-171">
         <name>.debug_info</name>
         <load_address>0x20126</load_address>
         <run_address>0x20126</run_address>
         <size>0x23d</size>
         <input_file_ref idref="fl-24"/>
      </object_component>
      <object_component id="oc-181">
         <name>.debug_info</name>
         <load_address>0x20363</load_address>
         <run_address>0x20363</run_address>
         <size>0x21a</size>
         <input_file_ref idref="fl-24"/>
      </object_component>
      <object_component id="oc-cc">
         <name>.debug_info</name>
         <load_address>0x2057d</load_address>
         <run_address>0x2057d</run_address>
         <size>0x22b</size>
         <input_file_ref idref="fl-24"/>
      </object_component>
      <object_component id="oc-d2">
         <name>.debug_info</name>
         <load_address>0x207a8</load_address>
         <run_address>0x207a8</run_address>
         <size>0x289</size>
         <input_file_ref idref="fl-24"/>
      </object_component>
      <object_component id="oc-ba">
         <name>.debug_info</name>
         <load_address>0x20a31</load_address>
         <run_address>0x20a31</run_address>
         <size>0x27c</size>
         <input_file_ref idref="fl-24"/>
      </object_component>
      <object_component id="oc-2a7">
         <name>.debug_info</name>
         <load_address>0x20cad</load_address>
         <run_address>0x20cad</run_address>
         <size>0x27e</size>
         <input_file_ref idref="fl-24"/>
      </object_component>
      <object_component id="oc-37e">
         <name>.debug_info</name>
         <load_address>0x20f2b</load_address>
         <run_address>0x20f2b</run_address>
         <size>0x341</size>
         <input_file_ref idref="fl-24"/>
      </object_component>
      <object_component id="oc-1bd">
         <name>.debug_info</name>
         <load_address>0x2126c</load_address>
         <run_address>0x2126c</run_address>
         <size>0x1c9</size>
         <input_file_ref idref="fl-25"/>
      </object_component>
      <object_component id="oc-288">
         <name>.debug_info</name>
         <load_address>0x21435</load_address>
         <run_address>0x21435</run_address>
         <size>0x199</size>
         <input_file_ref idref="fl-26"/>
      </object_component>
      <object_component id="oc-21c">
         <name>.debug_info</name>
         <load_address>0x215ce</load_address>
         <run_address>0x215ce</run_address>
         <size>0x19a</size>
         <input_file_ref idref="fl-26"/>
      </object_component>
      <object_component id="oc-38">
         <name>.debug_info</name>
         <load_address>0x21768</load_address>
         <run_address>0x21768</run_address>
         <size>0x119</size>
         <input_file_ref idref="fl-dc"/>
      </object_component>
      <object_component id="oc-92">
         <name>.debug_info</name>
         <load_address>0x21881</load_address>
         <run_address>0x21881</run_address>
         <size>0x2d4</size>
         <input_file_ref idref="fl-dd"/>
      </object_component>
      <object_component id="oc-44">
         <name>.debug_info</name>
         <load_address>0x21b55</load_address>
         <run_address>0x21b55</run_address>
         <size>0x1d2</size>
         <input_file_ref idref="fl-dd"/>
      </object_component>
      <object_component id="oc-8d">
         <name>.debug_info</name>
         <load_address>0x21d27</load_address>
         <run_address>0x21d27</run_address>
         <size>0x46</size>
         <input_file_ref idref="fl-dd"/>
      </object_component>
      <object_component id="oc-f0">
         <name>.debug_info</name>
         <load_address>0x21d6d</load_address>
         <run_address>0x21d6d</run_address>
         <size>0x2c</size>
         <input_file_ref idref="fl-dd"/>
      </object_component>
      <object_component id="oc-42">
         <name>.debug_info</name>
         <load_address>0x21d99</load_address>
         <run_address>0x21d99</run_address>
         <size>0x2a8</size>
         <input_file_ref idref="fl-de"/>
      </object_component>
      <object_component id="oc-1f">
         <name>.debug_info</name>
         <load_address>0x22041</load_address>
         <run_address>0x22041</run_address>
         <size>0x1ea</size>
         <input_file_ref idref="fl-de"/>
      </object_component>
      <object_component id="oc-3d">
         <name>.debug_info</name>
         <load_address>0x2222b</load_address>
         <run_address>0x2222b</run_address>
         <size>0x46</size>
         <input_file_ref idref="fl-de"/>
      </object_component>
      <object_component id="oc-85">
         <name>.debug_info</name>
         <load_address>0x22271</load_address>
         <run_address>0x22271</run_address>
         <size>0x2c</size>
         <input_file_ref idref="fl-de"/>
      </object_component>
      <object_component id="oc-83">
         <name>.debug_info</name>
         <load_address>0x2229d</load_address>
         <run_address>0x2229d</run_address>
         <size>0x29e</size>
         <input_file_ref idref="fl-df"/>
      </object_component>
      <object_component id="oc-1b">
         <name>.debug_info</name>
         <load_address>0x2253b</load_address>
         <run_address>0x2253b</run_address>
         <size>0x250</size>
         <input_file_ref idref="fl-df"/>
      </object_component>
      <object_component id="oc-2d">
         <name>.debug_info</name>
         <load_address>0x2278b</load_address>
         <run_address>0x2278b</run_address>
         <size>0x60</size>
         <input_file_ref idref="fl-df"/>
      </object_component>
      <object_component id="oc-e9">
         <name>.debug_info</name>
         <load_address>0x227eb</load_address>
         <run_address>0x227eb</run_address>
         <size>0x46</size>
         <input_file_ref idref="fl-df"/>
      </object_component>
      <object_component id="oc-7e">
         <name>.debug_info</name>
         <load_address>0x22831</load_address>
         <run_address>0x22831</run_address>
         <size>0x39</size>
         <input_file_ref idref="fl-df"/>
      </object_component>
      <object_component id="oc-2a">
         <name>.debug_info</name>
         <load_address>0x2286a</load_address>
         <run_address>0x2286a</run_address>
         <size>0x10b</size>
         <input_file_ref idref="fl-e0"/>
      </object_component>
      <object_component id="oc-56">
         <name>.debug_info</name>
         <load_address>0x22975</load_address>
         <run_address>0x22975</run_address>
         <size>0x1a9</size>
         <input_file_ref idref="fl-e0"/>
      </object_component>
      <object_component id="oc-259">
         <name>.debug_info</name>
         <load_address>0x22b1e</load_address>
         <run_address>0x22b1e</run_address>
         <size>0x4b3</size>
         <input_file_ref idref="fl-e2"/>
      </object_component>
      <object_component id="oc-134">
         <name>.debug_info</name>
         <load_address>0x22fd1</load_address>
         <run_address>0x22fd1</run_address>
         <size>0x1a6</size>
         <input_file_ref idref="fl-e2"/>
      </object_component>
      <object_component id="oc-360">
         <name>.debug_info</name>
         <load_address>0x23177</load_address>
         <run_address>0x23177</run_address>
         <size>0x39</size>
         <input_file_ref idref="fl-e2"/>
      </object_component>
      <object_component id="oc-3f8">
         <name>.debug_info</name>
         <load_address>0x231b0</load_address>
         <run_address>0x231b0</run_address>
         <size>0x39</size>
         <input_file_ref idref="fl-e2"/>
      </object_component>
      <object_component id="oc-365">
         <name>.debug_info</name>
         <load_address>0x231e9</load_address>
         <run_address>0x231e9</run_address>
         <size>0x39</size>
         <input_file_ref idref="fl-e2"/>
      </object_component>
      <object_component id="oc-36a">
         <name>.debug_info</name>
         <load_address>0x23222</load_address>
         <run_address>0x23222</run_address>
         <size>0xcd</size>
         <input_file_ref idref="fl-e2"/>
      </object_component>
      <object_component id="oc-9c">
         <name>.debug_info</name>
         <load_address>0x232ef</load_address>
[...]
         <value>0x0</value>
         <object_component_ref idref="oc-26"/>
      </symbol>
      <symbol id="sm-170">
         <name>Lcd_Orientation</name>
         <value>0x20000084</value>
      </symbol>
      <symbol id="sm-171">
         <name>Lcd_ScreenWidth</name>
         <value>0x2000007e</value>
      </symbol>
      <symbol id="sm-172">
         <name>Lcd_ScreenHeigth</name>
         <value>0x2000007c</value>
      </symbol>
      <symbol id="sm-173">
         <name>Lcd_PenSolid</name>
         <value>0x20000085</value>
      </symbol>
      <symbol id="sm-174">
         <name>Lcd_FontSolid</name>
         <value>0x20000083</value>
      </symbol>
      <symbol id="sm-175">
         <name>Lcd_FlagRead</name>
         <value>0x20000082</value>
      </symbol>
      <symbol id="sm-176">
         <name>Lcd_TouchTrim</name>
         <value>0x20000080</value>
      </symbol>
      <symbol id="sm-177">
         <name>Crystalfontz128x128_SetDrawFrame</name>
         <value>0x9dd</value>
         <object_component_ref idref="oc-2d0"/>
      </symbol>
      <symbol id="sm-178">
         <name>Crystalfontz128x128_SetOrientation</name>
         <value>0x1939</value>
         <object_component_ref idref="oc-1f3"/>
      </symbol>
      <symbol id="sm-179">
         <name>g_sCrystalfontz128x128_funcs</name>
         <value>0x2574</value>
         <object_component_ref idref="oc-214"/>
      </symbol>
      <symbol id="sm-17a">
         <name>g_sCrystalfontz128x128</name>
         <value>0x20000040</value>
         <object_component_ref idref="oc-211"/>
      </symbol>
      <symbol id="sm-17b">
         <name>Crystalfontz128x128_Init</name>
         <value>0xc41</value>
         <object_component_ref idref="oc-1ed"/>
      </symbol>
      <symbol id="sm-1b4">
         <name>HAL_LCD_writeData</name>
         <value>0x1e69</value>
         <object_component_ref idref="oc-2ca"/>
      </symbol>
      <symbol id="sm-1b5">
         <name>HAL_LCD_SpiInit</name>
         <value>0x1c25</value>
         <object_component_ref idref="oc-2b2"/>
      </symbol>
      <symbol id="sm-1b6">
         <name>HAL_LCD_PortInit</name>
         <value>0x1de1</value>
         <object_component_ref idref="oc-2ac"/>
      </symbol>
      <symbol id="sm-1b7">
         <name>HAL_LCD_writeCommand</name>
         <value>0x1ca5</value>
         <object_component_ref idref="oc-2c4"/>
      </symbol>
      <symbol id="sm-1f4">
         <name>Graphics_drawTriangle</name>
         <value>0x198d</value>
         <object_component_ref idref="oc-117"/>
      </symbol>
      <symbol id="sm-1f5">
         <name>Graphics_fillTriangle</name>
         <value>0x2bd</value>
         <object_component_ref idref="oc-10b"/>
      </symbol>
      <symbol id="sm-1f6">
         <name>fillTopFlatTriangle</name>
         <value>0xf4d</value>
         <object_component_ref idref="oc-228"/>
      </symbol>
      <symbol id="sm-1f7">
         <name>fillBottomFlatTriangle</name>
         <value>0xe75</value>
         <object_component_ref idref="oc-222"/>
      </symbol>
      <symbol id="sm-1f8">
         <name>_graphicsInit</name>
         <value>0x1acd</value>
         <object_component_ref idref="oc-ff"/>
      </symbol>
      <symbol id="sm-24e">
         <name>_numNotes</name>
         <value>0x20000078</value>
      </symbol>
      <symbol id="sm-24f">
         <name>_notesPlayed</name>
         <value>0x20000074</value>
      </symbol>
      <symbol id="sm-250">
         <name>_notes</name>
         <value>0x20000070</value>
      </symbol>
      <symbol id="sm-251">
         <name>notePeriods</name>
         <value>0x20000018</value>
         <object_component_ref idref="oc-186"/>
      </symbol>
      <symbol id="sm-252">
         <name>_soundInit</name>
         <value>0x1fb1</value>
         <object_component_ref idref="oc-1e6"/>
      </symbol>
      <symbol id="sm-253">
         <name>stopSound</name>
         <value>0x20d9</value>
         <object_component_ref idref="oc-bf"/>
      </symbol>
      <symbol id="sm-254">
         <name>TA1_0_IRQHandler</name>
         <value>0x1341</value>
         <object_component_ref idref="oc-73"/>
      </symbol>
      <symbol id="sm-255">
         <name>playNote</name>
         <value>0x14d5</value>
         <object_component_ref idref="oc-c5"/>
      </symbol>
      <symbol id="sm-25f">
         <name>_hwInit</name>
         <value>0x187f</value>
         <object_component_ref idref="oc-f9"/>
      </symbol>
      <symbol id="sm-2a5">
         <name>Graphics_setBackgroundColor</name>
         <value>0x2023</value>
         <object_component_ref idref="oc-1ff"/>
      </symbol>
      <symbol id="sm-2a6">
         <name>Graphics_setFont</name>
         <value>0x203d</value>
         <object_component_ref idref="oc-205"/>
      </symbol>
      <symbol id="sm-2a7">
         <name>Graphics_initContext</name>
         <value>0x19df</value>
         <object_component_ref idref="oc-1f9"/>
      </symbol>
      <symbol id="sm-2a8">
         <name>Graphics_setForegroundColor</name>
         <value>0x2083</value>
         <object_component_ref idref="oc-111"/>
      </symbol>
      <symbol id="sm-2a9">
         <name>Graphics_clearDisplay</name>
         <value>0x20ed</value>
         <object_component_ref idref="oc-20b"/>
      </symbol>
      <symbol id="sm-2d6">
         <name>Graphics_clearDisplayOnDisplay</name>
         <value>0x2009</value>
         <object_component_ref idref="oc-2e4"/>
      </symbol>
      <symbol id="sm-2d7">
         <name>Graphics_drawPixelOnDisplay</name>
         <value>0x1e3d</value>
         <object_component_ref idref="oc-348"/>
      </symbol>
      <symbol id="sm-2d8">
         <name>Graphics_translateColorOnDisplay</name>
         <value>0x2099</value>
         <object_component_ref idref="oc-22f"/>
      </symbol>
      <symbol id="sm-2d9">
         <name>Graphics_drawHorizontalLineOnDisplay</name>
         <value>0x1cdd</value>
         <object_component_ref idref="oc-3db"/>
      </symbol>
      <symbol id="sm-2da">
         <name>Graphics_drawVerticalLineOnDisplay</name>
         <value>0x1d13</value>
         <object_component_ref idref="oc-3e4"/>
      </symbol>
      <symbol id="sm-2ec">
         <name>g_sFontFixed6x8</name>
         <value>0x247c</value>
         <object_component_ref idref="oc-217"/>
      </symbol>
      <symbol id="sm-349">
         <name>Graphics_drawLineH</name>
         <value>0x116b</value>
         <object_component_ref idref="oc-326"/>
      </symbol>
      <symbol id="sm-34a">
         <name>Graphics_drawLineV</name>
         <value>0x1207</value>
         <object_component_ref idref="oc-33c"/>
      </symbol>
      <symbol id="sm-34b">
         <name>Graphics_drawLine</name>
         <value>0x5c9</value>
         <object_component_ref idref="oc-237"/>
      </symbol>
      <symbol id="sm-398">
         <name>CS_setDCOCenteredFrequency</name>
         <value>0x1d49</value>
         <object_component_ref idref="oc-1d4"/>
      </symbol>
      <symbol id="sm-399">
         <name>CS_setReferenceOscillatorFrequency</name>
         <value>0x1db1</value>
         <object_component_ref idref="oc-1e0"/>
      </symbol>
      <symbol id="sm-39a">
         <name>CS_initClockSignal</name>
         <value>0xb11</value>
         <object_component_ref idref="oc-1da"/>
      </symbol>
      <symbol id="sm-3a9">
         <name>FlashCtl_setWaitState</name>
         <value>0x1b19</value>
         <object_component_ref idref="oc-1ce"/>
      </symbol>
      <symbol id="sm-3e2">
         <name>GPIO_setOutputHighOnPin</name>
         <value>0x1f15</value>
         <object_component_ref idref="oc-2be"/>
      </symbol>
      <symbol id="sm-3e3">
         <name>GPIO_setAsOutputPin</name>
         <value>0x1be5</value>
         <object_component_ref idref="oc-3a8"/>
      </symbol>
      <symbol id="sm-3e4">
         <name>GPIO_setOutputLowOnPin</name>
         <value>0x1f3d</value>
         <object_component_ref idref="oc-2b8"/>
      </symbol>
      <symbol id="sm-3e5">
         <name>GPIO_setAsPeripheralModuleFunctionOutputPin</name>
         <value>0x13cd</value>
         <object_component_ref idref="oc-299"/>
      </symbol>
      <symbol id="sm-414">
         <name>Interrupt_disableMaster</name>
         <value>0x20ff</value>
         <object_component_ref idref="oc-1c2"/>
      </symbol>
      <symbol id="sm-415">
         <name>Interrupt_enableMaster</name>
         <value>0x210f</value>
         <object_component_ref idref="oc-105"/>
      </symbol>
      <symbol id="sm-416">
         <name>Interrupt_enableInterrupt</name>
         <value>0x1455</value>
         <object_component_ref idref="oc-29f"/>
      </symbol>
      <symbol id="sm-494">
         <name>PCM_setCoreVoltageLevel</name>
         <value>0x211f</value>
         <object_component_ref idref="oc-1c8"/>
      </symbol>
      <symbol id="sm-495">
         <name>PCM_getCoreVoltageLevel</name>
         <value>0x1821</value>
         <object_component_ref idref="oc-38c"/>
      </symbol>
      <symbol id="sm-496">
         <name>PCM_getPowerMode</name>
         <value>0x18dd</value>
         <object_component_ref idref="oc-386"/>
      </symbol>
      <symbol id="sm-497">
         <name>PCM_getPowerState</name>
         <value>0x20c5</value>
         <object_component_ref idref="oc-392"/>
      </symbol>
      <symbol id="sm-498">
         <name>PCM_setPowerMode</name>
         <value>0x212f</value>
         <object_component_ref idref="oc-398"/>
      </symbol>
      <symbol id="sm-4d8">
         <name>EUSCI_B_SPI_enable</name>
         <value>0x206d</value>
         <object_component_ref idref="oc-424"/>
      </symbol>
      <symbol id="sm-4d9">
         <name>SPI_enableModule</name>
         <value>0x1fd1</value>
         <object_component_ref idref="oc-3b5"/>
      </symbol>
      <symbol id="sm-4da">
         <name>EUSCI_A_SPI_enable</name>
         <value>0x2057</value>
         <object_component_ref idref="oc-41e"/>
      </symbol>
      <symbol id="sm-4db">
         <name>SPI_initMaster</name>
         <value>0x101f</value>
         <object_component_ref idref="oc-3af"/>
      </symbol>
      <symbol id="sm-543">
         <name>Timer_A_enableCaptureCompareInterrupt</name>
         <value>0x1ec1</value>
         <object_component_ref idref="oc-2a5"/>
      </symbol>
      <symbol id="sm-544">
         <name>Timer_A_getCounterValue</name>
         <value>0x1a7f</value>
         <object_component_ref idref="oc-cb"/>
      </symbol>
      <symbol id="sm-545">
         <name>Timer_A_setCompareValue</name>
         <value>0x1f65</value>
         <object_component_ref idref="oc-d1"/>
      </symbol>
      <symbol id="sm-546">
         <name>Timer_A_clearCaptureCompareInterrupt</name>
         <value>0x1e95</value>
         <object_component_ref idref="oc-b9"/>
      </symbol>
      <symbol id="sm-547">
         <name>Timer_A_initCompare</name>
         <value>0x1a31</value>
         <object_component_ref idref="oc-180"/>
      </symbol>
      <symbol id="sm-548">
         <name>Timer_A_startCounter</name>
         <value>0x20af</value>
         <object_component_ref idref="oc-17a"/>
      </symbol>
      <symbol id="sm-549">
         <name>Timer_A_configureUpMode</name>
         <value>0x15cd</value>
         <object_component_ref idref="oc-170"/>
      </symbol>
      <symbol id="sm-555">
         <name>WDT_A_holdTimer</name>
         <value>0x1f8d</value>
         <object_component_ref idref="oc-1bc"/>
      </symbol>
      <symbol id="sm-567">
         <name>CPU_cpsie</name>
         <value>0x2159</value>
         <object_component_ref idref="oc-21b"/>
      </symbol>
      <symbol id="sm-568">
         <name>CPU_cpsid</name>
         <value>0x214d</value>
         <object_component_ref idref="oc-287"/>
      </symbol>
      <symbol id="sm-583">
         <name>memcpy</name>
         <value>0x12a3</value>
         <object_component_ref idref="oc-37"/>
      </symbol>
      <symbol id="sm-584">
         <name>__aeabi_memcpy</name>
         <value>0x12a3</value>
         <object_component_ref idref="oc-37"/>
      </symbol>
      <symbol id="sm-585">
         <name>__aeabi_memcpy8</name>
         <value>0x12a3</value>
         <object_component_ref idref="oc-37"/>
      </symbol>
      <symbol id="sm-586">
         <name>__aeabi_memcpy4</name>
         <value>0x12a3</value>
         <object_component_ref idref="oc-37"/>
      </symbol>
      <symbol id="sm-59f">
         <name>__TI_zero_init_nomemset</name>
         <value>0x1fed</value>
         <object_component_ref idref="oc-43"/>
      </symbol>
      <symbol id="sm-5b6">
         <name>__TI_decompress_none</name>
         <value>0x213f</value>
         <object_component_ref idref="oc-1d"/>
      </symbol>
      <symbol id="sm-5d9">
         <name>__TI_decompress_lzss</name>
         <value>0x1635</value>
         <object_component_ref idref="oc-17"/>
      </symbol>
      <symbol id="sm-5ec">
         <name>__stack</name>
         <value>0x2000fe00</value>
         <object_component_ref idref="oc-29"/>
      </symbol>
      <symbol id="sm-5ed">
         <name>_c_int00_noargs</name>
         <value>0x1d7d</value>
         <object_component_ref idref="oc-55"/>
      </symbol>
      <symbol id="sm-616">
         <name>__TI_auto_init_nobinit_nopinit</name>
         <value>0x1b61</value>
         <object_component_ref idref="oc-132"/>
      </symbol>
      <symbol id="sm-620">
         <name>_system_pre_init</name>
         <value>0x217b</value>
         <object_component_ref idref="oc-99"/>
      </symbol>
      <symbol id="sm-62c">
         <name>C$$EXIT</name>
         <value>0x217f</value>
         <object_component_ref idref="oc-126"/>
      </symbol>
      <symbol id="sm-62d">
         <name>abort</name>
         <value>0x217f</value>
         <object_component_ref idref="oc-126"/>
      </symbol>
      <symbol id="sm-630">
         <name>__TI_static_base__</name>
         <value>0x0</value>
      </symbol>
      <symbol id="sm-633">
         <name>__mpu_init</name>
         <value>0x0</value>
      </symbol>
      <symbol id="sm-634">
         <name>_system_post_cinit</name>
         <value>0x0</value>
      </symbol>
      <symbol id="sm-635">
         <name>NMI_Handler</name>
         <value>0x133f</value>
      </symbol>
      <symbol id="sm-636">
         <name>HardFault_Handler</name>
         <value>0x133f</value>
      </symbol>
      <symbol id="sm-637">
         <name>MemManage_Handler</name>
         <value>0x133f</value>
      </symbol>
      <symbol id="sm-638">
         <name>BusFault_Handler</name>
         <value>0x133f</value>
      </symbol>
      <symbol id="sm-639">
         <name>UsageFault_Handler</name>
         <value>0x133f</value>
      </symbol>
      <symbol id="sm-63a">
         <name>SVC_Handler</name>
         <value>0x133f</value>
      </symbol>
      <symbol id="sm-63b">
         <name>DebugMon_Handler</name>
         <value>0x133f</value>
      </symbol>
      <symbol id="sm-63c">
         <name>PendSV_Handler</name>
         <value>0x133f</value>
      </symbol>
      <symbol id="sm-63d">
         <name>SysTick_Handler</name>
         <value>0x133f</value>
      </symbol>
      <symbol id="sm-63e">
         <name>PSS_IRQHandler</name>
         <value>0x133f</value>
      </symbol>
      <symbol id="sm-63f">
         <name>CS_IRQHandler</name>
         <value>0x133f</value>
      </symbol>
      <symbol id="sm-640">
         <name>PCM_IRQHandler</name>
         <value>0x133f</value>
      </symbol>
      <symbol id="sm-641">
         <name>WDT_A_IRQHandler</name>
         <value>0x133f</value>
      </symbol>
      <symbol id="sm-642">
         <name>FPU_IRQHandler</name>
         <value>0x133f</value>
      </symbol>
      <symbol id="sm-643">
         <name>FLCTL_IRQHandler</name>
         <value>0x133f</value>
      </symbol>
      <symbol id="sm-644">
         <name>COMP_E0_IRQHandler</name>
         <value>0x133f</value>
      </symbol>
      <symbol id="sm-645">
         <name>COMP_E1_IRQHandler</name>
         <value>0x133f</value>
      </symbol>
      <symbol id="sm-646">
         <name>TA0_0_IRQHandler</name>
         <value>0x133f</value>
      </symbol>
      <symbol id="sm-647">
         <name>TA0_N_IRQHandler</name>
         <value>0x133f</value>
      </symbol>
      <symbol id="sm-648">
         <name>TA1_0_IRQHandler</name>
         <value>0x1341</value>
      </symbol>
      <symbol id="sm-649">
         <name>TA1_N_IRQHandler</name>
         <value>0x133f</value>
      </symbol>
      <symbol id="sm-64a">
         <name>TA2_0_IRQHandler</name>
         <value>0x133f</value>
      </symbol>
      <symbol id="sm-64b">
         <name>TA2_N_IRQHandler</name>
         <value>0x133f</value>
      </symbol>
      <symbol id="sm-64c">
         <name>TA3_0_IRQHandler</name>
         <value>0x133f</value>
      </symbol>
      <symbol id="sm-64d">
         <name>TA3_N_IRQHandler</name>
         <value>0x133f</value>
      </symbol>
      <symbol id="sm-64e">
         <name>EUSCIA0_IRQHandler</name>
         <value>0x133f</value>
      </symbol>
      <symbol id="sm-64f">
         <name>EUSCIA1_IRQHandler</name>
         <value>0x133f</value>
      </symbol>
      <symbol id="sm-650">
         <name>EUSCIA2_IRQHandler</name>
         <value>0x133f</value>
      </symbol>
      <symbol id="sm-651">
         <name>EUSCIA3_IRQHandler</name>
         <value>0x133f</value>
      </symbol>
      <symbol id="sm-652">
         <name>EUSCIB0_IRQHandler</name>
         <value>0x133f</value>
      </symbol>
      <symbol id="sm-653">
         <name>EUSCIB1_IRQHandler</name>
         <value>0x133f</value>
      </symbol>
      <symbol id="sm-654">
         <name>EUSCIB2_IRQHandler</name>
         <value>0x133f</value>
      </symbol>
      <symbol id="sm-655">
         <name>EUSCIB3_IRQHandler</name>
         <value>0x133f</value>
      </symbol>
      <symbol id="sm-656">
         <name>ADC14_IRQHandler</name>
         <value>0x133f</value>
      </symbol>
      <symbol id="sm-657">
         <name>T32_INT1_IRQHandler</name>
         <value>0x133f</value>
      </symbol>
      <symbol id="sm-658">
         <name>T32_INT2_IRQHandler</name>
         <value>0x133f</value>
      </symbol>
      <symbol id="sm-659">
         <name>T32_INTC_IRQHandler</name>
         <value>0x133f</value>
      </symbol>
      <symbol id="sm-65a">
         <name>AES256_IRQHandler</name>
         <value>0x133f</value>
      </symbol>
      <symbol id="sm-65b">
         <name>RTC_C_IRQHandler</name>
         <value>0x133f</value>
      </symbol>
      <symbol id="sm-65c">
         <name>DMA_ERR_IRQHandler</name>
         <value>0x133f</value>
      </symbol>
      <symbol id="sm-65d">
         <name>DMA_INT3_IRQHandler</name>
         <value>0x133f</value>
      </symbol>
      <symbol id="sm-65e">
         <name>DMA_INT2_IRQHandler</name>
         <value>0x133f</value>
      </symbol>
      <symbol id="sm-65f">
         <name>DMA_INT1_IRQHandler</name>
         <value>0x133f</value>
      </symbol>
      <symbol id="sm-660">
         <name>DMA_INT0_IRQHandler</name>
         <value>0x133f</value>
      </symbol>
      <symbol id="sm-661">
         <name>PORT1_IRQHandler</name>
         <value>0x133f</value>
      </symbol>
      <symbol id="sm-662">
         <name>PORT2_IRQHandler</name>
         <value>0x133f</value>
      </symbol>
      <symbol id="sm-663">
         <name>PORT3_IRQHandler</name>
         <value>0x133f</value>
      </symbol>
      <symbol id="sm-664">
         <name>PORT4_IRQHandler</name>
         <value>0x133f</value>
      </symbol>
      <symbol id="sm-665">
         <name>PORT5_IRQHandler</name>
         <value>0x133f</value>
      </symbol>
      <symbol id="sm-666">
         <name>PORT6_IRQHandler</name>
         <value>0x133f</value>
      </symbol>
   </symbol_table>
   <title>Link successful</title>
</link_info>
