******************************************************************************
                  TI ARM Linker PC v20.2.5                     
******************************************************************************
>> Linked Tue Nov  2 15:52:27 2021

OUTPUT FILE NAME:   <Tetris.out>
ENTRY POINT SYMBOL: "_c_int00_noargs"  address: 00004b71


MEMORY CONFIGURATION

         name            origin    length      used     unused   attr    fill
----------------------  --------  ---------  --------  --------  ----  --------
  MAIN                  00000000   00040000  0000582c  0003a7d4  R  X
  INFO                  00200000   00004000  00000000  00004000  R  X
  SRAM_CODE             01000000   00010000  00000375  0000fc8b  RW X
  SRAM_DATA             20000000   00010000  00000375  0000fc8b  RW  


SEGMENT ALLOCATION MAP

run origin  load origin   length   init length attrs members
----------  ----------- ---------- ----------- ----- -------
00000000    00000000    00005830   00005830    r-x
  00000000    00000000    000000e4   000000e4    r-- .intvecs
  000000e4    000000e4    00005044   00005044    r-x .text
  00005128    00005128    000006a4   000006a4    r-- .const
  000057d0    000057d0    00000060   00000060    r-- .cinit
20000000    20000000    00000178   00000000    rw-
  20000000    20000000    0000011d   00000000    rw- .bss
  20000120    20000120    00000058   00000000    rw- .data
2000fe00    2000fe00    00000200   00000000    rw-
  2000fe00    2000fe00    00000200   00000000    rw- .stack


SECTION ALLOCATION MAP

 output                                  attributes/
section   page    origin      length       input sections
--------  ----  ----------  ----------   ----------------
.intvecs   0    00000000    000000e4     
                  00000000    000000e4     startup_msp432p401r_ccs.obj (.intvecs:retain)

.text      0    000000e4    00005044     
                  000000e4    00000a4e     rtsv7M4_T_le_v4SPD16_eabi.lib : _printfi.c.obj (.text:__TI_printfi)
                  00000b32    0000047e     grlib.a : string.obj (.text:Graphics_drawString)
                  00000fb0    00000288     main.obj (.text:draw)
                  00001238    00000274     main.obj (.text:ADC14_IRQHandler)
                  000014ac    00000270     rtsv7M4_T_le_v4SPD16_eabi.lib : _printfi.c.obj (.text:_pconv_a)
                  0000171c    000001e4     main.obj (.text:clearRows)
                  00001900    000001d8     Crystalfontz128x128_ST7735.obj (.text:Crystalfontz128x128_PixelDrawMultiple)
                  00001ad8    000001d0     rtsv7M4_T_le_v4SPD16_eabi.lib : _printfi.c.obj (.text:_pconv_g)
                  00001ca8    000001b6                                   : fd_add_t2.asm.obj (.text)
                  00001e5e    00000002     startup_msp432p401r_ccs.obj (.text:Default_Handler)
                  00001e60    00000160     msp432p4xx_driverlib.lib : adc14.o (.text:_getIndexForMemRegister)
                  00001fc0    00000160     main.obj (.text:randompiece)
                  00002120    0000015c     msp432p4xx_driverlib.lib : pcm.o (.text:__PCM_setPowerModeAdvanced)
                  0000227c    00000144     main.obj (.text:_hwInit)
                  000023c0    0000013c     rtsv7M4_T_le_v4SPD16_eabi.lib : _printfi.c.obj (.text:_pconv_e)
                  000024fc    0000013c     main.obj (.text:move)
                  00002638    00000138     main.obj (.text:main)
                  00002770    00000136     rtsv7M4_T_le_v4SPD16_eabi.lib : fd_div_t2.asm.obj (.text)
                  000028a6    00000002                                   : div0.asm.obj (.text)
                  000028a8    00000134     Crystalfontz128x128_ST7735.obj (.text:Crystalfontz128x128_SetDrawFrame)
                  000029dc    00000130     msp432p4xx_driverlib.lib : cs.o (.text:CS_initClockSignal)
                  00002b0c    0000012c     Crystalfontz128x128_ST7735.obj (.text:Crystalfontz128x128_Init)
                  00002c38    00000128     main.obj (.text:PORT5_IRQHandler)
                  00002d60    00000124     main.obj (.text:PORT3_IRQHandler)
                  00002e84    00000124     rtsv7M4_T_le_v4SPD16_eabi.lib : _printfi.c.obj (.text:fcvt)
                  00002fa8    00000112     grlib.a : rectangle.obj (.text:Graphics_fillRectangle)
                  000030ba    00000002     --HOLE-- [fill = 0]
                  000030bc    00000110     rtsv7M4_T_le_v4SPD16_eabi.lib : s_scalbn.c.obj (.text:scalbn)
                  000031cc    00000108     msp432p4xx_driverlib.lib : pcm.o (.text:__PCM_setCoreVoltageLevelAdvanced)
                  000032d4    000000fc     rtsv7M4_T_le_v4SPD16_eabi.lib : fd_mul_t2.asm.obj (.text)
                  000033d0    000000f4     main.obj (.text:place)
                  000034c4    000000c4     main.obj (.text:drawPiece)
                  00003588    000000b8     main.obj (.text:rand)
                  00003640    000000b4     msp432p4xx_driverlib.lib : adc14.o (.text:ADC14_configureConversionMemory)
                  000036f4    000000b4                              : adc14.o (.text:ADC14_configureMultiSequenceMode)
                  000037a8    000000b1     rtsv7M4_T_le_v4SPD16_eabi.lib : _printfi.c.obj (.text:_ltostr)
                  00003859    00000001     --HOLE-- [fill = 0]
                  0000385a    000000b0     msp432p4xx_driverlib.lib : spi.o (.text:SPI_initMaster)
                  0000390a    00000002     --HOLE-- [fill = 0]
                  0000390c    000000a4     main.obj (.text:PORT4_IRQHandler)
                  000039b0    000000a4     main.obj (.text:rotate)
                  00003a54    000000a2     grlib.a : rectangle.obj (.text:Graphics_drawRectangle)
                  00003af6    0000009c     Crystalfontz128x128_ST7735.obj (.text:Crystalfontz128x128_RectFill)
                  00003b92    0000009c     grlib.a : line.obj (.text:Graphics_drawLineH)
                  00003c2e    0000009c             : line.obj (.text:Graphics_drawLineV)
                  00003cca    0000009c     rtsv7M4_T_le_v4SPD16_eabi.lib : memcpy_t2.asm.obj (.text)
                  00003d66    00000096                                   : ull_div_t2.asm.obj (.text)
                  00003dfc    00000088     msp432p4xx_driverlib.lib : gpio.o (.text:GPIO_setAsPeripheralModuleFunctionInputPin)
                  00003e84    00000088                              : gpio.o (.text:GPIO_setAsPeripheralModuleFunctionOutputPin)
                  00003f0c    00000086     rtsv7M4_T_le_v4SPD16_eabi.lib : fd_cmp_t2.asm.obj (.text:__aeabi_cdcmple)
                  00003f92    00000086                                   : fd_cmp_t2.asm.obj (.text:__aeabi_cdrcmple)
                  00004018    00000080     msp432p4xx_driverlib.lib : interrupt.o (.text:Interrupt_enableInterrupt)
                  00004098    0000007a     rtsv7M4_T_le_v4SPD16_eabi.lib : memset_t2.asm.obj (.text)
                  00004112    00000002     --HOLE-- [fill = 0]
                  00004114    00000078     system_msp432p401r.obj (.text:SystemInit)
                  0000418c    0000006e     rtsv7M4_T_le_v4SPD16_eabi.lib : _printfi.c.obj (.text:_mcpy)
                  000041fa    0000006a     main.obj (.text:_adcInit)
                  00004264    00000068     rtsv7M4_T_le_v4SPD16_eabi.lib : copy_decompress_lzss.c.obj (.text:decompress:lzss:__TI_decompress_lzss)
                  000042cc    00000064     main.obj (.text:drawscore)
                  00004330    00000064     rtsv7M4_T_le_v4SPD16_eabi.lib : s_frexp.c.obj (.text:frexp)
                  00004394    00000060     Crystalfontz128x128_ST7735.obj (.text:Crystalfontz128x128_LineDrawH)
                  000043f4    00000060     Crystalfontz128x128_ST7735.obj (.text:Crystalfontz128x128_LineDrawV)
                  00004454    0000005e     msp432p4xx_driverlib.lib : pcm.o (.text:PCM_getCoreVoltageLevel)
                  000044b2    0000005a                              : pcm.o (.text:PCM_getPowerMode)
                  0000450c    00000056     rtsv7M4_T_le_v4SPD16_eabi.lib : _printfi.c.obj (.text:_pconv_f)
                  00004562    00000002     --HOLE-- [fill = 0]
                  00004564    00000054     msp432p4xx_driverlib.lib : adc14.o (.text:ADC14_initModule)
                  000045b8    00000054     Crystalfontz128x128_ST7735.obj (.text:Crystalfontz128x128_SetOrientation)
                  0000460c    00000054     rtsv7M4_T_le_v4SPD16_eabi.lib : _ltoa.c.obj (.text:__TI_ltoa)
                  00004660    00000052     grlib.a : context.obj (.text:Graphics_initContext)
                  000046b2    00000052     rtsv7M4_T_le_v4SPD16_eabi.lib : _printfi.c.obj (.text:_ecpy)
                  00004704    0000004c                                   : atoi.c.obj (.text:atoi)
                  00004750    00000048     msp432p4xx_driverlib.lib : flash.o (.text:FlashCtl_setWaitState)
                  00004798    00000048     main.obj (.text:_graphicsInit)
                  000047e0    00000048     rtsv7M4_T_le_v4SPD16_eabi.lib : fd_toi_t2.asm.obj (.text)
                  00004828    00000044                                   : autoinit.c.obj (.text:__TI_auto_init_nobinit_nopinit:__TI_auto_init_nobinit_nopinit)
                  0000486c    00000040     Crystalfontz128x128_ST7735.obj (.text:Crystalfontz128x128_PixelDraw)
                  000048ac    00000040     msp432p4xx_driverlib.lib : gpio.o (.text:GPIO_setAsOutputPin)
                  000048ec    00000040     grlib.a : string.obj (.text:Graphics_getNumberOfLeadingZeros)
                  0000492c    00000040     HAL_MSP_EXP432P401R_Crystalfontz128x128_ST7735.obj (.text:HAL_LCD_SpiInit)
                  0000496c    00000040     msp432p4xx_driverlib.lib : spi.o (.text:is_A_Module)
                  000049ac    00000040     rtsv7M4_T_le_v4SPD16_eabi.lib : sprintf.c.obj (.text:sprintf)
                  000049ec    0000003e                                   : _printfi.c.obj (.text:_fcpy)
                  00004a2a    00000002     --HOLE-- [fill = 0]
                  00004a2c    00000038     msp432p4xx_driverlib.lib : adc14.o (.text:ADC14_getEnabledInterruptStatus)
                  00004a64    00000038     HAL_MSP_EXP432P401R_Crystalfontz128x128_ST7735.obj (.text:HAL_LCD_writeCommand)
                  00004a9c    00000036     grlib.a : display.obj (.text:Graphics_drawHorizontalLineOnDisplay)
                  00004ad2    00000036             : display.obj (.text:Graphics_drawVerticalLineOnDisplay)
                  00004b08    00000034     msp432p4xx_driverlib.lib : adc14.o (.text:ADC14_enableSampleTimer)
                  00004b3c    00000034                              : cs.o (.text:CS_setDCOCenteredFrequency)
                  00004b70    00000034     rtsv7M4_T_le_v4SPD16_eabi.lib : boot_cortex_m.c.obj (.text:_c_int00_noargs:_c_int00_noargs)
                  00004ba4    00000030     msp432p4xx_driverlib.lib : adc14.o (.text:ADC14_clearInterruptFlag)
                  00004bd4    00000030                              : adc14.o (.text:ADC14_enableInterrupt)
                  00004c04    00000030                              : cs.o (.text:CS_setReferenceOscillatorFrequency)
                  00004c34    00000030     HAL_MSP_EXP432P401R_Crystalfontz128x128_ST7735.obj (.text:HAL_LCD_PortInit)
                  00004c64    0000002e     rtsv7M4_T_le_v4SPD16_eabi.lib : i_tofd_t2.asm.obj (.text)
                  00004c92    00000002     --HOLE-- [fill = 0]
                  00004c94    0000002c     msp432p4xx_driverlib.lib : adc14.o (.text:ADC14_getInterruptStatus)
                  00004cc0    0000002c                              : adc14.o (.text:ADC14_toggleConversionTrigger)
                  00004cec    0000002c     Crystalfontz128x128_ST7735.obj (.text:Crystalfontz128x128_ClearScreen)
                  00004d18    0000002c     grlib.a : display.obj (.text:Graphics_drawPixelOnDisplay)
                  00004d44    0000002c     HAL_MSP_EXP432P401R_Crystalfontz128x128_ST7735.obj (.text:HAL_LCD_writeData)
                  00004d70    00000028     msp432p4xx_driverlib.lib : adc14.o (.text:ADC14_enableConversion)
                  00004d98    00000028                              : adc14.o (.text:ADC14_getResult)
                  00004dc0    00000028     Crystalfontz128x128_ST7735.obj (.text:Crystalfontz128x128_ColorTranslate)
                  00004de8    00000028     msp432p4xx_driverlib.lib : gpio.o (.text:GPIO_setOutputHighOnPin)
                  00004e10    00000028                              : gpio.o (.text:GPIO_setOutputLowOnPin)
                  00004e38    00000024                              : wdt_a.o (.text:WDT_A_holdTimer)
                  00004e5c    00000024     main.obj (.text:dumb_sleep)
                  00004e80    0000001e     grlib.a : display.obj (.text:Graphics_fillRectangleOnDisplay)
                  00004e9e    0000001c     msp432p4xx_driverlib.lib : spi.o (.text:SPI_enableModule)
                  00004eba    0000001c     rtsv7M4_T_le_v4SPD16_eabi.lib : copy_zero_init.c.obj (.text:decompress:ZI:__TI_zero_init_nomemset:__TI_zero_init_nomemset)
                  00004ed6    0000001c                                   : memccpy.c.obj (.text:memccpy)
                  00004ef2    0000001a     grlib.a : display.obj (.text:Graphics_clearDisplayOnDisplay)
                  00004f0c    0000001a             : context.obj (.text:Graphics_setBackgroundColor)
                  00004f26    0000001a             : context.obj (.text:Graphics_setFont)
                  00004f40    0000001a     rtsv7M4_T_le_v4SPD16_eabi.lib : s_copysign.c.obj (.text:copysign)
                  00004f5a    00000002     --HOLE-- [fill = 0]
                  00004f5c    00000018     main.obj (.text:TA0_N_IRQHandler)
                  00004f74    00000018     rtsv7M4_T_le_v4SPD16_eabi.lib : sprintf.c.obj (.text:_outs)
                  00004f8c    00000016     msp432p4xx_driverlib.lib : spi.o (.text:EUSCI_A_SPI_enable)
                  00004fa2    00000016                              : spi.o (.text:EUSCI_B_SPI_enable)
                  00004fb8    00000016     grlib.a : context.obj (.text:Graphics_setForegroundColor)
                  00004fce    00000016             : display.obj (.text:Graphics_translateColorOnDisplay)
                  00004fe4    00000016     msp432p4xx_driverlib.lib : timer_a.o (.text:Timer_A_clearInterruptFlag)
                  00004ffa    00000016                              : timer_a.o (.text:Timer_A_startCounter)
                  00005010    00000016     rtsv7M4_T_le_v4SPD16_eabi.lib : strchr.c.obj (.text:strchr)
                  00005026    00000002     --HOLE-- [fill = 0]
                  00005028    00000014     msp432p4xx_driverlib.lib : pcm.o (.text:PCM_getPowerState)
                  0000503c    00000014     rtsv7M4_T_le_v4SPD16_eabi.lib : strlen.c.obj (.text:strlen)
                  00005050    00000012     grlib.a : context.obj (.text:Graphics_clearDisplay)
                  00005062    00000012     rtsv7M4_T_le_v4SPD16_eabi.lib : wcslen.c.obj (.text:wcslen)
                  00005074    00000010     msp432p4xx_driverlib.lib : adc14.o (.text:ADCIsConversionRunning)
                  00005084    00000010                              : interrupt.o (.text:Interrupt_disableMaster)
                  00005094    00000010                              : interrupt.o (.text:Interrupt_enableMaster)
                  000050a4    00000010                              : pcm.o (.text:PCM_setCoreVoltageLevel)
                  000050b4    00000010                              : pcm.o (.text:PCM_setPowerMode)
                  000050c4    0000000e     rtsv7M4_T_le_v4SPD16_eabi.lib : copy_decompress_none.c.obj (.text:decompress:none:__TI_decompress_none)
                  000050d2    00000002     --HOLE-- [fill = 0]
                  000050d4    0000000c     msp432p4xx_driverlib.lib : adc14.o (.text:ADC14_enableModule)
                  000050e0    0000000c                              : cpu.o (.text:CPU_cpsid)
                  000050ec    0000000c                              : cpu.o (.text:CPU_cpsie)
                  000050f8    0000000c     startup_msp432p401r_ccs.obj (.text:Reset_Handler)
                  00005104    0000000a     Crystalfontz128x128_ST7735.obj (.text:Crystalfontz128x128_Flush)
                  0000510e    0000000a     rtsv7M4_T_le_v4SPD16_eabi.lib : sprintf.c.obj (.text:_outc)
                  00005118    00000008                                   : errno.c.obj (.text:__aeabi_errno_addr)
                  00005120    00000004                                   : pre_init.c.obj (.text:_system_pre_init)
                  00005124    00000004                                   : exit.c.obj (.text:abort:abort)

.const     0    00005128    000006a4     
                  00005128    000002f8     grlib.a : fontfixed6x8.obj (.const:.string:g_pucFontFixed6x8Data)
                  00005420    00000101     rtsv7M4_T_le_v4SPD16_eabi.lib : ctype.c.obj (.const:.string:_ctypes_)
                  00005521    00000003     --HOLE-- [fill = 0]
                  00005524    000000c8     grlib.a : fontfixed6x8.obj (.const:g_sFontFixed6x8)
                  000055ec    00000080     main.obj (.const:SRS)
                  0000566c    00000080     msp432p4xx_driverlib.lib : adc14.o (.const:_ctlRegs)
                  000056ec    00000038     main.obj (.const:P)
                  00005724    00000030     msp432p4xx_driverlib.lib : gpio.o (.const:GPIO_PORT_TO_BASE)
                  00005754    00000020     Crystalfontz128x128_ST7735.obj (.const:g_sCrystalfontz128x128_funcs)
                  00005774    0000001c     HAL_MSP_EXP432P401R_Crystalfontz128x128_ST7735.obj (.const:$P$T0$1)
                  00005790    00000014     main.obj (.const:.string:leveldelay)
                  000057a4    00000008     Crystalfontz128x128_ST7735.obj (.const:$P$T0$1)
                  000057ac    00000008     main.obj (.const:$P$T0$1)
                  000057b4    00000008     main.obj (.const:$P$T1$2)
                  000057bc    00000008     main.obj (.const:$P$T2$3)
                  000057c4    00000008     msp432p4xx_driverlib.lib : interrupt.o (.const:g_pulEnRegs)

.cinit     0    000057d0    00000060     
                  000057d0    00000039     (.cinit..data.load) [load image, compression = lzss]
                  00005809    00000003     --HOLE-- [fill = 0]
                  0000580c    0000000c     (__TI_handler_table)
                  00005818    00000008     (.cinit..bss.load) [load image, compression = zero_init]
                  00005820    00000010     (__TI_cinit_table)

.init_array 
*          0    00000000    00000000     UNINITIALIZED

.binit     0    00000000    00000000     

.bss       0    20000000    0000011d     UNINITIALIZED
                  20000000    000000c8     (.common:grid)
                  200000c8    0000001c     (.common:g_sContext)
                  200000e4    00000014     (.common:txtbuffer)
                  200000f8    00000008     (.common:bag)
                  20000100    00000004     main.obj (.bss:resultsBuffer)
                  20000104    00000004     (.common:score)
                  20000108    00000004     (.common:totlines)
                  2000010c    00000002     (.common:Lcd_ScreenHeigth)
                  2000010e    00000002     (.common:Lcd_ScreenWidth)
                  20000110    00000002     (.common:Lcd_TouchTrim)
                  20000112    00000001     (.common:Lcd_FlagRead)
                  20000113    00000001     (.common:Lcd_FontSolid)
                  20000114    00000001     (.common:Lcd_Orientation)
                  20000115    00000001     (.common:Lcd_PenSolid)
                  20000116    00000001     (.common:bgi)
                  20000117    00000001     (.common:currX)
                  20000118    00000001     (.common:currY)
                  20000119    00000001     (.common:flags)
                  2000011a    00000001     (.common:newpiece)
                  2000011b    00000001     (.common:piece)
                  2000011c    00000001     (.common:rot)

.data      0    20000120    00000058     UNINITIALIZED
                  20000120    00000028     main.obj (.data)
                  20000148    0000001c     main.obj (.data:colors)
                  20000164    00000010     Crystalfontz128x128_ST7735.obj (.data:g_sCrystalfontz128x128)
                  20000174    00000004     rtsv7M4_T_le_v4SPD16_eabi.lib : errno.c.obj (.data)

.stack     0    2000fe00    00000200     UNINITIALIZED
                  2000fe00    00000004     rtsv7M4_T_le_v4SPD16_eabi.lib : boot_cortex_m.c.obj (.stack)
                  2000fe04    000001fc     --HOLE--

__llvm_prf_cnts 
*          0    20000000    00000000     UNINITIALIZED

MODULE SUMMARY

       Module                                               code    ro data   rw data
       ------                                               ----    -------   -------
    .\
       main.obj                                             4942    228       686    
       system_msp432p401r.obj                               120     0         0      
    +--+----------------------------------------------------+-------+---------+---------+
       Total:                                               5062    228       686    
                                                                                     
    .\LcdDriver\
       Crystalfontz128x128_ST7735.obj                       1670    40        52     
       HAL_MSP_EXP432P401R_Crystalfontz128x128_ST7735.obj   212     28        0      
    +--+----------------------------------------------------+-------+---------+---------+
       Total:                                               1882    68        52     
                                                                                     
    .\ccs\
       startup_msp432p401r_ccs.obj                          14      228       0      
    +--+----------------------------------------------------+-------+---------+---------+
       Total:                                               14      228       0      
                                                                                     
    C:/ti/simplelink_msp432p4_sdk_3_40_01_02/source/ti/devices/msp432p4xx/driverlib/ccs/msp432p4xx_driverlib.lib
       adc14.o                                              1196    128       0      
       pcm.o                                                848     0         0      
       gpio.o                                               416     48        0      
       cs.o                                                 404     0         0      
       spi.o                                                312     0         0      
       interrupt.o                                          160     8         0      
       flash.o                                              72      0         0      
       timer_a.o                                            44      0         0      
       wdt_a.o                                              36      0         0      
       cpu.o                                                24      0         0      
    +--+----------------------------------------------------+-------+---------+---------+
       Total:                                               3512    184       0      
                                                                                     
    C:/ti/simplelink_msp432p4_sdk_3_40_01_02/source/ti/grlib/lib/ccs/m4f/grlib.a
       string.obj                                           1214    0         0      
       fontfixed6x8.obj                                     0       960       0      
       rectangle.obj                                        436     0         0      
       line.obj                                             312     0         0      
       display.obj                                          230     0         0      
       context.obj                                          174     0         0      
    +--+----------------------------------------------------+-------+---------+---------+
       Total:                                               2366    960       0      
                                                                                     
    C:\ti\ccs1040\ccs\tools\compiler\ti-cgt-arm_20.2.5.LTS\lib\rtsv7M4_T_le_v4SPD16_eabi.lib
       _printfi.c.obj                                       4851    0         0      
       fd_add_t2.asm.obj                                    438     0         0      
       fd_div_t2.asm.obj                                    310     0         0      
       s_scalbn.c.obj                                       272     0         0      
       fd_cmp_t2.asm.obj                                    268     0         0      
       ctype.c.obj                                          0       257       0      
       fd_mul_t2.asm.obj                                    252     0         0      
       memcpy_t2.asm.obj                                    156     0         0      
       ull_div_t2.asm.obj                                   150     0         0      
       memset_t2.asm.obj                                    122     0         0      
       copy_decompress_lzss.c.obj                           104     0         0      
       s_frexp.c.obj                                        100     0         0      
       sprintf.c.obj                                        98      0         0      
       _ltoa.c.obj                                          84      0         0      
       atoi.c.obj                                           76      0         0      
       fd_toi_t2.asm.obj                                    72      0         0      
       autoinit.c.obj                                       68      0         0      
       boot_cortex_m.c.obj                                  52      0         0      
       i_tofd_t2.asm.obj                                    46      0         0      
       copy_zero_init.c.obj                                 28      0         0      
       memccpy.c.obj                                        28      0         0      
       s_copysign.c.obj                                     26      0         0      
       strchr.c.obj                                         22      0         0      
       strlen.c.obj                                         20      0         0      
       wcslen.c.obj                                         18      0         0      
       errno.c.obj                                          8       0         8      
       copy_decompress_none.c.obj                           14      0         0      
       exit.c.obj                                           4       0         0      
       pre_init.c.obj                                       4       0         0      
       div0.asm.obj                                         2       0         0      
    +--+----------------------------------------------------+-------+---------+---------+
       Total:                                               7693    257       8      
                                                                                     
       Stack:                                               0       0         1024   
       Linker Generated:                                    0       93        0      
    +--+----------------------------------------------------+-------+---------+---------+
       Grand Total:                                         20529   2018      1770   


LINKER GENERATED COPY TABLES

__TI_cinit_table @ 00005820 records: 2, size/record: 8, table size: 16
	.data: load addr=000057d0, load size=00000039 bytes, run addr=20000120, run size=00000058 bytes, compression=lzss
	.bss: load addr=00005818, load size=00000008 bytes, run addr=20000000, run size=0000011d bytes, compression=zero_init


LINKER GENERATED HANDLER TABLE

__TI_handler_table @ 0000580c records: 3, size/record: 4, table size: 12
	index: 0, handler: __TI_decompress_lzss
	index: 1, handler: __TI_decompress_none
	index: 2, handler: __TI_zero_init


GLOBAL SYMBOLS: SORTED ALPHABETICALLY BY Name 

address   name                                       
-------   ----                                       
00001239  ADC14_IRQHandler                           
00001239  ADC14_IRQHandler                           
00004ba5  ADC14_clearInterruptFlag                   
00003641  ADC14_configureConversionMemory            
000036f5  ADC14_configureMultiSequenceMode           
00004d71  ADC14_enableConversion                     
00004bd5  ADC14_enableInterrupt                      
000050d5  ADC14_enableModule                         
00004b09  ADC14_enableSampleTimer                    
00004a2d  ADC14_getEnabledInterruptStatus            
00004c95  ADC14_getInterruptStatus                   
00004d99  ADC14_getResult                            
00004565  ADC14_initModule                           
00004cc1  ADC14_toggleConversionTrigger              
00001e5f  AES256_IRQHandler                          
00001e5f  BusFault_Handler                           
00005125  C$$EXIT                                    
00001e5f  COMP_E0_IRQHandler                         
00001e5f  COMP_E1_IRQHandler                         
000050e1  CPU_cpsid                                  
000050ed  CPU_cpsie                                  
00001e5f  CS_IRQHandler                              
000029dd  CS_initClockSignal                         
00004b3d  CS_setDCOCenteredFrequency                 
00004c05  CS_setReferenceOscillatorFrequency         
00002b0d  Crystalfontz128x128_Init                   
000028a9  Crystalfontz128x128_SetDrawFrame           
000045b9  Crystalfontz128x128_SetOrientation         
00001e5f  DMA_ERR_IRQHandler                         
00001e5f  DMA_INT0_IRQHandler                        
00001e5f  DMA_INT1_IRQHandler                        
00001e5f  DMA_INT2_IRQHandler                        
00001e5f  DMA_INT3_IRQHandler                        
00001e5f  DebugMon_Handler                           
00001e5f  Default_Handler                            
00001e5f  EUSCIA0_IRQHandler                         
00001e5f  EUSCIA1_IRQHandler                         
00001e5f  EUSCIA2_IRQHandler                         
00001e5f  EUSCIA3_IRQHandler                         
00001e5f  EUSCIB0_IRQHandler                         
00001e5f  EUSCIB1_IRQHandler                         
00001e5f  EUSCIB2_IRQHandler                         
00001e5f  EUSCIB3_IRQHandler                         
00004f8d  EUSCI_A_SPI_enable                         
00004fa3  EUSCI_B_SPI_enable                         
00001e5f  FLCTL_IRQHandler                           
00001e5f  FPU_IRQHandler                             
00004751  FlashCtl_setWaitState                      
000048ad  GPIO_setAsOutputPin                        
00003dfd  GPIO_setAsPeripheralModuleFunctionInputPin 
00003e85  GPIO_setAsPeripheralModuleFunctionOutputPin
00004de9  GPIO_setOutputHighOnPin                    
00004e11  GPIO_setOutputLowOnPin                     
00005051  Graphics_clearDisplay                      
00004ef3  Graphics_clearDisplayOnDisplay             
00004a9d  Graphics_drawHorizontalLineOnDisplay       
00003b93  Graphics_drawLineH                         
00003c2f  Graphics_drawLineV                         
00004d19  Graphics_drawPixelOnDisplay                
00003a55  Graphics_drawRectangle                     
00000b33  Graphics_drawString                        
00004ad3  Graphics_drawVerticalLineOnDisplay         
00002fa9  Graphics_fillRectangle                     
00004e81  Graphics_fillRectangleOnDisplay            
00004661  Graphics_initContext                       
00004f0d  Graphics_setBackgroundColor                
00004f27  Graphics_setFont                           
00004fb9  Graphics_setForegroundColor                
00004fcf  Graphics_translateColorOnDisplay           
00004c35  HAL_LCD_PortInit                           
0000492d  HAL_LCD_SpiInit                            
00004a65  HAL_LCD_writeCommand                       
00004d45  HAL_LCD_writeData                          
00001e5f  HardFault_Handler                          
00005085  Interrupt_disableMaster                    
00004019  Interrupt_enableInterrupt                  
00005095  Interrupt_enableMaster                     
20000112  Lcd_FlagRead                               
20000113  Lcd_FontSolid                              
20000114  Lcd_Orientation                            
20000115  Lcd_PenSolid                               
2000010c  Lcd_ScreenHeigth                           
2000010e  Lcd_ScreenWidth                            
20000110  Lcd_TouchTrim                              
00001e5f  MemManage_Handler                          
00001e5f  NMI_Handler                                
00001e5f  PCM_IRQHandler                             
00004455  PCM_getCoreVoltageLevel                    
000044b3  PCM_getPowerMode                           
00005029  PCM_getPowerState                          
000050a5  PCM_setCoreVoltageLevel                    
000050b5  PCM_setPowerMode                           
00001e5f  PORT1_IRQHandler                           
00001e5f  PORT2_IRQHandler                           
00002d61  PORT3_IRQHandler                           
00002d61  PORT3_IRQHandler                           
0000390d  PORT4_IRQHandler                           
0000390d  PORT4_IRQHandler                           
00002c39  PORT5_IRQHandler                           
00002c39  PORT5_IRQHandler                           
00001e5f  PORT6_IRQHandler                           
00001e5f  PSS_IRQHandler                             
00001e5f  PendSV_Handler                             
00001e5f  RTC_C_IRQHandler                           
000050f9  Reset_Handler                              
00004e9f  SPI_enableModule                           
0000385b  SPI_initMaster                             
00001e5f  SVC_Handler                                
00001e5f  SysTick_Handler                            
00004115  SystemInit                                 
00001e5f  T32_INT1_IRQHandler                        
00001e5f  T32_INT2_IRQHandler                        
00001e5f  T32_INTC_IRQHandler                        
00001e5f  TA0_0_IRQHandler                           
00004f5d  TA0_N_IRQHandler                           
00004f5d  TA0_N_IRQHandler                           
00001e5f  TA1_0_IRQHandler                           
00001e5f  TA1_N_IRQHandler                           
00001e5f  TA2_0_IRQHandler                           
00001e5f  TA2_N_IRQHandler                           
00001e5f  TA3_0_IRQHandler                           
00001e5f  TA3_N_IRQHandler                           
00004fe5  Timer_A_clearInterruptFlag                 
00004ffb  Timer_A_startCounter                       
00001e5f  UsageFault_Handler                         
4000480c  WDTCTL_SYM                                 
00001e5f  WDT_A_IRQHandler                           
00004e39  WDT_A_holdTimer                            
20010000  __STACK_END                                
00000200  __STACK_SIZE                               
00005820  __TI_CINIT_Base                            
00005830  __TI_CINIT_Limit                           
0000580c  __TI_Handler_Table_Base                    
00005818  __TI_Handler_Table_Limit                   
00004829  __TI_auto_init_nobinit_nopinit             
00004265  __TI_decompress_lzss                       
000050c5  __TI_decompress_none                       
0000460d  __TI_ltoa                                  
ffffffff  __TI_pprof_out_hndl                        
000000e5  __TI_printfi                               
ffffffff  __TI_prof_data_size                        
ffffffff  __TI_prof_data_start                       
00000000  __TI_static_base__                         
00004ebb  __TI_zero_init_nomemset                    
00003f0d  __aeabi_cdcmpeq                            
00003f0d  __aeabi_cdcmple                            
00003f93  __aeabi_cdrcmple                           
000047e1  __aeabi_d2iz                               
00001cb3  __aeabi_dadd                               
00002771  __aeabi_ddiv                               
000032d5  __aeabi_dmul                               
00001ca9  __aeabi_dsub                               
00005119  __aeabi_errno_addr                         
00004c65  __aeabi_i2d                                
000028a7  __aeabi_idiv0                              
000028a7  __aeabi_ldiv0                              
00004099  __aeabi_memclr                             
00004099  __aeabi_memclr4                            
00004099  __aeabi_memclr8                            
00003ccb  __aeabi_memcpy                             
00003ccb  __aeabi_memcpy4                            
00003ccb  __aeabi_memcpy8                            
0000409b  __aeabi_memset                             
0000409b  __aeabi_memset4                            
0000409b  __aeabi_memset8                            
00003d67  __aeabi_uldivmod                           
ffffffff  __binit__                                  
ffffffff  __c_args__                                 
UNDEFED   __mpu_init                                 
2000fe00  __stack                                    
20000000  __start___llvm_prf_cnts                    
20000000  __stop___llvm_prf_cnts                     
000041fb  _adcInit                                   
00004b71  _c_int00_noargs                            
00005420  _ctypes_                                   
00004799  _graphicsInit                              
0000227d  _hwInit                                    
UNDEFED   _system_post_cinit                         
00005121  _system_pre_init                           
00005125  abort                                      
00004705  atoi                                       
200000f8  bag                                        
20000116  bgi                                        
ffffffff  binit                                      
0000171d  clearRows                                  
20000148  colors                                     
00004f41  copysign                                   
00004f41  copysignl                                  
20000117  currX                                      
20000118  currY                                      
00000fb1  draw                                       
000034c5  drawPiece                                  
000042cd  drawscore                                  
00004e5d  dumb_sleep                                 
20000174  errno                                      
20000124  fallCounter                                
20000119  flags                                      
00004331  frexp                                      
00004331  frexpl                                     
200000c8  g_sContext                                 
20000164  g_sCrystalfontz128x128                     
00005754  g_sCrystalfontz128x128_funcs               
00005524  g_sFontFixed6x8                            
20000000  grid                                       
00000000  interruptVectors                           
000030bd  ldexp                                      
000030bd  ldexpl                                     
00005790  leveldelay                                 
20000120  lvl                                        
00002639  main                                       
00004ed7  memccpy                                    
00003ccb  memcpy                                     
000040a1  memset                                     
20000128  millis                                     
000024fd  move                                       
2000011a  newpiece                                   
20000121  newscore                                   
2000011b  piece                                      
000033d1  place                                      
00003589  rand                                       
00001fc1  randompiece                                
2000011c  rot                                        
000039b1  rotate                                     
000030bd  scalbn                                     
000030bd  scalbnl                                    
20000104  score                                      
000049ad  sprintf                                    
00005011  strchr                                     
0000503d  strlen                                     
20000108  totlines                                   
200000e4  txtbuffer                                  
00005063  wcslen                                     


GLOBAL SYMBOLS: SORTED BY Symbol Address 

address   name                                       
-------   ----                                       
00000000  __TI_static_base__                         
00000000  interruptVectors                           
000000e5  __TI_printfi                               
00000200  __STACK_SIZE                               
00000b33  Graphics_drawString                        
00000fb1  draw                                       
00001239  ADC14_IRQHandler                           
00001239  ADC14_IRQHandler                           
0000171d  clearRows                                  
00001ca9  __aeabi_dsub                               
00001cb3  __aeabi_dadd                               
00001e5f  AES256_IRQHandler                          
00001e5f  BusFault_Handler                           
00001e5f  COMP_E0_IRQHandler                         
00001e5f  COMP_E1_IRQHandler                         
00001e5f  CS_IRQHandler                              
00001e5f  DMA_ERR_IRQHandler                         
00001e5f  DMA_INT0_IRQHandler                        
00001e5f  DMA_INT1_IRQHandler                        
00001e5f  DMA_INT2_IRQHandler                        
00001e5f  DMA_INT3_IRQHandler                        
00001e5f  DebugMon_Handler                           
00001e5f  Default_Handler                            
00001e5f  EUSCIA0_IRQHandler                         
00001e5f  EUSCIA1_IRQHandler                         
00001e5f  EUSCIA2_IRQHandler                         
00001e5f  EUSCIA3_IRQHandler                         
00001e5f  EUSCIB0_IRQHandler                         
00001e5f  EUSCIB1_IRQHandler                         
00001e5f  EUSCIB2_IRQHandler                         
00001e5f  EUSCIB3_IRQHandler                         
00001e5f  FLCTL_IRQHandler                           
00001e5f  FPU_IRQHandler                             
00001e5f  HardFault_Handler                          
00001e5f  MemManage_Handler                          
00001e5f  NMI_Handler                                
00001e5f  PCM_IRQHandler                             
00001e5f  PORT1_IRQHandler                           
00001e5f  PORT2_IRQHandler                           
00001e5f  PORT6_IRQHandler                           
00001e5f  PSS_IRQHandler                             
00001e5f  PendSV_Handler                             
00001e5f  RTC_C_IRQHandler                           
00001e5f  SVC_Handler                                
00001e5f  SysTick_Handler                            
00001e5f  T32_INT1_IRQHandler                        
00001e5f  T32_INT2_IRQHandler                        
00001e5f  T32_INTC_IRQHandler                        
00001e5f  TA0_0_IRQHandler                           
00001e5f  TA1_0_IRQHandler                           
00001e5f  TA1_N_IRQHandler                           
00001e5f  TA2_0_IRQHandler                           
00001e5f  TA2_N_IRQHandler                           
00001e5f  TA3_0_IRQHandler                           
00001e5f  TA3_N_IRQHandler                           
00001e5f  UsageFault_Handler                         
00001e5f  WDT_A_IRQHandler                           
00001fc1  randompiece                                
0000227d  _hwInit                                    
000024fd  move                                       
00002639  main                                       
00002771  __aeabi_ddiv                               
000028a7  __aeabi_idiv0                              
000028a7  __aeabi_ldiv0                              
000028a9  Crystalfontz128x128_SetDrawFrame           
000029dd  CS_initClockSignal                         
00002b0d  Crystalfontz128x128_Init                   
00002c39  PORT5_IRQHandler                           
00002c39  PORT5_IRQHandler                           
00002d61  PORT3_IRQHandler                           
00002d61  PORT3_IRQHandler                           
00002fa9  Graphics_fillRectangle                     
000030bd  ldexp                                      
000030bd  ldexpl                                     
000030bd  scalbn                                     
000030bd  scalbnl                                    
000032d5  __aeabi_dmul                               
000033d1  place                                      
000034c5  drawPiece                                  
00003589  rand                                       
00003641  ADC14_configureConversionMemory            
000036f5  ADC14_configureMultiSequenceMode           
0000385b  SPI_initMaster                             
0000390d  PORT4_IRQHandler                           
0000390d  PORT4_IRQHandler                           
000039b1  rotate                                     
00003a55  Graphics_drawRectangle                     
00003b93  Graphics_drawLineH                         
00003c2f  Graphics_drawLineV                         
00003ccb  __aeabi_memcpy                             
00003ccb  __aeabi_memcpy4                            
00003ccb  __aeabi_memcpy8                            
00003ccb  memcpy                                     
00003d67  __aeabi_uldivmod                           
00003dfd  GPIO_setAsPeripheralModuleFunctionInputPin 
00003e85  GPIO_setAsPeripheralModuleFunctionOutputPin
00003f0d  __aeabi_cdcmpeq                            
00003f0d  __aeabi_cdcmple                            
00003f93  __aeabi_cdrcmple                           
00004019  Interrupt_enableInterrupt                  
00004099  __aeabi_memclr                             
00004099  __aeabi_memclr4                            
00004099  __aeabi_memclr8                            
0000409b  __aeabi_memset                             
0000409b  __aeabi_memset4                            
0000409b  __aeabi_memset8                            
000040a1  memset                                     
00004115  SystemInit                                 
000041fb  _adcInit                                   
00004265  __TI_decompress_lzss                       
000042cd  drawscore                                  
00004331  frexp                                      
00004331  frexpl                                     
00004455  PCM_getCoreVoltageLevel                    
000044b3  PCM_getPowerMode                           
00004565  ADC14_initModule                           
000045b9  Crystalfontz128x128_SetOrientation         
0000460d  __TI_ltoa                                  
00004661  Graphics_initContext                       
00004705  atoi                                       
00004751  FlashCtl_setWaitState                      
00004799  _graphicsInit                              
000047e1  __aeabi_d2iz                               
00004829  __TI_auto_init_nobinit_nopinit             
000048ad  GPIO_setAsOutputPin                        
0000492d  HAL_LCD_SpiInit                            
000049ad  sprintf                                    
00004a2d  ADC14_getEnabledInterruptStatus            
00004a65  HAL_LCD_writeCommand                       
00004a9d  Graphics_drawHorizontalLineOnDisplay       
00004ad3  Graphics_drawVerticalLineOnDisplay         
00004b09  ADC14_enableSampleTimer                    
00004b3d  CS_setDCOCenteredFrequency                 
00004b71  _c_int00_noargs                            
00004ba5  ADC14_clearInterruptFlag                   
00004bd5  ADC14_enableInterrupt                      
00004c05  CS_setReferenceOscillatorFrequency         
00004c35  HAL_LCD_PortInit                           
00004c65  __aeabi_i2d                                
00004c95  ADC14_getInterruptStatus                   
00004cc1  ADC14_toggleConversionTrigger              
00004d19  Graphics_drawPixelOnDisplay                
00004d45  HAL_LCD_writeData                          
00004d71  ADC14_enableConversion                     
00004d99  ADC14_getResult                            
00004de9  GPIO_setOutputHighOnPin                    
00004e11  GPIO_setOutputLowOnPin                     
00004e39  WDT_A_holdTimer                            
00004e5d  dumb_sleep                                 
00004e81  Graphics_fillRectangleOnDisplay            
00004e9f  SPI_enableModule                           
00004ebb  __TI_zero_init_nomemset                    
00004ed7  memccpy                                    
00004ef3  Graphics_clearDisplayOnDisplay             
00004f0d  Graphics_setBackgroundColor                
00004f27  Graphics_setFont                           
00004f41  copysign                                   
00004f41  copysignl                                  
00004f5d  TA0_N_IRQHandler                           
00004f5d  TA0_N_IRQHandler                           
00004f8d  EUSCI_A_SPI_enable                         
00004fa3  EUSCI_B_SPI_enable                         
00004fb9  Graphics_setForegroundColor                
00004fcf  Graphics_translateColorOnDisplay           
00004fe5  Timer_A_clearInterruptFlag                 
00004ffb  Timer_A_startCounter                       
00005011  strchr                                     
00005029  PCM_getPowerState                          
0000503d  strlen                                     
00005051  Graphics_clearDisplay                      
00005063  wcslen                                     
00005085  Interrupt_disableMaster                    
00005095  Interrupt_enableMaster                     
000050a5  PCM_setCoreVoltageLevel                    
000050b5  PCM_setPowerMode                           
000050c5  __TI_decompress_none                       
000050d5  ADC14_enableModule                         
000050e1  CPU_cpsid                                  
000050ed  CPU_cpsie                                  
000050f9  Reset_Handler                              
00005119  __aeabi_errno_addr                         
00005121  _system_pre_init                           
00005125  C$$EXIT                                    
00005125  abort                                      
00005420  _ctypes_                                   
00005524  g_sFontFixed6x8                            
00005754  g_sCrystalfontz128x128_funcs               
00005790  leveldelay                                 
0000580c  __TI_Handler_Table_Base                    
00005818  __TI_Handler_Table_Limit                   
00005820  __TI_CINIT_Base                            
00005830  __TI_CINIT_Limit                           
20000000  __start___llvm_prf_cnts                    
20000000  __stop___llvm_prf_cnts                     
20000000  grid                                       
200000c8  g_sContext                                 
200000e4  txtbuffer                                  
200000f8  bag                                        
20000104  score                                      
20000108  totlines                                   
2000010c  Lcd_ScreenHeigth                           
2000010e  Lcd_ScreenWidth                            
20000110  Lcd_TouchTrim                              
20000112  Lcd_FlagRead                               
20000113  Lcd_FontSolid                              
20000114  Lcd_Orientation                            
20000115  Lcd_PenSolid                               
20000116  bgi                                        
20000117  currX                                      
20000118  currY                                      
20000119  flags                                      
2000011a  newpiece                                   
2000011b  piece                                      
2000011c  rot                                        
20000120  lvl                                        
20000121  newscore                                   
20000124  fallCounter                                
20000128  millis                                     
20000148  colors                                     
20000164  g_sCrystalfontz128x128                     
20000174  errno                                      
2000fe00  __stack                                    
20010000  __STACK_END                                
4000480c  WDTCTL_SYM                                 
ffffffff  __TI_pprof_out_hndl                        
ffffffff  __TI_prof_data_size                        
ffffffff  __TI_prof_data_start                       
ffffffff  __binit__                                  
ffffffff  __c_args__                                 
ffffffff  binit                                      
UNDEFED   __mpu_init                                 
UNDEFED   _system_post_cinit                         

[232 symbols]
